## dmesg
```

[    0.000000][    T0] Linux version 6.14.0-rc1+ (root@A06-R08-I134-73-919XB72.JD.LOCAL) (gcc (GCC) 12.3.1 (openEuler 12.3.1-30.oe2403), GNU ld (GNU Binutils) 2.41) #19 SMP PREEMPT_DYNAMIC Fri Jun 27 16:26:00 CST 2025
[    0.000000][    T0] Command line: BOOT_IMAGE=(hd0,gpt3)/6.14.0-rc1+ root=UUID=8b81c9e7-5c4e-465e-994a-0c461380b4b6 cgroup_disable=files apparmor=0 selinux=0 intel_iommu=on iommu=pt crashkernel=1G-4G:192M,4G-64G:256M,64G-:512M console=ttyS0 nokaslr pci-stub.ids=1af4:1000 pci=realloc
[    0.000000][    T0] BIOS-provided physical RAM map:
[    0.000000][    T0] BIOS-e820: [mem 0x0000000000000000-0x000000000009ffff] usable
[    0.000000][    T0] BIOS-e820: [mem 0x0000000000100000-0x00000000007fffff] usable
[    0.000000][    T0] BIOS-e820: [mem 0x0000000000800000-0x0000000000807fff] ACPI NVS
[    0.000000][    T0] BIOS-e820: [mem 0x0000000000808000-0x000000000080afff] usable
[    0.000000][    T0] BIOS-e820: [mem 0x000000000080b000-0x000000000080bfff] ACPI NVS
[    0.000000][    T0] BIOS-e820: [mem 0x000000000080c000-0x000000000080ffff] usable
[    0.000000][    T0] BIOS-e820: [mem 0x0000000000810000-0x00000000008fffff] ACPI NVS
[    0.000000][    T0] BIOS-e820: [mem 0x0000000000900000-0x00000000be0c7fff] usable
[    0.000000][    T0] BIOS-e820: [mem 0x00000000be0c8000-0x00000000be0cafff] ACPI data
[    0.000000][    T0] BIOS-e820: [mem 0x00000000be0cb000-0x00000000bec7dfff] usable
[    0.000000][    T0] BIOS-e820: [mem 0x00000000bec7e000-0x00000000becc6fff] reserved
[    0.000000][    T0] BIOS-e820: [mem 0x00000000becc7000-0x00000000bf199fff] usable
[    0.000000][    T0] BIOS-e820: [mem 0x00000000bf19a000-0x00000000bf1dafff] reserved
[    0.000000][    T0] BIOS-e820: [mem 0x00000000bf1db000-0x00000000bf6ecfff] usable
[    0.000000][    T0] BIOS-e820: [mem 0x00000000bf6ed000-0x00000000bf96cfff] reserved
[    0.000000][    T0] BIOS-e820: [mem 0x00000000bf96d000-0x00000000bf97efff] ACPI data
[    0.000000][    T0] BIOS-e820: [mem 0x00000000bf97f000-0x00000000bf9fefff] ACPI NVS
[    0.000000][    T0] BIOS-e820: [mem 0x00000000bf9ff000-0x00000000bfdfbfff] usable
[    0.000000][    T0] BIOS-e820: [mem 0x00000000bfdfc000-0x00000000bfe7ffff] reserved
[    0.000000][    T0] BIOS-e820: [mem 0x00000000bfe80000-0x00000000bfffffff] ACPI NVS
[    0.000000][    T0] BIOS-e820: [mem 0x00000000feffc000-0x00000000feffffff] reserved
[    0.000000][    T0] BIOS-e820: [mem 0x00000000ffc00000-0x00000000ffffffff] reserved
[    0.000000][    T0] BIOS-e820: [mem 0x0000000100000000-0x000000043fffffff] usable
[    0.000000][    T0] NX (Execute Disable) protection: active
[    0.000000][    T0] APIC: Static calls initialized
[    0.000000][    T0] efi: EFI v2.7 by EDK II
[    0.000000][    T0] efi: SMBIOS=0xbf71d000 ACPI=0xbf97e000 ACPI 2.0=0xbf97e014 MEMATTR=0xbe0cb018 MOKvar=0xbf718000
[    0.000000][    T0] efi: Remove mem138: MMIO range=[0xffc00000-0xffffffff] (4MB) from e820 map
[    0.000000][    T0] SMBIOS 2.8 present.
[    0.000000][    T0] DMI: JD JCloud Iaas Jvirt, BIOS unknown 2/2/2022
[    0.000000][    T0] DMI: Memory slots populated: 1/1
[    0.000000][    T0] Hypervisor detected: KVM
[    0.000000][    T0] kvm-clock: Using msrs 4b564d01 and 4b564d00
[    0.000000][    T0] kvm-clock: using sched offset of 32529538619 cycles
[    0.000002][    T0] clocksource: kvm-clock: mask: 0xffffffffffffffff max_cycles: 0x1cd42e4dffb, max_idle_ns: 881590591483 ns
[    0.000006][    T0] tsc: Detected 2599.996 MHz processor
[    0.000112][    T0] last_pfn = 0x440000 max_arch_pfn = 0x400000000
[    0.000137][    T0] MTRR map: 4 entries (2 fixed + 2 variable; max 18), built from 8 variable MTRRs
[    0.000140][    T0] x86/PAT: Configuration [0-7]: WB  WC  UC- UC  WB  WP  UC- WT
[    0.000171][    T0] last_pfn = 0xbfdfc max_arch_pfn = 0x400000000
[    0.017020][    T0] Using GB pages for direct mapping
[    0.018378][    T0] Secure boot disabled
[    0.018379][    T0] RAMDISK: [mem 0xb85a2000-0xbbdfefff]
[    0.018381][    T0] ACPI: Early table checksum verification disabled
[    0.018385][    T0] ACPI: RSDP 0x00000000BF97E014 000024 (v02 BOCHS )
[    0.018389][    T0] ACPI: XSDT 0x00000000BF97D0E8 000044 (v01 BOCHS  BXPC     00000001      01000013)
[    0.018396][    T0] ACPI: FACP 0x00000000BF972000 000074 (v01 BOCHS  BXPC     00000001 BXPC 00000001)
[    0.018406][    T0] ACPI: DSDT 0x00000000BF973000 0099FC (v01 BOCHS  BXPC     00000001 BXPC 00000001)
[    0.018412][    T0] ACPI: FACS 0x00000000BF9DD000 000040
[    0.018418][    T0] ACPI: APIC 0x00000000BF971000 000170 (v03 BOCHS  BXPC     00000001 BXPC 00000001)
[    0.018423][    T0] ACPI: SRAT 0x00000000BF970000 0002A8 (v01 BOCHS  BXPC     00000001 BXPC 00000001)
[    0.018429][    T0] ACPI: WAET 0x00000000BF96F000 000028 (v01 BOCHS  BXPC     00000001 BXPC 00000001)
[    0.018432][    T0] ACPI: Reserving FACP table memory at [mem 0xbf972000-0xbf972073]
[    0.018434][    T0] ACPI: Reserving DSDT table memory at [mem 0xbf973000-0xbf97c9fb]
[    0.018435][    T0] ACPI: Reserving FACS table memory at [mem 0xbf9dd000-0xbf9dd03f]
[    0.018436][    T0] ACPI: Reserving APIC table memory at [mem 0xbf971000-0xbf97116f]
[    0.018437][    T0] ACPI: Reserving SRAT table memory at [mem 0xbf970000-0xbf9702a7]
[    0.018437][    T0] ACPI: Reserving WAET table memory at [mem 0xbf96f000-0xbf96f027]
[    0.018494][    T0] ACPI: SRAT: Node 0 PXM 0 [mem 0x00000000-0x0009ffff]
[    0.018496][    T0] ACPI: SRAT: Node 0 PXM 0 [mem 0x00100000-0xbfffffff]
[    0.018498][    T0] ACPI: SRAT: Node 0 PXM 0 [mem 0x100000000-0x43fffffff]
[    0.018501][    T0] NUMA: Node 0 [mem 0x00001000-0x0009ffff] + [mem 0x00100000-0xbfffffff] -> [mem 0x00001000-0xbfffffff]
[    0.018503][    T0] NUMA: Node 0 [mem 0x00001000-0xbfffffff] + [mem 0x100000000-0x43fffffff] -> [mem 0x00001000-0x43fffffff]
[    0.018513][    T0] NODE_DATA(0) allocated [mem 0x43ffd3680-0x43fffdfff]
[    0.018671][    T0] crashkernel reserved: 0x00000000a8000000 - 0x00000000b8000000 (256 MB)
[    0.018700][    T0] Zone ranges:
[    0.018701][    T0]   DMA      [mem 0x0000000000001000-0x0000000000ffffff]
[    0.018703][    T0]   DMA32    [mem 0x0000000001000000-0x00000000ffffffff]
[    0.018705][    T0]   Normal   [mem 0x0000000100000000-0x000000043fffffff]
[    0.018706][    T0]   Device   empty
[    0.018707][    T0] Movable zone start for each node
[    0.018710][    T0] Early memory node ranges
[    0.018710][    T0]   node   0: [mem 0x0000000000001000-0x000000000009ffff]
[    0.018712][    T0]   node   0: [mem 0x0000000000100000-0x00000000007fffff]
[    0.018713][    T0]   node   0: [mem 0x0000000000808000-0x000000000080afff]
[    0.018714][    T0]   node   0: [mem 0x000000000080c000-0x000000000080ffff]
[    0.018715][    T0]   node   0: [mem 0x0000000000900000-0x00000000be0c7fff]
[    0.018716][    T0]   node   0: [mem 0x00000000be0cb000-0x00000000bec7dfff]
[    0.018716][    T0]   node   0: [mem 0x00000000becc7000-0x00000000bf199fff]
[    0.018717][    T0]   node   0: [mem 0x00000000bf1db000-0x00000000bf6ecfff]
[    0.018718][    T0]   node   0: [mem 0x00000000bf9ff000-0x00000000bfdfbfff]
[    0.018719][    T0]   node   0: [mem 0x0000000100000000-0x000000043fffffff]
[    0.018721][    T0] Initmem setup node 0 [mem 0x0000000000001000-0x000000043fffffff]
[    0.018731][    T0] On node 0, zone DMA: 1 pages in unavailable ranges
[    0.018750][    T0] On node 0, zone DMA: 96 pages in unavailable ranges
[    0.018751][    T0] On node 0, zone DMA: 8 pages in unavailable ranges
[    0.018752][    T0] On node 0, zone DMA: 1 pages in unavailable ranges
[    0.018768][    T0] On node 0, zone DMA: 240 pages in unavailable ranges
[    0.025368][    T0] On node 0, zone DMA32: 3 pages in unavailable ranges
[    0.025384][    T0] On node 0, zone DMA32: 73 pages in unavailable ranges
[    0.025399][    T0] On node 0, zone DMA32: 65 pages in unavailable ranges
[    0.025417][    T0] On node 0, zone DMA32: 786 pages in unavailable ranges
[    0.025904][    T0] On node 0, zone Normal: 516 pages in unavailable ranges
[    0.032190][    T0] ACPI: PM-Timer IO Port: 0xb008
[    0.032214][    T0] ACPI: LAPIC_NMI (acpi_id[0xff] dfl dfl lint[0x1])
[    0.032267][    T0] IOAPIC[0]: apic_id 0, version 17, address 0xfec00000, GSI 0-23
[    0.032271][    T0] ACPI: INT_SRC_OVR (bus 0 bus_irq 0 global_irq 2 dfl dfl)
[    0.032274][    T0] ACPI: INT_SRC_OVR (bus 0 bus_irq 5 global_irq 5 high level)
[    0.032275][    T0] ACPI: INT_SRC_OVR (bus 0 bus_irq 9 global_irq 9 high level)
[    0.032276][    T0] ACPI: INT_SRC_OVR (bus 0 bus_irq 10 global_irq 10 high level)
[    0.032277][    T0] ACPI: INT_SRC_OVR (bus 0 bus_irq 11 global_irq 11 high level)
[    0.032283][    T0] ACPI: Using ACPI (MADT) for SMP configuration information
[    0.032285][    T0] TSC deadline timer available
[    0.032290][    T0] CPU topo: Max. logical packages:   1
[    0.032291][    T0] CPU topo: Max. logical dies:       1
[    0.032291][    T0] CPU topo: Max. dies per package:   1
[    0.032297][    T0] CPU topo: Max. threads per core:   1
[    0.032298][    T0] CPU topo: Num. cores per package:    32
[    0.032299][    T0] CPU topo: Num. threads per package:  32
[    0.032299][    T0] CPU topo: Allowing 32 present CPUs plus 0 hotplug CPUs
[    0.032323][    T0] kvm-guest: APIC: eoi() replaced with kvm_guest_apic_eoi_write()
[    0.032338][    T0] kvm-guest: KVM setup pv remote TLB flush
[    0.032341][    T0] kvm-guest: setup PV sched yield
[    0.032361][    T0] PM: hibernation: Registered nosave memory: [mem 0x00000000-0x00000fff]
[    0.032363][    T0] PM: hibernation: Registered nosave memory: [mem 0x000a0000-0x000fffff]
[    0.032365][    T0] PM: hibernation: Registered nosave memory: [mem 0x00800000-0x00807fff]
[    0.032368][    T0] PM: hibernation: Registered nosave memory: [mem 0x0080b000-0x0080bfff]
[    0.032369][    T0] PM: hibernation: Registered nosave memory: [mem 0x00810000-0x008fffff]
[    0.032371][    T0] PM: hibernation: Registered nosave memory: [mem 0xbe0c8000-0xbe0cafff]
[    0.032373][    T0] PM: hibernation: Registered nosave memory: [mem 0xbec7e000-0xbecc6fff]
[    0.032374][    T0] PM: hibernation: Registered nosave memory: [mem 0xbf19a000-0xbf1dafff]
[    0.032376][    T0] PM: hibernation: Registered nosave memory: [mem 0xbf6ed000-0xbf96cfff]
[    0.032377][    T0] PM: hibernation: Registered nosave memory: [mem 0xbf96d000-0xbf97efff]
[    0.032378][    T0] PM: hibernation: Registered nosave memory: [mem 0xbf97f000-0xbf9fefff]
[    0.032379][    T0] PM: hibernation: Registered nosave memory: [mem 0xbfdfc000-0xbfe7ffff]
[    0.032380][    T0] PM: hibernation: Registered nosave memory: [mem 0xbfe80000-0xbfffffff]
[    0.032381][    T0] PM: hibernation: Registered nosave memory: [mem 0xc0000000-0xfeffbfff]
[    0.032381][    T0] PM: hibernation: Registered nosave memory: [mem 0xfeffc000-0xfeffffff]
[    0.032382][    T0] PM: hibernation: Registered nosave memory: [mem 0xff000000-0xffffffff]
[    0.032384][    T0] [mem 0xc0000000-0xfeffbfff] available for PCI devices
[    0.032386][    T0] Booting paravirtualized kernel on KVM
[    0.032388][    T0] clocksource: refined-jiffies: mask: 0xffffffff max_cycles: 0xffffffff, max_idle_ns: 1910969940391419 ns
[    0.038164][    T0] setup_percpu: NR_CPUS:8192 nr_cpumask_bits:32 nr_cpu_ids:32 nr_node_ids:1
[    0.041191][    T0] percpu: Embedded 66 pages/cpu s233472 r8192 d28672 u524288
[    0.041256][    T0] kvm-guest: PV spinlocks enabled
[    0.041259][    T0] PV qspinlock hash table entries: 256 (order: 0, 4096 bytes, linear)
[    0.041262][    T0] Kernel command line: BOOT_IMAGE=(hd0,gpt3)/6.14.0-rc1+ root=UUID=8b81c9e7-5c4e-465e-994a-0c461380b4b6 cgroup_disable=files apparmor=0 selinux=0 intel_iommu=on iommu=pt crashkernel=1G-4G:192M,4G-64G:256M,64G-:512M console=ttyS0 nokaslr pci-stub.ids=1af4:1000 pci=realloc
[    0.041356][    T0] DMAR: IOMMU enabled
[    0.041434][    T0] Unknown kernel command line parameters "nokaslr BOOT_IMAGE=(hd0,gpt3)/6.14.0-rc1+", will be passed to user space.
[    0.041444][    T0] random: crng init done
[    0.041445][    T0] printk: log buffer data + meta data: 1048576 + 3670016 = 4718592 bytes
[    0.043702][    T0] Dentry cache hash table entries: 2097152 (order: 12, 16777216 bytes, linear)
[    0.044860][    T0] Inode-cache hash table entries: 1048576 (order: 11, 8388608 bytes, linear)
[    0.045594][    T0] Fallback order for Node 0: 0
[    0.045611][    T0] Built 1 zonelists, mobility grouping on.  Total pages: 4192515
[    0.045613][    T0] Policy zone: Normal
[    0.045614][    T0] mem auto-init: stack:off, heap alloc:off, heap free:off
[    0.045620][    T0] software IO TLB: area num 32.
[    0.072517][    T0] SLUB: HWalign=64, Order=0-3, MinObjects=0, CPUs=32, Nodes=1
[    0.072575][    T0] Kernel/User page tables isolation: enabled
[    0.072638][    T0] ftrace: allocating 51937 entries in 203 pages
[    0.110091][    T0] ftrace: allocated 203 pages with 5 groups
[    0.110698][    T0] Dynamic Preempt: lazy
[    0.110924][    T0] rcu: Preemptible hierarchical RCU implementation.
[    0.110925][    T0] rcu:     RCU restricting CPUs from NR_CPUS=8192 to nr_cpu_ids=32.
[    0.110927][    T0]  Trampoline variant of Tasks RCU enabled.
[    0.110928][    T0]  Rude variant of Tasks RCU enabled.
[    0.110928][    T0]  Tracing variant of Tasks RCU enabled.
[    0.110929][    T0] rcu: RCU calculated value of scheduler-enlistment delay is 100 jiffies.
[    0.110930][    T0] rcu: Adjusting geometry for rcu_fanout_leaf=16, nr_cpu_ids=32
[    0.110983][    T0] RCU Tasks: Setting shift to 5 and lim to 1 rcu_task_cb_adjust=1 rcu_task_cpu_ids=32.
[    0.110990][    T0] RCU Tasks Rude: Setting shift to 5 and lim to 1 rcu_task_cb_adjust=1 rcu_task_cpu_ids=32.
[    0.111001][    T0] RCU Tasks Trace: Setting shift to 5 and lim to 1 rcu_task_cb_adjust=1 rcu_task_cpu_ids=32.
[    0.114934][    T0] NR_IRQS: 524544, nr_irqs: 680, preallocated irqs: 16
[    0.115177][    T0] rcu: srcu_init: Setting srcu_struct sizes based on contention.
[    0.115335][    T0] Console: colour dummy device 80x25
[    0.115416][    T0] printk: legacy console [ttyS0] enabled
[    0.462277][    T0] ACPI: Core revision 20240827
[    0.463671][    T0] APIC: Switch to symmetric I/O mode setup
[    0.465568][    T0] x2apic enabled
[    0.466894][    T0] APIC: Switched APIC routing to: physical x2apic
[    0.468658][    T0] kvm-guest: APIC: send_IPI_mask() replaced with kvm_send_ipi_mask()
[    0.470880][    T0] kvm-guest: APIC: send_IPI_mask_allbutself() replaced with kvm_send_ipi_mask_allbutself()
[    0.473606][    T0] kvm-guest: setup PV IPIs
[    0.475946][    T0] clocksource: tsc-early: mask: 0xffffffffffffffff max_cycles: 0x257a386c905, max_idle_ns: 440795250529 ns
[    0.479720][    T0] Calibrating delay loop (skipped) preset value.. 5199.99 BogoMIPS (lpj=2599996)
[    0.480717][    T0] x86/cpu: User Mode Instruction Prevention (UMIP) activated
[    0.480717][    T0] Last level iTLB entries: 4KB 0, 2MB 0, 4MB 0
[    0.480717][    T0] Last level dTLB entries: 4KB 0, 2MB 0, 4MB 0, 1GB 0
[    0.480717][    T0] Spectre V1 : Mitigation: usercopy/swapgs barriers and __user pointer sanitization
[    0.480717][    T0] Spectre V2 : Mitigation: Retpolines
[    0.480717][    T0] Spectre V2 : Spectre v2 / SpectreRSB mitigation: Filling RSB on context switch
[    0.480717][    T0] Spectre V2 : Spectre v2 / SpectreRSB : Filling RSB on VMEXIT
[    0.480717][    T0] Speculative Store Bypass: Vulnerable
[    0.480717][    T0] MDS: Vulnerable: Clear CPU buffers attempted, no microcode
[    0.480717][    T0] MMIO Stale Data: Vulnerable: Clear CPU buffers attempted, no microcode
[    0.480717][    T0] x86/fpu: Supporting XSAVE feature 0x001: 'x87 floating point registers'
[    0.480717][    T0] x86/fpu: Supporting XSAVE feature 0x002: 'SSE registers'
[    0.480717][    T0] x86/fpu: Supporting XSAVE feature 0x004: 'AVX registers'
[    0.480717][    T0] x86/fpu: xstate_offset[2]:  576, xstate_sizes[2]:  256
[    0.480717][    T0] x86/fpu: Enabled xstate features 0x7, context size is 832 bytes, using 'standard' format.
[    0.480717][    T0] Freeing SMP alternatives memory: 44K
[    0.480717][    T0] pid_max: default: 32768 minimum: 301
[    0.480717][    T0] LSM: initializing lsm=lockdown,capability,yama,bpf,ima,evm
[    0.480717][    T0] Yama: becoming mindful.
[    0.480717][    T0] LSM support for eBPF active
[    0.480717][    T0] Mount-cache hash table entries: 32768 (order: 6, 262144 bytes, linear)
[    0.480717][    T0] Mountpoint-cache hash table entries: 32768 (order: 6, 262144 bytes, linear)
[    0.480717][    T1] smpboot: CPU0: Intel(R) Xeon(R) CPU E5-2640 v3 @ 2.60GHz (family: 0x6, model: 0x3f, stepping: 0x2)
[    0.481943][    T1] Performance Events: Haswell events, full-width counters, Intel PMU driver.
[    0.482724][    T1] ... version:                2
[    0.483721][    T1] ... bit width:              48
[    0.484729][    T1] ... generic registers:      4
[    0.485721][    T1] ... value mask:             0000ffffffffffff
[    0.486721][    T1] ... max period:             00007fffffffffff
[    0.487721][    T1] ... fixed-purpose events:   3
[    0.488721][    T1] ... event mask:             000000070000000f
[    0.489944][    T1] signal: max sigframe size: 1776
[    0.490765][    T1] rcu: Hierarchical SRCU implementation.
[    0.491725][    T1] rcu:     Max phase no-delay instances is 400.
[    0.493757][    T1] Timer migration: 2 hierarchy levels; 8 children per group; 2 crossnode level
[    0.496093][    T1] smp: Bringing up secondary CPUs ...
[    0.496877][    T1] smpboot: x86: Booting SMP configuration:
[    0.497724][    T1] .... node  #0, CPUs:        #1  #2  #3  #4  #5  #6  #7  #8  #9 #10 #11 #12 #13 #14 #15 #16 #17 #18 #19 #20 #21 #22 #23 #24 #25 #26 #27 #28 #29 #30 #31
[    0.518740][    T1] smp: Brought up 1 node, 32 CPUs
[    0.520723][    T1] smpboot: Total of 32 processors activated (166399.74 BogoMIPS)
[    0.535755][  T210] node 0 deferred pages initialised in 13ms
[    0.537908][    T1] Memory: 16024596K/16770060K available (16544K kernel code, 5800K rwdata, 7568K rodata, 4220K init, 6956K bss, 731400K reserved, 0K cma-reserved)
[    0.539422][    T1] devtmpfs: initialized
[    0.539774][    T1] x86/mm: Memory block size: 128MB
[    0.542782][    T1] ACPI: PM: Registering ACPI NVS region [mem 0x00800000-0x00807fff] (32768 bytes)
[    0.543723][    T1] ACPI: PM: Registering ACPI NVS region [mem 0x0080b000-0x0080bfff] (4096 bytes)
[    0.544723][    T1] ACPI: PM: Registering ACPI NVS region [mem 0x00810000-0x008fffff] (983040 bytes)
[    0.545750][    T1] ACPI: PM: Registering ACPI NVS region [mem 0xbf97f000-0xbf9fefff] (524288 bytes)
[    0.546733][    T1] ACPI: PM: Registering ACPI NVS region [mem 0xbfe80000-0xbfffffff] (1572864 bytes)
[    0.547810][    T1] clocksource: jiffies: mask: 0xffffffff max_cycles: 0xffffffff, max_idle_ns: 1911260446275000 ns
[    0.548726][    T1] futex hash table entries: 8192 (order: 7, 524288 bytes, linear)
[    0.549928][    T1] pinctrl core: initialized pinctrl subsystem
[    0.551502][    T1] NET: Registered PF_NETLINK/PF_ROUTE protocol family
[    0.551871][    T1] DMA: preallocated 2048 KiB GFP_KERNEL pool for atomic allocations
[    0.552728][    T1] DMA: preallocated 2048 KiB GFP_KERNEL|GFP_DMA pool for atomic allocations
[    0.553726][    T1] DMA: preallocated 2048 KiB GFP_KERNEL|GFP_DMA32 pool for atomic allocations
[    0.554732][    T1] audit: initializing netlink subsys (disabled)
[    0.555764][  T226] audit: type=2000 audit(1751012960.992:1): state=initialized audit_enabled=0 res=1
[    0.555932][    T1] thermal_sys: Registered thermal governor 'fair_share'
[    0.558723][    T1] thermal_sys: Registered thermal governor 'bang_bang'
[    0.560722][    T1] thermal_sys: Registered thermal governor 'step_wise'
[    0.562722][    T1] thermal_sys: Registered thermal governor 'user_space'
[    0.565739][    T1] cpuidle: using governor menu
[    0.570396][    T1] acpiphp: ACPI Hot Plug PCI Controller Driver version: 0.5
[    0.572947][    T1] PCI: Using configuration type 1 for base access
[    0.574809][    T1] core: PMU erratum BJ122, BV98, HSD29 workaround disabled, HT off
[    0.577782][    T1] kprobes: kprobe jump-optimization is enabled. All kprobes are optimized if possible.
[    0.581843][    T1] HugeTLB: registered 1.00 GiB page size, pre-allocated 0 pages
[    0.583722][    T1] HugeTLB: 16380 KiB vmemmap can be freed for a 1.00 GiB page
[    0.586724][    T1] HugeTLB: registered 2.00 MiB page size, pre-allocated 0 pages
[    0.588722][    T1] HugeTLB: 28 KiB vmemmap can be freed for a 2.00 MiB page
[    0.591859][    T1] cryptd: max_cpu_qlen set to 1000
[    0.593848][    T1] ACPI: Added _OSI(Module Device)
[    0.595724][    T1] ACPI: Added _OSI(Processor Device)
[    0.597723][    T1] ACPI: Added _OSI(3.0 _SCP Extensions)
[    0.599722][    T1] ACPI: Added _OSI(Processor Aggregator Device)
[    0.606341][    T1] ACPI: 1 ACPI AML tables successfully acquired and loaded
[    0.610304][    T1] ACPI: Interpreter enabled
[    0.610737][    T1] ACPI: PM: (supports S0 S3 S4 S5)
[    0.611722][    T1] ACPI: Using IOAPIC for interrupt routing
[    0.613743][    T1] PCI: Using host bridge windows from ACPI; if necessary, use "pci=nocrs" and report a bug
[    0.617722][    T1] PCI: Using E820 reservations for host bridge windows
[    0.620124][    T1] ACPI: Enabled 2 GPEs in block 00 to 0F
[    0.634251][    T1] ACPI: PCI Root Bridge [PCI0] (domain 0000 [bus 00-ff])
[    0.636728][    T1] acpi PNP0A03:00: _OSC: OS supports [ASPM ClockPM Segments MSI EDR HPX-Type3]
[    0.639723][    T1] acpi PNP0A03:00: _OSC: not requesting OS control; OS requires [ExtendedConfig ASPM ClockPM MSI]
[    0.643733][    T1] acpi PNP0A03:00: fail to add MMCONFIG information, can't access extended configuration space under this bridge
[    0.648607][    T1] acpiphp: Slot [2] registered
[    0.649747][    T1] acpiphp: Slot [3] registered
[    0.651752][    T1] acpiphp: Slot [4] registered
[    0.652746][    T1] acpiphp: Slot [5] registered
[    0.654747][    T1] acpiphp: Slot [6] registered
[    0.655745][    T1] acpiphp: Slot [7] registered
[    0.657746][    T1] acpiphp: Slot [8] registered
[    0.659747][    T1] acpiphp: Slot [9] registered
[    0.660746][    T1] acpiphp: Slot [10] registered
[    0.662746][    T1] acpiphp: Slot [11] registered
[    0.663759][    T1] acpiphp: Slot [12] registered
[    0.665747][    T1] acpiphp: Slot [13] registered
[    0.667746][    T1] acpiphp: Slot [14] registered
[    0.668745][    T1] acpiphp: Slot [15] registered
[    0.670746][    T1] acpiphp: Slot [16] registered
[    0.672754][    T1] acpiphp: Slot [17] registered
[    0.673745][    T1] acpiphp: Slot [18] registered
[    0.675750][    T1] acpiphp: Slot [19] registered
[    0.677746][    T1] acpiphp: Slot [20] registered
[    0.678745][    T1] acpiphp: Slot [21] registered
[    0.680747][    T1] acpiphp: Slot [22] registered
[    0.681745][    T1] acpiphp: Slot [23] registered
[    0.683870][    T1] PCI host bridge to bus 0000:00
[    0.685728][    T1] pci_bus 0000:00: root bus resource [io  0x0000-0x0cf7 window]
[    0.687723][    T1] pci_bus 0000:00: root bus resource [io  0x0d00-0xffff window]
[    0.690723][    T1] pci_bus 0000:00: root bus resource [mem 0x000a0000-0x000bffff window]
[    0.693723][    T1] pci_bus 0000:00: root bus resource [mem 0xc0000000-0xfebfffff window]
[    0.695722][    T1] pci_bus 0000:00: root bus resource [mem 0x380000000000-0x3840000630ff window]
[    0.698723][    T1] pci_bus 0000:00: root bus resource [bus 00-ff]
[    0.700779][    T1] pci 0000:00:00.0: [8086:1237] type 00 class 0x060000 conventional PCI endpoint
[    0.705381][    T1] pci 0000:00:01.0: [8086:7000] type 00 class 0x060100 conventional PCI endpoint
[    0.708391][    T1] pci 0000:00:01.1: [8086:7010] type 00 class 0x010180 conventional PCI endpoint
[    0.755590][    T1] pci 0000:00:01.1: BAR 4 [io  0x4620-0x462f]
[    0.757775][    T1] pci 0000:00:01.1: BAR 0 [io  0x01f0-0x01f7]: legacy IDE quirk
[    0.760723][    T1] pci 0000:00:01.1: BAR 1 [io  0x03f6]: legacy IDE quirk
[    0.762723][    T1] pci 0000:00:01.1: BAR 2 [io  0x0170-0x0177]: legacy IDE quirk
[    0.765723][    T1] pci 0000:00:01.1: BAR 3 [io  0x0376]: legacy IDE quirk
[    0.767978][    T1] pci 0000:00:01.2: [8086:7020] type 00 class 0x0c0300 conventional PCI endpoint
[    0.813754][    T1] pci 0000:00:01.2: BAR 4 [io  0x4600-0x461f]
[    0.816759][    T1] pci 0000:00:01.3: [8086:7113] type 00 class 0x068000 conventional PCI endpoint
[    0.820224][    T1] pci 0000:00:01.3: quirk: [io  0xb000-0xb03f] claimed by PIIX4 ACPI
[    0.822736][    T1] pci 0000:00:01.3: quirk: [io  0xb100-0xb10f] claimed by PIIX4 SMB
[    0.826121][    T1] pci 0000:00:01.4: [1af4:1001] type 00 class 0x010000 conventional PCI endpoint
[    0.947727][    T1] pci 0000:00:01.4: BAR 0 [io  0x4000-0x407f]
[    1.096748][    T1] pci 0000:00:01.4: BAR 1 [mem 0xc1015000-0xc1015fff]
[    1.100778][    T1] pci 0000:00:01.4: BAR 4 [mem 0x384000000000-0x384000003fff 64bit pref]
[    1.104592][    T1] pci 0000:00:02.0: [1af4:1002] type 00 class 0x00ff00 conventional PCI endpoint
[    1.198588][    T1] pci 0000:00:02.0: BAR 0 [io  0x45c0-0x45ff]
[    1.201773][    T1] pci 0000:00:02.0: BAR 4 [mem 0x384000004000-0x384000007fff 64bit pref]
[    1.205309][    T1] pci 0000:00:03.0: [1af4:1000] type 00 class 0x020000 conventional PCI endpoint
[    1.326668][    T1] pci 0000:00:03.0: BAR 0 [io  0x4580-0x45bf]
[    1.330736][    T1] pci 0000:00:03.0: BAR 1 [mem 0xc1014000-0xc1014fff]
[    1.332763][    T1] pci 0000:00:03.0: BAR 4 [mem 0x384000008000-0x38400000bfff 64bit pref]
[    1.337377][    T1] pci 0000:00:04.0: [1af4:1000] type 00 class 0x020000 conventional PCI endpoint
[    1.456659][    T1] pci 0000:00:04.0: BAR 0 [io  0x4540-0x457f]
[    1.460736][    T1] pci 0000:00:04.0: BAR 1 [mem 0xc1013000-0xc1013fff]
[    1.462763][    T1] pci 0000:00:04.0: BAR 4 [mem 0x38400000c000-0x38400000ffff 64bit pref]
[    1.467392][    T1] pci 0000:00:05.0: [1af4:1000] type 00 class 0x020000 conventional PCI endpoint
[    1.585652][    T1] pci 0000:00:05.0: BAR 0 [io  0x4500-0x453f]
[    1.588736][    T1] pci 0000:00:05.0: BAR 1 [mem 0xc1012000-0xc1012fff]
[    1.591763][    T1] pci 0000:00:05.0: BAR 4 [mem 0x384000010000-0x384000013fff 64bit pref]
[    1.596359][    T1] pci 0000:00:06.0: [1af4:1000] type 00 class 0x020000 conventional PCI endpoint
[    1.714657][    T1] pci 0000:00:06.0: BAR 0 [io  0x44c0-0x44ff]
[    1.717736][    T1] pci 0000:00:06.0: BAR 1 [mem 0xc1011000-0xc1011fff]
[    1.720763][    T1] pci 0000:00:06.0: BAR 4 [mem 0x384000014000-0x384000017fff 64bit pref]
[    1.725368][    T1] pci 0000:00:07.0: [1af4:1000] type 00 class 0x020000 conventional PCI endpoint
[    1.845624][    T1] pci 0000:00:07.0: BAR 0 [io  0x4480-0x44bf]
[    1.848738][    T1] pci 0000:00:07.0: BAR 1 [mem 0xc1010000-0xc1010fff]
[    1.850765][    T1] pci 0000:00:07.0: BAR 4 [mem 0x384000018000-0x38400001bfff 64bit pref]
[    1.855418][    T1] pci 0000:00:08.0: [1af4:1000] type 00 class 0x020000 conventional PCI endpoint
[    1.973661][    T1] pci 0000:00:08.0: BAR 0 [io  0x4440-0x447f]
[    1.977737][    T1] pci 0000:00:08.0: BAR 1 [mem 0xc100f000-0xc100ffff]
[    1.979779][    T1] pci 0000:00:08.0: BAR 4 [mem 0x38400001c000-0x38400001ffff 64bit pref]
[    1.984453][    T1] pci 0000:00:09.0: [1af4:1000] type 00 class 0x020000 conventional PCI endpoint
[    2.102658][    T1] pci 0000:00:09.0: BAR 0 [io  0x4400-0x443f]
[    2.105737][    T1] pci 0000:00:09.0: BAR 1 [mem 0xc100e000-0xc100efff]
[    2.107765][    T1] pci 0000:00:09.0: BAR 4 [mem 0x384000020000-0x384000023fff 64bit pref]
[    2.112405][    T1] pci 0000:00:0a.0: [1af4:1000] type 00 class 0x020000 conventional PCI endpoint
[    2.229651][    T1] pci 0000:00:0a.0: BAR 0 [io  0x43c0-0x43ff]
[    2.233738][    T1] pci 0000:00:0a.0: BAR 1 [mem 0xc100d000-0xc100dfff]
[    2.235765][    T1] pci 0000:00:0a.0: BAR 4 [mem 0x384000024000-0x384000027fff 64bit pref]
[    2.240436][    T1] pci 0000:00:0b.0: [1af4:1000] type 00 class 0x020000 conventional PCI endpoint
[    2.358728][    T1] pci 0000:00:0b.0: BAR 0 [io  0x4380-0x43bf]
[    2.361738][    T1] pci 0000:00:0b.0: BAR 1 [mem 0xc100c000-0xc100cfff]
[    2.363765][    T1] pci 0000:00:0b.0: BAR 4 [mem 0x384000028000-0x38400002bfff 64bit pref]
[    2.368521][    T1] pci 0000:00:0c.0: [1af4:1000] type 00 class 0x020000 conventional PCI endpoint
[    2.490653][    T1] pci 0000:00:0c.0: BAR 0 [io  0x4340-0x437f]
[    2.494737][    T1] pci 0000:00:0c.0: BAR 1 [mem 0xc100b000-0xc100bfff]
[    2.496777][    T1] pci 0000:00:0c.0: BAR 4 [mem 0x38400002c000-0x38400002ffff 64bit pref]
[    2.501452][    T1] pci 0000:00:0d.0: [1af4:1000] type 00 class 0x020000 conventional PCI endpoint
[    2.618642][    T1] pci 0000:00:0d.0: BAR 0 [io  0x4300-0x433f]
[    2.622738][    T1] pci 0000:00:0d.0: BAR 1 [mem 0xc100a000-0xc100afff]
[    2.624765][    T1] pci 0000:00:0d.0: BAR 4 [mem 0x384000030000-0x384000033fff 64bit pref]
[    2.629426][    T1] pci 0000:00:0e.0: [1af4:1000] type 00 class 0x020000 conventional PCI endpoint
[    2.745680][    T1] pci 0000:00:0e.0: BAR 0 [io  0x42c0-0x42ff]
[    2.749737][    T1] pci 0000:00:0e.0: BAR 1 [mem 0xc1009000-0xc1009fff]
[    2.751776][    T1] pci 0000:00:0e.0: BAR 4 [mem 0x384000034000-0x384000037fff 64bit pref]
[    2.756433][    T1] pci 0000:00:0f.0: [1af4:1000] type 00 class 0x020000 conventional PCI endpoint
[    2.871657][    T1] pci 0000:00:0f.0: BAR 0 [io  0x4280-0x42bf]
[    2.875745][    T1] pci 0000:00:0f.0: BAR 1 [mem 0xc1008000-0xc1008fff]
[    2.878772][    T1] pci 0000:00:0f.0: BAR 4 [mem 0x384000038000-0x38400003bfff 64bit pref]
[    2.885378][    T1] pci 0000:00:10.0: [1af4:1000] type 00 class 0x020000 conventional PCI endpoint
[    3.000640][    T1] pci 0000:00:10.0: BAR 0 [io  0x4240-0x427f]
[    3.004749][    T1] pci 0000:00:10.0: BAR 1 [mem 0xc1007000-0xc1007fff]
[    3.008771][    T1] pci 0000:00:10.0: BAR 4 [mem 0x38400003c000-0x38400003ffff 64bit pref]
[    3.014378][    T1] pci 0000:00:11.0: [1af4:1000] type 00 class 0x020000 conventional PCI endpoint
[    3.128664][    T1] pci 0000:00:11.0: BAR 0 [io  0x4200-0x423f]
[    3.133743][    T1] pci 0000:00:11.0: BAR 1 [mem 0xc1006000-0xc1006fff]
[    3.137775][    T1] pci 0000:00:11.0: BAR 4 [mem 0x384000040000-0x384000043fff 64bit pref]
[    3.143381][    T1] pci 0000:00:12.0: [1af4:1000] type 00 class 0x020000 conventional PCI endpoint
[    3.261662][    T1] pci 0000:00:12.0: BAR 0 [io  0x41c0-0x41ff]
[    3.265737][    T1] pci 0000:00:12.0: BAR 1 [mem 0xc1005000-0xc1005fff]
[    3.267774][    T1] pci 0000:00:12.0: BAR 4 [mem 0x384000044000-0x384000047fff 64bit pref]
[    3.272405][    T1] pci 0000:00:13.0: [1af4:1000] type 00 class 0x020000 conventional PCI endpoint
[    3.388725][    T1] pci 0000:00:13.0: BAR 0 [io  0x4180-0x41bf]
[    3.391738][    T1] pci 0000:00:13.0: BAR 1 [mem 0xc1004000-0xc1004fff]
[    3.394765][    T1] pci 0000:00:13.0: BAR 4 [mem 0x384000048000-0x38400004bfff 64bit pref]
[    3.399387][    T1] pci 0000:00:14.0: [1af4:1000] type 00 class 0x020000 conventional PCI endpoint
[    3.514640][    T1] pci 0000:00:14.0: BAR 0 [io  0x4140-0x417f]
[    3.518736][    T1] pci 0000:00:14.0: BAR 1 [mem 0xc1003000-0xc1003fff]
[    3.520764][    T1] pci 0000:00:14.0: BAR 4 [mem 0x38400004c000-0x38400004ffff 64bit pref]
[    3.525377][    T1] pci 0000:00:15.0: [1af4:1000] type 00 class 0x020000 conventional PCI endpoint
[    3.639651][    T1] pci 0000:00:15.0: BAR 0 [io  0x4100-0x413f]
[    3.642735][    T1] pci 0000:00:15.0: BAR 1 [mem 0xc1002000-0xc1002fff]
[    3.645762][    T1] pci 0000:00:15.0: BAR 4 [mem 0x384000050000-0x384000053fff 64bit pref]
[    3.649349][    T1] pci 0000:00:16.0: [1af4:1000] type 00 class 0x020000 conventional PCI endpoint
[    3.761657][    T1] pci 0000:00:16.0: BAR 0 [io  0x40c0-0x40ff]
[    3.765735][    T1] pci 0000:00:16.0: BAR 1 [mem 0xc1001000-0xc1001fff]
[    3.767767][    T1] pci 0000:00:16.0: BAR 4 [mem 0x384000054000-0x384000057fff 64bit pref]
[    3.772347][    T1] pci 0000:00:17.0: [1af4:1000] type 00 class 0x020000 conventional PCI endpoint
[    3.884656][    T1] pci 0000:00:17.0: BAR 0 [io  0x4080-0x40bf]
[    3.887735][    T1] pci 0000:00:17.0: BAR 1 [mem 0xc1000000-0xc1000fff]
[    3.889762][    T1] pci 0000:00:17.0: BAR 4 [mem 0x384000058000-0x38400005bfff 64bit pref]
[    3.894278][    T1] pci 0000:00:18.0: [1b36:0001] type 01 class 0x060400 conventional PCI bridge
[    4.015725][    T1] pci 0000:00:18.0: BAR 0 [mem 0x384000063000-0x3840000630ff 64bit]
[    4.018755][    T1] pci 0000:00:18.0: PCI bridge to [bus 01]
[    4.020772][    T1] pci 0000:00:18.0:   bridge window [mem 0xc0e00000-0xc0ffffff]
[    4.061743][    T1] pci 0000:00:18.0:   bridge window [mem 0x380000000000-0x3807ffffffff 64bit pref]
[    4.082556][    T1] pci 0000:00:19.0: [1b36:0001] type 01 class 0x060400 conventional PCI bridge
[    4.196724][    T1] pci 0000:00:19.0: BAR 0 [mem 0x384000062000-0x3840000620ff 64bit]
[    4.199745][    T1] pci 0000:00:19.0: PCI bridge to [bus 02]
[    4.201773][    T1] pci 0000:00:19.0:   bridge window [mem 0xc0c00000-0xc0dfffff]
[    4.241759][    T1] pci 0000:00:19.0:   bridge window [mem 0x380800000000-0x380fffffffff 64bit pref]
[    4.261453][    T1] pci 0000:00:1a.0: [1b36:0001] type 01 class 0x060400 conventional PCI bridge
[    4.375725][    T1] pci 0000:00:1a.0: BAR 0 [mem 0x384000061000-0x3840000610ff 64bit]
[    4.377745][    T1] pci 0000:00:1a.0: PCI bridge to [bus 03]
[    4.379773][    T1] pci 0000:00:1a.0:   bridge window [mem 0xc0a00000-0xc0bfffff]
[    4.419743][    T1] pci 0000:00:1a.0:   bridge window [mem 0x381000000000-0x3817ffffffff 64bit pref]
[    4.440508][    T1] pci 0000:00:1b.0: [1b36:0001] type 01 class 0x060400 conventional PCI bridge
[    4.560725][    T1] pci 0000:00:1b.0: BAR 0 [mem 0x384000060000-0x3840000600ff 64bit]
[    4.565752][    T1] pci 0000:00:1b.0: PCI bridge to [bus 04]
[    4.567773][    T1] pci 0000:00:1b.0:   bridge window [mem 0xc0800000-0xc09fffff]
[    4.608748][    T1] pci 0000:00:1b.0:   bridge window [mem 0x381800000000-0x381fffffffff 64bit pref]
[    4.630505][    T1] pci 0000:00:1c.0: [1b36:0001] type 01 class 0x060400 conventional PCI bridge
[    4.746727][    T1] pci 0000:00:1c.0: BAR 0 [mem 0x38400005f000-0x38400005f0ff 64bit]
[    4.750752][    T1] pci 0000:00:1c.0: PCI bridge to [bus 05]
[    4.753780][    T1] pci 0000:00:1c.0:   bridge window [mem 0xc0600000-0xc07fffff]
[    4.795742][    T1] pci 0000:00:1c.0:   bridge window [mem 0x382000000000-0x3827ffffffff 64bit pref]
[    4.815480][    T1] pci 0000:00:1d.0: [1b36:0001] type 01 class 0x060400 conventional PCI bridge
[    4.927725][    T1] pci 0000:00:1d.0: BAR 0 [mem 0x38400005e000-0x38400005e0ff 64bit]
[    4.930745][    T1] pci 0000:00:1d.0: PCI bridge to [bus 06]
[    4.931753][    T1] pci 0000:00:1d.0:   bridge window [io  0x3000-0x3fff]
[    4.934744][    T1] pci 0000:00:1d.0:   bridge window [mem 0xc0400000-0xc05fffff]
[    4.974760][    T1] pci 0000:00:1d.0:   bridge window [mem 0x382800000000-0x382fffffffff 64bit pref]
[    5.000577][    T1] pci 0000:00:1e.0: [1b36:0001] type 01 class 0x060400 conventional PCI bridge
[    5.118727][    T1] pci 0000:00:1e.0: BAR 0 [mem 0x38400005d000-0x38400005d0ff 64bit]
[    5.120746][    T1] pci 0000:00:1e.0: PCI bridge to [bus 07]
[    5.122755][    T1] pci 0000:00:1e.0:   bridge window [io  0x2000-0x2fff]
[    5.125745][    T1] pci 0000:00:1e.0:   bridge window [mem 0xc0200000-0xc03fffff]
[    5.166744][    T1] pci 0000:00:1e.0:   bridge window [mem 0x383000000000-0x3837ffffffff 64bit pref]
[    5.189505][    T1] pci 0000:00:1f.0: [1b36:0001] type 01 class 0x060400 conventional PCI bridge
[    5.302725][    T1] pci 0000:00:1f.0: BAR 0 [mem 0x38400005c000-0x38400005c0ff 64bit]
[    5.305747][    T1] pci 0000:00:1f.0: PCI bridge to [bus 08]
[    5.307755][    T1] pci 0000:00:1f.0:   bridge window [io  0x1000-0x1fff]
[    5.309745][    T1] pci 0000:00:1f.0:   bridge window [mem 0xc0000000-0xc01fffff]
[    5.352744][    T1] pci 0000:00:1f.0:   bridge window [mem 0x383800000000-0x383fffffffff 64bit pref]
[    5.395914][    T1] pci_bus 0000:01: extended config space not accessible
[    5.398964][    T1] acpiphp: Slot [0] registered
[    5.400754][    T1] acpiphp: Slot [1-2] registered
[    5.401752][    T1] acpiphp: Slot [2-2] registered
[    5.403751][    T1] acpiphp: Slot [3-2] registered
[    5.405760][    T1] acpiphp: Slot [4-2] registered
[    5.407751][    T1] acpiphp: Slot [5-2] registered
[    5.409751][    T1] acpiphp: Slot [6-2] registered
[    5.411752][    T1] acpiphp: Slot [7-2] registered
[    5.413756][    T1] acpiphp: Slot [8-2] registered
[    5.414751][    T1] acpiphp: Slot [9-2] registered
[    5.416752][    T1] acpiphp: Slot [10-2] registered
[    5.418758][    T1] acpiphp: Slot [11-2] registered
[    5.420751][    T1] acpiphp: Slot [12-2] registered
[    5.422761][    T1] acpiphp: Slot [13-2] registered
[    5.423751][    T1] acpiphp: Slot [14-2] registered
[    5.425751][    T1] acpiphp: Slot [15-2] registered
[    5.427751][    T1] acpiphp: Slot [16-2] registered
[    5.429755][    T1] acpiphp: Slot [17-2] registered
[    5.431752][    T1] acpiphp: Slot [18-2] registered
[    5.432757][    T1] acpiphp: Slot [19-2] registered
[    5.434752][    T1] acpiphp: Slot [20-2] registered
[    5.436754][    T1] acpiphp: Slot [21-2] registered
[    5.438752][    T1] acpiphp: Slot [22-2] registered
[    5.440752][    T1] acpiphp: Slot [23-2] registered
[    5.441756][    T1] acpiphp: Slot [24] registered
[    5.443750][    T1] acpiphp: Slot [25] registered
[    5.445754][    T1] acpiphp: Slot [26] registered
[    5.446748][    T1] acpiphp: Slot [27] registered
[    5.448748][    T1] acpiphp: Slot [28] registered
[    5.450748][    T1] acpiphp: Slot [29] registered
[    5.452748][    T1] acpiphp: Slot [30] registered
[    5.453748][    T1] acpiphp: Slot [31] registered
[    5.456069][    T1] pci 0000:00:18.0: PCI bridge to [bus 01]
[    5.498913][    T1] pci_bus 0000:02: extended config space not accessible
[    5.500945][    T1] acpiphp: Slot [0-2] registered
[    5.502754][    T1] acpiphp: Slot [1-3] registered
[    5.504757][    T1] acpiphp: Slot [2-3] registered
[    5.506751][    T1] acpiphp: Slot [3-3] registered
[    5.507750][    T1] acpiphp: Slot [4-3] registered
[    5.509750][    T1] acpiphp: Slot [5-3] registered
[    5.511750][    T1] acpiphp: Slot [6-3] registered
[    5.513751][    T1] acpiphp: Slot [7-3] registered
[    5.515758][    T1] acpiphp: Slot [8-3] registered
[    5.516749][    T1] acpiphp: Slot [9-3] registered
[    5.518756][    T1] acpiphp: Slot [10-3] registered
[    5.520750][    T1] acpiphp: Slot [11-3] registered
[    5.521749][    T1] acpiphp: Slot [12-3] registered
[    5.523750][    T1] acpiphp: Slot [13-3] registered
[    5.525763][    T1] acpiphp: Slot [14-3] registered
[    5.526750][    T1] acpiphp: Slot [15-3] registered
[    5.528750][    T1] acpiphp: Slot [16-3] registered
[    5.530755][    T1] acpiphp: Slot [17-3] registered
[    5.531751][    T1] acpiphp: Slot [18-3] registered
[    5.533753][    T1] acpiphp: Slot [19-3] registered
[    5.535751][    T1] acpiphp: Slot [20-3] registered
[    5.537752][    T1] acpiphp: Slot [21-3] registered
[    5.538750][    T1] acpiphp: Slot [22-3] registered
[    5.540750][    T1] acpiphp: Slot [23-3] registered
[    5.542755][    T1] acpiphp: Slot [24-2] registered
[    5.543755][    T1] acpiphp: Slot [25-2] registered
[    5.545750][    T1] acpiphp: Slot [26-2] registered
[    5.547750][    T1] acpiphp: Slot [27-2] registered
[    5.548750][    T1] acpiphp: Slot [28-2] registered
[    5.550759][    T1] acpiphp: Slot [29-2] registered
[    5.552750][    T1] acpiphp: Slot [30-2] registered
[    5.553750][    T1] acpiphp: Slot [31-2] registered
[    5.556035][    T1] pci 0000:00:19.0: PCI bridge to [bus 02]
[    5.597895][    T1] pci_bus 0000:03: extended config space not accessible
[    5.600985][    T1] acpiphp: Slot [0-3] registered
[    5.602753][    T1] acpiphp: Slot [1-4] registered
[    5.603756][    T1] acpiphp: Slot [2-4] registered
[    5.605751][    T1] acpiphp: Slot [3-4] registered
[    5.607751][    T1] acpiphp: Slot [4-4] registered
[    5.609751][    T1] acpiphp: Slot [5-4] registered
[    5.610751][    T1] acpiphp: Slot [6-4] registered
[    5.612752][    T1] acpiphp: Slot [7-4] registered
[    5.614750][    T1] acpiphp: Slot [8-4] registered
[    5.616755][    T1] acpiphp: Slot [9-4] registered
[    5.617751][    T1] acpiphp: Slot [10-4] registered
[    5.619751][    T1] acpiphp: Slot [11-4] registered
[    5.621750][    T1] acpiphp: Slot [12-4] registered
[    5.623751][    T1] acpiphp: Slot [13-4] registered
[    5.624768][    T1] acpiphp: Slot [14-4] registered
[    5.626756][    T1] acpiphp: Slot [15-4] registered
[    5.628751][    T1] acpiphp: Slot [16-4] registered
[    5.629761][    T1] acpiphp: Slot [17-4] registered
[    5.631751][    T1] acpiphp: Slot [18-4] registered
[    5.633751][    T1] acpiphp: Slot [19-4] registered
[    5.634750][    T1] acpiphp: Slot [20-4] registered
[    5.636751][    T1] acpiphp: Slot [21-4] registered
[    5.638751][    T1] acpiphp: Slot [22-4] registered
[    5.639751][    T1] acpiphp: Slot [23-4] registered
[    5.641756][    T1] acpiphp: Slot [24-3] registered
[    5.643752][    T1] acpiphp: Slot [25-3] registered
[    5.644751][    T1] acpiphp: Slot [26-3] registered
[    5.646752][    T1] acpiphp: Slot [27-3] registered
[    5.648751][    T1] acpiphp: Slot [28-3] registered
[    5.649750][    T1] acpiphp: Slot [29-3] registered
[    5.651751][    T1] acpiphp: Slot [30-3] registered
[    5.653754][    T1] acpiphp: Slot [31-3] registered
[    5.656025][    T1] pci 0000:00:1a.0: PCI bridge to [bus 03]
[    5.696897][    T1] pci_bus 0000:04: extended config space not accessible
[    5.699993][    T1] acpiphp: Slot [0-4] registered
[    5.701753][    T1] acpiphp: Slot [1-5] registered
[    5.702770][    T1] acpiphp: Slot [2-5] registered
[    5.704754][    T1] acpiphp: Slot [3-5] registered
[    5.706752][    T1] acpiphp: Slot [4-5] registered
[    5.708752][    T1] acpiphp: Slot [5-5] registered
[    5.709760][    T1] acpiphp: Slot [6-5] registered
[    5.711753][    T1] acpiphp: Slot [7-5] registered
[    5.713751][    T1] acpiphp: Slot [8-5] registered
[    5.715756][    T1] acpiphp: Slot [9-5] registered
[    5.716752][    T1] acpiphp: Slot [10-5] registered
[    5.718752][    T1] acpiphp: Slot [11-5] registered
[    5.720752][    T1] acpiphp: Slot [12-5] registered
[    5.721757][    T1] acpiphp: Slot [13-5] registered
[    5.723759][    T1] acpiphp: Slot [14-5] registered
[    5.725752][    T1] acpiphp: Slot [15-5] registered
[    5.726752][    T1] acpiphp: Slot [16-5] registered
[    5.728758][    T1] acpiphp: Slot [17-5] registered
[    5.730752][    T1] acpiphp: Slot [18-5] registered
[    5.732753][    T1] acpiphp: Slot [19-5] registered
[    5.733752][    T1] acpiphp: Slot [20-5] registered
[    5.735753][    T1] acpiphp: Slot [21-5] registered
[    5.737753][    T1] acpiphp: Slot [22-5] registered
[    5.738752][    T1] acpiphp: Slot [23-5] registered
[    5.740758][    T1] acpiphp: Slot [24-4] registered
[    5.742752][    T1] acpiphp: Slot [25-4] registered
[    5.743752][    T1] acpiphp: Slot [26-4] registered
[    5.745752][    T1] acpiphp: Slot [27-4] registered
[    5.747752][    T1] acpiphp: Slot [28-4] registered
[    5.748760][    T1] acpiphp: Slot [29-4] registered
[    5.750754][    T1] acpiphp: Slot [30-4] registered
[    5.752753][    T1] acpiphp: Slot [31-4] registered
[    5.755040][    T1] pci 0000:00:1b.0: PCI bridge to [bus 04]
[    5.796888][    T1] pci_bus 0000:05: extended config space not accessible
[    5.799034][    T1] acpiphp: Slot [0-5] registered
[    5.800759][    T1] acpiphp: Slot [1-6] registered
[    5.802754][    T1] acpiphp: Slot [2-6] registered
[    5.804754][    T1] acpiphp: Slot [3-6] registered
[    5.805754][    T1] acpiphp: Slot [4-6] registered
[    5.807753][    T1] acpiphp: Slot [5-6] registered
[    5.809759][    T1] acpiphp: Slot [6-6] registered
[    5.811754][    T1] acpiphp: Slot [7-6] registered
[    5.813753][    T1] acpiphp: Slot [8-6] registered
[    5.814758][    T1] acpiphp: Slot [9-6] registered
[    5.816754][    T1] acpiphp: Slot [10-6] registered
[    5.818754][    T1] acpiphp: Slot [11-6] registered
[    5.819753][    T1] acpiphp: Slot [12-6] registered
[    5.821753][    T1] acpiphp: Slot [13-6] registered
[    5.823758][    T1] acpiphp: Slot [14-6] registered
[    5.824753][    T1] acpiphp: Slot [15-6] registered
[    5.826759][    T1] acpiphp: Slot [16-6] registered
[    5.828754][    T1] acpiphp: Slot [17-6] registered
[    5.829753][    T1] acpiphp: Slot [18-6] registered
[    5.831754][    T1] acpiphp: Slot [19-6] registered
[    5.833755][    T1] acpiphp: Slot [20-6] registered
[    5.834753][    T1] acpiphp: Slot [21-6] registered
[    5.836754][    T1] acpiphp: Slot [22-6] registered
[    5.838754][    T1] acpiphp: Slot [23-6] registered
[    5.839758][    T1] acpiphp: Slot [24-5] registered
[    5.841754][    T1] acpiphp: Slot [25-5] registered
[    5.843754][    T1] acpiphp: Slot [26-5] registered
[    5.844753][    T1] acpiphp: Slot [27-5] registered
[    5.846754][    T1] acpiphp: Slot [28-5] registered
[    5.848763][    T1] acpiphp: Slot [29-5] registered
[    5.849753][    T1] acpiphp: Slot [30-5] registered
[    5.851759][    T1] acpiphp: Slot [31-5] registered
[    5.854032][    T1] pci 0000:00:1c.0: PCI bridge to [bus 05]
[    5.895885][    T1] pci_bus 0000:06: extended config space not accessible
[    5.898023][    T1] acpiphp: Slot [1-7] registered
[    5.899763][    T1] acpiphp: Slot [2-7] registered
[    5.901756][    T1] acpiphp: Slot [3-7] registered
[    5.903758][    T1] acpiphp: Slot [4-7] registered
[    5.904755][    T1] acpiphp: Slot [5-7] registered
[    5.906756][    T1] acpiphp: Slot [6-7] registered
[    5.908756][    T1] acpiphp: Slot [7-7] registered
[    5.910756][    T1] acpiphp: Slot [8-7] registered
[    5.912755][    T1] acpiphp: Slot [9-7] registered
[    5.913762][    T1] acpiphp: Slot [10-7] registered
[    5.915756][    T1] acpiphp: Slot [11-7] registered
[    5.917756][    T1] acpiphp: Slot [12-7] registered
[    5.918755][    T1] acpiphp: Slot [13-7] registered
[    5.920765][    T1] acpiphp: Slot [14-7] registered
[    5.922765][    T1] acpiphp: Slot [15-7] registered
[    5.923755][    T1] acpiphp: Slot [16-7] registered
[    5.925761][    T1] acpiphp: Slot [17-7] registered
[    5.927756][    T1] acpiphp: Slot [18-7] registered
[    5.928759][    T1] acpiphp: Slot [19-7] registered
[    5.930757][    T1] acpiphp: Slot [0-6] registered
[    5.932756][    T1] acpiphp: Slot [20-7] registered
[    5.933756][    T1] acpiphp: Slot [21-7] registered
[    5.935758][    T1] acpiphp: Slot [22-7] registered
[    5.937758][    T1] acpiphp: Slot [23-7] registered
[    5.938760][    T1] acpiphp: Slot [24-6] registered
[    5.940756][    T1] acpiphp: Slot [25-6] registered
[    5.942765][    T1] acpiphp: Slot [26-6] registered
[    5.943755][    T1] acpiphp: Slot [27-6] registered
[    5.945756][    T1] acpiphp: Slot [28-6] registered
[    5.947755][    T1] acpiphp: Slot [29-6] registered
[    5.948755][    T1] acpiphp: Slot [30-6] registered
[    5.950761][    T1] acpiphp: Slot [31-6] registered
[    5.952880][    T1] pci 0000:06:01.0: [1af4:1000] type 00 class 0x020000 conventional PCI endpoint
[    6.072727][    T1] pci 0000:06:01.0: BAR 0 [io  0x3480-0x34bf]
[    6.076740][    T1] pci 0000:06:01.0: BAR 1 [mem 0xc0411000-0xc0411fff]
[    6.078778][    T1] pci 0000:06:01.0: BAR 4 [mem 0x382800044000-0x382800047fff 64bit pref]
[    6.083503][    T1] pci 0000:06:02.0: [1af4:1000] type 00 class 0x020000 conventional PCI endpoint
[    6.208650][    T1] pci 0000:06:02.0: BAR 0 [io  0x3440-0x347f]
[    6.211739][    T1] pci 0000:06:02.0: BAR 1 [mem 0xc0410000-0xc0410fff]
[    6.214788][    T1] pci 0000:06:02.0: BAR 4 [mem 0x382800040000-0x382800043fff 64bit pref]
[    6.219463][    T1] pci 0000:06:03.0: [1af4:1000] type 00 class 0x020000 conventional PCI endpoint
[    6.345642][    T1] pci 0000:06:03.0: BAR 0 [io  0x3400-0x343f]
[    6.348741][    T1] pci 0000:06:03.0: BAR 1 [mem 0xc040f000-0xc040ffff]
[    6.351768][    T1] pci 0000:06:03.0: BAR 4 [mem 0x38280003c000-0x38280003ffff 64bit pref]
[    6.356499][    T1] pci 0000:06:04.0: [1af4:1000] type 00 class 0x020000 conventional PCI endpoint
[    6.481672][    T1] pci 0000:06:04.0: BAR 0 [io  0x33c0-0x33ff]
[    6.484738][    T1] pci 0000:06:04.0: BAR 1 [mem 0xc040e000-0xc040efff]
[    6.487777][    T1] pci 0000:06:04.0: BAR 4 [mem 0x382800038000-0x38280003bfff 64bit pref]
[    6.492417][    T1] pci 0000:06:05.0: [1af4:1000] type 00 class 0x020000 conventional PCI endpoint
[    6.616644][    T1] pci 0000:06:05.0: BAR 0 [io  0x3380-0x33bf]
[    6.619746][    T1] pci 0000:06:05.0: BAR 1 [mem 0xc040d000-0xc040dfff]
[    6.622768][    T1] pci 0000:06:05.0: BAR 4 [mem 0x382800034000-0x382800037fff 64bit pref]
[    6.626351][    T1] pci 0000:06:06.0: [1af4:1000] type 00 class 0x020000 conventional PCI endpoint
[    6.747636][    T1] pci 0000:06:06.0: BAR 0 [io  0x3340-0x337f]
[    6.750736][    T1] pci 0000:06:06.0: BAR 1 [mem 0xc040c000-0xc040cfff]
[    6.753765][    T1] pci 0000:06:06.0: BAR 4 [mem 0x382800030000-0x382800033fff 64bit pref]
[    6.757321][    T1] pci 0000:06:07.0: [1af4:1000] type 00 class 0x020000 conventional PCI endpoint
[    6.878632][    T1] pci 0000:06:07.0: BAR 0 [io  0x3300-0x333f]
[    6.881737][    T1] pci 0000:06:07.0: BAR 1 [mem 0xc040b000-0xc040bfff]
[    6.883765][    T1] pci 0000:06:07.0: BAR 4 [mem 0x38280002c000-0x38280002ffff 64bit pref]
[    6.888341][    T1] pci 0000:06:08.0: [1af4:1000] type 00 class 0x020000 conventional PCI endpoint
[    7.009668][    T1] pci 0000:06:08.0: BAR 0 [io  0x32c0-0x32ff]
[    7.013743][    T1] pci 0000:06:08.0: BAR 1 [mem 0xc040a000-0xc040afff]
[    7.015765][    T1] pci 0000:06:08.0: BAR 4 [mem 0x382800028000-0x38280002bfff 64bit pref]
[    7.020355][    T1] pci 0000:06:09.0: [1af4:1000] type 00 class 0x020000 conventional PCI endpoint
[    7.142646][    T1] pci 0000:06:09.0: BAR 0 [io  0x3280-0x32bf]
[    7.145737][    T1] pci 0000:06:09.0: BAR 1 [mem 0xc0409000-0xc0409fff]
[    7.148758][    T1] pci 0000:06:09.0: BAR 4 [mem 0x382800024000-0x382800027fff 64bit pref]
[    7.153420][    T1] pci 0000:06:0a.0: [1af4:1000] type 00 class 0x020000 conventional PCI endpoint
[    7.280647][    T1] pci 0000:06:0a.0: BAR 0 [io  0x3240-0x327f]
[    7.284755][    T1] pci 0000:06:0a.0: BAR 1 [mem 0xc0408000-0xc0408fff]
[    7.286767][    T1] pci 0000:06:0a.0: BAR 4 [mem 0x382800020000-0x382800023fff 64bit pref]
[    7.291398][    T1] pci 0000:06:0b.0: [1af4:1000] type 00 class 0x020000 conventional PCI endpoint
[    7.413660][    T1] pci 0000:06:0b.0: BAR 0 [io  0x3200-0x323f]
[    7.417739][    T1] pci 0000:06:0b.0: BAR 1 [mem 0xc0407000-0xc0407fff]
[    7.419767][    T1] pci 0000:06:0b.0: BAR 4 [mem 0x38280001c000-0x38280001ffff 64bit pref]
[    7.424395][    T1] pci 0000:06:0c.0: [1af4:1000] type 00 class 0x020000 conventional PCI endpoint
[    7.546644][    T1] pci 0000:06:0c.0: BAR 0 [io  0x31c0-0x31ff]
[    7.549738][    T1] pci 0000:06:0c.0: BAR 1 [mem 0xc0406000-0xc0406fff]
[    7.551767][    T1] pci 0000:06:0c.0: BAR 4 [mem 0x382800018000-0x38280001bfff 64bit pref]
[    7.556398][    T1] pci 0000:06:0d.0: [1af4:1000] type 00 class 0x020000 conventional PCI endpoint
[    7.677621][    T1] pci 0000:06:0d.0: BAR 0 [io  0x3180-0x31bf]
[    7.681739][    T1] pci 0000:06:0d.0: BAR 1 [mem 0xc0405000-0xc0405fff]
[    7.683837][    T1] pci 0000:06:0d.0: BAR 4 [mem 0x382800014000-0x382800017fff 64bit pref]
[    7.688449][    T1] pci 0000:06:0e.0: [1af4:1000] type 00 class 0x020000 conventional PCI endpoint
[    7.815620][    T1] pci 0000:06:0e.0: BAR 0 [io  0x3140-0x317f]
[    7.819747][    T1] pci 0000:06:0e.0: BAR 1 [mem 0xc0404000-0xc0404fff]
[    7.821784][    T1] pci 0000:06:0e.0: BAR 4 [mem 0x382800010000-0x382800013fff 64bit pref]
[    7.826427][    T1] pci 0000:06:0f.0: [1af4:1000] type 00 class 0x020000 conventional PCI endpoint
[    7.950630][    T1] pci 0000:06:0f.0: BAR 0 [io  0x3100-0x313f]
[    7.954738][    T1] pci 0000:06:0f.0: BAR 1 [mem 0xc0403000-0xc0403fff]
[    7.956767][    T1] pci 0000:06:0f.0: BAR 4 [mem 0x38280000c000-0x38280000ffff 64bit pref]
[    7.961421][    T1] pci 0000:06:10.0: [1af4:1000] type 00 class 0x020000 conventional PCI endpoint
[    8.085649][    T1] pci 0000:06:10.0: BAR 0 [io  0x30c0-0x30ff]
[    8.089738][    T1] pci 0000:06:10.0: BAR 1 [mem 0xc0402000-0xc0402fff]
[    8.091767][    T1] pci 0000:06:10.0: BAR 4 [mem 0x382800008000-0x38280000bfff 64bit pref]
[    8.096379][    T1] pci 0000:06:11.0: [1af4:1000] type 00 class 0x020000 conventional PCI endpoint
[    8.218724][    T1] pci 0000:06:11.0: BAR 0 [io  0x3080-0x30bf]
[    8.222738][    T1] pci 0000:06:11.0: BAR 1 [mem 0xc0401000-0xc0401fff]
[    8.224766][    T1] pci 0000:06:11.0: BAR 4 [mem 0x382800004000-0x382800007fff 64bit pref]
[    8.229341][    T1] pci 0000:06:12.0: [1af4:1001] type 00 class 0x010000 conventional PCI endpoint
[    8.349623][    T1] pci 0000:06:12.0: BAR 0 [io  0x3000-0x307f]
[    8.353737][    T1] pci 0000:06:12.0: BAR 1 [mem 0xc0400000-0xc0400fff]
[    8.355766][    T1] pci 0000:06:12.0: BAR 4 [mem 0x382800000000-0x382800003fff 64bit pref]
[    8.360348][    T1] pci 0000:06:13.0: [1af4:1001] type 00 class 0x010000 conventional PCI endpoint
[    8.364154][    T1] pci 0000:06:13.0: BAR 0 [io  0x0000-0x007f]
[    8.365736][    T1] pci 0000:06:13.0: BAR 1 [mem 0x00000000-0x00000fff]
[    8.368765][    T1] pci 0000:06:13.0: BAR 4 [mem 0x00000000-0x00003fff 64bit pref]
[    8.372229][    T1] pci 0000:06:14.0: [1af4:1001] type 00 class 0x010000 conventional PCI endpoint
[    8.376137][    T1] pci 0000:06:14.0: BAR 0 [io  0x0000-0x007f]
[    8.377736][    T1] pci 0000:06:14.0: BAR 1 [mem 0x00000000-0x00000fff]
[    8.380765][    T1] pci 0000:06:14.0: BAR 4 [mem 0x00000000-0x00003fff 64bit pref]
[    8.384226][    T1] pci 0000:06:15.0: [1af4:1001] type 00 class 0x010000 conventional PCI endpoint
[    8.388136][    T1] pci 0000:06:15.0: BAR 0 [io  0x0000-0x007f]
[    8.389736][    T1] pci 0000:06:15.0: BAR 1 [mem 0x00000000-0x00000fff]
[    8.392765][    T1] pci 0000:06:15.0: BAR 4 [mem 0x00000000-0x00003fff 64bit pref]
[    8.396212][    T1] pci 0000:06:16.0: [1af4:1001] type 00 class 0x010000 conventional PCI endpoint
[    8.400134][    T1] pci 0000:06:16.0: BAR 0 [io  0x0000-0x007f]
[    8.401736][    T1] pci 0000:06:16.0: BAR 1 [mem 0x00000000-0x00000fff]
[    8.403765][    T1] pci 0000:06:16.0: BAR 4 [mem 0x00000000-0x00003fff 64bit pref]
[    8.408174][    T1] pci 0000:00:1d.0: PCI bridge to [bus 06]
[    8.450889][    T1] pci_bus 0000:07: extended config space not accessible
[    8.454068][    T1] acpiphp: Slot [1-8] registered
[    8.455768][    T1] acpiphp: Slot [2-8] registered
[    8.457759][    T1] acpiphp: Slot [3-8] registered
[    8.458758][    T1] acpiphp: Slot [4-8] registered
[    8.460765][    T1] acpiphp: Slot [5-8] registered
[    8.462758][    T1] acpiphp: Slot [6-8] registered
[    8.464768][    T1] acpiphp: Slot [7-8] registered
[    8.466758][    T1] acpiphp: Slot [8-8] registered
[    8.468758][    T1] acpiphp: Slot [9-8] registered
[    8.469758][    T1] acpiphp: Slot [10-8] registered
[    8.471759][    T1] acpiphp: Slot [11-8] registered
[    8.473758][    T1] acpiphp: Slot [12-8] registered
[    8.474763][    T1] acpiphp: Slot [13-8] registered
[    8.476758][    T1] acpiphp: Slot [14-8] registered
[    8.478758][    T1] acpiphp: Slot [15-8] registered
[    8.480758][    T1] acpiphp: Slot [16-8] registered
[    8.481768][    T1] acpiphp: Slot [17-8] registered
[    8.483766][    T1] acpiphp: Slot [18-8] registered
[    8.485758][    T1] acpiphp: Slot [19-8] registered
[    8.487764][    T1] acpiphp: Slot [20-8] registered
[    8.488763][    T1] acpiphp: Slot [21-8] registered
[    8.490758][    T1] acpiphp: Slot [22-8] registered
[    8.492766][    T1] acpiphp: Slot [23-8] registered
[    8.494758][    T1] acpiphp: Slot [24-7] registered
[    8.495758][    T1] acpiphp: Slot [25-7] registered
[    8.497761][    T1] acpiphp: Slot [26-7] registered
[    8.499759][    T1] acpiphp: Slot [27-7] registered
[    8.500764][    T1] acpiphp: Slot [28-7] registered
[    8.502759][    T1] acpiphp: Slot [29-7] registered
[    8.504759][    T1] acpiphp: Slot [30-7] registered
[    8.506759][    T1] acpiphp: Slot [31-7] registered
[    8.507764][    T1] acpiphp: Slot [0-7] registered
[    8.509879][    T1] pci 0000:07:01.0: [1af4:1000] type 00 class 0x020000 conventional PCI endpoint
[    8.632627][    T1] pci 0000:07:01.0: BAR 0 [io  0x2780-0x27bf]
[    8.635737][    T1] pci 0000:07:01.0: BAR 1 [mem 0xc021e000-0xc021efff]
[    8.638765][    T1] pci 0000:07:01.0: BAR 4 [mem 0x383000078000-0x38300007bfff 64bit pref]
[    8.643380][    T1] pci 0000:07:02.0: [1af4:1000] type 00 class 0x020000 conventional PCI endpoint
[    8.764731][    T1] pci 0000:07:02.0: BAR 0 [io  0x2740-0x277f]
[    8.768741][    T1] pci 0000:07:02.0: BAR 1 [mem 0xc021d000-0xc021dfff]
[    8.771767][    T1] pci 0000:07:02.0: BAR 4 [mem 0x383000074000-0x383000077fff 64bit pref]
[    8.776332][    T1] pci 0000:07:03.0: [1af4:1000] type 00 class 0x020000 conventional PCI endpoint
[    8.899633][    T1] pci 0000:07:03.0: BAR 0 [io  0x2700-0x273f]
[    8.902738][    T1] pci 0000:07:03.0: BAR 1 [mem 0xc021c000-0xc021cfff]
[    8.904766][    T1] pci 0000:07:03.0: BAR 4 [mem 0x383000070000-0x383000073fff 64bit pref]
[    8.909347][    T1] pci 0000:07:04.0: [1af4:1000] type 00 class 0x020000 conventional PCI endpoint
[    9.032654][    T1] pci 0000:07:04.0: BAR 0 [io  0x26c0-0x26ff]
[    9.035739][    T1] pci 0000:07:04.0: BAR 1 [mem 0xc021b000-0xc021bfff]
[    9.038766][    T1] pci 0000:07:04.0: BAR 4 [mem 0x38300006c000-0x38300006ffff 64bit pref]
[    9.043409][    T1] pci 0000:07:05.0: [1af4:1000] type 00 class 0x020000 conventional PCI endpoint
[    9.170727][    T1] pci 0000:07:05.0: BAR 0 [io  0x2680-0x26bf]
[    9.319758][    T1] pci 0000:07:05.0: BAR 1 [mem 0xc021a000-0xc021afff]
[    9.323773][    T1] pci 0000:07:05.0: BAR 4 [mem 0x383000068000-0x38300006bfff 64bit pref]
[    9.330085][    T1] pci 0000:07:06.0: [1af4:1000] type 00 class 0x020000 conventional PCI endpoint
[    9.459634][    T1] pci 0000:07:06.0: BAR 0 [io  0x2640-0x267f]
[    9.462748][    T1] pci 0000:07:06.0: BAR 1 [mem 0xc0219000-0xc0219fff]
[    9.465765][    T1] pci 0000:07:06.0: BAR 4 [mem 0x383000064000-0x383000067fff 64bit pref]
[    9.470339][    T1] pci 0000:07:07.0: [1af4:1000] type 00 class 0x020000 conventional PCI endpoint
[    9.593683][    T1] pci 0000:07:07.0: BAR 0 [io  0x2600-0x263f]
[    9.597737][    T1] pci 0000:07:07.0: BAR 1 [mem 0xc0218000-0xc0218fff]
[    9.599766][    T1] pci 0000:07:07.0: BAR 4 [mem 0x383000060000-0x383000063fff 64bit pref]
[    9.604371][    T1] pci 0000:07:08.0: [1af4:1000] type 00 class 0x020000 conventional PCI endpoint
[    9.727662][    T1] pci 0000:07:08.0: BAR 0 [io  0x25c0-0x25ff]
[    9.730737][    T1] pci 0000:07:08.0: BAR 1 [mem 0xc0217000-0xc0217fff]
[    9.733766][    T1] pci 0000:07:08.0: BAR 4 [mem 0x38300005c000-0x38300005ffff 64bit pref]
[    9.737346][    T1] pci 0000:07:09.0: [1af4:1000] type 00 class 0x020000 conventional PCI endpoint
[    9.859655][    T1] pci 0000:07:09.0: BAR 0 [io  0x2580-0x25bf]
[    9.863737][    T1] pci 0000:07:09.0: BAR 1 [mem 0xc0216000-0xc0216fff]
[    9.865776][    T1] pci 0000:07:09.0: BAR 4 [mem 0x383000058000-0x38300005bfff 64bit pref]
[    9.870501][    T1] pci 0000:07:0a.0: [1af4:1000] type 00 class 0x020000 conventional PCI endpoint
[    9.998666][    T1] pci 0000:07:0a.0: BAR 0 [io  0x2540-0x257f]
[   10.001747][    T1] pci 0000:07:0a.0: BAR 1 [mem 0xc0215000-0xc0215fff]
[   10.004767][    T1] pci 0000:07:0a.0: BAR 4 [mem 0x383000054000-0x383000057fff 64bit pref]
[   10.009411][    T1] pci 0000:07:0b.0: [1af4:1000] type 00 class 0x020000 conventional PCI endpoint
[   10.132651][    T1] pci 0000:07:0b.0: BAR 0 [io  0x2500-0x253f]
[   10.136739][    T1] pci 0000:07:0b.0: BAR 1 [mem 0xc0214000-0xc0214fff]
[   10.138766][    T1] pci 0000:07:0b.0: BAR 4 [mem 0x383000050000-0x383000053fff 64bit pref]
[   10.143421][    T1] pci 0000:07:0c.0: [1af4:1000] type 00 class 0x020000 conventional PCI endpoint
[   10.267656][    T1] pci 0000:07:0c.0: BAR 0 [io  0x24c0-0x24ff]
[   10.271754][    T1] pci 0000:07:0c.0: BAR 1 [mem 0xc0213000-0xc0213fff]
[   10.273767][    T1] pci 0000:07:0c.0: BAR 4 [mem 0x38300004c000-0x38300004ffff 64bit pref]
[   10.278449][    T1] pci 0000:07:0d.0: [1af4:1000] type 00 class 0x020000 conventional PCI endpoint
[   10.403667][    T1] pci 0000:07:0d.0: BAR 0 [io  0x2480-0x24bf]
[   10.407748][    T1] pci 0000:07:0d.0: BAR 1 [mem 0xc0212000-0xc0212fff]
[   10.409766][    T1] pci 0000:07:0d.0: BAR 4 [mem 0x383000048000-0x38300004bfff 64bit pref]
[   10.414367][    T1] pci 0000:07:0e.0: [1af4:1000] type 00 class 0x020000 conventional PCI endpoint
[   10.536623][    T1] pci 0000:07:0e.0: BAR 0 [io  0x2440-0x247f]
[   10.539737][    T1] pci 0000:07:0e.0: BAR 1 [mem 0xc0211000-0xc0211fff]
[   10.541767][    T1] pci 0000:07:0e.0: BAR 4 [mem 0x383000044000-0x383000047fff 64bit pref]
[   10.546319][    T1] pci 0000:07:0f.0: [1af4:1000] type 00 class 0x020000 conventional PCI endpoint
[   10.667633][    T1] pci 0000:07:0f.0: BAR 0 [io  0x2400-0x243f]
[   10.671737][    T1] pci 0000:07:0f.0: BAR 1 [mem 0xc0210000-0xc0210fff]
[   10.673765][    T1] pci 0000:07:0f.0: BAR 4 [mem 0x383000040000-0x383000043fff 64bit pref]
[   10.678323][    T1] pci 0000:07:10.0: [1af4:1000] type 00 class 0x020000 conventional PCI endpoint
[   10.799621][    T1] pci 0000:07:10.0: BAR 0 [io  0x23c0-0x23ff]
[   10.803738][    T1] pci 0000:07:10.0: BAR 1 [mem 0xc020f000-0xc020ffff]
[   10.805765][    T1] pci 0000:07:10.0: BAR 4 [mem 0x38300003c000-0x38300003ffff 64bit pref]
[   10.810347][    T1] pci 0000:07:11.0: [1af4:1000] type 00 class 0x020000 conventional PCI endpoint
[   10.931634][    T1] pci 0000:07:11.0: BAR 0 [io  0x2380-0x23bf]
[   10.934788][    T1] pci 0000:07:11.0: BAR 1 [mem 0xc020e000-0xc020efff]
[   10.937769][    T1] pci 0000:07:11.0: BAR 4 [mem 0x383000038000-0x38300003bfff 64bit pref]
[   10.942348][    T1] pci 0000:07:12.0: [1af4:1000] type 00 class 0x020000 conventional PCI endpoint
[   11.066479][    T1] pci 0000:07:12.0: BAR 0 [io  0x2340-0x237f]
[   11.069736][    T1] pci 0000:07:12.0: BAR 1 [mem 0xc020d000-0xc020dfff]
[   11.071764][    T1] pci 0000:07:12.0: BAR 4 [mem 0x383000034000-0x383000037fff 64bit pref]
[   11.076285][    T1] pci 0000:07:13.0: [1af4:1000] type 00 class 0x020000 conventional PCI endpoint
[   11.195471][    T1] pci 0000:07:13.0: BAR 0 [io  0x2300-0x233f]
[   11.198737][    T1] pci 0000:07:13.0: BAR 1 [mem 0xc020c000-0xc020cfff]
[   11.200781][    T1] pci 0000:07:13.0: BAR 4 [mem 0x383000030000-0x383000033fff 64bit pref]
[   11.205265][    T1] pci 0000:07:14.0: [1af4:1000] type 00 class 0x020000 conventional PCI endpoint
[   11.323469][    T1] pci 0000:07:14.0: BAR 0 [io  0x22c0-0x22ff]
[   11.326736][    T1] pci 0000:07:14.0: BAR 1 [mem 0xc020b000-0xc020bfff]
[   11.328765][    T1] pci 0000:07:14.0: BAR 4 [mem 0x38300002c000-0x38300002ffff 64bit pref]
[   11.333264][    T1] pci 0000:07:15.0: [1af4:1000] type 00 class 0x020000 conventional PCI endpoint
[   11.452489][    T1] pci 0000:07:15.0: BAR 0 [io  0x2280-0x22bf]
[   11.455745][    T1] pci 0000:07:15.0: BAR 1 [mem 0xc020a000-0xc020afff]
[   11.457767][    T1] pci 0000:07:15.0: BAR 4 [mem 0x383000028000-0x38300002bfff 64bit pref]
[   11.462326][    T1] pci 0000:07:16.0: [1af4:1000] type 00 class 0x020000 conventional PCI endpoint
[   11.584620][    T1] pci 0000:07:16.0: BAR 0 [io  0x2240-0x227f]
[   11.588737][    T1] pci 0000:07:16.0: BAR 1 [mem 0xc0209000-0xc0209fff]
[   11.590765][    T1] pci 0000:07:16.0: BAR 4 [mem 0x383000024000-0x383000027fff 64bit pref]
[   11.595360][    T1] pci 0000:07:17.0: [1af4:1000] type 00 class 0x020000 conventional PCI endpoint
[   11.717628][    T1] pci 0000:07:17.0: BAR 0 [io  0x2200-0x223f]
[   11.721737][    T1] pci 0000:07:17.0: BAR 1 [mem 0xc0208000-0xc0208fff]
[   11.723765][    T1] pci 0000:07:17.0: BAR 4 [mem 0x383000020000-0x383000023fff 64bit pref]
[   11.728371][    T1] pci 0000:07:18.0: [1af4:1000] type 00 class 0x020000 conventional PCI endpoint
[   11.850631][    T1] pci 0000:07:18.0: BAR 0 [io  0x21c0-0x21ff]
[   11.854737][    T1] pci 0000:07:18.0: BAR 1 [mem 0xc0207000-0xc0207fff]
[   11.856765][    T1] pci 0000:07:18.0: BAR 4 [mem 0x38300001c000-0x38300001ffff 64bit pref]
[   11.861373][    T1] pci 0000:07:19.0: [1af4:1000] type 00 class 0x020000 conventional PCI endpoint
[   11.983644][    T1] pci 0000:07:19.0: BAR 0 [io  0x2180-0x21bf]
[   11.986737][    T1] pci 0000:07:19.0: BAR 1 [mem 0xc0206000-0xc0206fff]
[   11.989765][    T1] pci 0000:07:19.0: BAR 4 [mem 0x383000018000-0x38300001bfff 64bit pref]
[   11.993317][    T1] pci 0000:07:1a.0: [1af4:1000] type 00 class 0x020000 conventional PCI endpoint
[   12.117634][    T1] pci 0000:07:1a.0: BAR 0 [io  0x2140-0x217f]
[   12.121737][    T1] pci 0000:07:1a.0: BAR 1 [mem 0xc0205000-0xc0205fff]
[   12.123765][    T1] pci 0000:07:1a.0: BAR 4 [mem 0x383000014000-0x383000017fff 64bit pref]
[   12.128354][    T1] pci 0000:07:1b.0: [1af4:1000] type 00 class 0x020000 conventional PCI endpoint
[   12.250625][    T1] pci 0000:07:1b.0: BAR 0 [io  0x2100-0x213f]
[   12.253737][    T1] pci 0000:07:1b.0: BAR 1 [mem 0xc0204000-0xc0204fff]
[   12.256765][    T1] pci 0000:07:1b.0: BAR 4 [mem 0x383000010000-0x383000013fff 64bit pref]
[   12.260331][    T1] pci 0000:07:1c.0: [1af4:1000] type 00 class 0x020000 conventional PCI endpoint
[   12.383626][    T1] pci 0000:07:1c.0: BAR 0 [io  0x20c0-0x20ff]
[   12.386737][    T1] pci 0000:07:1c.0: BAR 1 [mem 0xc0203000-0xc0203fff]
[   12.388765][    T1] pci 0000:07:1c.0: BAR 4 [mem 0x38300000c000-0x38300000ffff 64bit pref]
[   12.393346][    T1] pci 0000:07:1d.0: [1af4:1000] type 00 class 0x020000 conventional PCI endpoint
[   12.516625][    T1] pci 0000:07:1d.0: BAR 0 [io  0x2080-0x20bf]
[   12.520737][    T1] pci 0000:07:1d.0: BAR 1 [mem 0xc0202000-0xc0202fff]
[   12.522782][    T1] pci 0000:07:1d.0: BAR 4 [mem 0x383000008000-0x38300000bfff 64bit pref]
[   12.527352][    T1] pci 0000:07:1e.0: [1af4:1000] type 00 class 0x020000 conventional PCI endpoint
[   12.655498][    T1] pci 0000:07:1e.0: BAR 0 [io  0x2040-0x207f]
[   12.658736][    T1] pci 0000:07:1e.0: BAR 1 [mem 0xc0201000-0xc0201fff]
[   12.661764][    T1] pci 0000:07:1e.0: BAR 4 [mem 0x383000004000-0x383000007fff 64bit pref]
[   12.665392][    T1] pci 0000:07:1f.0: [1af4:1000] type 00 class 0x020000 conventional PCI endpoint
[   12.787491][    T1] pci 0000:07:1f.0: BAR 0 [io  0x2000-0x203f]
[   12.790737][    T1] pci 0000:07:1f.0: BAR 1 [mem 0xc0200000-0xc0200fff]
[   12.792765][    T1] pci 0000:07:1f.0: BAR 4 [mem 0x383000000000-0x383000003fff 64bit pref]
[   12.797146][    T1] pci 0000:00:1e.0: PCI bridge to [bus 07]
[   12.839902][    T1] pci_bus 0000:08: extended config space not accessible
[   12.842048][    T1] acpiphp: Slot [1-9] registered
[   12.843760][    T1] acpiphp: Slot [2-9] registered
[   12.845758][    T1] acpiphp: Slot [3-9] registered
[   12.846757][    T1] acpiphp: Slot [4-9] registered
[   12.848760][    T1] acpiphp: Slot [5-9] registered
[   12.850757][    T1] acpiphp: Slot [6-9] registered
[   12.851757][    T1] acpiphp: Slot [7-9] registered
[   12.853760][    T1] acpiphp: Slot [8-9] registered
[   12.855759][    T1] acpiphp: Slot [9-9] registered
[   12.856758][    T1] acpiphp: Slot [10-9] registered
[   12.858758][    T1] acpiphp: Slot [11-9] registered
[   12.860758][    T1] acpiphp: Slot [12-9] registered
[   12.861763][    T1] acpiphp: Slot [13-9] registered
[   12.863758][    T1] acpiphp: Slot [14-9] registered
[   12.865758][    T1] acpiphp: Slot [15-9] registered
[   12.866757][    T1] acpiphp: Slot [16-9] registered
[   12.868757][    T1] acpiphp: Slot [17-9] registered
[   12.870757][    T1] acpiphp: Slot [18-9] registered
[   12.871757][    T1] acpiphp: Slot [19-9] registered
[   12.873762][    T1] acpiphp: Slot [20-9] registered
[   12.875758][    T1] acpiphp: Slot [21-9] registered
[   12.876758][    T1] acpiphp: Slot [22-9] registered
[   12.878758][    T1] acpiphp: Slot [23-9] registered
[   12.880758][    T1] acpiphp: Slot [24-8] registered
[   12.881757][    T1] acpiphp: Slot [25-8] registered
[   12.883758][    T1] acpiphp: Slot [26-8] registered
[   12.885758][    T1] acpiphp: Slot [27-8] registered
[   12.886762][    T1] acpiphp: Slot [28-8] registered
[   12.888758][    T1] acpiphp: Slot [29-8] registered
[   12.890759][    T1] acpiphp: Slot [30-8] registered
[   12.891758][    T1] acpiphp: Slot [31-8] registered
[   12.893763][    T1] acpiphp: Slot [0-8] registered
[   12.895871][    T1] pci 0000:08:01.0: [1af4:1000] type 00 class 0x020000 conventional PCI endpoint
[   13.011489][    T1] pci 0000:08:01.0: BAR 0 [io  0x1780-0x17bf]
[   13.015737][    T1] pci 0000:08:01.0: BAR 1 [mem 0xc001e000-0xc001efff]
[   13.017765][    T1] pci 0000:08:01.0: BAR 4 [mem 0x383800078000-0x38380007bfff 64bit pref]
[   13.021297][    T1] pci 0000:08:02.0: [1af4:1000] type 00 class 0x020000 conventional PCI endpoint
[   13.138504][    T1] pci 0000:08:02.0: BAR 0 [io  0x1740-0x177f]
[   13.141737][    T1] pci 0000:08:02.0: BAR 1 [mem 0xc001d000-0xc001dfff]
[   13.143778][    T1] pci 0000:08:02.0: BAR 4 [mem 0x383800074000-0x383800077fff 64bit pref]
[   13.148315][    T1] pci 0000:08:03.0: [1af4:1000] type 00 class 0x020000 conventional PCI endpoint
[   13.267638][    T1] pci 0000:08:03.0: BAR 0 [io  0x1700-0x173f]
[   13.271737][    T1] pci 0000:08:03.0: BAR 1 [mem 0xc001c000-0xc001cfff]
[   13.273766][    T1] pci 0000:08:03.0: BAR 4 [mem 0x383800070000-0x383800073fff 64bit pref]
[   13.278351][    T1] pci 0000:08:04.0: [1af4:1000] type 00 class 0x020000 conventional PCI endpoint
[   13.397725][    T1] pci 0000:08:04.0: BAR 0 [io  0x16c0-0x16ff]
[   13.400737][    T1] pci 0000:08:04.0: BAR 1 [mem 0xc001b000-0xc001bfff]
[   13.403774][    T1] pci 0000:08:04.0: BAR 4 [mem 0x38380006c000-0x38380006ffff 64bit pref]
[   13.407340][    T1] pci 0000:08:05.0: [1af4:1000] type 00 class 0x020000 conventional PCI endpoint
[   13.526639][    T1] pci 0000:08:05.0: BAR 0 [io  0x1680-0x16bf]
[   13.530737][    T1] pci 0000:08:05.0: BAR 1 [mem 0xc001a000-0xc001afff]
[   13.532775][    T1] pci 0000:08:05.0: BAR 4 [mem 0x383800068000-0x38380006bfff 64bit pref]
[   13.537394][    T1] pci 0000:08:06.0: [1af4:1000] type 00 class 0x020000 conventional PCI endpoint
[   13.655730][    T1] pci 0000:08:06.0: BAR 0 [io  0x1640-0x167f]
[   13.660752][    T1] pci 0000:08:06.0: BAR 1 [mem 0xc0019000-0xc0019fff]
[   13.663786][    T1] pci 0000:08:06.0: BAR 4 [mem 0x383800064000-0x383800067fff 64bit pref]
[   13.670294][    T1] pci 0000:08:07.0: [1af4:1000] type 00 class 0x020000 conventional PCI endpoint
[   13.787502][    T1] pci 0000:08:07.0: BAR 0 [io  0x1600-0x163f]
[   13.792745][    T1] pci 0000:08:07.0: BAR 1 [mem 0xc0018000-0xc0018fff]
[   13.795781][    T1] pci 0000:08:07.0: BAR 4 [mem 0x383800060000-0x383800063fff 64bit pref]
[   13.801290][    T1] pci 0000:08:08.0: [1af4:1000] type 00 class 0x020000 conventional PCI endpoint
[   13.918506][    T1] pci 0000:08:08.0: BAR 0 [io  0x15c0-0x15ff]
[   13.922745][    T1] pci 0000:08:08.0: BAR 1 [mem 0xc0017000-0xc0017fff]
[   13.926772][    T1] pci 0000:08:08.0: BAR 4 [mem 0x38380005c000-0x38380005ffff 64bit pref]
[   13.932293][    T1] pci 0000:08:09.0: [1af4:1000] type 00 class 0x020000 conventional PCI endpoint
[   14.048497][    T1] pci 0000:08:09.0: BAR 0 [io  0x1580-0x15bf]
[   14.052745][    T1] pci 0000:08:09.0: BAR 1 [mem 0xc0016000-0xc0016fff]
[   14.056772][    T1] pci 0000:08:09.0: BAR 4 [mem 0x383800058000-0x38380005bfff 64bit pref]
[   14.062314][    T1] pci 0000:08:0a.0: [1af4:1000] type 00 class 0x020000 conventional PCI endpoint
[   14.178499][    T1] pci 0000:08:0a.0: BAR 0 [io  0x1540-0x157f]
[   14.182751][    T1] pci 0000:08:0a.0: BAR 1 [mem 0xc0015000-0xc0015fff]
[   14.185768][    T1] pci 0000:08:0a.0: BAR 4 [mem 0x383800054000-0x383800057fff 64bit pref]
[   14.189332][    T1] pci 0000:08:0b.0: [1af4:1000] type 00 class 0x020000 conventional PCI endpoint
[   14.308651][    T1] pci 0000:08:0b.0: BAR 0 [io  0x1500-0x153f]
[   14.311737][    T1] pci 0000:08:0b.0: BAR 1 [mem 0xc0014000-0xc0014fff]
[   14.314766][    T1] pci 0000:08:0b.0: BAR 4 [mem 0x383800050000-0x383800053fff 64bit pref]
[   14.318368][    T1] pci 0000:08:0c.0: [1af4:1000] type 00 class 0x020000 conventional PCI endpoint
[   14.437642][    T1] pci 0000:08:0c.0: BAR 0 [io  0x14c0-0x14ff]
[   14.440737][    T1] pci 0000:08:0c.0: BAR 1 [mem 0xc0013000-0xc0013fff]
[   14.442766][    T1] pci 0000:08:0c.0: BAR 4 [mem 0x38380004c000-0x38380004ffff 64bit pref]
[   14.447346][    T1] pci 0000:08:0d.0: [1af4:1000] type 00 class 0x020000 conventional PCI endpoint
[   14.566658][    T1] pci 0000:08:0d.0: BAR 0 [io  0x1480-0x14bf]
[   14.570737][    T1] pci 0000:08:0d.0: BAR 1 [mem 0xc0012000-0xc0012fff]
[   14.572766][    T1] pci 0000:08:0d.0: BAR 4 [mem 0x383800048000-0x38380004bfff 64bit pref]
[   14.577390][    T1] pci 0000:08:0e.0: [1af4:1000] type 00 class 0x020000 conventional PCI endpoint
[   14.696644][    T1] pci 0000:08:0e.0: BAR 0 [io  0x1440-0x147f]
[   14.700737][    T1] pci 0000:08:0e.0: BAR 1 [mem 0xc0011000-0xc0011fff]
[   14.702829][    T1] pci 0000:08:0e.0: BAR 4 [mem 0x383800044000-0x383800047fff 64bit pref]
[   14.707354][    T1] pci 0000:08:0f.0: [1af4:1000] type 00 class 0x020000 conventional PCI endpoint
[   14.828503][    T1] pci 0000:08:0f.0: BAR 0 [io  0x1400-0x143f]
[   14.831736][    T1] pci 0000:08:0f.0: BAR 1 [mem 0xc0010000-0xc0010fff]
[   14.833764][    T1] pci 0000:08:0f.0: BAR 4 [mem 0x383800040000-0x383800043fff 64bit pref]
[   14.838236][    T1] pci 0000:08:10.0: [1af4:1000] type 00 class 0x020000 conventional PCI endpoint
[   14.953505][    T1] pci 0000:08:10.0: BAR 0 [io  0x13c0-0x13ff]
[   14.956736][    T1] pci 0000:08:10.0: BAR 1 [mem 0xc000f000-0xc000ffff]
[   14.958763][    T1] pci 0000:08:10.0: BAR 4 [mem 0x38380003c000-0x38380003ffff 64bit pref]
[   14.963260][    T1] pci 0000:08:11.0: [1af4:1000] type 00 class 0x020000 conventional PCI endpoint
[   15.077512][    T1] pci 0000:08:11.0: BAR 0 [io  0x1380-0x13bf]
[   15.080736][    T1] pci 0000:08:11.0: BAR 1 [mem 0xc000e000-0xc000efff]
[   15.082764][    T1] pci 0000:08:11.0: BAR 4 [mem 0x383800038000-0x38380003bfff 64bit pref]
[   15.087257][    T1] pci 0000:08:12.0: [1af4:1000] type 00 class 0x020000 conventional PCI endpoint
[   15.201522][    T1] pci 0000:08:12.0: BAR 0 [io  0x1340-0x137f]
[   15.204736][    T1] pci 0000:08:12.0: BAR 1 [mem 0xc000d000-0xc000dfff]
[   15.207764][    T1] pci 0000:08:12.0: BAR 4 [mem 0x383800034000-0x383800037fff 64bit pref]
[   15.211247][    T1] pci 0000:08:13.0: [1af4:1000] type 00 class 0x020000 conventional PCI endpoint
[   15.334376][    T1] pci 0000:08:13.0: BAR 0 [io  0x1300-0x133f]
[   15.338738][    T1] pci 0000:08:13.0: BAR 1 [mem 0xc000c000-0xc000cfff]
[   15.340767][    T1] pci 0000:08:13.0: BAR 4 [mem 0x383800030000-0x383800033fff 64bit pref]
[   15.345430][    T1] pci 0000:08:14.0: [1af4:1000] type 00 class 0x020000 conventional PCI endpoint
[   15.465634][    T1] pci 0000:08:14.0: BAR 0 [io  0x12c0-0x12ff]
[   15.469740][    T1] pci 0000:08:14.0: BAR 1 [mem 0xc000b000-0xc000bfff]
[   15.472768][    T1] pci 0000:08:14.0: BAR 4 [mem 0x38380002c000-0x38380002ffff 64bit pref]
[   15.476717][    T1] pci 0000:08:15.0: [1af4:1000] type 00 class 0x020000 conventional PCI endpoint
[   15.597635][    T1] pci 0000:08:15.0: BAR 0 [io  0x1280-0x12bf]
[   15.600739][    T1] pci 0000:08:15.0: BAR 1 [mem 0xc000a000-0xc000afff]
[   15.603767][    T1] pci 0000:08:15.0: BAR 4 [mem 0x383800028000-0x38380002bfff 64bit pref]
[   15.608388][    T1] pci 0000:08:16.0: [1af4:1000] type 00 class 0x020000 conventional PCI endpoint
[   15.726633][    T1] pci 0000:08:16.0: BAR 0 [io  0x1240-0x127f]
[   15.730739][    T1] pci 0000:08:16.0: BAR 1 [mem 0xc0009000-0xc0009fff]
[   15.733766][    T1] pci 0000:08:16.0: BAR 4 [mem 0x383800024000-0x383800027fff 64bit pref]
[   15.738348][    T1] pci 0000:08:17.0: [1af4:1000] type 00 class 0x020000 conventional PCI endpoint
[   15.858634][    T1] pci 0000:08:17.0: BAR 0 [io  0x1200-0x123f]
[   15.861737][    T1] pci 0000:08:17.0: BAR 1 [mem 0xc0008000-0xc0008fff]
[   15.863764][    T1] pci 0000:08:17.0: BAR 4 [mem 0x383800020000-0x383800023fff 64bit pref]
[   15.868327][    T1] pci 0000:08:18.0: [1af4:1000] type 00 class 0x020000 conventional PCI endpoint
[   15.984621][    T1] pci 0000:08:18.0: BAR 0 [io  0x11c0-0x11ff]
[   15.988737][    T1] pci 0000:08:18.0: BAR 1 [mem 0xc0007000-0xc0007fff]
[   15.990765][    T1] pci 0000:08:18.0: BAR 4 [mem 0x38380001c000-0x38380001ffff 64bit pref]
[   15.995331][    T1] pci 0000:08:19.0: [1af4:1000] type 00 class 0x020000 conventional PCI endpoint
[   16.111633][    T1] pci 0000:08:19.0: BAR 0 [io  0x1180-0x11bf]
[   16.114737][    T1] pci 0000:08:19.0: BAR 1 [mem 0xc0006000-0xc0006fff]
[   16.117764][    T1] pci 0000:08:19.0: BAR 4 [mem 0x383800018000-0x38380001bfff 64bit pref]
[   16.121330][    T1] pci 0000:08:1a.0: [1af4:1000] type 00 class 0x020000 conventional PCI endpoint
[   16.237723][    T1] pci 0000:08:1a.0: BAR 0 [io  0x1140-0x117f]
[   16.241737][    T1] pci 0000:08:1a.0: BAR 1 [mem 0xc0005000-0xc0005fff]
[   16.243767][    T1] pci 0000:08:1a.0: BAR 4 [mem 0x383800014000-0x383800017fff 64bit pref]
[   16.248319][    T1] pci 0000:08:1b.0: [1af4:1000] type 00 class 0x020000 conventional PCI endpoint
[   16.364631][    T1] pci 0000:08:1b.0: BAR 0 [io  0x1100-0x113f]
[   16.368736][    T1] pci 0000:08:1b.0: BAR 1 [mem 0xc0004000-0xc0004fff]
[   16.370765][    T1] pci 0000:08:1b.0: BAR 4 [mem 0x383800010000-0x383800013fff 64bit pref]
[   16.375329][    T1] pci 0000:08:1c.0: [1af4:1000] type 00 class 0x020000 conventional PCI endpoint
[   16.495650][    T1] pci 0000:08:1c.0: BAR 0 [io  0x10c0-0x10ff]
[   16.499737][    T1] pci 0000:08:1c.0: BAR 1 [mem 0xc0003000-0xc0003fff]
[   16.501766][    T1] pci 0000:08:1c.0: BAR 4 [mem 0x38380000c000-0x38380000ffff 64bit pref]
[   16.506368][    T1] pci 0000:08:1d.0: [1af4:1000] type 00 class 0x020000 conventional PCI endpoint
[   16.626638][    T1] pci 0000:08:1d.0: BAR 0 [io  0x1080-0x10bf]
[   16.629737][    T1] pci 0000:08:1d.0: BAR 1 [mem 0xc0002000-0xc0002fff]
[   16.631766][    T1] pci 0000:08:1d.0: BAR 4 [mem 0x383800008000-0x38380000bfff 64bit pref]
[   16.636366][    T1] pci 0000:08:1e.0: [1af4:1000] type 00 class 0x020000 conventional PCI endpoint
[   16.756651][    T1] pci 0000:08:1e.0: BAR 0 [io  0x1040-0x107f]
[   16.759737][    T1] pci 0000:08:1e.0: BAR 1 [mem 0xc0001000-0xc0001fff]
[   16.761766][    T1] pci 0000:08:1e.0: BAR 4 [mem 0x383800004000-0x383800007fff 64bit pref]
[   16.766358][    T1] pci 0000:08:1f.0: [1af4:1000] type 00 class 0x020000 conventional PCI endpoint
[   16.886675][    T1] pci 0000:08:1f.0: BAR 0 [io  0x1000-0x103f]
[   16.889745][    T1] pci 0000:08:1f.0: BAR 1 [mem 0xc0000000-0xc0000fff]
[   16.892768][    T1] pci 0000:08:1f.0: BAR 4 [mem 0x383800000000-0x383800003fff 64bit pref]
[   16.896178][    T1] pci 0000:00:1f.0: PCI bridge to [bus 08]
[   17.222659][    T1] ACPI: PCI: Interrupt link LNKA configured for IRQ 10
[   17.224930][    T1] ACPI: PCI: Interrupt link LNKB configured for IRQ 10
[   17.227906][    T1] ACPI: PCI: Interrupt link LNKC configured for IRQ 11
[   17.229902][    T1] ACPI: PCI: Interrupt link LNKD configured for IRQ 11
[   17.232842][    T1] ACPI: PCI: Interrupt link LNKS configured for IRQ 9
[   17.237855][  T212] acpiphp_glue: hotplug_event BEG
[   17.238765][    T1] iommu: Default domain type: Passthrough (set via kernel command line)
[   17.239733][  T212] acpiphp_glue: hotplug_event END
[   17.242906][    T1] SCSI subsystem initialized
[   17.244738][  T212] acpiphp_glue: hotplug_event BEG
[   17.245758][    T1] ACPI: bus type USB registered
[   17.247738][  T212] acpiphp_glue: hotplug_event END
[   17.249737][    T1] usbcore: registered new interface driver usbfs
[   17.250729][  T212] acpiphp_glue: hotplug_event BEG
[   17.253734][    T1] usbcore: registered new interface driver hub
[   17.254731][  T212] acpiphp_glue: hotplug_event END
[   17.256744][    T1] usbcore: registered new device driver usb
[   17.258730][  T212] acpiphp_glue: hotplug_event BEG
[   17.260742][    T1] pps_core: LinuxPPS API ver. 1 registered
[   17.261728][  T212] acpiphp_glue: hotplug_event END
[   17.263722][    T1] pps_core: Software ver. 5.3.6 - Copyright 2005-2007 Rodolfo Giometti <giometti@linux.it>
[   17.265729][  T212] acpiphp_glue: hotplug_event BEG
[   17.268726][    T1] PTP clock support registered
[   17.270729][  T212] acpiphp_glue: hotplug_event END
[   17.272765][    T1] EDAC MC: Ver: 3.0.0
[   17.274731][  T212] acpiphp_glue: hotplug_event BEG
[   17.278951][  T212] pci 0000:06:17.0: [1af4:1001] type 00 class 0x010000 conventional PCI endpoint
[   17.283772][    T1] efivars: Registered efivars operations
[   17.285861][  T212] pci 0000:06:17.0: BAR 0 [io  0x0000-0x007f]
[   17.285876][  T212] pci 0000:06:17.0: BAR 1 [mem 0x00000000-0x00000fff]
[   17.289053][    T1] NetLabel: Initializing
[   17.291901][  T212] pci 0000:06:17.0: BAR 4 [mem 0x00000000-0x00003fff 64bit pref]
[   17.292721][    T1] NetLabel:  domain hash size = 128
[   17.298722][    T1] NetLabel:  protocols = UNLABELED CIPSOv4 CALIPSO
[   17.301488][  T212] __dev_sort_resources end, print BEG
[   17.301750][    T1] NetLabel:  unlabeled traffic allowed by default
[   17.303722][  T212]  name(0000:06:01.0) start(382800044000) end(382800047fff) parent(0)
[   17.305728][    T1] PCI: Using ACPI for IRQ routing
[   17.309722][  T212]  name(0000:06:02.0) start(382800040000) end(382800043fff) parent(0)
[   17.311723][    T1] pcibios_init BEG
[   17.315722][  T212]  name(0000:06:03.0) start(38280003c000) end(38280003ffff) parent(0)
[   17.320722][  T212]  name(0000:06:04.0) start(382800038000) end(38280003bfff) parent(0)
[   17.320822][    T1] pci_claim_resource name(0000:00:01.1) start(1f0) end(1f7) parent(0)
[   17.324722][  T212]  name(0000:06:05.0) start(382800034000) end(382800037fff) parent(0)
[   17.326795][    T1] pci_claim_resource name(0000:00:01.4) start(4000) end(407f) parent(0)
[   17.479726][  T212]  name(0000:06:06.0) start(382800030000) end(382800033fff) parent(0)
[   17.479729][  T212]  name(0000:06:07.0) start(38280002c000) end(38280002ffff) parent(0)
[   17.479730][  T212]  name(0000:06:08.0) start(382800028000) end(38280002bfff) parent(0)
[   17.479731][  T212]  name(0000:06:09.0) start(382800024000) end(382800027fff) parent(0)
[   17.479732][  T212]  name(0000:06:0a.0) start(382800020000) end(382800023fff) parent(0)
[   17.483748][    T1] pci_claim_resource name(0000:00:02.0) start(45c0) end(45ff) parent(0)
[   17.487724][  T212]  name(0000:06:0b.0) start(38280001c000) end(38280001ffff) parent(0)
[   17.491751][    T1] pci_claim_resource name(0000:00:03.0) start(4580) end(45bf) parent(0)
[   17.496722][  T212]  name(0000:06:0c.0) start(382800018000) end(38280001bfff) parent(0)
[   17.499740][    T1] pci_claim_resource name(0000:00:04.0) start(4540) end(457f) parent(0)
[   17.503721][  T212]  name(0000:06:0d.0) start(382800014000) end(382800017fff) parent(0)
[   17.506735][    T1] pci_claim_resource name(0000:00:05.0) start(4500) end(453f) parent(0)
[   17.510721][  T212]  name(0000:06:0e.0) start(382800010000) end(382800013fff) parent(0)
[   17.513753][    T1] pci_claim_resource name(0000:00:06.0) start(44c0) end(44ff) parent(0)
[   17.516721][  T212]  name(0000:06:0f.0) start(38280000c000) end(38280000ffff) parent(0)
[   17.519735][    T1] pci_claim_resource name(0000:00:07.0) start(4480) end(44bf) parent(0)
[   17.523721][  T212]  name(0000:06:10.0) start(382800008000) end(38280000bfff) parent(0)
[   17.525735][    T1] pci_claim_resource name(0000:00:08.0) start(4440) end(447f) parent(0)
[   17.529721][  T212]  name(0000:06:11.0) start(382800004000) end(382800007fff) parent(0)
[   17.532734][    T1] pci_claim_resource name(0000:00:09.0) start(4400) end(443f) parent(0)
[   17.536721][  T212]  name(0000:06:12.0) start(382800000000) end(382800003fff) parent(0)
[   17.538734][    T1] pci_claim_resource name(0000:00:0a.0) start(43c0) end(43ff) parent(0)
[   17.542721][  T212]  name(0000:06:13.0) start(0) end(3fff) parent(0)
[   17.545734][    T1] pci_claim_resource name(0000:00:0b.0) start(4380) end(43bf) parent(0)
[   17.549721][  T212]  name(0000:06:14.0) start(0) end(3fff) parent(0)
[   17.552734][    T1] pci_claim_resource name(0000:00:0c.0) start(4340) end(437f) parent(0)
[   17.556721][  T212]  name(0000:06:15.0) start(0) end(3fff) parent(0)
[   17.558734][    T1] pci_claim_resource name(0000:00:0d.0) start(4300) end(433f) parent(0)
[   17.561721][  T212]  name(0000:06:16.0) start(0) end(3fff) parent(0)
[   17.564734][    T1] pci_claim_resource name(0000:00:0e.0) start(42c0) end(42ff) parent(0)
[   17.567721][  T212]  name(0000:06:17.0) start(0) end(3fff) parent(0)
[   17.570734][    T1] pci_claim_resource name(0000:00:0f.0) start(4280) end(42bf) parent(0)
[   17.573721][  T212]  name(0000:06:01.0) start(c0411000) end(c0411fff) parent(0)
[   17.576734][    T1] pci_claim_resource name(0000:00:10.0) start(4240) end(427f) parent(0)
[   17.579721][  T212]  name(0000:06:02.0) start(c0410000) end(c0410fff) parent(0)
[   17.582734][    T1] pci_claim_resource name(0000:00:11.0) start(4200) end(423f) parent(0)
[   17.585721][  T212]  name(0000:06:03.0) start(c040f000) end(c040ffff) parent(0)
[   17.587734][    T1] pci_claim_resource name(0000:00:12.0) start(41c0) end(41ff) parent(0)
[   17.591721][  T212]  name(0000:06:04.0) start(c040e000) end(c040efff) parent(0)
[   17.594734][    T1] pci_claim_resource name(0000:00:13.0) start(4180) end(41bf) parent(0)
[   17.597721][  T212]  name(0000:06:05.0) start(c040d000) end(c040dfff) parent(0)
[   17.600734][    T1] pci_claim_resource name(0000:00:14.0) start(4140) end(417f) parent(0)
[   17.603721][  T212]  name(0000:06:06.0) start(c040c000) end(c040cfff) parent(0)
[   17.606734][    T1] pci_claim_resource name(0000:00:15.0) start(4100) end(413f) parent(0)
[   17.610721][  T212]  name(0000:06:07.0) start(c040b000) end(c040bfff) parent(0)
[   17.612735][    T1] pci_claim_resource name(0000:00:16.0) start(40c0) end(40ff) parent(0)
[   17.616721][  T212]  name(0000:06:08.0) start(c040a000) end(c040afff) parent(0)
[   17.619735][    T1] pci_claim_resource name(0000:00:17.0) start(4080) end(40bf) parent(0)
[   17.622721][  T212]  name(0000:06:09.0) start(c0409000) end(c0409fff) parent(0)
[   17.625735][    T1] pci_claim_resource name(0000:00:18.0) start(384000063000) end(3840000630ff) parent(0)
[   17.628721][  T212]  name(0000:06:0a.0) start(c0408000) end(c0408fff) parent(0)
[   17.631734][    T1] pci_claim_resource name(0000:00:19.0) start(384000062000) end(3840000620ff) parent(0)
[   17.635721][  T212]  name(0000:06:0b.0) start(c0407000) end(c0407fff) parent(0)
[   17.637734][    T1] pci_claim_resource name(0000:00:1a.0) start(384000061000) end(3840000610ff) parent(0)
[   17.641721][  T212]  name(0000:06:0c.0) start(c0406000) end(c0406fff) parent(0)
[   17.644734][    T1] pci_claim_resource name(0000:00:1b.0) start(384000060000) end(3840000600ff) parent(0)
[   17.648721][  T212]  name(0000:06:0d.0) start(c0405000) end(c0405fff) parent(0)
[   17.651734][    T1] pci_claim_resource name(0000:00:1c.0) start(38400005f000) end(38400005f0ff) parent(0)
[   17.654721][  T212]  name(0000:06:0e.0) start(c0404000) end(c0404fff) parent(0)
[   17.658734][    T1] pci_claim_resource name(0000:00:1d.0) start(38400005e000) end(38400005e0ff) parent(0)
[   17.661721][  T212]  name(0000:06:0f.0) start(c0403000) end(c0403fff) parent(0)
[   17.664736][    T1] pci_claim_resource name(0000:06:01.0) start(3480) end(34bf) parent(0)
[   17.668721][  T212]  name(0000:06:10.0) start(c0402000) end(c0402fff) parent(0)
[   17.671735][    T1] pci_claim_resource name(0000:06:02.0) start(3440) end(347f) parent(0)
[   17.675721][  T212]  name(0000:06:11.0) start(c0401000) end(c0401fff) parent(0)
[   17.678735][    T1] pci_claim_resource name(0000:06:03.0) start(3400) end(343f) parent(0)
[   17.681721][  T212]  name(0000:06:12.0) start(c0400000) end(c0400fff) parent(0)
[   17.684734][    T1] pci_claim_resource name(0000:06:04.0) start(33c0) end(33ff) parent(0)
[   17.688721][  T212]  name(0000:06:13.0) start(0) end(fff) parent(0)
[   17.690734][    T1] pci_claim_resource name(0000:06:05.0) start(3380) end(33bf) parent(0)
[   17.694721][  T212]  name(0000:06:14.0) start(0) end(fff) parent(0)
[   17.697734][    T1] pci_claim_resource name(0000:06:06.0) start(3340) end(337f) parent(0)
[   17.700721][  T212]  name(0000:06:15.0) start(0) end(fff) parent(0)
[   17.703734][    T1] pci_claim_resource name(0000:06:07.0) start(3300) end(333f) parent(0)
[   17.706721][  T212]  name(0000:06:16.0) start(0) end(fff) parent(0)
[   17.709734][    T1] pci_claim_resource name(0000:06:08.0) start(32c0) end(32ff) parent(0)
[   17.712721][  T212]  name(0000:06:17.0) start(0) end(fff) parent(0)
[   17.714734][    T1] pci_claim_resource name(0000:06:09.0) start(3280) end(32bf) parent(0)
[   17.717721][  T212]  name(0000:06:12.0) start(3000) end(307f) parent(0)
[   17.720734][    T1] pci_claim_resource name(0000:06:0a.0) start(3240) end(327f) parent(0)
[   17.723721][  T212]  name(0000:06:13.0) start(0) end(7f) parent(0)
[   17.726734][    T1] pci_claim_resource name(0000:06:0b.0) start(3200) end(323f) parent(0)
[   17.729721][  T212]  name(0000:06:14.0) start(0) end(7f) parent(0)
[   17.732734][    T1] pci_claim_resource name(0000:06:0c.0) start(31c0) end(31ff) parent(0)
[   17.735721][  T212]  name(0000:06:15.0) start(0) end(7f) parent(0)
[   17.738734][    T1] pci_claim_resource name(0000:06:0d.0) start(3180) end(31bf) parent(0)
[   17.741721][  T212]  name(0000:06:16.0) start(0) end(7f) parent(0)
[   17.743734][    T1] pci_claim_resource name(0000:06:0e.0) start(3140) end(317f) parent(0)
[   17.746721][  T212]  name(0000:06:17.0) start(0) end(7f) parent(0)
[   17.749745][    T1] pci_claim_resource name(0000:06:0f.0) start(3100) end(313f) parent(0)
[   17.752721][  T212]  name(0000:06:01.0) start(3480) end(34bf) parent(ffff888101b9e6f0)
[   17.755734][    T1] pci_claim_resource name(0000:06:10.0) start(30c0) end(30ff) parent(0)
[   17.758721][  T212]  name(0000:06:02.0) start(3440) end(347f) parent(ffff888101b9e6f0)
[   17.760734][    T1] pci_claim_resource name(0000:06:11.0) start(3080) end(30bf) parent(0)
[   17.763721][  T212]  name(0000:06:03.0) start(3400) end(343f) parent(ffff888101b9e6f0)
[   17.766736][    T1] pci_claim_resource name(0000:06:12.0) start(3000) end(307f) parent(0)
[   17.770721][  T212]  name(0000:06:04.0) start(33c0) end(33ff) parent(ffff888101b9e6f0)
[   17.773887][    T1] pci_claim_resource name(0000:00:1e.0) start(38400005d000) end(38400005d0ff) parent(0)
[   17.776721][  T212]  name(0000:06:05.0) start(3380) end(33bf) parent(ffff888101b9e6f0)
[   17.779735][    T1] pci_claim_resource name(0000:07:01.0) start(2780) end(27bf) parent(0)
[   17.783721][  T212]  name(0000:06:06.0) start(3340) end(337f) parent(ffff888101b9e6f0)
[   17.786734][    T1] pci_claim_resource name(0000:07:02.0) start(2740) end(277f) parent(0)
[   17.790721][  T212]  name(0000:06:07.0) start(3300) end(333f) parent(ffff888101b9e6f0)
[   17.793735][    T1] pci_claim_resource name(0000:07:03.0) start(2700) end(273f) parent(0)
[   17.797721][  T212]  name(0000:06:08.0) start(32c0) end(32ff) parent(ffff888101b9e6f0)
[   17.799735][    T1] pci_claim_resource name(0000:07:04.0) start(26c0) end(26ff) parent(0)
[   17.803721][  T212]  name(0000:06:09.0) start(3280) end(32bf) parent(ffff888101b9e6f0)
[   17.805737][    T1] pci_claim_resource name(0000:07:05.0) start(2680) end(26bf) parent(0)
[   17.808721][  T212]  name(0000:06:0a.0) start(3240) end(327f) parent(ffff888101b9e6f0)
[   17.811736][    T1] pci_claim_resource name(0000:07:06.0) start(2640) end(267f) parent(0)
[   17.813720][  T212]  name(0000:06:0b.0) start(3200) end(323f) parent(ffff888101b9e6f0)
[   17.816734][    T1] pci_claim_resource name(0000:07:07.0) start(2600) end(263f) parent(0)
[   17.818720][  T212]  name(0000:06:0c.0) start(31c0) end(31ff) parent(ffff888101b9e6f0)
[   17.821735][    T1] pci_claim_resource name(0000:07:08.0) start(25c0) end(25ff) parent(0)
[   17.824720][  T212]  name(0000:06:0d.0) start(3180) end(31bf) parent(ffff888101b9e6f0)
[   17.826734][    T1] pci_claim_resource name(0000:07:09.0) start(2580) end(25bf) parent(0)
[   17.829720][  T212]  name(0000:06:0e.0) start(3140) end(317f) parent(ffff888101b9e6f0)
[   17.832734][    T1] pci_claim_resource name(0000:07:0a.0) start(2540) end(257f) parent(0)
[   17.834720][  T212]  name(0000:06:0f.0) start(3100) end(313f) parent(ffff888101b9e6f0)
[   17.837734][    T1] pci_claim_resource name(0000:07:0b.0) start(2500) end(253f) parent(0)
[   17.840720][  T212]  name(0000:06:10.0) start(30c0) end(30ff) parent(ffff888101b9e6f0)
[   17.842735][    T1] pci_claim_resource name(0000:07:0c.0) start(24c0) end(24ff) parent(0)
[   17.845720][  T212]  name(0000:06:11.0) start(3080) end(30bf) parent(ffff888101b9e6f0)
[   17.847735][    T1] pci_claim_resource name(0000:07:0d.0) start(2480) end(24bf) parent(0)
[   17.850720][  T212] __dev_sort_resources end, print END END
[   17.850722][  T212] enter assign_requested_resources_sorted
[   17.853734][    T1] pci_claim_resource name(0000:07:0e.0) start(2440) end(247f) parent(0)
[   17.855725][  T212] pci 0000:06:01.0: BAR 4 [mem 0x382800044000-0x382800047fff 64bit pref]: assigned
[   17.858743][    T1] pci_claim_resource name(0000:07:0f.0) start(2400) end(243f) parent(0)
[   17.936731][  T212] pci 0000:06:02.0: BAR 4 [mem 0x382800040000-0x382800043fff 64bit pref]: assigned
[   17.940742][    T1] pci_claim_resource name(0000:07:10.0) start(23c0) end(23ff) parent(0)
[   18.015729][  T212] pci 0000:06:03.0: BAR 4 [mem 0x38280003c000-0x38280003ffff 64bit pref]: assigned
[   18.018739][    T1] pci_claim_resource name(0000:07:11.0) start(2380) end(23bf) parent(0)
[   18.093728][  T212] pci 0000:06:04.0: BAR 4 [mem 0x382800038000-0x38280003bfff 64bit pref]: assigned
[   18.098741][    T1] pci_claim_resource name(0000:07:12.0) start(2340) end(237f) parent(0)
[   18.173728][  T212] pci 0000:06:05.0: BAR 4 [mem 0x382800034000-0x382800037fff 64bit pref]: assigned
[   18.177747][    T1] pci_claim_resource name(0000:07:13.0) start(2300) end(233f) parent(0)
[   18.252744][  T212] pci 0000:06:06.0: BAR 4 [mem 0x382800030000-0x382800033fff 64bit pref]: assigned
[   18.257791][    T1] pci_claim_resource name(0000:07:14.0) start(22c0) end(22ff) parent(0)
[   18.335734][  T212] pci 0000:06:07.0: BAR 4 [mem 0x38280002c000-0x38280002ffff 64bit pref]: assigned
[   18.339740][    T1] pci_claim_resource name(0000:07:15.0) start(2280) end(22bf) parent(0)
[   18.415731][  T212] pci 0000:06:08.0: BAR 4 [mem 0x382800028000-0x38280002bfff 64bit pref]: assigned
[   18.419740][    T1] pci_claim_resource name(0000:07:16.0) start(2240) end(227f) parent(0)
[   18.496730][  T212] pci 0000:06:09.0: BAR 4 [mem 0x382800024000-0x382800027fff 64bit pref]: assigned
[   18.500739][    T1] pci_claim_resource name(0000:07:17.0) start(2200) end(223f) parent(0)
[   18.576732][  T212] pci 0000:06:0a.0: BAR 4 [mem 0x382800020000-0x382800023fff 64bit pref]: assigned
[   18.580810][    T1] pci_claim_resource name(0000:07:18.0) start(21c0) end(21ff) parent(0)
[   18.655730][  T212] pci 0000:06:0b.0: BAR 4 [mem 0x38280001c000-0x38280001ffff 64bit pref]: assigned
[   18.659750][    T1] pci_claim_resource name(0000:07:19.0) start(2180) end(21bf) parent(0)
[   18.735729][  T212] pci 0000:06:0c.0: BAR 4 [mem 0x382800018000-0x38280001bfff 64bit pref]: assigned
[   18.739748][    T1] pci_claim_resource name(0000:07:1a.0) start(2140) end(217f) parent(0)
[   18.815732][  T212] pci 0000:06:0d.0: BAR 4 [mem 0x382800014000-0x382800017fff 64bit pref]: assigned
[   18.819739][    T1] pci_claim_resource name(0000:07:1b.0) start(2100) end(213f) parent(0)
[   18.897739][  T212] pci 0000:06:0e.0: BAR 4 [mem 0x382800010000-0x382800013fff 64bit pref]: assigned
[   18.901748][    T1] pci_claim_resource name(0000:07:1c.0) start(20c0) end(20ff) parent(0)
[   18.977730][  T212] pci 0000:06:0f.0: BAR 4 [mem 0x38280000c000-0x38280000ffff 64bit pref]: assigned
[   18.981748][    T1] pci_claim_resource name(0000:07:1d.0) start(2080) end(20bf) parent(0)
[   19.057730][  T212] pci 0000:06:10.0: BAR 4 [mem 0x382800008000-0x38280000bfff 64bit pref]: assigned
[   19.061747][    T1] pci_claim_resource name(0000:07:1e.0) start(2040) end(207f) parent(0)
[   19.136730][  T212] pci 0000:06:11.0: BAR 4 [mem 0x382800004000-0x382800007fff 64bit pref]: assigned
[   19.140743][    T1] pci_claim_resource name(0000:07:1f.0) start(2000) end(203f) parent(0)
[   19.216729][  T212] pci 0000:06:12.0: BAR 4 [mem 0x382800000000-0x382800003fff 64bit pref]: assigned
[   19.220824][    T1] pci_claim_resource name(0000:00:1f.0) start(38400005c000) end(38400005c0ff) parent(0)
[   19.296730][  T212] pci 0000:06:13.0: BAR 4 [mem 0x382800048000-0x38280004bfff 64bit pref]: assigned
[   19.301749][    T1] pci_claim_resource name(0000:08:01.0) start(1780) end(17bf) parent(0)
[   19.303953][  T212] pci 0000:06:14.0: BAR 4 [mem 0x38280004c000-0x38280004ffff 64bit pref]: assigned
[   19.307736][    T1] pci_claim_resource name(0000:08:02.0) start(1740) end(177f) parent(0)
[   19.309954][  T212] pci 0000:06:15.0: BAR 4 [mem 0x382800050000-0x382800053fff 64bit pref]: assigned
[   19.313736][    T1] pci_claim_resource name(0000:08:03.0) start(1700) end(173f) parent(0)
[   19.316925][  T212] pci 0000:06:16.0: BAR 4 [mem 0x382800054000-0x382800057fff 64bit pref]: assigned
[   19.319736][    T1] pci_claim_resource name(0000:08:04.0) start(16c0) end(16ff) parent(0)
[   19.322940][  T212] pci 0000:06:17.0: BAR 4 [mem 0x382800058000-0x38280005bfff 64bit pref]: assigned
[   19.325743][    T1] pci_claim_resource name(0000:08:05.0) start(1680) end(16bf) parent(0)
[   19.328923][  T212] pci 0000:06:01.0: BAR 1 [mem 0xc0411000-0xc0411fff]: assigned
[   19.331735][    T1] pci_claim_resource name(0000:08:06.0) start(1640) end(167f) parent(0)
[   19.334751][  T212] pci 0000:06:02.0: BAR 1 [mem 0xc0410000-0xc0410fff]: assigned
[   19.337735][    T1] pci_claim_resource name(0000:08:07.0) start(1600) end(163f) parent(0)
[   19.340749][  T212] pci 0000:06:03.0: BAR 1 [mem 0xc040f000-0xc040ffff]: assigned
[   19.343736][    T1] pci_claim_resource name(0000:08:08.0) start(15c0) end(15ff) parent(0)
[   19.346748][  T212] pci 0000:06:04.0: BAR 1 [mem 0xc040e000-0xc040efff]: assigned
[   19.348736][    T1] pci_claim_resource name(0000:08:09.0) start(1580) end(15bf) parent(0)
[   19.351829][  T212] pci 0000:06:05.0: BAR 1 [mem 0xc040d000-0xc040dfff]: assigned
[   19.353737][    T1] pci_claim_resource name(0000:08:0a.0) start(1540) end(157f) parent(0)
[   19.356757][  T212] pci 0000:06:06.0: BAR 1 [mem 0xc040c000-0xc040cfff]: assigned
[   19.359736][    T1] pci_claim_resource name(0000:08:0b.0) start(1500) end(153f) parent(0)
[   19.362787][  T212] pci 0000:06:07.0: BAR 1 [mem 0xc040b000-0xc040bfff]: assigned
[   19.364735][    T1] pci_claim_resource name(0000:08:0c.0) start(14c0) end(14ff) parent(0)
[   19.367755][  T212] pci 0000:06:08.0: BAR 1 [mem 0xc040a000-0xc040afff]: assigned
