[    0.000000] Booting Linux on physical CPU 0x0000000000 [0x700f8620]
[    0.000000] Linux version 4.18.0-372.19.1.es8_10.aarch64 (mockbuild@aarch64-kojid) (gcc version 8.4.1 20200928 (Red Hat 8.4.1-1) (GCC)) #1 SMP Wed Mar 20 17:28:48 CST 2024
[    0.000000] efi: Getting EFI parameters from FDT:
[    0.000000] efi: EFI v2.80 by Byosoft
[    0.000000] efi:  SMBIOS=0xf5f8a000  ACPI 2.0=0xf5a60018  MEMATTR=0xf6e48018  MEMRESERVE=0xf4a34418 
[    0.000000] crashkernel reserved: 0x00000000c2400000 - 0x00000000f0400000 (736 MB)
[    0.000000] ACPI: Early table checksum verification disabled
[    0.000000] ACPI: RSDP 0x00000000F5A60018 000024 (v02 PHYLTD)
[    0.000000] ACPI: XSDT 0x00000000F5A6FE98 00008C (v01 PHYLTD PHYTFADT 00010000 BYO  01000013)
[    0.000000] ACPI: FACP 0x00000000F5A6FB98 000114 (v06 PHYLTD PHYTFADT 00010000 ARMH 00010000)
[    0.000000] ACPI: DSDT 0x00000000F57E0018 00A786 (v02 PHYLTD PHYTDSDT 00010000 INTL 20230331)
[    0.000000] ACPI: SPMI 0x00000000F5A6FF98 000041 (v05 PHYLTD PHYTIUM. 00000001 PHYT 00000001)
[    0.000000] ACPI: PCCT 0x00000000F5A6E998 000410 (v02 PHYLTD PHYTPCCT 00010000 PHYT 00010000)
[    0.000000] ACPI: PPTT 0x00000000F5A67518 003BEC (v03 PHYLTD PHYTPPTT 00010000 PHYT 00010000)
[    0.000000] ACPI: SLIT 0x00000000F5A6FA98 00006C (v01 PHYLTD PHYTSLIT 00010000 PHYT 00010000)
[    0.000000] ACPI: GTDT 0x00000000F5A6FD18 000084 (v03 PHYLTD PHYTGTDT 00010000 ARMH 00010000)
[    0.000000] ACPI: APIC 0x00000000F5A64898 002AC4 (v05 PHYLTD PHYTAPIC 00010000 ARMH 00010000)
[    0.000000] ACPI: SPCR 0x00000000F5A6FE18 000050 (v02 PHYLTD PHYTSPCR 00010000 ARMH 00010000)
[    0.000000] ACPI: DBG2 0x00000000F5A6F018 00005D (v00 PHYLTD PHYTDBG2 00010000 ARMH 00010000)
[    0.000000] ACPI: MCFG 0x00000000F5A6F798 0000AC (v01 PHYLTD PHYTMCFG 00010000 ARMH 00010000)
[    0.000000] ACPI: SRAT 0x00000000F5A6BD18 000D58 (v03 PHYLTD PHYTSRAT 00010000 ARMH 00010000)
[    0.000000] ACPI: SSDT 0x00000000F5A60098 002FEE (v02 PHYLTD PHYTSSDT 00010000 INTL 20230331)
[    0.000000] ACPI: IORT 0x00000000F5A6F118 000538 (v00 PHYLTD PHYTIORT 00010000 PHYT 00010000)
[    0.000000] ACPI: SPCR: console: pl011,mmio32,0x20001000,115200
[    0.000000] ACPI: SRAT: Node 0 PXM 0 [mem 0x80000000-0xfbffffff]
[    0.000000] ACPI: SRAT: Node 0 PXM 0 [mem 0x10000000000-0x10f7fffffff]
[    0.000000] ACPI: SRAT: Node 1 PXM 1 [mem 0x100080000000-0x1000ffffffff]
[    0.000000] ACPI: SRAT: Node 1 PXM 1 [mem 0x110000000000-0x110f7fffffff]
[    0.000000] ACPI: SRAT: Node 2 PXM 2 [mem 0x200080000000-0x2000ffffffff]
[    0.000000] ACPI: SRAT: Node 2 PXM 2 [mem 0x210000000000-0x210f7fffffff]
[    0.000000] ACPI: SRAT: Node 3 PXM 3 [mem 0x300080000000-0x3000ffffffff]
[    0.000000] ACPI: SRAT: Node 3 PXM 3 [mem 0x310000000000-0x310f7fffffff]
[    0.000000] ACPI: SRAT: Node 4 PXM 4 [mem 0x400080000000-0x4000ffffffff]
[    0.000000] ACPI: SRAT: Node 4 PXM 4 [mem 0x410000000000-0x410f7fffffff]
[    0.000000] ACPI: SRAT: Node 5 PXM 5 [mem 0x500080000000-0x5000ffffffff]
[    0.000000] ACPI: SRAT: Node 5 PXM 5 [mem 0x510000000000-0x510f7fffffff]
[    0.000000] ACPI: SRAT: Node 6 PXM 6 [mem 0x600080000000-0x6000ffffffff]
[    0.000000] ACPI: SRAT: Node 6 PXM 6 [mem 0x610000000000-0x610f7fffffff]
[    0.000000] ACPI: SRAT: Node 7 PXM 7 [mem 0x700080000000-0x7000ffffffff]
[    0.000000] ACPI: SRAT: Node 7 PXM 7 [mem 0x710000000000-0x710f7fffffff]
[    0.000000] ACPI: SRAT: Node 0 PXM 0 [mem 0xfc400000-0xfc4fffff]
[    0.000000] NUMA: NODE_DATA [mem 0x10f7fffe580-0x10f7fffffff]
[    0.000000] NUMA: NODE_DATA [mem 0x110f7fffe580-0x110f7fffffff]
[    0.000000] NUMA: NODE_DATA [mem 0x210f7fffe580-0x210f7fffffff]
[    0.000000] NUMA: NODE_DATA [mem 0x310f7fffe580-0x310f7fffffff]
[    0.000000] NUMA: NODE_DATA [mem 0x410f7fffe580-0x410f7fffffff]
[    0.000000] NUMA: NODE_DATA [mem 0x510f7fffe580-0x510f7fffffff]
[    0.000000] NUMA: NODE_DATA [mem 0x610f7fffe580-0x610f7fffffff]
[    0.000000] NUMA: NODE_DATA [mem 0x710f7fc0e580-0x710f7fc0ffff]
[    0.000000] Zone ranges:
[    0.000000]   DMA32    [mem 0x0000000080000000-0x00000000ffffffff]
[    0.000000]   Normal   [mem 0x0000000100000000-0x0000710f7fffffff]
[    0.000000] Movable zone start for each node
[    0.000000] Early memory node ranges
[    0.000000]   node   0: [mem 0x0000000080000000-0x00000000f4feffff]
[    0.000000]   node   0: [mem 0x00000000f4ff0000-0x00000000f507ffff]
[    0.000000]   node   0: [mem 0x00000000f5080000-0x00000000f575ffff]
[    0.000000]   node   0: [mem 0x00000000f5760000-0x00000000f576ffff]
[    0.000000]   node   0: [mem 0x00000000f5770000-0x00000000f57effff]
[    0.000000]   node   0: [mem 0x00000000f57f0000-0x00000000f5a5ffff]
[    0.000000]   node   0: [mem 0x00000000f5a60000-0x00000000f5a6ffff]
[    0.000000]   node   0: [mem 0x00000000f5a70000-0x00000000f5f8ffff]
[    0.000000]   node   0: [mem 0x00000000f5f90000-0x00000000faf4ffff]
[    0.000000]   node   0: [mem 0x00000000faf50000-0x00000000faf8ffff]
[    0.000000]   node   0: [mem 0x00000000faf90000-0x00000000fafaffff]
[    0.000000]   node   0: [mem 0x00000000fafb0000-0x00000000fafeffff]
[    0.000000]   node   0: [mem 0x00000000faff0000-0x00000000faffffff]
[    0.000000]   node   0: [mem 0x00000000fc400000-0x00000000fc4fffff]
[    0.000000]   node   0: [mem 0x0000010000000000-0x0000010f7fffffff]
[    0.000000]   node   1: [mem 0x0000100080000000-0x00001000ffffffff]
[    0.000000]   node   1: [mem 0x0000110000000000-0x0000110f7fffffff]
[    0.000000]   node   2: [mem 0x0000200080000000-0x00002000ffffffff]
[    0.000000]   node   2: [mem 0x0000210000000000-0x0000210f7fffffff]
[    0.000000]   node   3: [mem 0x0000300080000000-0x00003000ffffffff]
[    0.000000]   node   3: [mem 0x0000310000000000-0x0000310f7fffffff]
[    0.000000]   node   4: [mem 0x0000400080000000-0x00004000ffffffff]
[    0.000000]   node   4: [mem 0x0000410000000000-0x0000410f7fffffff]
[    0.000000]   node   5: [mem 0x0000500080000000-0x00005000ffffffff]
[    0.000000]   node   5: [mem 0x0000510000000000-0x0000510f7fffffff]
[    0.000000]   node   6: [mem 0x0000600080000000-0x00006000ffffffff]
[    0.000000]   node   6: [mem 0x0000610000000000-0x0000610f7fffffff]
[    0.000000]   node   7: [mem 0x0000700080000000-0x00007000ffffffff]
[    0.000000]   node   7: [mem 0x0000710000000000-0x0000710f7fffffff]
[    0.000000] Zeroed struct page in unavailable ranges: 1419 pages
[    0.000000] Initmem setup node 0 [mem 0x0000000080000000-0x0000010f7fffffff]
[    0.000000] On node 0 totalpages: 1047312
[    0.000000]   DMA32 zone: 32 pages used for memmap
[    0.000000]   DMA32 zone: 0 pages reserved
[    0.000000]   DMA32 zone: 31504 pages, LIFO batch:3
[    0.000000]   Normal zone: 992 pages used for memmap
[    0.000000]   Normal zone: 1015808 pages, LIFO batch:3
[    0.000000] Initmem setup node 1 [mem 0x0000100080000000-0x0000110f7fffffff]
[    0.000000] On node 1 totalpages: 1048576
[    0.000000]   Normal zone: 1024 pages used for memmap
[    0.000000]   Normal zone: 1048576 pages, LIFO batch:3
[    0.000000] Initmem setup node 2 [mem 0x0000200080000000-0x0000210f7fffffff]
[    0.000000] On node 2 totalpages: 1048576
[    0.000000]   Normal zone: 1024 pages used for memmap
[    0.000000]   Normal zone: 1048576 pages, LIFO batch:3
[    0.000000] Initmem setup node 3 [mem 0x0000300080000000-0x0000310f7fffffff]
[    0.000000] On node 3 totalpages: 1048576
[    0.000000]   Normal zone: 1024 pages used for memmap
[    0.000000]   Normal zone: 1048576 pages, LIFO batch:3
[    0.000000] Initmem setup node 4 [mem 0x0000400080000000-0x0000410f7fffffff]
[    0.000000] On node 4 totalpages: 1048576
[    0.000000]   Normal zone: 1024 pages used for memmap
[    0.000000]   Normal zone: 1048576 pages, LIFO batch:3
[    0.000000] Initmem setup node 5 [mem 0x0000500080000000-0x0000510f7fffffff]
[    0.000000] On node 5 totalpages: 1048576
[    0.000000]   Normal zone: 1024 pages used for memmap
[    0.000000]   Normal zone: 1048576 pages, LIFO batch:3
[    0.000000] Initmem setup node 6 [mem 0x0000600080000000-0x0000610f7fffffff]
[    0.000000] On node 6 totalpages: 1048576
[    0.000000]   Normal zone: 1024 pages used for memmap
[    0.000000]   Normal zone: 1048576 pages, LIFO batch:3
[    0.000000] Initmem setup node 7 [mem 0x0000700080000000-0x0000710f7fffffff]
[    0.000000] On node 7 totalpages: 1048576
[    0.000000]   Normal zone: 1024 pages used for memmap
[    0.000000]   Normal zone: 1048576 pages, LIFO batch:3
[    0.000000] psci: probing for conduit method from ACPI.
[    0.000000] psci: PSCIv1.1 detected in firmware.
[    0.000000] psci: Using standard PSCI v0.2 function IDs
[    0.000000] psci: MIGRATE_INFO_TYPE not supported.
[    0.000000] psci: SMC Calling Convention v1.2
[    0.000000] ACPI: NUMA: SRAT: PXM 0 -> MPIDR 0x0 -> Node 0
[    0.000000] ACPI: NUMA: SRAT: PXM 0 -> MPIDR 0x10000 -> Node 0
[    0.000000] ACPI: NUMA: SRAT: PXM 0 -> MPIDR 0x20000 -> Node 0
[    0.000000] ACPI: NUMA: SRAT: PXM 0 -> MPIDR 0x30000 -> Node 0
[    0.000000] ACPI: NUMA: SRAT: PXM 0 -> MPIDR 0x40000 -> Node 0
[    0.000000] ACPI: NUMA: SRAT: PXM 0 -> MPIDR 0x50000 -> Node 0
[    0.000000] ACPI: NUMA: SRAT: PXM 0 -> MPIDR 0x60000 -> Node 0
[    0.000000] ACPI: NUMA: SRAT: PXM 0 -> MPIDR 0x70000 -> Node 0
[    0.000000] ACPI: NUMA: SRAT: PXM 0 -> MPIDR 0x80000 -> Node 0
[    0.000000] ACPI: NUMA: SRAT: PXM 0 -> MPIDR 0x90000 -> Node 0
[    0.000000] ACPI: NUMA: SRAT: PXM 0 -> MPIDR 0xa0000 -> Node 0
[    0.000000] ACPI: NUMA: SRAT: PXM 0 -> MPIDR 0xb0000 -> Node 0
[    0.000000] ACPI: NUMA: SRAT: PXM 0 -> MPIDR 0xc0000 -> Node 0
[    0.000000] ACPI: NUMA: SRAT: PXM 0 -> MPIDR 0xd0000 -> Node 0
[    0.000000] ACPI: NUMA: SRAT: PXM 0 -> MPIDR 0xe0000 -> Node 0
[    0.000000] ACPI: NUMA: SRAT: PXM 0 -> MPIDR 0xf0000 -> Node 0
[    0.000000] ACPI: NUMA: SRAT: PXM 1 -> MPIDR 0x100000000 -> Node 1
[    0.000000] ACPI: NUMA: SRAT: PXM 1 -> MPIDR 0x100010000 -> Node 1
[    0.000000] ACPI: NUMA: SRAT: PXM 1 -> MPIDR 0x100020000 -> Node 1
[    0.000000] ACPI: NUMA: SRAT: PXM 1 -> MPIDR 0x100030000 -> Node 1
[    0.000000] ACPI: NUMA: SRAT: PXM 1 -> MPIDR 0x100040000 -> Node 1
[    0.000000] ACPI: NUMA: SRAT: PXM 1 -> MPIDR 0x100050000 -> Node 1
[    0.000000] ACPI: NUMA: SRAT: PXM 1 -> MPIDR 0x100060000 -> Node 1
[    0.000000] ACPI: NUMA: SRAT: PXM 1 -> MPIDR 0x100070000 -> Node 1
[    0.000000] ACPI: NUMA: SRAT: PXM 1 -> MPIDR 0x100080000 -> Node 1
[    0.000000] ACPI: NUMA: SRAT: PXM 1 -> MPIDR 0x100090000 -> Node 1
[    0.000000] ACPI: NUMA: SRAT: PXM 1 -> MPIDR 0x1000a0000 -> Node 1
[    0.000000] ACPI: NUMA: SRAT: PXM 1 -> MPIDR 0x1000b0000 -> Node 1
[    0.000000] ACPI: NUMA: SRAT: PXM 1 -> MPIDR 0x1000c0000 -> Node 1
[    0.000000] ACPI: NUMA: SRAT: PXM 1 -> MPIDR 0x1000d0000 -> Node 1
[    0.000000] ACPI: NUMA: SRAT: PXM 1 -> MPIDR 0x1000e0000 -> Node 1
[    0.000000] ACPI: NUMA: SRAT: PXM 1 -> MPIDR 0x1000f0000 -> Node 1
[    0.000000] ACPI: NUMA: SRAT: PXM 2 -> MPIDR 0x200000000 -> Node 2
[    0.000000] ACPI: NUMA: SRAT: PXM 2 -> MPIDR 0x200010000 -> Node 2
[    0.000000] ACPI: NUMA: SRAT: PXM 2 -> MPIDR 0x200020000 -> Node 2
[    0.000000] ACPI: NUMA: SRAT: PXM 2 -> MPIDR 0x200030000 -> Node 2
[    0.000000] ACPI: NUMA: SRAT: PXM 2 -> MPIDR 0x200040000 -> Node 2
[    0.000000] ACPI: NUMA: SRAT: PXM 2 -> MPIDR 0x200050000 -> Node 2
[    0.000000] ACPI: NUMA: SRAT: PXM 2 -> MPIDR 0x200060000 -> Node 2
[    0.000000] ACPI: NUMA: SRAT: PXM 2 -> MPIDR 0x200070000 -> Node 2
[    0.000000] ACPI: NUMA: SRAT: PXM 2 -> MPIDR 0x200080000 -> Node 2
[    0.000000] ACPI: NUMA: SRAT: PXM 2 -> MPIDR 0x200090000 -> Node 2
[    0.000000] ACPI: NUMA: SRAT: PXM 2 -> MPIDR 0x2000a0000 -> Node 2
[    0.000000] ACPI: NUMA: SRAT: PXM 2 -> MPIDR 0x2000b0000 -> Node 2
[    0.000000] ACPI: NUMA: SRAT: PXM 2 -> MPIDR 0x2000c0000 -> Node 2
[    0.000000] ACPI: NUMA: SRAT: PXM 2 -> MPIDR 0x2000d0000 -> Node 2
[    0.000000] ACPI: NUMA: SRAT: PXM 2 -> MPIDR 0x2000e0000 -> Node 2
[    0.000000] ACPI: NUMA: SRAT: PXM 2 -> MPIDR 0x2000f0000 -> Node 2
[    0.000000] ACPI: NUMA: SRAT: PXM 3 -> MPIDR 0x300000000 -> Node 3
[    0.000000] ACPI: NUMA: SRAT: PXM 3 -> MPIDR 0x300010000 -> Node 3
[    0.000000] ACPI: NUMA: SRAT: PXM 3 -> MPIDR 0x300020000 -> Node 3
[    0.000000] ACPI: NUMA: SRAT: PXM 3 -> MPIDR 0x300030000 -> Node 3
[    0.000000] ACPI: NUMA: SRAT: PXM 3 -> MPIDR 0x300040000 -> Node 3
[    0.000000] ACPI: NUMA: SRAT: PXM 3 -> MPIDR 0x300050000 -> Node 3
[    0.000000] ACPI: NUMA: SRAT: PXM 3 -> MPIDR 0x300060000 -> Node 3
[    0.000000] ACPI: NUMA: SRAT: PXM 3 -> MPIDR 0x300070000 -> Node 3
[    0.000000] ACPI: NUMA: SRAT: PXM 3 -> MPIDR 0x300080000 -> Node 3
[    0.000000] ACPI: NUMA: SRAT: PXM 3 -> MPIDR 0x300090000 -> Node 3
[    0.000000] ACPI: NUMA: SRAT: PXM 3 -> MPIDR 0x3000a0000 -> Node 3
[    0.000000] ACPI: NUMA: SRAT: PXM 3 -> MPIDR 0x3000b0000 -> Node 3
[    0.000000] ACPI: NUMA: SRAT: PXM 3 -> MPIDR 0x3000c0000 -> Node 3
[    0.000000] ACPI: NUMA: SRAT: PXM 3 -> MPIDR 0x3000d0000 -> Node 3
[    0.000000] ACPI: NUMA: SRAT: PXM 3 -> MPIDR 0x3000e0000 -> Node 3
[    0.000000] ACPI: NUMA: SRAT: PXM 3 -> MPIDR 0x3000f0000 -> Node 3
[    0.000000] ACPI: NUMA: SRAT: PXM 4 -> MPIDR 0x400000000 -> Node 4
[    0.000000] ACPI: NUMA: SRAT: PXM 4 -> MPIDR 0x400010000 -> Node 4
[    0.000000] ACPI: NUMA: SRAT: PXM 4 -> MPIDR 0x400020000 -> Node 4
[    0.000000] ACPI: NUMA: SRAT: PXM 4 -> MPIDR 0x400030000 -> Node 4
[    0.000000] ACPI: NUMA: SRAT: PXM 4 -> MPIDR 0x400040000 -> Node 4
[    0.000000] ACPI: NUMA: SRAT: PXM 4 -> MPIDR 0x400050000 -> Node 4
[    0.000000] ACPI: NUMA: SRAT: PXM 4 -> MPIDR 0x400060000 -> Node 4
[    0.000000] ACPI: NUMA: SRAT: PXM 4 -> MPIDR 0x400070000 -> Node 4
[    0.000000] ACPI: NUMA: SRAT: PXM 4 -> MPIDR 0x400080000 -> Node 4
[    0.000000] ACPI: NUMA: SRAT: PXM 4 -> MPIDR 0x400090000 -> Node 4
[    0.000000] ACPI: NUMA: SRAT: PXM 4 -> MPIDR 0x4000a0000 -> Node 4
[    0.000000] ACPI: NUMA: SRAT: PXM 4 -> MPIDR 0x4000b0000 -> Node 4
[    0.000000] ACPI: NUMA: SRAT: PXM 4 -> MPIDR 0x4000c0000 -> Node 4
[    0.000000] ACPI: NUMA: SRAT: PXM 4 -> MPIDR 0x4000d0000 -> Node 4
[    0.000000] ACPI: NUMA: SRAT: PXM 4 -> MPIDR 0x4000e0000 -> Node 4
[    0.000000] ACPI: NUMA: SRAT: PXM 4 -> MPIDR 0x4000f0000 -> Node 4
[    0.000000] ACPI: NUMA: SRAT: PXM 5 -> MPIDR 0x500000000 -> Node 5
[    0.000000] ACPI: NUMA: SRAT: PXM 5 -> MPIDR 0x500010000 -> Node 5
[    0.000000] ACPI: NUMA: SRAT: PXM 5 -> MPIDR 0x500020000 -> Node 5
[    0.000000] ACPI: NUMA: SRAT: PXM 5 -> MPIDR 0x500030000 -> Node 5
[    0.000000] ACPI: NUMA: SRAT: PXM 5 -> MPIDR 0x500040000 -> Node 5
[    0.000000] ACPI: NUMA: SRAT: PXM 5 -> MPIDR 0x500050000 -> Node 5
[    0.000000] ACPI: NUMA: SRAT: PXM 5 -> MPIDR 0x500060000 -> Node 5
[    0.000000] ACPI: NUMA: SRAT: PXM 5 -> MPIDR 0x500070000 -> Node 5
[    0.000000] ACPI: NUMA: SRAT: PXM 5 -> MPIDR 0x500080000 -> Node 5
[    0.000000] ACPI: NUMA: SRAT: PXM 5 -> MPIDR 0x500090000 -> Node 5
[    0.000000] ACPI: NUMA: SRAT: PXM 5 -> MPIDR 0x5000a0000 -> Node 5
[    0.000000] ACPI: NUMA: SRAT: PXM 5 -> MPIDR 0x5000b0000 -> Node 5
[    0.000000] ACPI: NUMA: SRAT: PXM 5 -> MPIDR 0x5000c0000 -> Node 5
[    0.000000] ACPI: NUMA: SRAT: PXM 5 -> MPIDR 0x5000d0000 -> Node 5
[    0.000000] ACPI: NUMA: SRAT: PXM 5 -> MPIDR 0x5000e0000 -> Node 5
[    0.000000] ACPI: NUMA: SRAT: PXM 5 -> MPIDR 0x5000f0000 -> Node 5
[    0.000000] ACPI: NUMA: SRAT: PXM 6 -> MPIDR 0x600000000 -> Node 6
[    0.000000] ACPI: NUMA: SRAT: PXM 6 -> MPIDR 0x600010000 -> Node 6
[    0.000000] ACPI: NUMA: SRAT: PXM 6 -> MPIDR 0x600020000 -> Node 6
[    0.000000] ACPI: NUMA: SRAT: PXM 6 -> MPIDR 0x600030000 -> Node 6
[    0.000000] ACPI: NUMA: SRAT: PXM 6 -> MPIDR 0x600040000 -> Node 6
[    0.000000] ACPI: NUMA: SRAT: PXM 6 -> MPIDR 0x600050000 -> Node 6
[    0.000000] ACPI: NUMA: SRAT: PXM 6 -> MPIDR 0x600060000 -> Node 6
[    0.000000] ACPI: NUMA: SRAT: PXM 6 -> MPIDR 0x600070000 -> Node 6
[    0.000000] ACPI: NUMA: SRAT: PXM 6 -> MPIDR 0x600080000 -> Node 6
[    0.000000] ACPI: NUMA: SRAT: PXM 6 -> MPIDR 0x600090000 -> Node 6
[    0.000000] ACPI: NUMA: SRAT: PXM 6 -> MPIDR 0x6000a0000 -> Node 6
[    0.000000] ACPI: NUMA: SRAT: PXM 6 -> MPIDR 0x6000b0000 -> Node 6
[    0.000000] ACPI: NUMA: SRAT: PXM 6 -> MPIDR 0x6000c0000 -> Node 6
[    0.000000] ACPI: NUMA: SRAT: PXM 6 -> MPIDR 0x6000d0000 -> Node 6
[    0.000000] ACPI: NUMA: SRAT: PXM 6 -> MPIDR 0x6000e0000 -> Node 6
[    0.000000] ACPI: NUMA: SRAT: PXM 6 -> MPIDR 0x6000f0000 -> Node 6
[    0.000000] ACPI: NUMA: SRAT: PXM 7 -> MPIDR 0x700000000 -> Node 7
[    0.000000] ACPI: NUMA: SRAT: PXM 7 -> MPIDR 0x700010000 -> Node 7
[    0.000000] ACPI: NUMA: SRAT: PXM 7 -> MPIDR 0x700020000 -> Node 7
[    0.000000] ACPI: NUMA: SRAT: PXM 7 -> MPIDR 0x700030000 -> Node 7
[    0.000000] ACPI: NUMA: SRAT: PXM 7 -> MPIDR 0x700040000 -> Node 7
[    0.000000] ACPI: NUMA: SRAT: PXM 7 -> MPIDR 0x700050000 -> Node 7
[    0.000000] ACPI: NUMA: SRAT: PXM 7 -> MPIDR 0x700060000 -> Node 7
[    0.000000] ACPI: NUMA: SRAT: PXM 7 -> MPIDR 0x700070000 -> Node 7
[    0.000000] ACPI: NUMA: SRAT: PXM 7 -> MPIDR 0x700080000 -> Node 7
[    0.000000] ACPI: NUMA: SRAT: PXM 7 -> MPIDR 0x700090000 -> Node 7
[    0.000000] ACPI: NUMA: SRAT: PXM 7 -> MPIDR 0x7000a0000 -> Node 7
[    0.000000] ACPI: NUMA: SRAT: PXM 7 -> MPIDR 0x7000b0000 -> Node 7
[    0.000000] ACPI: NUMA: SRAT: PXM 7 -> MPIDR 0x7000c0000 -> Node 7
[    0.000000] ACPI: NUMA: SRAT: PXM 7 -> MPIDR 0x7000d0000 -> Node 7
[    0.000000] ACPI: NUMA: SRAT: PXM 7 -> MPIDR 0x7000e0000 -> Node 7
[    0.000000] ACPI: NUMA: SRAT: PXM 7 -> MPIDR 0x7000f0000 -> Node 7
[    0.000000] percpu: max_distance=0x6ffffc920000 too large for vmalloc space 0x7bdfefff0000
[    0.000000] percpu: Embedded 10 pages/cpu s588184 r8192 d58984 u655360
[    0.000000] pcpu-alloc: s588184 r8192 d58984 u655360 alloc=10*65536
[    0.000000] pcpu-alloc: [0] 000 [0] 001 [0] 002 [0] 003 
[    0.000000] pcpu-alloc: [0] 004 [0] 005 [0] 006 [0] 007 
[    0.000000] pcpu-alloc: [0] 008 [0] 009 [0] 010 [0] 011 
[    0.000000] pcpu-alloc: [0] 012 [0] 013 [0] 014 [0] 015 
[    0.000000] pcpu-alloc: [1] 016 [1] 017 [1] 018 [1] 019 
[    0.000000] pcpu-alloc: [1] 020 [1] 021 [1] 022 [1] 023 
[    0.000000] pcpu-alloc: [1] 024 [1] 025 [1] 026 [1] 027 
[    0.000000] pcpu-alloc: [1] 028 [1] 029 [1] 030 [1] 031 
[    0.000000] pcpu-alloc: [2] 032 [2] 033 [2] 034 [2] 035 
[    0.000000] pcpu-alloc: [2] 036 [2] 037 [2] 038 [2] 039 
[    0.000000] pcpu-alloc: [2] 040 [2] 041 [2] 042 [2] 043 
[    0.000000] pcpu-alloc: [2] 044 [2] 045 [2] 046 [2] 047 
[    0.000000] pcpu-alloc: [3] 048 [3] 049 [3] 050 [3] 051 
[    0.000000] pcpu-alloc: [3] 052 [3] 053 [3] 054 [3] 055 
[    0.000000] pcpu-alloc: [3] 056 [3] 057 [3] 058 [3] 059 
[    0.000000] pcpu-alloc: [3] 060 [3] 061 [3] 062 [3] 063 
[    0.000000] pcpu-alloc: [4] 064 [4] 065 [4] 066 [4] 067 
[    0.000000] pcpu-alloc: [4] 068 [4] 069 [4] 070 [4] 071 
[    0.000000] pcpu-alloc: [4] 072 [4] 073 [4] 074 [4] 075 
[    0.000000] pcpu-alloc: [4] 076 [4] 077 [4] 078 [4] 079 
[    0.000000] pcpu-alloc: [5] 080 [5] 081 [5] 082 [5] 083 
[    0.000000] pcpu-alloc: [5] 084 [5] 085 [5] 086 [5] 087 
[    0.000000] pcpu-alloc: [5] 088 [5] 089 [5] 090 [5] 091 
[    0.000000] pcpu-alloc: [5] 092 [5] 093 [5] 094 [5] 095 
[    0.000000] pcpu-alloc: [6] 096 [6] 097 [6] 098 [6] 099 
[    0.000000] pcpu-alloc: [6] 100 [6] 101 [6] 102 [6] 103 
[    0.000000] pcpu-alloc: [6] 104 [6] 105 [6] 106 [6] 107 
[    0.000000] pcpu-alloc: [6] 108 [6] 109 [6] 110 [6] 111 
[    0.000000] pcpu-alloc: [7] 112 [7] 113 [7] 114 [7] 115 
[    0.000000] pcpu-alloc: [7] 116 [7] 117 [7] 118 [7] 119 
[    0.000000] pcpu-alloc: [7] 120 [7] 121 [7] 122 [7] 123 
[    0.000000] pcpu-alloc: [7] 124 [7] 125 [7] 126 [7] 127 
[    0.000000] Detected PIPT I-cache on CPU0
[    0.000000] CPU features: detected: GIC system register CPU interface
[    0.000000] CPU features: detected: Virtualization Host Extensions
[    0.000000] CPU features: detected: Hardware dirty bit management
[    0.000000] CPU features: detected: Speculative Store Bypassing Safe (SSBS)
[    0.000000] alternatives: patching kernel code
[    0.000000] Built 8 zonelists, mobility grouping on.  Total pages: 8379152
[    0.000000] Policy zone: Normal
[    0.000000] Kernel command line: BOOT_IMAGE=(hd0,gpt3)/vmlinuz-4.18.0-372.19.1.es8_10.aarch64 root=/dev/mapper/os-root ro transparent_hugepage=never cgroup.memory=nokmem iommu.passthrough=1 ixgbe.allow_unsupported_sfp=1 biosdevname=0 rootdelay=90 nomodeset intel_idle.max_cstate=0 processor.max_cstate=0 crashkernel=736M rd.lvm.lv=os/root net.ifnames=1 console=tty0
[    0.000000] Specific versions of hardware are certified with Red Hat Enterprise Linux 8. Please see the list of hardware certified with Red Hat Enterprise Linux 8 at https://catalog.redhat.com.
[    0.000000] software IO TLB: mapped [mem 0x00000000f6f50000-0x00000000faf50000] (64MB)
[    0.000000] Memory: 535199616K/536790016K available (10620K kernel code, 5744K rwdata, 10496K rodata, 5824K init, 19497K bss, 1590400K reserved, 0K cma-reserved)
[    0.000000] random: get_random_u64 called from kmem_cache_open+0x38/0x498 with crng_init=0
[    0.000000] SLUB: HWalign=64, Order=0-3, MinObjects=0, CPUs=128, Nodes=8
[    0.000000] ftrace: allocating 37998 entries in 10 pages
[    0.000000] ftrace: allocated 10 pages with 2 groups
[    0.000000] rcu: Hierarchical RCU implementation.
[    0.000000] rcu: 	RCU restricting CPUs from NR_CPUS=4096 to nr_cpu_ids=128.
[    0.000000] 	Rude variant of Tasks RCU enabled.
[    0.000000] 	Tracing variant of Tasks RCU enabled.
[    0.000000] rcu: RCU calculated value of scheduler-enlistment delay is 10 jiffies.
[    0.000000] rcu: Adjusting geometry for rcu_fanout_leaf=16, nr_cpu_ids=128
[    0.000000] NR_IRQS: 64, nr_irqs: 64, preallocated irqs: 0
[    0.000000] GICv3: GIC: Using split EOI/Deactivate mode
[    0.000000] GICv3: 768 SPIs implemented
[    0.000000] GICv3: 0 Extended SPIs implemented
[    0.000000] GICv3: Distributor has no Range Selector support
[    0.000000] GICv3: 16 PPIs implemented
[    0.000000] GICv3: CPU0: found redistributor 0 region 0:0x00000000220c0000
[    0.000000] SRAT: PXM 0 -> ITS 0 -> Node 0
[    0.000000] SRAT: PXM 0 -> ITS 1 -> Node 0
[    0.000000] SRAT: PXM 0 -> ITS 2 -> Node 0
[    0.000000] SRAT: PXM 0 -> ITS 3 -> Node 0
[    0.000000] SRAT: PXM 1 -> ITS 4 -> Node 1
[    0.000000] SRAT: PXM 1 -> ITS 5 -> Node 1
[    0.000000] SRAT: PXM 1 -> ITS 6 -> Node 1
[    0.000000] SRAT: PXM 1 -> ITS 7 -> Node 1
[    0.000000] SRAT: PXM 2 -> ITS 8 -> Node 2
[    0.000000] SRAT: PXM 2 -> ITS 9 -> Node 2
[    0.000000] SRAT: PXM 2 -> ITS 10 -> Node 2
[    0.000000] SRAT: PXM 2 -> ITS 11 -> Node 2
[    0.000000] SRAT: PXM 3 -> ITS 12 -> Node 3
[    0.000000] SRAT: PXM 3 -> ITS 13 -> Node 3
[    0.000000] SRAT: PXM 3 -> ITS 14 -> Node 3
[    0.000000] SRAT: PXM 3 -> ITS 15 -> Node 3
[    0.000000] SRAT: PXM 4 -> ITS 16 -> Node 4
[    0.000000] SRAT: PXM 4 -> ITS 17 -> Node 4
[    0.000000] SRAT: PXM 4 -> ITS 18 -> Node 4
[    0.000000] SRAT: PXM 4 -> ITS 19 -> Node 4
[    0.000000] SRAT: PXM 5 -> ITS 20 -> Node 5
[    0.000000] SRAT: PXM 5 -> ITS 21 -> Node 5
[    0.000000] SRAT: PXM 5 -> ITS 22 -> Node 5
[    0.000000] SRAT: PXM 5 -> ITS 23 -> Node 5
[    0.000000] SRAT: PXM 6 -> ITS 24 -> Node 6
[    0.000000] SRAT: PXM 6 -> ITS 25 -> Node 6
[    0.000000] SRAT: PXM 6 -> ITS 26 -> Node 6
[    0.000000] SRAT: PXM 6 -> ITS 27 -> Node 6
[    0.000000] SRAT: PXM 7 -> ITS 28 -> Node 7
[    0.000000] SRAT: PXM 7 -> ITS 29 -> Node 7
[    0.000000] SRAT: PXM 7 -> ITS 30 -> Node 7
[    0.000000] SRAT: PXM 7 -> ITS 31 -> Node 7
[    0.000000] ITS [mem 0x22040000-0x2205ffff]
[    0.000000] ITS@0x0000000022040000: allocated 8192 Devices @10000b20000 (indirect, esz 8, psz 64K, shr 1)
[    0.000000] ITS@0x0000000022040000: allocated 32768 Interrupt Collections @10000b30000 (flat, esz 2, psz 64K, shr 1)
[    0.000000] ITS [mem 0x22060000-0x2207ffff]
[    0.000000] ITS@0x0000000022060000: allocated 8192 Devices @10000b50000 (indirect, esz 8, psz 64K, shr 1)
[    0.000000] ITS@0x0000000022060000: allocated 32768 Interrupt Collections @10000b60000 (flat, esz 2, psz 64K, shr 1)
[    0.000000] ITS [mem 0x22080000-0x2209ffff]
[    0.000000] ITS@0x0000000022080000: allocated 8192 Devices @10000b80000 (indirect, esz 8, psz 64K, shr 1)
[    0.000000] ITS@0x0000000022080000: allocated 32768 Interrupt Collections @10000b90000 (flat, esz 2, psz 64K, shr 1)
[    0.000000] ITS [mem 0x220a0000-0x220bffff]
[    0.000000] ITS@0x00000000220a0000: allocated 8192 Devices @10000bb0000 (indirect, esz 8, psz 64K, shr 1)
[    0.000000] ITS@0x00000000220a0000: allocated 32768 Interrupt Collections @10000bc0000 (flat, esz 2, psz 64K, shr 1)
[    0.000000] ITS [mem 0x100022040000-0x10002205ffff]
[    0.000000] ITS@0x0000100022040000: allocated 8192 Devices @100080020000 (indirect, esz 8, psz 64K, shr 1)
[    0.000000] ITS@0x0000100022040000: allocated 32768 Interrupt Collections @100080030000 (flat, esz 2, psz 64K, shr 1)
[    0.000000] ITS [mem 0x100022060000-0x10002207ffff]
[    0.000000] ITS@0x0000100022060000: allocated 8192 Devices @100080050000 (indirect, esz 8, psz 64K, shr 1)
[    0.000000] ITS@0x0000100022060000: allocated 32768 Interrupt Collections @100080060000 (flat, esz 2, psz 64K, shr 1)
[    0.000000] ITS [mem 0x100022080000-0x10002209ffff]
[    0.000000] ITS@0x0000100022080000: allocated 8192 Devices @100080080000 (indirect, esz 8, psz 64K, shr 1)
[    0.000000] ITS@0x0000100022080000: allocated 32768 Interrupt Collections @100080090000 (flat, esz 2, psz 64K, shr 1)
[    0.000000] ITS [mem 0x1000220a0000-0x1000220bffff]
[    0.000000] ITS@0x00001000220a0000: allocated 8192 Devices @1000800b0000 (indirect, esz 8, psz 64K, shr 1)
[    0.000000] ITS@0x00001000220a0000: allocated 32768 Interrupt Collections @1000800c0000 (flat, esz 2, psz 64K, shr 1)
[    0.000000] ITS [mem 0x200022040000-0x20002205ffff]
[    0.000000] ITS@0x0000200022040000: allocated 8192 Devices @200080020000 (indirect, esz 8, psz 64K, shr 1)
[    0.000000] ITS@0x0000200022040000: allocated 32768 Interrupt Collections @200080030000 (flat, esz 2, psz 64K, shr 1)
[    0.000000] ITS [mem 0x200022060000-0x20002207ffff]
[    0.000000] ITS@0x0000200022060000: allocated 8192 Devices @200080050000 (indirect, esz 8, psz 64K, shr 1)
[    0.000000] ITS@0x0000200022060000: allocated 32768 Interrupt Collections @200080060000 (flat, esz 2, psz 64K, shr 1)
[    0.000000] ITS [mem 0x200022080000-0x20002209ffff]
[    0.000000] ITS@0x0000200022080000: allocated 8192 Devices @200080080000 (indirect, esz 8, psz 64K, shr 1)
[    0.000000] ITS@0x0000200022080000: allocated 32768 Interrupt Collections @200080090000 (flat, esz 2, psz 64K, shr 1)
[    0.000000] ITS [mem 0x2000220a0000-0x2000220bffff]
[    0.000000] ITS@0x00002000220a0000: allocated 8192 Devices @2000800b0000 (indirect, esz 8, psz 64K, shr 1)
[    0.000000] ITS@0x00002000220a0000: allocated 32768 Interrupt Collections @2000800c0000 (flat, esz 2, psz 64K, shr 1)
[    0.000000] ITS [mem 0x300022040000-0x30002205ffff]
[    0.000000] ITS@0x0000300022040000: allocated 8192 Devices @300080020000 (indirect, esz 8, psz 64K, shr 1)
[    0.000000] ITS@0x0000300022040000: allocated 32768 Interrupt Collections @300080030000 (flat, esz 2, psz 64K, shr 1)
[    0.000000] ITS [mem 0x300022060000-0x30002207ffff]
[    0.000000] ITS@0x0000300022060000: allocated 8192 Devices @300080050000 (indirect, esz 8, psz 64K, shr 1)
[    0.000000] ITS@0x0000300022060000: allocated 32768 Interrupt Collections @300080060000 (flat, esz 2, psz 64K, shr 1)
[    0.000000] ITS [mem 0x300022080000-0x30002209ffff]
[    0.000000] ITS@0x0000300022080000: allocated 8192 Devices @300080080000 (indirect, esz 8, psz 64K, shr 1)
[    0.000000] ITS@0x0000300022080000: allocated 32768 Interrupt Collections @300080090000 (flat, esz 2, psz 64K, shr 1)
[    0.000000] ITS [mem 0x3000220a0000-0x3000220bffff]
[    0.000000] ITS@0x00003000220a0000: allocated 8192 Devices @3000800b0000 (indirect, esz 8, psz 64K, shr 1)
[    0.000000] ITS@0x00003000220a0000: allocated 32768 Interrupt Collections @3000800c0000 (flat, esz 2, psz 64K, shr 1)
[    0.000000] ITS [mem 0x400022040000-0x40002205ffff]
[    0.000000] ITS@0x0000400022040000: allocated 8192 Devices @400080020000 (indirect, esz 8, psz 64K, shr 1)
[    0.000000] ITS@0x0000400022040000: allocated 32768 Interrupt Collections @400080030000 (flat, esz 2, psz 64K, shr 1)
[    0.000000] ITS [mem 0x400022060000-0x40002207ffff]
[    0.000000] ITS@0x0000400022060000: allocated 8192 Devices @400080050000 (indirect, esz 8, psz 64K, shr 1)
[    0.000000] ITS@0x0000400022060000: allocated 32768 Interrupt Collections @400080060000 (flat, esz 2, psz 64K, shr 1)
[    0.000000] ITS [mem 0x400022080000-0x40002209ffff]
[    0.000000] ITS@0x0000400022080000: allocated 8192 Devices @400080080000 (indirect, esz 8, psz 64K, shr 1)
[    0.000000] ITS@0x0000400022080000: allocated 32768 Interrupt Collections @400080090000 (flat, esz 2, psz 64K, shr 1)
[    0.000000] ITS [mem 0x4000220a0000-0x4000220bffff]
[    0.000000] ITS@0x00004000220a0000: allocated 8192 Devices @4000800b0000 (indirect, esz 8, psz 64K, shr 1)
[    0.000000] ITS@0x00004000220a0000: allocated 32768 Interrupt Collections @4000800c0000 (flat, esz 2, psz 64K, shr 1)
[    0.000000] ITS [mem 0x500022040000-0x50002205ffff]
[    0.000000] ITS@0x0000500022040000: allocated 8192 Devices @500080020000 (indirect, esz 8, psz 64K, shr 1)
[    0.000000] ITS@0x0000500022040000: allocated 32768 Interrupt Collections @500080030000 (flat, esz 2, psz 64K, shr 1)
[    0.000000] ITS [mem 0x500022060000-0x50002207ffff]
[    0.000000] ITS@0x0000500022060000: allocated 8192 Devices @500080050000 (indirect, esz 8, psz 64K, shr 1)
[    0.000000] ITS@0x0000500022060000: allocated 32768 Interrupt Collections @500080060000 (flat, esz 2, psz 64K, shr 1)
[    0.000000] ITS [mem 0x500022080000-0x50002209ffff]
[    0.000000] ITS@0x0000500022080000: allocated 8192 Devices @500080080000 (indirect, esz 8, psz 64K, shr 1)
[    0.000000] ITS@0x0000500022080000: allocated 32768 Interrupt Collections @500080090000 (flat, esz 2, psz 64K, shr 1)
[    0.000000] ITS [mem 0x5000220a0000-0x5000220bffff]
[    0.000000] ITS@0x00005000220a0000: allocated 8192 Devices @5000800b0000 (indirect, esz 8, psz 64K, shr 1)
[    0.000000] ITS@0x00005000220a0000: allocated 32768 Interrupt Collections @5000800c0000 (flat, esz 2, psz 64K, shr 1)
[    0.000000] ITS [mem 0x600022040000-0x60002205ffff]
[    0.000000] ITS@0x0000600022040000: allocated 8192 Devices @600080020000 (indirect, esz 8, psz 64K, shr 1)
[    0.000000] ITS@0x0000600022040000: allocated 32768 Interrupt Collections @600080030000 (flat, esz 2, psz 64K, shr 1)
[    0.000000] ITS [mem 0x600022060000-0x60002207ffff]
[    0.000000] ITS@0x0000600022060000: allocated 8192 Devices @600080050000 (indirect, esz 8, psz 64K, shr 1)
[    0.000000] ITS@0x0000600022060000: allocated 32768 Interrupt Collections @600080060000 (flat, esz 2, psz 64K, shr 1)
[    0.000000] ITS [mem 0x600022080000-0x60002209ffff]
[    0.000000] ITS@0x0000600022080000: allocated 8192 Devices @600080080000 (indirect, esz 8, psz 64K, shr 1)
[    0.000000] ITS@0x0000600022080000: allocated 32768 Interrupt Collections @600080090000 (flat, esz 2, psz 64K, shr 1)
[    0.000000] ITS [mem 0x6000220a0000-0x6000220bffff]
[    0.000000] ITS@0x00006000220a0000: allocated 8192 Devices @6000800b0000 (indirect, esz 8, psz 64K, shr 1)
[    0.000000] ITS@0x00006000220a0000: allocated 32768 Interrupt Collections @6000800c0000 (flat, esz 2, psz 64K, shr 1)
[    0.000000] ITS [mem 0x700022040000-0x70002205ffff]
[    0.000000] ITS@0x0000700022040000: allocated 8192 Devices @700080020000 (indirect, esz 8, psz 64K, shr 1)
[    0.000000] ITS@0x0000700022040000: allocated 32768 Interrupt Collections @700080030000 (flat, esz 2, psz 64K, shr 1)
[    0.000000] ITS [mem 0x700022060000-0x70002207ffff]
[    0.000000] ITS@0x0000700022060000: allocated 8192 Devices @700080050000 (indirect, esz 8, psz 64K, shr 1)
[    0.000000] ITS@0x0000700022060000: allocated 32768 Interrupt Collections @700080060000 (flat, esz 2, psz 64K, shr 1)
[    0.000000] ITS [mem 0x700022080000-0x70002209ffff]
[    0.000000] ITS@0x0000700022080000: allocated 8192 Devices @700080080000 (indirect, esz 8, psz 64K, shr 1)
[    0.000000] ITS@0x0000700022080000: allocated 32768 Interrupt Collections @700080090000 (flat, esz 2, psz 64K, shr 1)
[    0.000000] ITS [mem 0x7000220a0000-0x7000220bffff]
[    0.000000] ITS@0x00007000220a0000: allocated 8192 Devices @7000800b0000 (indirect, esz 8, psz 64K, shr 1)
[    0.000000] ITS@0x00007000220a0000: allocated 32768 Interrupt Collections @7000800c0000 (flat, esz 2, psz 64K, shr 1)
[    0.000000] GICv3: using LPI property table @0x0000010000be0000
[    0.000000] GICv3: CPU0: using allocated LPI pending table @0x0000010000c00000
[    0.000000] arch_timer: cp15 timer(s) running at 1000.00MHz (phys).
[    0.000000] clocksource: arch_sys_counter: mask: 0xffffffffffffff max_cycles: 0x1cd42e4dffb, max_idle_ns: 881590591483 ns
[    0.000000] sched_clock: 56 bits at 1000MHz, resolution 1ns, wraps every 4398046511103ns
[    0.000253] Console: colour dummy device 80x25
[    0.000864] printk: console [tty0] enabled
[    0.001295] mempolicy: Enabling automatic NUMA balancing. Configure with numa_balancing= or the kernel.numa_balancing sysctl
[    0.001314] ACPI: Core revision 20210604
[    0.001938] Calibrating delay loop (skipped), value calculated using timer frequency.. 2000.00 BogoMIPS (lpj=10000000)
[    0.001944] pid_max: default: 131072 minimum: 1024
[    0.003043] LSM: Security Framework initializing
[    0.003265] Yama: becoming mindful.
[    0.003271] SELinux:  Initializing.
[    0.004032] LSM support for eBPF active
[    0.016870] Dentry cache hash table entries: 16777216 (order: 11, 134217728 bytes, vmalloc)
[    0.023289] Inode-cache hash table entries: 8388608 (order: 10, 67108864 bytes, vmalloc)
[    0.023679] Mount-cache hash table entries: 262144 (order: 5, 2097152 bytes, vmalloc)
[    0.023879] Mountpoint-cache hash table entries: 262144 (order: 5, 2097152 bytes, vmalloc)
[    0.027217] ASID allocator initialised with 32768 entries
[    0.027240] rcu: Hierarchical SRCU implementation.
[    0.027561] Platform MSI: ITS@0x22040000 domain created
[    0.027567] Platform MSI: ITS@0x22060000 domain created
[    0.027571] Platform MSI: ITS@0x22080000 domain created
[    0.027574] Platform MSI: ITS@0x220a0000 domain created
[    0.027577] Platform MSI: ITS@0x100022040000 domain created
[    0.027581] Platform MSI: ITS@0x100022060000 domain created
[    0.027584] Platform MSI: ITS@0x100022080000 domain created
[    0.027587] Platform MSI: ITS@0x1000220a0000 domain created
[    0.027591] Platform MSI: ITS@0x200022040000 domain created
[    0.027594] Platform MSI: ITS@0x200022060000 domain created
[    0.027597] Platform MSI: ITS@0x200022080000 domain created
[    0.027600] Platform MSI: ITS@0x2000220a0000 domain created
[    0.027603] Platform MSI: ITS@0x300022040000 domain created
[    0.027607] Platform MSI: ITS@0x300022060000 domain created
[    0.027610] Platform MSI: ITS@0x300022080000 domain created
[    0.027613] Platform MSI: ITS@0x3000220a0000 domain created
[    0.027617] Platform MSI: ITS@0x400022040000 domain created
[    0.027620] Platform MSI: ITS@0x400022060000 domain created
[    0.027623] Platform MSI: ITS@0x400022080000 domain created
[    0.027626] Platform MSI: ITS@0x4000220a0000 domain created
[    0.027629] Platform MSI: ITS@0x500022040000 domain created
[    0.027633] Platform MSI: ITS@0x500022060000 domain created
[    0.027636] Platform MSI: ITS@0x500022080000 domain created
[    0.027639] Platform MSI: ITS@0x5000220a0000 domain created
[    0.027656] Platform MSI: ITS@0x600022040000 domain created
[    0.027659] Platform MSI: ITS@0x600022060000 domain created
[    0.027663] Platform MSI: ITS@0x600022080000 domain created
[    0.027666] Platform MSI: ITS@0x6000220a0000 domain created
[    0.027669] Platform MSI: ITS@0x700022040000 domain created
[    0.027672] Platform MSI: ITS@0x700022060000 domain created
[    0.027676] Platform MSI: ITS@0x700022080000 domain created
[    0.027679] Platform MSI: ITS@0x7000220a0000 domain created
[    0.027685] PCI/MSI: ITS@0x22040000 domain created
[    0.027689] PCI/MSI: ITS@0x22060000 domain created
[    0.027692] PCI/MSI: ITS@0x22080000 domain created
[    0.027695] PCI/MSI: ITS@0x220a0000 domain created
[    0.027698] PCI/MSI: ITS@0x100022040000 domain created
[    0.027702] PCI/MSI: ITS@0x100022060000 domain created
[    0.027705] PCI/MSI: ITS@0x100022080000 domain created
[    0.027708] PCI/MSI: ITS@0x1000220a0000 domain created
[    0.027712] PCI/MSI: ITS@0x200022040000 domain created
[    0.027715] PCI/MSI: ITS@0x200022060000 domain created
[    0.027718] PCI/MSI: ITS@0x200022080000 domain created
[    0.027721] PCI/MSI: ITS@0x2000220a0000 domain created
[    0.027725] PCI/MSI: ITS@0x300022040000 domain created
[    0.027728] PCI/MSI: ITS@0x300022060000 domain created
[    0.027731] PCI/MSI: ITS@0x300022080000 domain created
[    0.027734] PCI/MSI: ITS@0x3000220a0000 domain created
[    0.027737] PCI/MSI: ITS@0x400022040000 domain created
[    0.027741] PCI/MSI: ITS@0x400022060000 domain created
[    0.027744] PCI/MSI: ITS@0x400022080000 domain created
[    0.027747] PCI/MSI: ITS@0x4000220a0000 domain created
[    0.027751] PCI/MSI: ITS@0x500022040000 domain created
[    0.027754] PCI/MSI: ITS@0x500022060000 domain created
[    0.027757] PCI/MSI: ITS@0x500022080000 domain created
[    0.027760] PCI/MSI: ITS@0x5000220a0000 domain created
[    0.027764] PCI/MSI: ITS@0x600022040000 domain created
[    0.027767] PCI/MSI: ITS@0x600022060000 domain created
[    0.027770] PCI/MSI: ITS@0x600022080000 domain created
[    0.027773] PCI/MSI: ITS@0x6000220a0000 domain created
[    0.027776] PCI/MSI: ITS@0x700022040000 domain created
[    0.027780] PCI/MSI: ITS@0x700022060000 domain created
[    0.027783] PCI/MSI: ITS@0x700022080000 domain created
[    0.027786] PCI/MSI: ITS@0x7000220a0000 domain created
[    0.027796] Remapping and enabling EFI services.
[    0.031353] smp: Bringing up secondary CPUs ...
[    0.351705] Detected PIPT I-cache on CPU1
[    0.351718] GICv3: CPU1: found redistributor 10000 region 1:0x00000000220e0000
[    0.351753] GICv3: CPU1: using allocated LPI pending table @0x0000010000c10000
[    0.351941] CPU1: Booted secondary processor 0x0000010000 [0x700f8620]
[    0.365413] Detected PIPT I-cache on CPU2
[    0.365423] GICv3: CPU2: found redistributor 20000 region 2:0x0000000022100000
[    0.365455] GICv3: CPU2: using allocated LPI pending table @0x0000010000c20000
[    0.365643] CPU2: Booted secondary processor 0x0000020000 [0x700f8620]
[    0.379119] Detected PIPT I-cache on CPU3
[    0.379131] GICv3: CPU3: found redistributor 30000 region 3:0x0000000022120000
[    0.379165] GICv3: CPU3: using allocated LPI pending table @0x0000010000c30000
[    0.379359] CPU3: Booted secondary processor 0x0000030000 [0x700f8620]
[    0.392829] Detected PIPT I-cache on CPU4
[    0.392842] GICv3: CPU4: found redistributor 40000 region 4:0x0000000022140000
[    0.392876] GICv3: CPU4: using allocated LPI pending table @0x0000010000c40000
[    0.393070] CPU4: Booted secondary processor 0x0000040000 [0x700f8620]
[    0.406539] Detected PIPT I-cache on CPU5
[    0.406552] GICv3: CPU5: found redistributor 50000 region 5:0x0000000022160000
[    0.406587] GICv3: CPU5: using allocated LPI pending table @0x0000010000c50000
[    0.406783] CPU5: Booted secondary processor 0x0000050000 [0x700f8620]
[    0.420249] Detected PIPT I-cache on CPU6
[    0.420262] GICv3: CPU6: found redistributor 60000 region 6:0x0000000022180000
[    0.420295] GICv3: CPU6: using allocated LPI pending table @0x0000010000c60000
[    0.420486] CPU6: Booted secondary processor 0x0000060000 [0x700f8620]
[    0.433958] Detected PIPT I-cache on CPU7
[    0.433971] GICv3: CPU7: found redistributor 70000 region 7:0x00000000221a0000
[    0.434005] GICv3: CPU7: using allocated LPI pending table @0x0000010000c70000
[    0.434202] CPU7: Booted secondary processor 0x0000070000 [0x700f8620]
[    0.447668] Detected PIPT I-cache on CPU8
[    0.447681] GICv3: CPU8: found redistributor 80000 region 8:0x00000000221c0000
[    0.447716] GICv3: CPU8: using allocated LPI pending table @0x0000010000c80000
[    0.447911] CPU8: Booted secondary processor 0x0000080000 [0x700f8620]
[    0.461378] Detected PIPT I-cache on CPU9
[    0.461392] GICv3: CPU9: found redistributor 90000 region 9:0x00000000221e0000
[    0.461427] GICv3: CPU9: using allocated LPI pending table @0x0000010000c90000
[    0.461626] CPU9: Booted secondary processor 0x0000090000 [0x700f8620]
[    0.475088] Detected PIPT I-cache on CPU10
[    0.475102] GICv3: CPU10: found redistributor a0000 region 10:0x0000000022200000
[    0.475137] GICv3: CPU10: using allocated LPI pending table @0x0000010000ca0000
[    0.475329] CPU10: Booted secondary processor 0x00000a0000 [0x700f8620]
[    0.488798] Detected PIPT I-cache on CPU11
[    0.488812] GICv3: CPU11: found redistributor b0000 region 11:0x0000000022220000
[    0.488847] GICv3: CPU11: using allocated LPI pending table @0x0000010000cb0000
[    0.489043] CPU11: Booted secondary processor 0x00000b0000 [0x700f8620]
[    0.502508] Detected PIPT I-cache on CPU12
[    0.502522] GICv3: CPU12: found redistributor c0000 region 12:0x0000000022240000
[    0.502561] GICv3: CPU12: using allocated LPI pending table @0x0000010000cc0000
[    0.502747] CPU12: Booted secondary processor 0x00000c0000 [0x700f8620]
[    0.516216] Detected PIPT I-cache on CPU13
[    0.516231] GICv3: CPU13: found redistributor d0000 region 13:0x0000000022260000
[    0.516269] GICv3: CPU13: using allocated LPI pending table @0x0000010000cd0000
[    0.516466] CPU13: Booted secondary processor 0x00000d0000 [0x700f8620]
[    0.529927] Detected PIPT I-cache on CPU14
[    0.529942] GICv3: CPU14: found redistributor e0000 region 14:0x0000000022280000
[    0.529979] GICv3: CPU14: using allocated LPI pending table @0x0000010000ce0000
[    0.530165] CPU14: Booted secondary processor 0x00000e0000 [0x700f8620]
[    0.543638] Detected PIPT I-cache on CPU15
[    0.543653] GICv3: CPU15: found redistributor f0000 region 15:0x00000000222a0000
[    0.543690] GICv3: CPU15: using allocated LPI pending table @0x0000010000cf0000
[    0.543885] CPU15: Booted secondary processor 0x00000f0000 [0x700f8620]
[    0.557798] Detected PIPT I-cache on CPU16
[    0.557826] GICv3: CPU16: found redistributor 100000000 region 16:0x00001000220c0000
[    0.557882] GICv3: CPU16: using allocated LPI pending table @0x0000010000d00000
[    0.558093] CPU16: Booted secondary processor 0x0100000000 [0x700f8620]
[    0.571942] Detected PIPT I-cache on CPU17
[    0.571972] GICv3: CPU17: found redistributor 100010000 region 17:0x00001000220e0000
[    0.572030] GICv3: CPU17: using allocated LPI pending table @0x0000010000d10000
[    0.572259] CPU17: Booted secondary processor 0x0100010000 [0x700f8620]
[    0.586085] Detected PIPT I-cache on CPU18
[    0.586113] GICv3: CPU18: found redistributor 100020000 region 18:0x0000100022100000
[    0.586170] GICv3: CPU18: using allocated LPI pending table @0x0000010000d20000
[    0.586392] CPU18: Booted secondary processor 0x0100020000 [0x700f8620]
[    0.600229] Detected PIPT I-cache on CPU19
[    0.600260] GICv3: CPU19: found redistributor 100030000 region 19:0x0000100022120000
[    0.600318] GICv3: CPU19: using allocated LPI pending table @0x0000010000d30000
[    0.600551] CPU19: Booted secondary processor 0x0100030000 [0x700f8620]
[    0.614373] Detected PIPT I-cache on CPU20
[    0.614404] GICv3: CPU20: found redistributor 100040000 region 20:0x0000100022140000
[    0.614466] GICv3: CPU20: using allocated LPI pending table @0x0000010000d40000
[    0.614687] CPU20: Booted secondary processor 0x0100040000 [0x700f8620]
[    0.628517] Detected PIPT I-cache on CPU21
[    0.628549] GICv3: CPU21: found redistributor 100050000 region 21:0x0000100022160000
[    0.628609] GICv3: CPU21: using allocated LPI pending table @0x0000010000d50000
[    0.628842] CPU21: Booted secondary processor 0x0100050000 [0x700f8620]
[    0.642660] Detected PIPT I-cache on CPU22
[    0.642690] GICv3: CPU22: found redistributor 100060000 region 22:0x0000100022180000
[    0.642750] GICv3: CPU22: using allocated LPI pending table @0x0000010000d60000
[    0.642976] CPU22: Booted secondary processor 0x0100060000 [0x700f8620]
[    0.656804] Detected PIPT I-cache on CPU23
[    0.656834] GICv3: CPU23: found redistributor 100070000 region 23:0x00001000221a0000
[    0.656894] GICv3: CPU23: using allocated LPI pending table @0x0000010000d70000
[    0.657124] CPU23: Booted secondary processor 0x0100070000 [0x700f8620]
[    0.670948] Detected PIPT I-cache on CPU24
[    0.670980] GICv3: CPU24: found redistributor 100080000 region 24:0x00001000221c0000
[    0.671041] GICv3: CPU24: using allocated LPI pending table @0x0000010000d80000
[    0.671268] CPU24: Booted secondary processor 0x0100080000 [0x700f8620]
[    0.685092] Detected PIPT I-cache on CPU25
[    0.685123] GICv3: CPU25: found redistributor 100090000 region 25:0x00001000221e0000
[    0.685185] GICv3: CPU25: using allocated LPI pending table @0x0000010000d90000
[    0.685423] CPU25: Booted secondary processor 0x0100090000 [0x700f8620]
[    0.699236] Detected PIPT I-cache on CPU26
[    0.699266] GICv3: CPU26: found redistributor 1000a0000 region 26:0x0000100022200000
[    0.699328] GICv3: CPU26: using allocated LPI pending table @0x0000010000da0000
[    0.699554] CPU26: Booted secondary processor 0x01000a0000 [0x700f8620]
[    0.713379] Detected PIPT I-cache on CPU27
[    0.713409] GICv3: CPU27: found redistributor 1000b0000 region 27:0x0000100022220000
[    0.713470] GICv3: CPU27: using allocated LPI pending table @0x0000010000db0000
[    0.713706] CPU27: Booted secondary processor 0x01000b0000 [0x700f8620]
[    0.727523] Detected PIPT I-cache on CPU28
[    0.727555] GICv3: CPU28: found redistributor 1000c0000 region 28:0x0000100022240000
[    0.727619] GICv3: CPU28: using allocated LPI pending table @0x0000010000dc0000
[    0.727852] CPU28: Booted secondary processor 0x01000c0000 [0x700f8620]
[    0.741667] Detected PIPT I-cache on CPU29
[    0.741700] GICv3: CPU29: found redistributor 1000d0000 region 29:0x0000100022260000
[    0.741757] GICv3: CPU29: using allocated LPI pending table @0x0000010000dd0000
[    0.742003] CPU29: Booted secondary processor 0x01000d0000 [0x700f8620]
[    0.755809] Detected PIPT I-cache on CPU30
[    0.755842] GICv3: CPU30: found redistributor 1000e0000 region 30:0x0000100022280000
[    0.755908] GICv3: CPU30: using allocated LPI pending table @0x0000010000de0000
[    0.756136] CPU30: Booted secondary processor 0x01000e0000 [0x700f8620]
[    0.769953] Detected PIPT I-cache on CPU31
[    0.769987] GICv3: CPU31: found redistributor 1000f0000 region 31:0x00001000222a0000
[    0.770052] GICv3: CPU31: using allocated LPI pending table @0x0000010000df0000
[    0.770293] CPU31: Booted secondary processor 0x01000f0000 [0x700f8620]
[    0.784097] Detected PIPT I-cache on CPU32
[    0.784133] GICv3: CPU32: found redistributor 200000000 region 32:0x00002000220c0000
[    0.784195] GICv3: CPU32: using allocated LPI pending table @0x0000010000e00000
[    0.784419] CPU32: Booted secondary processor 0x0200000000 [0x700f8620]
[    0.798239] Detected PIPT I-cache on CPU33
[    0.798276] GICv3: CPU33: found redistributor 200010000 region 33:0x00002000220e0000
[    0.798336] GICv3: CPU33: using allocated LPI pending table @0x0000010000e10000
[    0.798566] CPU33: Booted secondary processor 0x0200010000 [0x700f8620]
[    0.812383] Detected PIPT I-cache on CPU34
[    0.812418] GICv3: CPU34: found redistributor 200020000 region 34:0x0000200022100000
[    0.812480] GICv3: CPU34: using allocated LPI pending table @0x0000010000e20000
[    0.812700] CPU34: Booted secondary processor 0x0200020000 [0x700f8620]
[    0.826526] Detected PIPT I-cache on CPU35
[    0.826562] GICv3: CPU35: found redistributor 200030000 region 35:0x0000200022120000
[    0.826623] GICv3: CPU35: using allocated LPI pending table @0x0000010000e30000
[    0.826857] CPU35: Booted secondary processor 0x0200030000 [0x700f8620]
[    0.840670] Detected PIPT I-cache on CPU36
[    0.840708] GICv3: CPU36: found redistributor 200040000 region 36:0x0000200022140000
[    0.840770] GICv3: CPU36: using allocated LPI pending table @0x0000010000e40000
[    0.840993] CPU36: Booted secondary processor 0x0200040000 [0x700f8620]
[    0.854813] Detected PIPT I-cache on CPU37
[    0.854851] GICv3: CPU37: found redistributor 200050000 region 37:0x0000200022160000
[    0.854913] GICv3: CPU37: using allocated LPI pending table @0x0000010000e50000
[    0.855147] CPU37: Booted secondary processor 0x0200050000 [0x700f8620]
[    0.868958] Detected PIPT I-cache on CPU38
[    0.868993] GICv3: CPU38: found redistributor 200060000 region 38:0x0000200022180000
[    0.869050] GICv3: CPU38: using allocated LPI pending table @0x0000010000e60000
[    0.869273] CPU38: Booted secondary processor 0x0200060000 [0x700f8620]
[    0.883101] Detected PIPT I-cache on CPU39
[    0.883139] GICv3: CPU39: found redistributor 200070000 region 39:0x00002000221a0000
[    0.883197] GICv3: CPU39: using allocated LPI pending table @0x0000010000e70000
[    0.883428] CPU39: Booted secondary processor 0x0200070000 [0x700f8620]
[    0.897245] Detected PIPT I-cache on CPU40
[    0.897283] GICv3: CPU40: found redistributor 200080000 region 40:0x00002000221c0000
[    0.897343] GICv3: CPU40: using allocated LPI pending table @0x0000010000e80000
[    0.897571] CPU40: Booted secondary processor 0x0200080000 [0x700f8620]
[    0.911390] Detected PIPT I-cache on CPU41
[    0.911427] GICv3: CPU41: found redistributor 200090000 region 41:0x00002000221e0000
[    0.911488] GICv3: CPU41: using allocated LPI pending table @0x0000010000e90000
[    0.911725] CPU41: Booted secondary processor 0x0200090000 [0x700f8620]
[    0.925532] Detected PIPT I-cache on CPU42
[    0.925570] GICv3: CPU42: found redistributor 2000a0000 region 42:0x0000200022200000
[    0.925633] GICv3: CPU42: using allocated LPI pending table @0x0000010000ea0000
[    0.925858] CPU42: Booted secondary processor 0x02000a0000 [0x700f8620]
[    0.939677] Detected PIPT I-cache on CPU43
[    0.939714] GICv3: CPU43: found redistributor 2000b0000 region 43:0x0000200022220000
[    0.939775] GICv3: CPU43: using allocated LPI pending table @0x0000010000eb0000
[    0.940014] CPU43: Booted secondary processor 0x02000b0000 [0x700f8620]
[    0.953820] Detected PIPT I-cache on CPU44
[    0.953859] GICv3: CPU44: found redistributor 2000c0000 region 44:0x0000200022240000
[    0.953923] GICv3: CPU44: using allocated LPI pending table @0x0000010000ec0000
[    0.954153] CPU44: Booted secondary processor 0x02000c0000 [0x700f8620]
[    0.967965] Detected PIPT I-cache on CPU45
[    0.968004] GICv3: CPU45: found redistributor 2000d0000 region 45:0x0000200022260000
[    0.968068] GICv3: CPU45: using allocated LPI pending table @0x0000010000ed0000
[    0.968311] CPU45: Booted secondary processor 0x02000d0000 [0x700f8620]
[    0.982108] Detected PIPT I-cache on CPU46
[    0.982147] GICv3: CPU46: found redistributor 2000e0000 region 46:0x0000200022280000
[    0.982212] GICv3: CPU46: using allocated LPI pending table @0x0000010000ee0000
[    0.982446] CPU46: Booted secondary processor 0x02000e0000 [0x700f8620]
[    0.996251] Detected PIPT I-cache on CPU47
[    0.996290] GICv3: CPU47: found redistributor 2000f0000 region 47:0x00002000222a0000
[    0.996353] GICv3: CPU47: using allocated LPI pending table @0x0000010000ef0000
[    0.996595] CPU47: Booted secondary processor 0x02000f0000 [0x700f8620]
[    1.010395] Detected PIPT I-cache on CPU48
[    1.010439] GICv3: CPU48: found redistributor 300000000 region 48:0x00003000220c0000
[    1.010510] GICv3: CPU48: using allocated LPI pending table @0x0000010000f00000
[    1.010739] CPU48: Booted secondary processor 0x0300000000 [0x700f8620]
[    1.024539] Detected PIPT I-cache on CPU49
[    1.024581] GICv3: CPU49: found redistributor 300010000 region 49:0x00003000220e0000
[    1.024649] GICv3: CPU49: using allocated LPI pending table @0x0000010000f10000
[    1.024885] CPU49: Booted secondary processor 0x0300010000 [0x700f8620]
[    1.038682] Detected PIPT I-cache on CPU50
[    1.038724] GICv3: CPU50: found redistributor 300020000 region 50:0x0000300022100000
[    1.038792] GICv3: CPU50: using allocated LPI pending table @0x0000010000f20000
[    1.039022] CPU50: Booted secondary processor 0x0300020000 [0x700f8620]
[    1.052825] Detected PIPT I-cache on CPU51
[    1.052866] GICv3: CPU51: found redistributor 300030000 region 51:0x0000300022120000
[    1.052933] GICv3: CPU51: using allocated LPI pending table @0x0000010000f30000
[    1.053170] CPU51: Booted secondary processor 0x0300030000 [0x700f8620]
[    1.066969] Detected PIPT I-cache on CPU52
[    1.067012] GICv3: CPU52: found redistributor 300040000 region 52:0x0000300022140000
[    1.067081] GICv3: CPU52: using allocated LPI pending table @0x0000010000f40000
[    1.067312] CPU52: Booted secondary processor 0x0300040000 [0x700f8620]
[    1.081113] Detected PIPT I-cache on CPU53
[    1.081155] GICv3: CPU53: found redistributor 300050000 region 53:0x0000300022160000
[    1.081225] GICv3: CPU53: using allocated LPI pending table @0x0000010000f50000
[    1.081464] CPU53: Booted secondary processor 0x0300050000 [0x700f8620]
[    1.095257] Detected PIPT I-cache on CPU54
[    1.095300] GICv3: CPU54: found redistributor 300060000 region 54:0x0000300022180000
[    1.095370] GICv3: CPU54: using allocated LPI pending table @0x0000010000f60000
[    1.095598] CPU54: Booted secondary processor 0x0300060000 [0x700f8620]
[    1.109401] Detected PIPT I-cache on CPU55
[    1.109445] GICv3: CPU55: found redistributor 300070000 region 55:0x00003000221a0000
[    1.109514] GICv3: CPU55: using allocated LPI pending table @0x0000010000f70000
[    1.109750] CPU55: Booted secondary processor 0x0300070000 [0x700f8620]
[    1.123545] Detected PIPT I-cache on CPU56
[    1.123589] GICv3: CPU56: found redistributor 300080000 region 56:0x00003000221c0000
[    1.123660] GICv3: CPU56: using allocated LPI pending table @0x0000010000f80000
[    1.123894] CPU56: Booted secondary processor 0x0300080000 [0x700f8620]
[    1.137688] Detected PIPT I-cache on CPU57
[    1.137734] GICv3: CPU57: found redistributor 300090000 region 57:0x00003000221e0000
[    1.137805] GICv3: CPU57: using allocated LPI pending table @0x0000010000f90000
[    1.138049] CPU57: Booted secondary processor 0x0300090000 [0x700f8620]
[    1.151832] Detected PIPT I-cache on CPU58
[    1.151877] GICv3: CPU58: found redistributor 3000a0000 region 58:0x0000300022200000
[    1.151950] GICv3: CPU58: using allocated LPI pending table @0x0000010000fa0000
[    1.152184] CPU58: Booted secondary processor 0x03000a0000 [0x700f8620]
[    1.165976] Detected PIPT I-cache on CPU59
[    1.166019] GICv3: CPU59: found redistributor 3000b0000 region 59:0x0000300022220000
[    1.166068] GICv3: CPU59: using allocated LPI pending table @0x0000010000fb0000
[    1.166311] CPU59: Booted secondary processor 0x03000b0000 [0x700f8620]
[    1.180193] Detected PIPT I-cache on CPU60
[    1.180241] GICv3: CPU60: found redistributor 3000c0000 region 60:0x0000300022240000
[    1.180317] GICv3: CPU60: using allocated LPI pending table @0x0000010000fc0000
[    1.180557] CPU60: Booted secondary processor 0x03000c0000 [0x700f8620]
[    1.194335] Detected PIPT I-cache on CPU61
[    1.194382] GICv3: CPU61: found redistributor 3000d0000 region 61:0x0000300022260000
[    1.194456] GICv3: CPU61: using allocated LPI pending table @0x0000010000fd0000
[    1.194706] CPU61: Booted secondary processor 0x03000d0000 [0x700f8620]
[    1.208478] Detected PIPT I-cache on CPU62
[    1.208525] GICv3: CPU62: found redistributor 3000e0000 region 62:0x0000300022280000
[    1.208599] GICv3: CPU62: using allocated LPI pending table @0x0000010000fe0000
[    1.208839] CPU62: Booted secondary processor 0x03000e0000 [0x700f8620]
[    1.222622] Detected PIPT I-cache on CPU63
[    1.222668] GICv3: CPU63: found redistributor 3000f0000 region 63:0x00003000222a0000
[    1.222744] GICv3: CPU63: using allocated LPI pending table @0x0000010000ff0000
[    1.222991] CPU63: Booted secondary processor 0x03000f0000 [0x700f8620]
[    1.236776] Detected PIPT I-cache on CPU64
[    1.236839] GICv3: CPU64: found redistributor 400000000 region 64:0x00004000220c0000
[    1.236915] GICv3: CPU64: using allocated LPI pending table @0x0000010001000000
[    1.237147] CPU64: Booted secondary processor 0x0400000000 [0x700f8620]
[    1.250918] Detected PIPT I-cache on CPU65
[    1.250984] GICv3: CPU65: found redistributor 400010000 region 65:0x00004000220e0000
[    1.251058] GICv3: CPU65: using allocated LPI pending table @0x0000010001010000
[    1.251304] CPU65: Booted secondary processor 0x0400010000 [0x700f8620]
[    1.265062] Detected PIPT I-cache on CPU66
[    1.265127] GICv3: CPU66: found redistributor 400020000 region 66:0x0000400022100000
[    1.265202] GICv3: CPU66: using allocated LPI pending table @0x0000010001020000
[    1.265441] CPU66: Booted secondary processor 0x0400020000 [0x700f8620]
[    1.279207] Detected PIPT I-cache on CPU67
[    1.279272] GICv3: CPU67: found redistributor 400030000 region 67:0x0000400022120000
[    1.279347] GICv3: CPU67: using allocated LPI pending table @0x0000010001030000
[    1.279594] CPU67: Booted secondary processor 0x0400030000 [0x700f8620]
[    1.293349] Detected PIPT I-cache on CPU68
[    1.293415] GICv3: CPU68: found redistributor 400040000 region 68:0x0000400022140000
[    1.293493] GICv3: CPU68: using allocated LPI pending table @0x0000010001040000
[    1.293733] CPU68: Booted secondary processor 0x0400040000 [0x700f8620]
[    1.307495] Detected PIPT I-cache on CPU69
[    1.307562] GICv3: CPU69: found redistributor 400050000 region 69:0x0000400022160000
[    1.307638] GICv3: CPU69: using allocated LPI pending table @0x0000010001050000
[    1.307891] CPU69: Booted secondary processor 0x0400050000 [0x700f8620]
[    1.321638] Detected PIPT I-cache on CPU70
[    1.321704] GICv3: CPU70: found redistributor 400060000 region 70:0x0000400022180000
[    1.321781] GICv3: CPU70: using allocated LPI pending table @0x0000010001060000
[    1.322022] CPU70: Booted secondary processor 0x0400060000 [0x700f8620]
[    1.335781] Detected PIPT I-cache on CPU71
[    1.335845] GICv3: CPU71: found redistributor 400070000 region 71:0x00004000221a0000
[    1.335923] GICv3: CPU71: using allocated LPI pending table @0x0000010001070000
[    1.336176] CPU71: Booted secondary processor 0x0400070000 [0x700f8620]
[    1.349925] Detected PIPT I-cache on CPU72
[    1.349995] GICv3: CPU72: found redistributor 400080000 region 72:0x00004000221c0000
[    1.350074] GICv3: CPU72: using allocated LPI pending table @0x0000010001080000
[    1.350318] CPU72: Booted secondary processor 0x0400080000 [0x700f8620]
[    1.364068] Detected PIPT I-cache on CPU73
[    1.364138] GICv3: CPU73: found redistributor 400090000 region 73:0x00004000221e0000
[    1.364217] GICv3: CPU73: using allocated LPI pending table @0x0000010001090000
[    1.364475] CPU73: Booted secondary processor 0x0400090000 [0x700f8620]
[    1.378211] Detected PIPT I-cache on CPU74
[    1.378277] GICv3: CPU74: found redistributor 4000a0000 region 74:0x0000400022200000
[    1.378357] GICv3: CPU74: using allocated LPI pending table @0x00000100010a0000
[    1.378603] CPU74: Booted secondary processor 0x04000a0000 [0x700f8620]
[    1.392356] Detected PIPT I-cache on CPU75
[    1.392425] GICv3: CPU75: found redistributor 4000b0000 region 75:0x0000400022220000
[    1.392505] GICv3: CPU75: using allocated LPI pending table @0x00000100010b0000
[    1.392762] CPU75: Booted secondary processor 0x04000b0000 [0x700f8620]
[    1.406500] Detected PIPT I-cache on CPU76
[    1.406569] GICv3: CPU76: found redistributor 4000c0000 region 76:0x0000400022240000
[    1.406652] GICv3: CPU76: using allocated LPI pending table @0x00000100010c0000
[    1.406907] CPU76: Booted secondary processor 0x04000c0000 [0x700f8620]
[    1.420643] Detected PIPT I-cache on CPU77
[    1.420713] GICv3: CPU77: found redistributor 4000d0000 region 77:0x0000400022260000
[    1.420794] GICv3: CPU77: using allocated LPI pending table @0x00000100010d0000
[    1.421058] CPU77: Booted secondary processor 0x04000d0000 [0x700f8620]
[    1.434788] Detected PIPT I-cache on CPU78
[    1.434857] GICv3: CPU78: found redistributor 4000e0000 region 78:0x0000400022280000
[    1.434938] GICv3: CPU78: using allocated LPI pending table @0x00000100010e0000
[    1.435195] CPU78: Booted secondary processor 0x04000e0000 [0x700f8620]
[    1.448932] Detected PIPT I-cache on CPU79
[    1.449001] GICv3: CPU79: found redistributor 4000f0000 region 79:0x00004000222a0000
[    1.449084] GICv3: CPU79: using allocated LPI pending table @0x00000100010f0000
[    1.449351] CPU79: Booted secondary processor 0x04000f0000 [0x700f8620]
[    1.463062] Detected PIPT I-cache on CPU80
[    1.463127] GICv3: CPU80: found redistributor 500000000 region 80:0x00005000220c0000
[    1.463203] GICv3: CPU80: using allocated LPI pending table @0x0000010001100000
[    1.463433] CPU80: Booted secondary processor 0x0500000000 [0x700f8620]
[    1.477206] Detected PIPT I-cache on CPU81
[    1.477273] GICv3: CPU81: found redistributor 500010000 region 81:0x00005000220e0000
[    1.477349] GICv3: CPU81: using allocated LPI pending table @0x0000010001110000
[    1.477583] CPU81: Booted secondary processor 0x0500010000 [0x700f8620]
[    1.491350] Detected PIPT I-cache on CPU82
[    1.491416] GICv3: CPU82: found redistributor 500020000 region 82:0x0000500022100000
[    1.491490] GICv3: CPU82: using allocated LPI pending table @0x0000010001120000
[    1.491713] CPU82: Booted secondary processor 0x0500020000 [0x700f8620]
[    1.505493] Detected PIPT I-cache on CPU83
[    1.505557] GICv3: CPU83: found redistributor 500030000 region 83:0x0000500022120000
[    1.505634] GICv3: CPU83: using allocated LPI pending table @0x0000010001130000
[    1.505868] CPU83: Booted secondary processor 0x0500030000 [0x700f8620]
[    1.519636] Detected PIPT I-cache on CPU84
[    1.519703] GICv3: CPU84: found redistributor 500040000 region 84:0x0000500022140000
[    1.519782] GICv3: CPU84: using allocated LPI pending table @0x0000010001140000
[    1.520006] CPU84: Booted secondary processor 0x0500040000 [0x700f8620]
[    1.533781] Detected PIPT I-cache on CPU85
[    1.533848] GICv3: CPU85: found redistributor 500050000 region 85:0x0000500022160000
[    1.533925] GICv3: CPU85: using allocated LPI pending table @0x0000010001150000
[    1.534163] CPU85: Booted secondary processor 0x0500050000 [0x700f8620]
[    1.547925] Detected PIPT I-cache on CPU86
[    1.547991] GICv3: CPU86: found redistributor 500060000 region 86:0x0000500022180000
[    1.548067] GICv3: CPU86: using allocated LPI pending table @0x0000010001160000
[    1.548294] CPU86: Booted secondary processor 0x0500060000 [0x700f8620]
[    1.562068] Detected PIPT I-cache on CPU87
[    1.562134] GICv3: CPU87: found redistributor 500070000 region 87:0x00005000221a0000
[    1.562212] GICv3: CPU87: using allocated LPI pending table @0x0000010001170000
[    1.562447] CPU87: Booted secondary processor 0x0500070000 [0x700f8620]
[    1.576213] Detected PIPT I-cache on CPU88
[    1.576282] GICv3: CPU88: found redistributor 500080000 region 88:0x00005000221c0000
[    1.576362] GICv3: CPU88: using allocated LPI pending table @0x0000010001180000
[    1.576592] CPU88: Booted secondary processor 0x0500080000 [0x700f8620]
[    1.590357] Detected PIPT I-cache on CPU89
[    1.590424] GICv3: CPU89: found redistributor 500090000 region 89:0x00005000221e0000
[    1.590505] GICv3: CPU89: using allocated LPI pending table @0x0000010001190000
[    1.590748] CPU89: Booted secondary processor 0x0500090000 [0x700f8620]
[    1.604501] Detected PIPT I-cache on CPU90
[    1.604570] GICv3: CPU90: found redistributor 5000a0000 region 90:0x0000500022200000
[    1.604649] GICv3: CPU90: using allocated LPI pending table @0x00000100011a0000
[    1.604881] CPU90: Booted secondary processor 0x05000a0000 [0x700f8620]
[    1.618643] Detected PIPT I-cache on CPU91
[    1.618713] GICv3: CPU91: found redistributor 5000b0000 region 91:0x0000500022220000
[    1.618792] GICv3: CPU91: using allocated LPI pending table @0x00000100011b0000
[    1.619030] CPU91: Booted secondary processor 0x05000b0000 [0x700f8620]
[    1.632788] Detected PIPT I-cache on CPU92
[    1.632860] GICv3: CPU92: found redistributor 5000c0000 region 92:0x0000500022240000
[    1.632942] GICv3: CPU92: using allocated LPI pending table @0x00000100011c0000
[    1.633176] CPU92: Booted secondary processor 0x05000c0000 [0x700f8620]
[    1.646932] Detected PIPT I-cache on CPU93
[    1.647004] GICv3: CPU93: found redistributor 5000d0000 region 93:0x0000500022260000
[    1.647086] GICv3: CPU93: using allocated LPI pending table @0x00000100011d0000
[    1.647333] CPU93: Booted secondary processor 0x05000d0000 [0x700f8620]
[    1.661075] Detected PIPT I-cache on CPU94
[    1.661146] GICv3: CPU94: found redistributor 5000e0000 region 94:0x0000500022280000
[    1.661220] GICv3: CPU94: using allocated LPI pending table @0x00000100011e0000
[    1.661458] CPU94: Booted secondary processor 0x05000e0000 [0x700f8620]
[    1.675218] Detected PIPT I-cache on CPU95
[    1.675288] GICv3: CPU95: found redistributor 5000f0000 region 95:0x00005000222a0000
[    1.675362] GICv3: CPU95: using allocated LPI pending table @0x00000100011f0000
[    1.675606] CPU95: Booted secondary processor 0x05000f0000 [0x700f8620]
[    1.689370] Detected PIPT I-cache on CPU96
[    1.689449] GICv3: CPU96: found redistributor 600000000 region 96:0x00006000220c0000
[    1.689538] GICv3: CPU96: using allocated LPI pending table @0x0000010001200000
[    1.689783] CPU96: Booted secondary processor 0x0600000000 [0x700f8620]
[    1.703515] Detected PIPT I-cache on CPU97
[    1.703596] GICv3: CPU97: found redistributor 600010000 region 97:0x00006000220e0000
[    1.703684] GICv3: CPU97: using allocated LPI pending table @0x0000010001210000
[    1.703947] CPU97: Booted secondary processor 0x0600010000 [0x700f8620]
[    1.717657] Detected PIPT I-cache on CPU98
[    1.717737] GICv3: CPU98: found redistributor 600020000 region 98:0x0000600022100000
[    1.717826] GICv3: CPU98: using allocated LPI pending table @0x0000010001220000
[    1.718079] CPU98: Booted secondary processor 0x0600020000 [0x700f8620]
[    1.731802] Detected PIPT I-cache on CPU99
[    1.731882] GICv3: CPU99: found redistributor 600030000 region 99:0x0000600022120000
[    1.731971] GICv3: CPU99: using allocated LPI pending table @0x0000010001230000
[    1.732233] CPU99: Booted secondary processor 0x0600030000 [0x700f8620]
[    1.745946] Detected PIPT I-cache on CPU100
[    1.746027] GICv3: CPU100: found redistributor 600040000 region 100:0x0000600022140000
[    1.746117] GICv3: CPU100: using allocated LPI pending table @0x0000010001240000
[    1.746373] CPU100: Booted secondary processor 0x0600040000 [0x700f8620]
[    1.760090] Detected PIPT I-cache on CPU101
[    1.760173] GICv3: CPU101: found redistributor 600050000 region 101:0x0000600022160000
[    1.760265] GICv3: CPU101: using allocated LPI pending table @0x0000010001250000
[    1.760531] CPU101: Booted secondary processor 0x0600050000 [0x700f8620]
[    1.774233] Detected PIPT I-cache on CPU102
[    1.774314] GICv3: CPU102: found redistributor 600060000 region 102:0x0000600022180000
[    1.774406] GICv3: CPU102: using allocated LPI pending table @0x0000010001260000
[    1.774660] CPU102: Booted secondary processor 0x0600060000 [0x700f8620]
[    1.788378] Detected PIPT I-cache on CPU103
[    1.788459] GICv3: CPU103: found redistributor 600070000 region 103:0x00006000221a0000
[    1.788549] GICv3: CPU103: using allocated LPI pending table @0x0000010001270000
[    1.788814] CPU103: Booted secondary processor 0x0600070000 [0x700f8620]
[    1.802521] Detected PIPT I-cache on CPU104
[    1.802604] GICv3: CPU104: found redistributor 600080000 region 104:0x00006000221c0000
[    1.802701] GICv3: CPU104: using allocated LPI pending table @0x0000010001280000
[    1.802960] CPU104: Booted secondary processor 0x0600080000 [0x700f8620]
[    1.816666] Detected PIPT I-cache on CPU105
[    1.816751] GICv3: CPU105: found redistributor 600090000 region 105:0x00006000221e0000
[    1.816844] GICv3: CPU105: using allocated LPI pending table @0x0000010001290000
[    1.817117] CPU105: Booted secondary processor 0x0600090000 [0x700f8620]
[    1.830808] Detected PIPT I-cache on CPU106
[    1.830892] GICv3: CPU106: found redistributor 6000a0000 region 106:0x0000600022200000
[    1.830985] GICv3: CPU106: using allocated LPI pending table @0x00000100012a0000
[    1.831249] CPU106: Booted secondary processor 0x06000a0000 [0x700f8620]
[    1.844952] Detected PIPT I-cache on CPU107
[    1.845035] GICv3: CPU107: found redistributor 6000b0000 region 107:0x0000600022220000
[    1.845130] GICv3: CPU107: using allocated LPI pending table @0x00000100012b0000
[    1.845399] CPU107: Booted secondary processor 0x06000b0000 [0x700f8620]
[    1.859097] Detected PIPT I-cache on CPU108
[    1.859182] GICv3: CPU108: found redistributor 6000c0000 region 108:0x0000600022240000
[    1.859280] GICv3: CPU108: using allocated LPI pending table @0x00000100012c0000
[    1.859546] CPU108: Booted secondary processor 0x06000c0000 [0x700f8620]
[    1.873241] Detected PIPT I-cache on CPU109
[    1.873326] GICv3: CPU109: found redistributor 6000d0000 region 109:0x0000600022260000
[    1.873422] GICv3: CPU109: using allocated LPI pending table @0x00000100012d0000
[    1.873700] CPU109: Booted secondary processor 0x06000d0000 [0x700f8620]
[    1.887384] Detected PIPT I-cache on CPU110
[    1.887468] GICv3: CPU110: found redistributor 6000e0000 region 110:0x0000600022280000
[    1.887564] GICv3: CPU110: using allocated LPI pending table @0x00000100012e0000
[    1.887834] CPU110: Booted secondary processor 0x06000e0000 [0x700f8620]
[    1.901529] Detected PIPT I-cache on CPU111
[    1.901614] GICv3: CPU111: found redistributor 6000f0000 region 111:0x00006000222a0000
[    1.901710] GICv3: CPU111: using allocated LPI pending table @0x00000100012f0000
[    1.901986] CPU111: Booted secondary processor 0x06000f0000 [0x700f8620]
[    1.915668] Detected PIPT I-cache on CPU112
[    1.915753] GICv3: CPU112: found redistributor 700000000 region 112:0x00007000220c0000
[    1.915834] GICv3: CPU112: using allocated LPI pending table @0x0000010001300000
[    1.916091] CPU112: Booted secondary processor 0x0700000000 [0x700f8620]
[    1.929811] Detected PIPT I-cache on CPU113
[    1.929899] GICv3: CPU113: found redistributor 700010000 region 113:0x00007000220e0000
[    1.929978] GICv3: CPU113: using allocated LPI pending table @0x0000010001310000
[    1.930244] CPU113: Booted secondary processor 0x0700010000 [0x700f8620]
[    1.943956] Detected PIPT I-cache on CPU114
[    1.944041] GICv3: CPU114: found redistributor 700020000 region 114:0x0000700022100000
[    1.944120] GICv3: CPU114: using allocated LPI pending table @0x0000010001320000
[    1.944381] CPU114: Booted secondary processor 0x0700020000 [0x700f8620]
[    1.958099] Detected PIPT I-cache on CPU115
[    1.958183] GICv3: CPU115: found redistributor 700030000 region 115:0x0000700022120000
[    1.958263] GICv3: CPU115: using allocated LPI pending table @0x0000010001330000
[    1.958529] CPU115: Booted secondary processor 0x0700030000 [0x700f8620]
[    1.972244] Detected PIPT I-cache on CPU116
[    1.972331] GICv3: CPU116: found redistributor 700040000 region 116:0x0000700022140000
[    1.972413] GICv3: CPU116: using allocated LPI pending table @0x0000010001340000
[    1.972675] CPU116: Booted secondary processor 0x0700040000 [0x700f8620]
[    1.986387] Detected PIPT I-cache on CPU117
[    1.986474] GICv3: CPU117: found redistributor 700050000 region 117:0x0000700022160000
[    1.986558] GICv3: CPU117: using allocated LPI pending table @0x0000010001350000
[    1.986830] CPU117: Booted secondary processor 0x0700050000 [0x700f8620]
[    2.000529] Detected PIPT I-cache on CPU118
[    2.000616] GICv3: CPU118: found redistributor 700060000 region 118:0x0000700022180000
[    2.000698] GICv3: CPU118: using allocated LPI pending table @0x0000010001360000
[    2.000962] CPU118: Booted secondary processor 0x0700060000 [0x700f8620]
[    2.014675] Detected PIPT I-cache on CPU119
[    2.014763] GICv3: CPU119: found redistributor 700070000 region 119:0x00007000221a0000
[    2.014843] GICv3: CPU119: using allocated LPI pending table @0x0000010001370000
[    2.015112] CPU119: Booted secondary processor 0x0700070000 [0x700f8620]
[    2.028822] Detected PIPT I-cache on CPU120
[    2.028911] GICv3: CPU120: found redistributor 700080000 region 120:0x00007000221c0000
[    2.028996] GICv3: CPU120: using allocated LPI pending table @0x0000010001380000
[    2.029264] CPU120: Booted secondary processor 0x0700080000 [0x700f8620]
[    2.042963] Detected PIPT I-cache on CPU121
[    2.043052] GICv3: CPU121: found redistributor 700090000 region 121:0x00007000221e0000
[    2.043134] GICv3: CPU121: using allocated LPI pending table @0x0000010001390000
[    2.043411] CPU121: Booted secondary processor 0x0700090000 [0x700f8620]
[    2.057106] Detected PIPT I-cache on CPU122
[    2.057196] GICv3: CPU122: found redistributor 7000a0000 region 122:0x0000700022200000
[    2.057278] GICv3: CPU122: using allocated LPI pending table @0x00000100013a0000
[    2.057546] CPU122: Booted secondary processor 0x07000a0000 [0x700f8620]
[    2.071249] Detected PIPT I-cache on CPU123
[    2.071338] GICv3: CPU123: found redistributor 7000b0000 region 123:0x0000700022220000
[    2.071421] GICv3: CPU123: using allocated LPI pending table @0x00000100013b0000
[    2.071700] CPU123: Booted secondary processor 0x07000b0000 [0x700f8620]
[    2.085393] Detected PIPT I-cache on CPU124
[    2.085485] GICv3: CPU124: found redistributor 7000c0000 region 124:0x0000700022240000
[    2.085567] GICv3: CPU124: using allocated LPI pending table @0x00000100013c0000
[    2.085842] CPU124: Booted secondary processor 0x07000c0000 [0x700f8620]
[    2.099538] Detected PIPT I-cache on CPU125
[    2.099631] GICv3: CPU125: found redistributor 7000d0000 region 125:0x0000700022260000
[    2.099715] GICv3: CPU125: using allocated LPI pending table @0x00000100013d0000
[    2.100005] CPU125: Booted secondary processor 0x07000d0000 [0x700f8620]
[    2.113680] Detected PIPT I-cache on CPU126
[    2.113770] GICv3: CPU126: found redistributor 7000e0000 region 126:0x0000700022280000
[    2.113855] GICv3: CPU126: using allocated LPI pending table @0x00000100013e0000
[    2.114134] CPU126: Booted secondary processor 0x07000e0000 [0x700f8620]
[    2.127824] Detected PIPT I-cache on CPU127
[    2.127913] GICv3: CPU127: found redistributor 7000f0000 region 127:0x00007000222a0000
[    2.127998] GICv3: CPU127: using allocated LPI pending table @0x00000100013f0000
[    2.128288] CPU127: Booted secondary processor 0x07000f0000 [0x700f8620]
[    2.128585] smp: Brought up 8 nodes, 128 CPUs
[    2.129416] SMP: Total of 128 processors activated.
[    2.129419] CPU features: detected: Privileged Access Never
[    2.129422] CPU features: detected: LSE atomic instructions
[    2.129428] CPU features: detected: User Access Override
[    2.129431] CPU features: detected: 32-bit EL0 Support
[    2.129433] CPU features: detected: Common not Private translations
[    2.129435] CPU features: detected: Data cache clean to Point of Persistence
[    2.129438] CPU features: detected: RAS Extension Support
[    2.129440] CPU features: detected: Data cache clean to the PoU not required for I/D coherence
[    2.129444] CPU features: detected: CRC32 instructions
[    2.133673] CPU: All CPU(s) started at EL2
[    2.158307] devtmpfs: initialized
[    2.158827] KASLR disabled due to lack of seed
[    2.159516] clocksource: jiffies: mask: 0xffffffff max_cycles: 0xffffffff, max_idle_ns: 19112604462750000 ns
[    2.159567] futex hash table entries: 32768 (order: 5, 2097152 bytes, vmalloc)
[    2.161155] pinctrl core: initialized pinctrl subsystem
[    2.161339] SMBIOS 3.3 present.
[    2.161344] DMI: Inspur CS5280F3/CS5280F3, BIOS 2.12.01 03/23/2024
[    2.162184] NET: Registered protocol family 16
[    2.168785] DMA: preallocated 65536 KiB GFP_KERNEL pool for atomic allocations
[    2.169844] DMA: preallocated 65536 KiB GFP_KERNEL|GFP_DMA32 pool for atomic allocations
[    2.170011] audit: initializing netlink subsys (disabled)
[    2.170173] audit: type=2000 audit(2.070:1): state=initialized audit_enabled=0 res=1
[    2.170705] cpuidle: using governor menu
[    2.170759] Detected 16 PCC Subspaces
[    2.170847] Registering PCC driver as Mailbox controller
[    2.171044] hw-breakpoint: found 6 breakpoint and 4 watchpoint registers.
[    2.172535] ACPI: bus type PCI registered
[    2.172539] acpiphp: ACPI Hot Plug PCI Controller Driver version: 0.5
[    2.173070] Serial: AMBA PL011 UART driver
[    2.180324] HugeTLB registered 16.0 GiB page size, pre-allocated 0 pages
[    2.180330] HugeTLB registered 512 MiB page size, pre-allocated 0 pages
[    2.180333] HugeTLB registered 2.00 MiB page size, pre-allocated 0 pages
[    2.182083] cryptd: max_cpu_qlen set to 1000
[    2.184002] fbcon: Taking over console
[    2.184861] ACPI: Added _OSI(Module Device)
[    2.184865] ACPI: Added _OSI(Processor Device)
[    2.184867] ACPI: Added _OSI(3.0 _SCP Extensions)
[    2.184870] ACPI: Added _OSI(Processor Aggregator Device)
[    2.184872] ACPI: Added _OSI(Linux-Dell-Video)
[    2.184875] ACPI: Added _OSI(Linux-Lenovo-NV-HDMI-Audio)
[    2.184878] ACPI: Added _OSI(Linux-HPI-Hybrid-Graphics)
[    2.189657] ACPI: 2 ACPI AML tables successfully acquired and loaded
[    2.192837] ACPI: Interpreter enabled
[    2.192843] ACPI: Using GIC for interrupt routing
[    2.192861] ACPI: MCFG table detected, 8 entries
[    2.203935] ARMH0011:00: ttyAMA0 at MMIO 0x20001000 (irq = 5, base_baud = 0) is a SBSA
[    8.802605] printk: console [ttyAMA0] enabled
[    8.813071] ACPI: PCI: Interrupt link LNKA configured for IRQ 86
[    8.819078] ACPI: PCI: Interrupt link LNKB configured for IRQ 85
[    8.825098] ACPI: PCI: Interrupt link LNKC configured for IRQ 84
[    8.831101] ACPI: PCI: Interrupt link LNKD configured for IRQ 83
[    8.837112] ACPI: PCI: Interrupt link LNKE configured for IRQ 182
[    8.843201] ACPI: PCI: Interrupt link LNKF configured for IRQ 181
[    8.849305] ACPI: PCI: Interrupt link LNKG configured for IRQ 180
[    8.855393] ACPI: PCI: Interrupt link LNKH configured for IRQ 179
[    8.861491] ACPI: PCI: Interrupt link LNKI configured for IRQ 278
[    8.867579] ACPI: PCI: Interrupt link LNKJ configured for IRQ 277
[    8.873680] ACPI: PCI: Interrupt link LNKK configured for IRQ 276
[    8.879769] ACPI: PCI: Interrupt link LNKL configured for IRQ 275
[    8.885867] ACPI: PCI: Interrupt link LNKM configured for IRQ 374
[    8.891956] ACPI: PCI: Interrupt link LNKN configured for IRQ 373
[    8.898057] ACPI: PCI: Interrupt link LNKO configured for IRQ 372
[    8.904145] ACPI: PCI: Interrupt link LNKP configured for IRQ 371
[    8.910249] ACPI: PCI: Interrupt link LNKQ configured for IRQ 470
[    8.916337] ACPI: PCI: Interrupt link LNKR configured for IRQ 469
[    8.922433] ACPI: PCI: Interrupt link LNKS configured for IRQ 468
[    8.928522] ACPI: PCI: Interrupt link LNKT configured for IRQ 467
[    8.934625] ACPI: PCI: Interrupt link LNKU configured for IRQ 566
[    8.940714] ACPI: PCI: Interrupt link LNKV configured for IRQ 565
[    8.946812] ACPI: PCI: Interrupt link LNKW configured for IRQ 564
[    8.952901] ACPI: PCI: Interrupt link LNKX configured for IRQ 563
[    8.959004] ACPI: PCI: Interrupt link LNLA configured for IRQ 662
[    8.965092] ACPI: PCI: Interrupt link LNLB configured for IRQ 661
[    8.971190] ACPI: PCI: Interrupt link LNLC configured for IRQ 660
[    8.977304] ACPI: PCI: Interrupt link LNLD configured for IRQ 659
[    8.983405] ACPI: PCI: Interrupt link LNLE configured for IRQ 758
[    8.989494] ACPI: PCI: Interrupt link LNLF configured for IRQ 757
[    8.995595] ACPI: PCI: Interrupt link LNLG configured for IRQ 756
[    9.001683] ACPI: PCI: Interrupt link LNLH configured for IRQ 755
[    9.007850] ACPI: PCI Root Bridge [PCI0] (domain 0000 [bus 00-ff])
[    9.014022] acpi PNP0A08:00: _OSC: OS supports [ExtendedConfig ASPM ClockPM Segments MSI EDR HPX-Type3]
[    9.023480] acpi PNP0A08:00: _OSC: platform does not support [LTR DPC]
[    9.030071] acpi PNP0A08:00: _OSC: OS now controls [PCIeHotplug PME AER PCIeCapability]
[    9.039132] acpi PNP0A08:00: ECAM area [mem 0x40000000-0x4fffffff] reserved by PNP0C02:00
[    9.047423] acpi PNP0A08:00: ECAM at [mem 0x40000000-0x4fffffff] for [bus 00-ff]
[    9.054838] ACPI: Remapped I/O 0x0000000050000000 to [io  0x0000-0xffff window]
[    9.062173] PCI host bridge to bus 0000:00
[    9.066258] pci_bus 0000:00: root bus resource [mem 0x58000000-0x7fffffff window]
[    9.073726] pci_bus 0000:00: root bus resource [mem 0x40000000000-0x4ffffffffff window]
[    9.081728] pci_bus 0000:00: root bus resource [io  0x0000-0xffff window]
[    9.088501] pci_bus 0000:00: root bus resource [bus 00-ff]
[    9.094003] pci 0000:00:00.0: [1db7:5c16] type 01 class 0x060400
[    9.100003] pci 0000:00:00.0: reg 0x10: [mem 0x40002400000-0x400024fffff 64bit]
[    9.107310] pci 0000:00:00.0: reg 0x38: [mem 0x00000000-0x0000ffff pref]
[    9.114070] pci 0000:00:00.0: supports D1
[    9.118080] pci 0000:00:00.0: PME# supported from D0 D1 D3hot D3cold
[    9.124546] pci 0000:00:01.0: [1db7:5c01] type 01 class 0x060400
[    9.130562] pci 0000:00:01.0: reg 0x10: [mem 0x40002000000-0x400023fffff 64bit]
[    9.137858] pci 0000:00:01.0: reg 0x38: [mem 0x00000000-0x0000ffff pref]
[    9.144587] pci 0000:00:01.0: supports D1
[    9.148582] pci 0000:00:01.0: PME# supported from D0 D1 D3hot D3cold
[    9.155005] pci 0000:00:02.0: [1db7:5c01] type 01 class 0x060400
[    9.161005] pci 0000:00:02.0: reg 0x10: [mem 0x40001c00000-0x40001ffffff 64bit]
[    9.168316] pci 0000:00:02.0: reg 0x38: [mem 0x00000000-0x0000ffff pref]
[    9.175035] pci 0000:00:02.0: supports D1
[    9.179045] pci 0000:00:02.0: PME# supported from D0 D1 D3hot D3cold
[    9.185480] pci 0000:00:03.0: [1db7:5c01] type 01 class 0x060400
[    9.191489] pci 0000:00:03.0: reg 0x10: [mem 0x40001800000-0x40001bfffff 64bit]
[    9.198786] pci 0000:00:03.0: reg 0x38: [mem 0x00000000-0x0000ffff pref]
[    9.205519] pci 0000:00:03.0: supports D1
[    9.209513] pci 0000:00:03.0: PME# supported from D0 D1 D3hot D3cold
[    9.215936] pci 0000:00:04.0: [1db7:5c01] type 01 class 0x060400
[    9.221937] pci 0000:00:04.0: reg 0x10: [mem 0x40001400000-0x400017fffff 64bit]
[    9.229248] pci 0000:00:04.0: reg 0x38: [mem 0x00000000-0x0000ffff pref]
[    9.235967] pci 0000:00:04.0: supports D1
[    9.239972] pci 0000:00:04.0: PME# supported from D0 D1 D3hot D3cold
[    9.246414] pci 0000:01:00.0: [8086:1572] type 00 class 0x020000
[    9.252432] pci 0000:01:00.0: reg 0x10: [mem 0x40000800000-0x40000ffffff 64bit pref]
[    9.260172] pci 0000:01:00.0: reg 0x1c: [mem 0x40001008000-0x4000100ffff 64bit pref]
[    9.267922] pci 0000:01:00.0: reg 0x30: [mem 0x59580000-0x595fffff pref]
[    9.274669] pci 0000:01:00.0: PME# supported from D0 D3hot D3cold
[    9.280782] pci 0000:01:00.0: reg 0x184: [mem 0x00000000-0x0000ffff 64bit pref]
[    9.288076] pci 0000:01:00.0: VF(n) BAR0 space: [mem 0x00000000-0x003fffff 64bit pref] (contains BAR0 for 64 VFs)
[    9.298341] pci 0000:01:00.0: reg 0x190: [mem 0x00000000-0x0000ffff 64bit pref]
[    9.305634] pci 0000:01:00.0: VF(n) BAR3 space: [mem 0x00000000-0x003fffff 64bit pref] (contains BAR3 for 64 VFs)
[    9.316145] pci 0000:01:00.1: [8086:1572] type 00 class 0x020000
[    9.322149] pci 0000:01:00.1: reg 0x10: [mem 0x40000000000-0x400007fffff 64bit pref]
[    9.329898] pci 0000:01:00.1: reg 0x1c: [mem 0x40001000000-0x40001007fff 64bit pref]
[    9.337635] pci 0000:01:00.1: reg 0x30: [mem 0x59500000-0x5957ffff pref]
[    9.344385] pci 0000:01:00.1: PME# supported from D0 D3hot D3cold
[    9.350485] pci 0000:01:00.1: reg 0x184: [mem 0x00000000-0x0000ffff 64bit pref]
[    9.357787] pci 0000:01:00.1: VF(n) BAR0 space: [mem 0x00000000-0x003fffff 64bit pref] (contains BAR0 for 64 VFs)
[    9.368058] pci 0000:01:00.1: reg 0x190: [mem 0x00000000-0x0000ffff 64bit pref]
[    9.375351] pci 0000:01:00.1: VF(n) BAR3 space: [mem 0x00000000-0x003fffff 64bit pref] (contains BAR3 for 64 VFs)
[    9.415691] pci 0000:02:00.0: [1a03:1150] type 01 class 0x060400
[    9.421721] pci 0000:02:00.0: enabling Extended Tags
[    9.426739] pci 0000:02:00.0: supports D1 D2
[    9.430995] pci 0000:02:00.0: PME# supported from D0 D1 D2 D3hot D3cold
[    9.467686] pci_bus 0000:03: extended config space not accessible
[    9.473785] pci 0000:03:00.0: [1a03:2000] type 00 class 0x030000
[    9.479802] pci 0000:03:00.0: reg 0x10: [mem 0x58000000-0x58ffffff]
[    9.486060] pci 0000:03:00.0: reg 0x14: [mem 0x59140000-0x5917ffff]
[    9.492326] pci 0000:03:00.0: reg 0x18: [io  0x0000-0x007f]
[    9.497916] pci 0000:03:00.0: BAR 0: assigned to efifb
[    9.503077] pci 0000:03:00.0: supports D1 D2
[    9.507332] pci 0000:03:00.0: PME# supported from D0 D1 D2 D3hot D3cold
[    9.513997] pci 0000:03:01.0: [1a03:2402] type 00 class 0xff0000
[    9.519998] pci 0000:03:01.0: reg 0x10: [mem 0x59000000-0x590fffff]
[    9.526265] pci 0000:03:01.0: reg 0x14: [mem 0x59100000-0x5913ffff]
[    9.532568] pci 0000:03:01.0: supports D1 D2
[    9.536836] pci 0000:03:01.0: PME# supported from D0 D1 D2 D3hot D3cold
[    9.543569] pci 0000:04:00.0: [1912:0014] type 00 class 0x0c0330
[    9.549591] pci 0000:04:00.0: reg 0x10: [mem 0x59400000-0x59401fff 64bit]
[    9.556444] pci 0000:04:00.0: PME# supported from D0 D3hot D3cold
[    9.592626] pci 0000:05:00.0: [1912:0014] type 00 class 0x0c0330
[    9.598633] pci 0000:05:00.0: reg 0x10: [mem 0x59300000-0x59301fff 64bit]
[    9.605502] pci 0000:05:00.0: PME# supported from D0 D3hot D3cold
[    9.635506] pci 0000:06:00.0: [1b21:0622] type 00 class 0x010601
[    9.641541] pci 0000:06:00.0: reg 0x24: [mem 0x59280000-0x59281fff]
[    9.647813] pci 0000:06:00.0: reg 0x30: [mem 0x59200000-0x5927ffff pref]
[    9.677878] pci_bus 0000:00: on NUMA node 0
[    9.677882] pci 0000:00:00.0: bridge window [io  0x1000-0x0fff] to [bus 01] add_size 1000
[    9.686046] pci 0000:00:00.0: bridge window [mem 0x00400000-0x017fffff 64bit pref] to [bus 01] add_size 1000000 add_align 400000
[    9.697608] pci 0000:00:00.0: bridge window [mem 0x00100000-0x001fffff] to [bus 01] add_size 100000 add_align 100000
[    9.708129] pci 0000:00:01.0: BAR 14: assigned [mem 0x58000000-0x597fffff]
[    9.714989] pci 0000:00:00.0: BAR 15: assigned [mem 0x40000000000-0x400023fffff 64bit pref]
[    9.723339] pci 0000:00:01.0: BAR 0: assigned [mem 0x40002400000-0x400027fffff 64bit]
[    9.731157] pci 0000:00:02.0: BAR 0: assigned [mem 0x40002800000-0x40002bfffff 64bit]
[    9.738983] pci 0000:00:03.0: BAR 0: assigned [mem 0x40002c00000-0x40002ffffff 64bit]
[    9.746801] pci 0000:00:04.0: BAR 0: assigned [mem 0x40003000000-0x400033fffff 64bit]
[    9.754627] pci 0000:00:00.0: BAR 0: assigned [mem 0x40003400000-0x400034fffff 64bit]
[    9.762445] pci 0000:00:00.0: BAR 14: assigned [mem 0x59800000-0x599fffff]
[    9.769311] pci 0000:00:02.0: BAR 14: assigned [mem 0x59a00000-0x59afffff]
[    9.776170] pci 0000:00:03.0: BAR 14: assigned [mem 0x59b00000-0x59bfffff]
[    9.783041] pci 0000:00:04.0: BAR 14: assigned [mem 0x59c00000-0x59cfffff]
[    9.789900] pci 0000:00:00.0: BAR 6: assigned [mem 0x59d00000-0x59d0ffff pref]
[    9.797158] pci 0000:00:01.0: BAR 6: assigned [mem 0x59d10000-0x59d1ffff pref]
[    9.804365] pci 0000:00:02.0: BAR 6: assigned [mem 0x59d20000-0x59d2ffff pref]
[    9.811582] pci 0000:00:03.0: BAR 6: assigned [mem 0x59d30000-0x59d3ffff pref]
[    9.818789] pci 0000:00:04.0: BAR 6: assigned [mem 0x59d40000-0x59d4ffff pref]
[    9.826003] pci 0000:00:00.0: BAR 13: assigned [io  0x1000-0x1fff]
[    9.832168] pci 0000:00:01.0: BAR 13: assigned [io  0x2000-0x2fff]
[    9.838351] pci 0000:01:00.0: BAR 0: assigned [mem 0x40000000000-0x400007fffff 64bit pref]
[    9.846605] pci 0000:01:00.1: BAR 0: assigned [mem 0x40000800000-0x40000ffffff 64bit pref]
[    9.854874] pci 0000:01:00.0: BAR 6: assigned [mem 0x59800000-0x5987ffff pref]
[    9.862081] pci 0000:01:00.1: BAR 6: assigned [mem 0x59880000-0x598fffff pref]
[    9.869295] pci 0000:01:00.0: BAR 7: assigned [mem 0x40001000000-0x400013fffff 64bit pref]
[    9.877546] pci 0000:01:00.0: BAR 10: assigned [mem 0x40001400000-0x400017fffff 64bit pref]
[    9.885892] pci 0000:01:00.1: BAR 7: assigned [mem 0x40001800000-0x40001bfffff 64bit pref]
[    9.894142] pci 0000:01:00.1: BAR 10: assigned [mem 0x40001c00000-0x40001ffffff 64bit pref]
[    9.902489] pci 0000:01:00.0: BAR 3: assigned [mem 0x40002000000-0x40002007fff 64bit pref]
[    9.910743] pci 0000:01:00.1: BAR 3: assigned [mem 0x40002008000-0x4000200ffff 64bit pref]
[    9.919009] pci 0000:00:00.0: PCI bridge to [bus 01]
[    9.923959] pci 0000:00:00.0:   bridge window [io  0x1000-0x1fff]
[    9.930042] pci 0000:00:00.0:   bridge window [mem 0x59800000-0x599fffff]
[    9.936815] pci 0000:00:00.0:   bridge window [mem 0x40000000000-0x400023fffff 64bit pref]
[    9.945093] pci 0000:02:00.0: BAR 14: assigned [mem 0x58000000-0x597fffff]
[    9.951965] pci 0000:02:00.0: BAR 13: assigned [io  0x2000-0x2fff]
[    9.958144] pci 0000:03:00.0: BAR 0: assigned [mem 0x58000000-0x58ffffff]
[    9.964929] pci 0000:03:01.0: BAR 0: assigned [mem 0x59000000-0x590fffff]
[    9.971703] pci 0000:03:00.0: BAR 1: assigned [mem 0x59100000-0x5913ffff]
[    9.978480] pci 0000:03:01.0: BAR 1: assigned [mem 0x59140000-0x5917ffff]
[    9.985254] pci 0000:03:00.0: BAR 2: assigned [io  0x2000-0x207f]
[    9.991336] pci 0000:02:00.0: PCI bridge to [bus 03]
[    9.996288] pci 0000:02:00.0:   bridge window [io  0x2000-0x2fff]
[   10.002368] pci 0000:02:00.0:   bridge window [mem 0x58000000-0x597fffff]
[   10.009146] pci 0000:00:01.0: PCI bridge to [bus 02-03]
[   10.014358] pci 0000:00:01.0:   bridge window [io  0x2000-0x2fff]
[   10.020437] pci 0000:00:01.0:   bridge window [mem 0x58000000-0x597fffff]
[   10.027216] pci 0000:04:00.0: BAR 0: assigned [mem 0x59a00000-0x59a01fff 64bit]
[   10.034517] pci 0000:00:02.0: PCI bridge to [bus 04]
[   10.039468] pci 0000:00:02.0:   bridge window [mem 0x59a00000-0x59afffff]
[   10.046245] pci 0000:05:00.0: BAR 0: assigned [mem 0x59b00000-0x59b01fff 64bit]
[   10.053547] pci 0000:00:03.0: PCI bridge to [bus 05]
[   10.058498] pci 0000:00:03.0:   bridge window [mem 0x59b00000-0x59bfffff]
[   10.065275] pci 0000:06:00.0: BAR 6: assigned [mem 0x59c00000-0x59c7ffff pref]
[   10.072482] pci 0000:06:00.0: BAR 5: assigned [mem 0x59c80000-0x59c81fff]
[   10.079259] pci 0000:00:04.0: PCI bridge to [bus 06]
[   10.084210] pci 0000:00:04.0:   bridge window [mem 0x59c00000-0x59cfffff]
[   10.090988] pci_bus 0000:00: resource 4 [mem 0x58000000-0x7fffffff window]
[   10.097848] pci_bus 0000:00: resource 5 [mem 0x40000000000-0x4ffffffffff window]
[   10.105230] pci_bus 0000:00: resource 6 [io  0x0000-0xffff window]
[   10.111396] pci_bus 0000:01: resource 0 [io  0x1000-0x1fff]
[   10.116954] pci_bus 0000:01: resource 1 [mem 0x59800000-0x599fffff]
[   10.123206] pci_bus 0000:01: resource 2 [mem 0x40000000000-0x400023fffff 64bit pref]
[   10.130936] pci_bus 0000:02: resource 0 [io  0x2000-0x2fff]
[   10.136493] pci_bus 0000:02: resource 1 [mem 0x58000000-0x597fffff]
[   10.142746] pci_bus 0000:03: resource 0 [io  0x2000-0x2fff]
[   10.148303] pci_bus 0000:03: resource 1 [mem 0x58000000-0x597fffff]
[   10.154556] pci_bus 0000:04: resource 1 [mem 0x59a00000-0x59afffff]
[   10.160809] pci_bus 0000:05: resource 1 [mem 0x59b00000-0x59bfffff]
[   10.167062] pci_bus 0000:06: resource 1 [mem 0x59c00000-0x59cfffff]
[   10.173622] ACPI: PCI Root Bridge [PCI1] (domain 0001 [bus 00-ff])
[   10.179800] acpi PNP0A08:01: _OSC: OS supports [ExtendedConfig ASPM ClockPM Segments MSI EDR HPX-Type3]
[   10.189277] acpi PNP0A08:01: _OSC: platform does not support [LTR DPC]
[   10.195874] acpi PNP0A08:01: _OSC: OS now controls [PCIeHotplug PME AER PCIeCapability]
[   10.205060] acpi PNP0A08:01: ECAM area [mem 0x100040000000-0x10004fffffff] reserved by PNP0C02:01
[   10.214093] acpi PNP0A08:01: ECAM at [mem 0x100040000000-0x10004fffffff] for [bus 00-ff]
[   10.222187] ACPI: Remapped I/O 0x0000100050000000 to [io  0x10000-0x1ffff window]
[   10.229713] PCI host bridge to bus 0001:00
[   10.233796] pci_bus 0001:00: root bus resource [mem 0x100058000000-0x10007fffffff window] (bus address [0x58000000-0x7fffffff])
[   10.245257] pci_bus 0001:00: root bus resource [mem 0x140000000000-0x14ffffffffff window] (bus address [0x40000000000-0x4ffffffffff])
[   10.257238] pci_bus 0001:00: root bus resource [io  0x10000-0x1ffff window] (bus address [0x0000-0xffff])
[   10.266788] pci_bus 0001:00: root bus resource [bus 00-ff]
[   10.272290] pci 0001:00:00.0: [1db7:5c16] type 01 class 0x060400
[   10.278293] pci 0001:00:00.0: reg 0x10: [mem 0x140000300000-0x1400003fffff 64bit]
[   10.285770] pci 0001:00:00.0: reg 0x38: [mem 0x00000000-0x0000ffff pref]
[   10.292561] pci 0001:00:00.0: supports D1
[   10.296558] pci 0001:00:00.0: PME# supported from D0 D1 D3hot D3cold
[   10.303066] pci 0001:00:01.0: [1db7:5c08] type 01 class 0x060400
[   10.309070] pci 0001:00:01.0: reg 0x10: [mem 0x140000200000-0x1400002fffff 64bit]
[   10.316541] pci 0001:00:01.0: reg 0x38: [mem 0x00000000-0x0000ffff pref]
[   10.323319] pci 0001:00:01.0: supports D1
[   10.327314] pci 0001:00:01.0: PME# supported from D0 D1 D3hot D3cold
[   10.333838] pci 0001:02:00.0: [1000:10e2] type 00 class 0x010400
[   10.339840] pci 0001:02:00.0: reg 0x10: [mem 0x140000100000-0x1400001fffff 64bit pref]
[   10.347749] pci 0001:02:00.0: reg 0x18: [mem 0x140000000000-0x1400000fffff 64bit pref]
[   10.355654] pci 0001:02:00.0: reg 0x20: [mem 0x100058100000-0x1000581fffff]
[   10.362604] pci 0001:02:00.0: reg 0x24: [io  0x10000-0x100ff]
[   10.368339] pci 0001:02:00.0: reg 0x30: [mem 0x100058000000-0x1000580fffff pref]
[   10.375777] pci 0001:02:00.0: supports D1 D2
[   10.405745] pci_bus 0001:00: on NUMA node 1
[   10.405748] pci 0001:00:00.0: bridge window [io  0x1000-0x0fff] to [bus 01] add_size 1000
[   10.413911] pci 0001:00:00.0: bridge window [mem 0x00100000-0x000fffff 64bit pref] to [bus 01] add_size 200000 add_align 100000
[   10.425372] pci 0001:00:00.0: bridge window [mem 0x00100000-0x000fffff] to [bus 01] add_size 200000 add_align 100000
[   10.435886] pci 0001:00:00.0: BAR 0: assigned [mem 0x140000000000-0x1400000fffff 64bit]
[   10.443879] pci 0001:00:00.0: BAR 14: assigned [mem 0x100058000000-0x1000581fffff]
[   10.451434] pci 0001:00:00.0: BAR 15: assigned [mem 0x140000100000-0x1400002fffff 64bit pref]
[   10.459943] pci 0001:00:01.0: BAR 0: assigned [mem 0x140000300000-0x1400003fffff 64bit]
[   10.467937] pci 0001:00:01.0: BAR 14: assigned [mem 0x100058200000-0x1000583fffff]
[   10.475491] pci 0001:00:01.0: BAR 15: assigned [mem 0x140000400000-0x1400005fffff 64bit pref]
[   10.484000] pci 0001:00:00.0: BAR 6: assigned [mem 0x100058400000-0x10005840ffff pref]
[   10.491901] pci 0001:00:01.0: BAR 6: assigned [mem 0x100058410000-0x10005841ffff pref]
[   10.499804] pci 0001:00:00.0: BAR 13: assigned [io  0x10000-0x10fff]
[   10.506142] pci 0001:00:01.0: BAR 13: assigned [io  0x11000-0x11fff]
[   10.512483] pci 0001:00:00.0: PCI bridge to [bus 01]
[   10.517433] pci 0001:00:00.0:   bridge window [io  0x10000-0x10fff]
[   10.523687] pci 0001:00:00.0:   bridge window [mem 0x100058000000-0x1000581fffff]
[   10.531155] pci 0001:00:00.0:   bridge window [mem 0x140000100000-0x1400002fffff 64bit pref]
[   10.539580] pci 0001:02:00.0: BAR 0: assigned [mem 0x140000400000-0x1400004fffff 64bit pref]
[   10.548006] pci 0001:02:00.0: BAR 2: assigned [mem 0x140000500000-0x1400005fffff 64bit pref]
[   10.556433] pci 0001:02:00.0: BAR 4: assigned [mem 0x100058200000-0x1000582fffff]
[   10.563901] pci 0001:02:00.0: BAR 6: assigned [mem 0x100058300000-0x1000583fffff pref]
[   10.571803] pci 0001:02:00.0: BAR 5: assigned [io  0x11000-0x110ff]
[   10.578056] pci 0001:00:01.0: PCI bridge to [bus 02]
[   10.583007] pci 0001:00:01.0:   bridge window [io  0x11000-0x11fff]
[   10.589260] pci 0001:00:01.0:   bridge window [mem 0x100058200000-0x1000583fffff]
[   10.596728] pci 0001:00:01.0:   bridge window [mem 0x140000400000-0x1400005fffff 64bit pref]
[   10.605152] pci_bus 0001:00: resource 4 [mem 0x100058000000-0x10007fffffff window]
[   10.612707] pci_bus 0001:00: resource 5 [mem 0x140000000000-0x14ffffffffff window]
[   10.620260] pci_bus 0001:00: resource 6 [io  0x10000-0x1ffff window]
[   10.626599] pci_bus 0001:01: resource 0 [io  0x10000-0x10fff]
[   10.632330] pci_bus 0001:01: resource 1 [mem 0x100058000000-0x1000581fffff]
[   10.639277] pci_bus 0001:01: resource 2 [mem 0x140000100000-0x1400002fffff 64bit pref]
[   10.647178] pci_bus 0001:02: resource 0 [io  0x11000-0x11fff]
[   10.652909] pci_bus 0001:02: resource 1 [mem 0x100058200000-0x1000583fffff]
[   10.659855] pci_bus 0001:02: resource 2 [mem 0x140000400000-0x1400005fffff 64bit pref]
[   10.667811] ACPI: PCI Root Bridge [PCI2] (domain 0002 [bus 00-ff])
[   10.673981] acpi PNP0A08:02: _OSC: OS supports [ExtendedConfig ASPM ClockPM Segments MSI EDR HPX-Type3]
[   10.683443] acpi PNP0A08:02: _OSC: platform does not support [LTR DPC]
[   10.690031] acpi PNP0A08:02: _OSC: OS now controls [PCIeHotplug PME AER PCIeCapability]
[   10.699130] acpi PNP0A08:02: ECAM area [mem 0x200040000000-0x20004fffffff] reserved by PNP0C02:02
[   10.708122] acpi PNP0A08:02: ECAM at [mem 0x200040000000-0x20004fffffff] for [bus 00-ff]
[   10.716213] ACPI: Remapped I/O 0x0000200050000000 to [io  0x20000-0x2ffff window]
[   10.723722] PCI host bridge to bus 0002:00
[   10.727805] pci_bus 0002:00: root bus resource [mem 0x200058000000-0x20007fffffff window] (bus address [0x58000000-0x7fffffff])
[   10.739266] pci_bus 0002:00: root bus resource [mem 0x240000000000-0x24ffffffffff window] (bus address [0x40000000000-0x4ffffffffff])
[   10.751248] pci_bus 0002:00: root bus resource [io  0x20000-0x2ffff window] (bus address [0x0000-0xffff])
[   10.760797] pci_bus 0002:00: root bus resource [bus 00-ff]
[   10.766297] pci 0002:00:00.0: [1db7:5c16] type 01 class 0x060400
[   10.772299] pci 0002:00:00.0: reg 0x10: [mem 0x240001100000-0x2400011fffff 64bit]
[   10.779772] pci 0002:00:00.0: reg 0x38: [mem 0x00000000-0x0000ffff pref]
[   10.786551] pci 0002:00:00.0: supports D1
[   10.790548] pci 0002:00:00.0: PME# supported from D0 D1 D3hot D3cold
[   10.797062] pci 0002:01:00.0: [8086:1572] type 00 class 0x020000
[   10.803071] pci 0002:01:00.0: reg 0x10: [mem 0x240000800000-0x240000ffffff 64bit pref]
[   10.810988] pci 0002:01:00.0: reg 0x1c: [mem 0x240001008000-0x24000100ffff 64bit pref]
[   10.818902] pci 0002:01:00.0: reg 0x30: [mem 0x200058080000-0x2000580fffff pref]
[   10.826357] pci 0002:01:00.0: PME# supported from D0 D3hot D3cold
[   10.832468] pci 0002:01:00.0: reg 0x184: [mem 0x00000000-0x0000ffff 64bit pref]
[   10.839761] pci 0002:01:00.0: VF(n) BAR0 space: [mem 0x00000000-0x003fffff 64bit pref] (contains BAR0 for 64 VFs)
[   10.850023] pci 0002:01:00.0: reg 0x190: [mem 0x00000000-0x0000ffff 64bit pref]
[   10.857316] pci 0002:01:00.0: VF(n) BAR3 space: [mem 0x00000000-0x003fffff 64bit pref] (contains BAR3 for 64 VFs)
[   10.867851] pci 0002:01:00.1: [8086:1572] type 00 class 0x020000
