-- Logs begin at Tue 2024-04-02 11:09:27 CST, end at Tue 2024-04-02 11:18:11 CST. --
Apr 02 11:09:27 node-9.domain.tld kernel: Linux version 4.18.0-147.5.1.es8_24.x86_64 (mockbuild@x86_64-kojid) (gcc version 8.4.1 20200928 (Red Hat 8.4.1-1) (GCC)) #1 SMP Tue May 10 10:29:13 CST 2022
Apr 02 11:09:27 node-9.domain.tld kernel: Command line: BOOT_IMAGE=(hd0,gpt3)/vmlinuz-4.18.0-147.5.1.es8_24.x86_64 root=/dev/mapper/os-root ro edd=off kvm.halt_poll_ns=400000 cgroup.memory=nokmem intel_iommu=on iommu=pt pci=realloc ixgbe.allow_unsupported_sfp=1 rootdelay=90 nomodeset intel_idle.max_cstate=0 processor.max_cstate=0 crashkernel=300M rd.lvm.lv=os/root biosdevname=0 net.ifnames=1 nopti
Apr 02 11:09:27 node-9.domain.tld kernel: x86/fpu: Supporting XSAVE feature 0x001: 'x87 floating point registers'
Apr 02 11:09:27 node-9.domain.tld kernel: x86/fpu: Supporting XSAVE feature 0x002: 'SSE registers'
Apr 02 11:09:27 node-9.domain.tld kernel: x86/fpu: Supporting XSAVE feature 0x004: 'AVX registers'
Apr 02 11:09:27 node-9.domain.tld kernel: x86/fpu: Supporting XSAVE feature 0x020: 'AVX-512 opmask'
Apr 02 11:09:27 node-9.domain.tld kernel: x86/fpu: Supporting XSAVE feature 0x040: 'AVX-512 Hi256'
Apr 02 11:09:27 node-9.domain.tld kernel: x86/fpu: Supporting XSAVE feature 0x080: 'AVX-512 ZMM_Hi256'
Apr 02 11:09:27 node-9.domain.tld kernel: x86/fpu: Supporting XSAVE feature 0x200: 'Protection Keys User registers'
Apr 02 11:09:27 node-9.domain.tld kernel: x86/fpu: xstate_offset[2]:  576, xstate_sizes[2]:  256
Apr 02 11:09:27 node-9.domain.tld kernel: x86/fpu: xstate_offset[5]:  832, xstate_sizes[5]:   64
Apr 02 11:09:27 node-9.domain.tld kernel: x86/fpu: xstate_offset[6]:  896, xstate_sizes[6]:  512
Apr 02 11:09:27 node-9.domain.tld kernel: x86/fpu: xstate_offset[7]: 1408, xstate_sizes[7]: 1024
Apr 02 11:09:27 node-9.domain.tld kernel: x86/fpu: xstate_offset[9]: 2432, xstate_sizes[9]:    8
Apr 02 11:09:27 node-9.domain.tld kernel: x86/fpu: Enabled xstate features 0x2e7, context size is 2440 bytes, using 'compacted' format.
Apr 02 11:09:27 node-9.domain.tld kernel: BIOS-provided physical RAM map:
Apr 02 11:09:27 node-9.domain.tld kernel: BIOS-e820: [mem 0x0000000000000000-0x000000000003dfff] usable
Apr 02 11:09:27 node-9.domain.tld kernel: BIOS-e820: [mem 0x000000000003e000-0x000000000003efff] reserved
Apr 02 11:09:27 node-9.domain.tld kernel: BIOS-e820: [mem 0x000000000003f000-0x000000000009ffff] usable
Apr 02 11:09:27 node-9.domain.tld kernel: BIOS-e820: [mem 0x00000000000a0000-0x00000000000fffff] reserved
Apr 02 11:09:27 node-9.domain.tld kernel: BIOS-e820: [mem 0x0000000000100000-0x00000000a5c56fff] usable
Apr 02 11:09:27 node-9.domain.tld kernel: BIOS-e820: [mem 0x00000000a5c57000-0x00000000a7d56fff] reserved
Apr 02 11:09:27 node-9.domain.tld kernel: BIOS-e820: [mem 0x00000000a7d57000-0x00000000a8656fff] ACPI data
Apr 02 11:09:27 node-9.domain.tld kernel: BIOS-e820: [mem 0x00000000a8657000-0x00000000a8b0efff] ACPI NVS
Apr 02 11:09:27 node-9.domain.tld kernel: BIOS-e820: [mem 0x00000000a8b0f000-0x00000000aaffefff] reserved
Apr 02 11:09:27 node-9.domain.tld kernel: BIOS-e820: [mem 0x00000000aafff000-0x00000000af7fffff] usable
Apr 02 11:09:27 node-9.domain.tld kernel: BIOS-e820: [mem 0x00000000af800000-0x00000000cfffffff] reserved
Apr 02 11:09:27 node-9.domain.tld kernel: BIOS-e820: [mem 0x00000000fd000000-0x00000000fe7fffff] reserved
Apr 02 11:09:27 node-9.domain.tld kernel: BIOS-e820: [mem 0x00000000fed20000-0x00000000fed44fff] reserved
Apr 02 11:09:27 node-9.domain.tld kernel: BIOS-e820: [mem 0x00000000ff000000-0x00000000ffffffff] reserved
Apr 02 11:09:27 node-9.domain.tld kernel: BIOS-e820: [mem 0x0000000100000000-0x000001003fffffff] usable
Apr 02 11:09:27 node-9.domain.tld kernel: NX (Execute Disable) protection: active
Apr 02 11:09:27 node-9.domain.tld kernel: e820: update [mem 0x9a855018-0x9a85d057] usable ==> usable
Apr 02 11:09:27 node-9.domain.tld kernel: e820: update [mem 0x9a855018-0x9a85d057] usable ==> usable
Apr 02 11:09:27 node-9.domain.tld kernel: e820: update [mem 0x9a365018-0x9a38c657] usable ==> usable
Apr 02 11:09:27 node-9.domain.tld kernel: e820: update [mem 0x9a365018-0x9a38c657] usable ==> usable
Apr 02 11:09:27 node-9.domain.tld kernel: e820: update [mem 0x99c73018-0x99ce2c57] usable ==> usable
Apr 02 11:09:27 node-9.domain.tld kernel: e820: update [mem 0x99c73018-0x99ce2c57] usable ==> usable
Apr 02 11:09:27 node-9.domain.tld kernel: e820: update [mem 0x99c03018-0x99c72c57] usable ==> usable
Apr 02 11:09:27 node-9.domain.tld kernel: e820: update [mem 0x99c03018-0x99c72c57] usable ==> usable
Apr 02 11:09:27 node-9.domain.tld kernel: e820: update [mem 0x9a814018-0x9a81c857] usable ==> usable
Apr 02 11:09:27 node-9.domain.tld kernel: e820: update [mem 0x9a814018-0x9a81c857] usable ==> usable
Apr 02 11:09:27 node-9.domain.tld kernel: e820: update [mem 0x9a7f0018-0x9a7f8857] usable ==> usable
Apr 02 11:09:27 node-9.domain.tld kernel: e820: update [mem 0x9a7f0018-0x9a7f8857] usable ==> usable
Apr 02 11:09:27 node-9.domain.tld kernel: e820: update [mem 0x99bcc018-0x99c02a57] usable ==> usable
Apr 02 11:09:27 node-9.domain.tld kernel: e820: update [mem 0x99bcc018-0x99c02a57] usable ==> usable
Apr 02 11:09:27 node-9.domain.tld kernel: e820: update [mem 0x99b95018-0x99bcba57] usable ==> usable
Apr 02 11:09:27 node-9.domain.tld kernel: e820: update [mem 0x99b95018-0x99bcba57] usable ==> usable
Apr 02 11:09:27 node-9.domain.tld kernel: e820: update [mem 0x99b5d018-0x99b94c57] usable ==> usable
Apr 02 11:09:27 node-9.domain.tld kernel: e820: update [mem 0x99b5d018-0x99b94c57] usable ==> usable
Apr 02 11:09:27 node-9.domain.tld kernel: e820: update [mem 0x99b25018-0x99b5cc57] usable ==> usable
Apr 02 11:09:27 node-9.domain.tld kernel: e820: update [mem 0x99b25018-0x99b5cc57] usable ==> usable
Apr 02 11:09:27 node-9.domain.tld kernel: e820: update [mem 0x9a6ff018-0x9a707857] usable ==> usable
Apr 02 11:09:27 node-9.domain.tld kernel: e820: update [mem 0x9a6ff018-0x9a707857] usable ==> usable
Apr 02 11:09:27 node-9.domain.tld kernel: e820: update [mem 0x9a455018-0x9a45d857] usable ==> usable
Apr 02 11:09:27 node-9.domain.tld kernel: e820: update [mem 0x9a455018-0x9a45d857] usable ==> usable
Apr 02 11:09:27 node-9.domain.tld kernel: extended physical RAM map:
Apr 02 11:09:27 node-9.domain.tld kernel: reserve setup_data: [mem 0x0000000000000000-0x000000000003dfff] usable
Apr 02 11:09:27 node-9.domain.tld kernel: reserve setup_data: [mem 0x000000000003e000-0x000000000003efff] reserved
Apr 02 11:09:27 node-9.domain.tld kernel: reserve setup_data: [mem 0x000000000003f000-0x000000000009ffff] usable
Apr 02 11:09:27 node-9.domain.tld kernel: reserve setup_data: [mem 0x00000000000a0000-0x00000000000fffff] reserved
Apr 02 11:09:27 node-9.domain.tld kernel: reserve setup_data: [mem 0x0000000000100000-0x0000000099b25017] usable
Apr 02 11:09:27 node-9.domain.tld kernel: reserve setup_data: [mem 0x0000000099b25018-0x0000000099b5cc57] usable
Apr 02 11:09:27 node-9.domain.tld kernel: reserve setup_data: [mem 0x0000000099b5cc58-0x0000000099b5d017] usable
Apr 02 11:09:27 node-9.domain.tld kernel: reserve setup_data: [mem 0x0000000099b5d018-0x0000000099b94c57] usable
Apr 02 11:09:27 node-9.domain.tld kernel: reserve setup_data: [mem 0x0000000099b94c58-0x0000000099b95017] usable
Apr 02 11:09:27 node-9.domain.tld kernel: reserve setup_data: [mem 0x0000000099b95018-0x0000000099bcba57] usable
Apr 02 11:09:27 node-9.domain.tld kernel: reserve setup_data: [mem 0x0000000099bcba58-0x0000000099bcc017] usable
Apr 02 11:09:27 node-9.domain.tld kernel: reserve setup_data: [mem 0x0000000099bcc018-0x0000000099c02a57] usable
Apr 02 11:09:27 node-9.domain.tld kernel: reserve setup_data: [mem 0x0000000099c02a58-0x0000000099c03017] usable
Apr 02 11:09:27 node-9.domain.tld kernel: reserve setup_data: [mem 0x0000000099c03018-0x0000000099c72c57] usable
Apr 02 11:09:27 node-9.domain.tld kernel: reserve setup_data: [mem 0x0000000099c72c58-0x0000000099c73017] usable
Apr 02 11:09:27 node-9.domain.tld kernel: reserve setup_data: [mem 0x0000000099c73018-0x0000000099ce2c57] usable
Apr 02 11:09:27 node-9.domain.tld kernel: reserve setup_data: [mem 0x0000000099ce2c58-0x000000009a365017] usable
Apr 02 11:09:27 node-9.domain.tld kernel: reserve setup_data: [mem 0x000000009a365018-0x000000009a38c657] usable
Apr 02 11:09:27 node-9.domain.tld kernel: reserve setup_data: [mem 0x000000009a38c658-0x000000009a455017] usable
Apr 02 11:09:27 node-9.domain.tld kernel: reserve setup_data: [mem 0x000000009a455018-0x000000009a45d857] usable
Apr 02 11:09:27 node-9.domain.tld kernel: reserve setup_data: [mem 0x000000009a45d858-0x000000009a6ff017] usable
Apr 02 11:09:27 node-9.domain.tld kernel: reserve setup_data: [mem 0x000000009a6ff018-0x000000009a707857] usable
Apr 02 11:09:27 node-9.domain.tld kernel: reserve setup_data: [mem 0x000000009a707858-0x000000009a7f0017] usable
Apr 02 11:09:27 node-9.domain.tld kernel: reserve setup_data: [mem 0x000000009a7f0018-0x000000009a7f8857] usable
Apr 02 11:09:27 node-9.domain.tld kernel: reserve setup_data: [mem 0x000000009a7f8858-0x000000009a814017] usable
Apr 02 11:09:27 node-9.domain.tld kernel: reserve setup_data: [mem 0x000000009a814018-0x000000009a81c857] usable
Apr 02 11:09:27 node-9.domain.tld kernel: reserve setup_data: [mem 0x000000009a81c858-0x000000009a855017] usable
Apr 02 11:09:27 node-9.domain.tld kernel: reserve setup_data: [mem 0x000000009a855018-0x000000009a85d057] usable
Apr 02 11:09:27 node-9.domain.tld kernel: reserve setup_data: [mem 0x000000009a85d058-0x00000000a5c56fff] usable
Apr 02 11:09:27 node-9.domain.tld kernel: reserve setup_data: [mem 0x00000000a5c57000-0x00000000a7d56fff] reserved
Apr 02 11:09:27 node-9.domain.tld kernel: reserve setup_data: [mem 0x00000000a7d57000-0x00000000a8656fff] ACPI data
Apr 02 11:09:27 node-9.domain.tld kernel: reserve setup_data: [mem 0x00000000a8657000-0x00000000a8b0efff] ACPI NVS
Apr 02 11:09:27 node-9.domain.tld kernel: reserve setup_data: [mem 0x00000000a8b0f000-0x00000000aaffefff] reserved
Apr 02 11:09:27 node-9.domain.tld kernel: reserve setup_data: [mem 0x00000000aafff000-0x00000000af7fffff] usable
Apr 02 11:09:27 node-9.domain.tld kernel: reserve setup_data: [mem 0x00000000af800000-0x00000000cfffffff] reserved
Apr 02 11:09:27 node-9.domain.tld kernel: reserve setup_data: [mem 0x00000000fd000000-0x00000000fe7fffff] reserved
Apr 02 11:09:27 node-9.domain.tld kernel: reserve setup_data: [mem 0x00000000fed20000-0x00000000fed44fff] reserved
Apr 02 11:09:27 node-9.domain.tld kernel: reserve setup_data: [mem 0x00000000ff000000-0x00000000ffffffff] reserved
Apr 02 11:09:27 node-9.domain.tld kernel: reserve setup_data: [mem 0x0000000100000000-0x000001003fffffff] usable
Apr 02 11:09:27 node-9.domain.tld kernel: efi: EFI v2.80 by American Megatrends
Apr 02 11:09:27 node-9.domain.tld kernel: efi:  ACPI=0xa8656000  ACPI 2.0=0xa8656014  SMBIOS=0xaaa9b000  SMBIOS 3.0=0xaaa9a000  MEMATTR=0xa25f3018  ESRT=0xa1d43198 
Apr 02 11:09:27 node-9.domain.tld kernel: secureboot: Secure boot disabled
Apr 02 11:09:27 node-9.domain.tld kernel: SMBIOS 3.3.0 present.
Apr 02 11:09:27 node-9.domain.tld kernel: DMI: Lenovo ThinkSystem SR670 V2/7Z23CTOLWW, BIOS U8E124I-2.10 07/20/2023
Apr 02 11:09:27 node-9.domain.tld kernel: e820: update [mem 0x00000000-0x00000fff] usable ==> reserved
Apr 02 11:09:27 node-9.domain.tld kernel: e820: remove [mem 0x000a0000-0x000fffff] usable
Apr 02 11:09:27 node-9.domain.tld kernel: last_pfn = 0x10040000 max_arch_pfn = 0x10000000000
Apr 02 11:09:27 node-9.domain.tld kernel: MTRR default type: uncachable
Apr 02 11:09:27 node-9.domain.tld kernel: MTRR fixed ranges enabled:
Apr 02 11:09:27 node-9.domain.tld kernel:   00000-9FFFF write-back
Apr 02 11:09:27 node-9.domain.tld kernel:   A0000-FFFFF uncachable
Apr 02 11:09:27 node-9.domain.tld kernel: MTRR variable ranges enabled:
Apr 02 11:09:27 node-9.domain.tld kernel:   0 base 010000000000 mask 3F8000000000 write-back
Apr 02 11:09:27 node-9.domain.tld kernel:   1 base 000000000000 mask 3F0000000000 write-back
Apr 02 11:09:27 node-9.domain.tld kernel:   2 base 0000C0000000 mask 3FFFC0000000 uncachable
Apr 02 11:09:27 node-9.domain.tld kernel:   3 base 0000BF000000 mask 3FFFFF000000 uncachable
Apr 02 11:09:27 node-9.domain.tld kernel:   4 disabled
Apr 02 11:09:27 node-9.domain.tld kernel:   5 disabled
Apr 02 11:09:27 node-9.domain.tld kernel:   6 disabled
Apr 02 11:09:27 node-9.domain.tld kernel:   7 disabled
Apr 02 11:09:27 node-9.domain.tld kernel:   8 disabled
Apr 02 11:09:27 node-9.domain.tld kernel:   9 disabled
Apr 02 11:09:27 node-9.domain.tld kernel: x86/PAT: Configuration [0-7]: WB  WC  UC- UC  WB  WP  UC- WT  
Apr 02 11:09:27 node-9.domain.tld kernel: total RAM covered: 1571824M
Apr 02 11:09:27 node-9.domain.tld kernel:  gran_size: 64K         chunk_size: 64K         num_reg: 10          lose cover RAM: 1504G
Apr 02 11:09:27 node-9.domain.tld kernel:  gran_size: 64K         chunk_size: 128K         num_reg: 10          lose cover RAM: 1504G
Apr 02 11:09:27 node-9.domain.tld kernel:  gran_size: 64K         chunk_size: 256K         num_reg: 10          lose cover RAM: 1504G
Apr 02 11:09:27 node-9.domain.tld kernel:  gran_size: 64K         chunk_size: 512K         num_reg: 10          lose cover RAM: 1504G
Apr 02 11:09:27 node-9.domain.tld kernel:  gran_size: 64K         chunk_size: 1M         num_reg: 10          lose cover RAM: 1504G
Apr 02 11:09:27 node-9.domain.tld kernel:  gran_size: 64K         chunk_size: 2M         num_reg: 10          lose cover RAM: 1504G
Apr 02 11:09:27 node-9.domain.tld kernel:  gran_size: 64K         chunk_size: 4M         num_reg: 10          lose cover RAM: 1504G
Apr 02 11:09:27 node-9.domain.tld kernel:  gran_size: 64K         chunk_size: 8M         num_reg: 10          lose cover RAM: 1504G
Apr 02 11:09:27 node-9.domain.tld kernel:  gran_size: 64K         chunk_size: 16M         num_reg: 10          lose cover RAM: 1504G
Apr 02 11:09:27 node-9.domain.tld kernel:  gran_size: 64K         chunk_size: 32M         num_reg: 10          lose cover RAM: 1024G
Apr 02 11:09:27 node-9.domain.tld kernel:  gran_size: 64K         chunk_size: 64M         num_reg: 10          lose cover RAM: 1024G
Apr 02 11:09:27 node-9.domain.tld kernel:  gran_size: 64K         chunk_size: 128M         num_reg: 10          lose cover RAM: 1024G
Apr 02 11:09:27 node-9.domain.tld kernel:  gran_size: 64K         chunk_size: 256M         num_reg: 10          lose cover RAM: 1024G
Apr 02 11:09:27 node-9.domain.tld kernel:  gran_size: 64K         chunk_size: 512M         num_reg: 10          lose cover RAM: 1024G
Apr 02 11:09:27 node-9.domain.tld kernel:  gran_size: 64K         chunk_size: 1G         num_reg: 10          lose cover RAM: 1024G
Apr 02 11:09:27 node-9.domain.tld kernel:  gran_size: 64K         chunk_size: 2G         num_reg: 10          lose cover RAM: 1024G
Apr 02 11:09:27 node-9.domain.tld kernel:  gran_size: 128K         chunk_size: 128K         num_reg: 10          lose cover RAM: 1504G
Apr 02 11:09:27 node-9.domain.tld kernel:  gran_size: 128K         chunk_size: 256K         num_reg: 10          lose cover RAM: 1504G
Apr 02 11:09:27 node-9.domain.tld kernel:  gran_size: 128K         chunk_size: 512K         num_reg: 10          lose cover RAM: 1504G
Apr 02 11:09:27 node-9.domain.tld kernel:  gran_size: 128K         chunk_size: 1M         num_reg: 10          lose cover RAM: 1504G
Apr 02 11:09:27 node-9.domain.tld kernel:  gran_size: 128K         chunk_size: 2M         num_reg: 10          lose cover RAM: 1504G
Apr 02 11:09:27 node-9.domain.tld kernel:  gran_size: 128K         chunk_size: 4M         num_reg: 10          lose cover RAM: 1504G
Apr 02 11:09:27 node-9.domain.tld kernel:  gran_size: 128K         chunk_size: 8M         num_reg: 10          lose cover RAM: 1504G
Apr 02 11:09:27 node-9.domain.tld kernel:  gran_size: 128K         chunk_size: 16M         num_reg: 10          lose cover RAM: 1504G
Apr 02 11:09:27 node-9.domain.tld kernel:  gran_size: 128K         chunk_size: 32M         num_reg: 10          lose cover RAM: 1024G
Apr 02 11:09:27 node-9.domain.tld kernel:  gran_size: 128K         chunk_size: 64M         num_reg: 10          lose cover RAM: 1024G
Apr 02 11:09:27 node-9.domain.tld kernel:  gran_size: 128K         chunk_size: 128M         num_reg: 10          lose cover RAM: 1024G
Apr 02 11:09:27 node-9.domain.tld kernel:  gran_size: 128K         chunk_size: 256M         num_reg: 10          lose cover RAM: 1024G
Apr 02 11:09:27 node-9.domain.tld kernel:  gran_size: 128K         chunk_size: 512M         num_reg: 10          lose cover RAM: 1024G
Apr 02 11:09:27 node-9.domain.tld kernel:  gran_size: 128K         chunk_size: 1G         num_reg: 10          lose cover RAM: 1024G
Apr 02 11:09:27 node-9.domain.tld kernel:  gran_size: 128K         chunk_size: 2G         num_reg: 10          lose cover RAM: 1024G
Apr 02 11:09:27 node-9.domain.tld kernel:  gran_size: 256K         chunk_size: 256K         num_reg: 10          lose cover RAM: 1504G
Apr 02 11:09:27 node-9.domain.tld kernel:  gran_size: 256K         chunk_size: 512K         num_reg: 10          lose cover RAM: 1504G
Apr 02 11:09:27 node-9.domain.tld kernel:  gran_size: 256K         chunk_size: 1M         num_reg: 10          lose cover RAM: 1504G
Apr 02 11:09:27 node-9.domain.tld kernel:  gran_size: 256K         chunk_size: 2M         num_reg: 10          lose cover RAM: 1504G
Apr 02 11:09:27 node-9.domain.tld kernel:  gran_size: 256K         chunk_size: 4M         num_reg: 10          lose cover RAM: 1504G
Apr 02 11:09:27 node-9.domain.tld kernel:  gran_size: 256K         chunk_size: 8M         num_reg: 10          lose cover RAM: 1504G
Apr 02 11:09:27 node-9.domain.tld kernel:  gran_size: 256K         chunk_size: 16M         num_reg: 10          lose cover RAM: 1504G
Apr 02 11:09:27 node-9.domain.tld kernel:  gran_size: 256K         chunk_size: 32M         num_reg: 10          lose cover RAM: 1024G
Apr 02 11:09:27 node-9.domain.tld kernel:  gran_size: 256K         chunk_size: 64M         num_reg: 10          lose cover RAM: 1024G
Apr 02 11:09:27 node-9.domain.tld kernel:  gran_size: 256K         chunk_size: 128M         num_reg: 10          lose cover RAM: 1024G
Apr 02 11:09:27 node-9.domain.tld kernel:  gran_size: 256K         chunk_size: 256M         num_reg: 10          lose cover RAM: 1024G
Apr 02 11:09:27 node-9.domain.tld kernel:  gran_size: 256K         chunk_size: 512M         num_reg: 10          lose cover RAM: 1024G
Apr 02 11:09:27 node-9.domain.tld kernel:  gran_size: 256K         chunk_size: 1G         num_reg: 10          lose cover RAM: 1024G
Apr 02 11:09:27 node-9.domain.tld kernel:  gran_size: 256K         chunk_size: 2G         num_reg: 10          lose cover RAM: 1024G
Apr 02 11:09:27 node-9.domain.tld kernel:  gran_size: 512K         chunk_size: 512K         num_reg: 10          lose cover RAM: 1504G
Apr 02 11:09:27 node-9.domain.tld kernel:  gran_size: 512K         chunk_size: 1M         num_reg: 10          lose cover RAM: 1504G
Apr 02 11:09:27 node-9.domain.tld kernel:  gran_size: 512K         chunk_size: 2M         num_reg: 10          lose cover RAM: 1504G
Apr 02 11:09:27 node-9.domain.tld kernel:  gran_size: 512K         chunk_size: 4M         num_reg: 10          lose cover RAM: 1504G
Apr 02 11:09:27 node-9.domain.tld kernel:  gran_size: 512K         chunk_size: 8M         num_reg: 10          lose cover RAM: 1504G
Apr 02 11:09:27 node-9.domain.tld kernel:  gran_size: 512K         chunk_size: 16M         num_reg: 10          lose cover RAM: 1504G
Apr 02 11:09:27 node-9.domain.tld kernel:  gran_size: 512K         chunk_size: 32M         num_reg: 10          lose cover RAM: 1024G
Apr 02 11:09:27 node-9.domain.tld kernel:  gran_size: 512K         chunk_size: 64M         num_reg: 10          lose cover RAM: 1024G
Apr 02 11:09:27 node-9.domain.tld kernel:  gran_size: 512K         chunk_size: 128M         num_reg: 10          lose cover RAM: 1024G
Apr 02 11:09:27 node-9.domain.tld kernel:  gran_size: 512K         chunk_size: 256M         num_reg: 10          lose cover RAM: 1024G
Apr 02 11:09:27 node-9.domain.tld kernel:  gran_size: 512K         chunk_size: 512M         num_reg: 10          lose cover RAM: 1024G
Apr 02 11:09:27 node-9.domain.tld kernel:  gran_size: 512K         chunk_size: 1G         num_reg: 10          lose cover RAM: 1024G
Apr 02 11:09:27 node-9.domain.tld kernel:  gran_size: 512K         chunk_size: 2G         num_reg: 10          lose cover RAM: 1024G
Apr 02 11:09:27 node-9.domain.tld kernel:  gran_size: 1M         chunk_size: 1M         num_reg: 10          lose cover RAM: 1504G
Apr 02 11:09:27 node-9.domain.tld kernel:  gran_size: 1M         chunk_size: 2M         num_reg: 10          lose cover RAM: 1504G
Apr 02 11:09:27 node-9.domain.tld kernel:  gran_size: 1M         chunk_size: 4M         num_reg: 10          lose cover RAM: 1504G
Apr 02 11:09:27 node-9.domain.tld kernel:  gran_size: 1M         chunk_size: 8M         num_reg: 10          lose cover RAM: 1504G
Apr 02 11:09:27 node-9.domain.tld kernel:  gran_size: 1M         chunk_size: 16M         num_reg: 10          lose cover RAM: 1504G
Apr 02 11:09:27 node-9.domain.tld kernel:  gran_size: 1M         chunk_size: 32M         num_reg: 10          lose cover RAM: 1024G
Apr 02 11:09:27 node-9.domain.tld kernel:  gran_size: 1M         chunk_size: 64M         num_reg: 10          lose cover RAM: 1024G
Apr 02 11:09:27 node-9.domain.tld kernel:  gran_size: 1M         chunk_size: 128M         num_reg: 10          lose cover RAM: 1024G
Apr 02 11:09:27 node-9.domain.tld kernel:  gran_size: 1M         chunk_size: 256M         num_reg: 10          lose cover RAM: 1024G
Apr 02 11:09:27 node-9.domain.tld kernel:  gran_size: 1M         chunk_size: 512M         num_reg: 10          lose cover RAM: 1024G
Apr 02 11:09:27 node-9.domain.tld kernel:  gran_size: 1M         chunk_size: 1G         num_reg: 10          lose cover RAM: 1024G
Apr 02 11:09:27 node-9.domain.tld kernel:  gran_size: 1M         chunk_size: 2G         num_reg: 10          lose cover RAM: 1024G
Apr 02 11:09:27 node-9.domain.tld kernel:  gran_size: 2M         chunk_size: 2M         num_reg: 10          lose cover RAM: 1504G
Apr 02 11:09:27 node-9.domain.tld kernel:  gran_size: 2M         chunk_size: 4M         num_reg: 10          lose cover RAM: 1504G
Apr 02 11:09:27 node-9.domain.tld kernel:  gran_size: 2M         chunk_size: 8M         num_reg: 10          lose cover RAM: 1504G
Apr 02 11:09:27 node-9.domain.tld kernel:  gran_size: 2M         chunk_size: 16M         num_reg: 10          lose cover RAM: 1504G
Apr 02 11:09:27 node-9.domain.tld kernel:  gran_size: 2M         chunk_size: 32M         num_reg: 10          lose cover RAM: 1024G
Apr 02 11:09:27 node-9.domain.tld kernel:  gran_size: 2M         chunk_size: 64M         num_reg: 10          lose cover RAM: 1024G
Apr 02 11:09:27 node-9.domain.tld kernel:  gran_size: 2M         chunk_size: 128M         num_reg: 10          lose cover RAM: 1024G
Apr 02 11:09:27 node-9.domain.tld kernel:  gran_size: 2M         chunk_size: 256M         num_reg: 10          lose cover RAM: 1024G
Apr 02 11:09:27 node-9.domain.tld kernel:  gran_size: 2M         chunk_size: 512M         num_reg: 10          lose cover RAM: 1024G
Apr 02 11:09:27 node-9.domain.tld kernel:  gran_size: 2M         chunk_size: 1G         num_reg: 10          lose cover RAM: 1024G
Apr 02 11:09:27 node-9.domain.tld kernel:  gran_size: 2M         chunk_size: 2G         num_reg: 10          lose cover RAM: 1024G
Apr 02 11:09:27 node-9.domain.tld kernel:  gran_size: 4M         chunk_size: 4M         num_reg: 10          lose cover RAM: 1504G
Apr 02 11:09:27 node-9.domain.tld kernel:  gran_size: 4M         chunk_size: 8M         num_reg: 10          lose cover RAM: 1504G
Apr 02 11:09:27 node-9.domain.tld kernel:  gran_size: 4M         chunk_size: 16M         num_reg: 10          lose cover RAM: 1504G
Apr 02 11:09:27 node-9.domain.tld kernel:  gran_size: 4M         chunk_size: 32M         num_reg: 10          lose cover RAM: 1024G
Apr 02 11:09:27 node-9.domain.tld kernel:  gran_size: 4M         chunk_size: 64M         num_reg: 10          lose cover RAM: 1024G
Apr 02 11:09:27 node-9.domain.tld kernel:  gran_size: 4M         chunk_size: 128M         num_reg: 10          lose cover RAM: 1024G
Apr 02 11:09:27 node-9.domain.tld kernel:  gran_size: 4M         chunk_size: 256M         num_reg: 10          lose cover RAM: 1024G
Apr 02 11:09:27 node-9.domain.tld kernel:  gran_size: 4M         chunk_size: 512M         num_reg: 10          lose cover RAM: 1024G
Apr 02 11:09:27 node-9.domain.tld kernel:  gran_size: 4M         chunk_size: 1G         num_reg: 10          lose cover RAM: 1024G
Apr 02 11:09:27 node-9.domain.tld kernel:  gran_size: 4M         chunk_size: 2G         num_reg: 10          lose cover RAM: 1024G
Apr 02 11:09:27 node-9.domain.tld kernel:  gran_size: 8M         chunk_size: 8M         num_reg: 10          lose cover RAM: 1504G
Apr 02 11:09:27 node-9.domain.tld kernel:  gran_size: 8M         chunk_size: 16M         num_reg: 10          lose cover RAM: 1504G
Apr 02 11:09:27 node-9.domain.tld kernel:  gran_size: 8M         chunk_size: 32M         num_reg: 10          lose cover RAM: 1024G
Apr 02 11:09:27 node-9.domain.tld kernel:  gran_size: 8M         chunk_size: 64M         num_reg: 10          lose cover RAM: 1024G
Apr 02 11:09:27 node-9.domain.tld kernel:  gran_size: 8M         chunk_size: 128M         num_reg: 10          lose cover RAM: 1024G
Apr 02 11:09:27 node-9.domain.tld kernel:  gran_size: 8M         chunk_size: 256M         num_reg: 10          lose cover RAM: 1024G
Apr 02 11:09:27 node-9.domain.tld kernel:  gran_size: 8M         chunk_size: 512M         num_reg: 10          lose cover RAM: 1024G
Apr 02 11:09:27 node-9.domain.tld kernel:  gran_size: 8M         chunk_size: 1G         num_reg: 10          lose cover RAM: 1024G
Apr 02 11:09:27 node-9.domain.tld kernel:  gran_size: 8M         chunk_size: 2G         num_reg: 10          lose cover RAM: 1024G
Apr 02 11:09:27 node-9.domain.tld kernel:  gran_size: 16M         chunk_size: 16M         num_reg: 10          lose cover RAM: 1504G
Apr 02 11:09:27 node-9.domain.tld kernel:  gran_size: 16M         chunk_size: 32M         num_reg: 10          lose cover RAM: 1024G
Apr 02 11:09:27 node-9.domain.tld kernel:  gran_size: 16M         chunk_size: 64M         num_reg: 10          lose cover RAM: 1024G
Apr 02 11:09:27 node-9.domain.tld kernel:  gran_size: 16M         chunk_size: 128M         num_reg: 10          lose cover RAM: 1024G
Apr 02 11:09:27 node-9.domain.tld kernel:  gran_size: 16M         chunk_size: 256M         num_reg: 10          lose cover RAM: 1024G
Apr 02 11:09:27 node-9.domain.tld kernel:  gran_size: 16M         chunk_size: 512M         num_reg: 10          lose cover RAM: 1024G
Apr 02 11:09:27 node-9.domain.tld kernel:  gran_size: 16M         chunk_size: 1G         num_reg: 10          lose cover RAM: 1024G
Apr 02 11:09:27 node-9.domain.tld kernel:  gran_size: 16M         chunk_size: 2G         num_reg: 10          lose cover RAM: 1024G
Apr 02 11:09:27 node-9.domain.tld kernel:  gran_size: 32M         chunk_size: 32M         num_reg: 10          lose cover RAM: 1507344M
Apr 02 11:09:27 node-9.domain.tld kernel:  gran_size: 32M         chunk_size: 64M         num_reg: 10          lose cover RAM: 1048592M
Apr 02 11:09:27 node-9.domain.tld kernel:  gran_size: 32M         chunk_size: 128M         num_reg: 10          lose cover RAM: 1048592M
Apr 02 11:09:27 node-9.domain.tld kernel:  gran_size: 32M         chunk_size: 256M         num_reg: 10          lose cover RAM: 1048592M
Apr 02 11:09:27 node-9.domain.tld kernel:  gran_size: 32M         chunk_size: 512M         num_reg: 10          lose cover RAM: 1048592M
Apr 02 11:09:27 node-9.domain.tld kernel:  gran_size: 32M         chunk_size: 1G         num_reg: 10          lose cover RAM: 1048592M
Apr 02 11:09:27 node-9.domain.tld kernel:  gran_size: 32M         chunk_size: 2G         num_reg: 10          lose cover RAM: 1048592M
Apr 02 11:09:27 node-9.domain.tld kernel:  gran_size: 64M         chunk_size: 64M         num_reg: 10          lose cover RAM: 1441840M
Apr 02 11:09:27 node-9.domain.tld kernel:  gran_size: 64M         chunk_size: 128M         num_reg: 10          lose cover RAM: 1048624M
Apr 02 11:09:27 node-9.domain.tld kernel:  gran_size: 64M         chunk_size: 256M         num_reg: 10          lose cover RAM: 1048624M
Apr 02 11:09:27 node-9.domain.tld kernel:  gran_size: 64M         chunk_size: 512M         num_reg: 10          lose cover RAM: 1048624M
Apr 02 11:09:27 node-9.domain.tld kernel:  gran_size: 64M         chunk_size: 1G         num_reg: 10          lose cover RAM: 1048624M
Apr 02 11:09:27 node-9.domain.tld kernel:  gran_size: 64M         chunk_size: 2G         num_reg: 10          lose cover RAM: 1048624M
Apr 02 11:09:27 node-9.domain.tld kernel:  gran_size: 128M         chunk_size: 128M         num_reg: 10          lose cover RAM: 1310832M
Apr 02 11:09:27 node-9.domain.tld kernel:  gran_size: 128M         chunk_size: 256M         num_reg: 10          lose cover RAM: 1048688M
Apr 02 11:09:27 node-9.domain.tld kernel:  gran_size: 128M         chunk_size: 512M         num_reg: 10          lose cover RAM: 1048688M
Apr 02 11:09:27 node-9.domain.tld kernel:  gran_size: 128M         chunk_size: 1G         num_reg: 10          lose cover RAM: 1048688M
Apr 02 11:09:27 node-9.domain.tld kernel:  gran_size: 128M         chunk_size: 2G         num_reg: 10          lose cover RAM: 1048688M
Apr 02 11:09:27 node-9.domain.tld kernel:  gran_size: 256M         chunk_size: 256M         num_reg: 10          lose cover RAM: 1048816M
Apr 02 11:09:27 node-9.domain.tld kernel:  gran_size: 256M         chunk_size: 512M         num_reg: 10          lose cover RAM: 1048816M
Apr 02 11:09:27 node-9.domain.tld kernel:  gran_size: 256M         chunk_size: 1G         num_reg: 10          lose cover RAM: 1048816M
Apr 02 11:09:27 node-9.domain.tld kernel:  gran_size: 256M         chunk_size: 2G         num_reg: 10          lose cover RAM: 1048816M
Apr 02 11:09:27 node-9.domain.tld kernel:  gran_size: 512M         chunk_size: 512M         num_reg: 10          lose cover RAM: 524784M
Apr 02 11:09:27 node-9.domain.tld kernel:  gran_size: 512M         chunk_size: 1G         num_reg: 10          lose cover RAM: 1049072M
Apr 02 11:09:27 node-9.domain.tld kernel:  gran_size: 512M         chunk_size: 2G         num_reg: 10          lose cover RAM: 1049072M
Apr 02 11:09:27 node-9.domain.tld kernel:  gran_size: 1G         chunk_size: 1G         num_reg: 10          lose cover RAM: 1008M
Apr 02 11:09:27 node-9.domain.tld kernel:  gran_size: 1G         chunk_size: 2G         num_reg: 10          lose cover RAM: 1008M
Apr 02 11:09:27 node-9.domain.tld kernel:  gran_size: 2G         chunk_size: 2G         num_reg: 10          lose cover RAM: 1008M
Apr 02 11:09:27 node-9.domain.tld kernel: mtrr_cleanup: can not find optimal value
Apr 02 11:09:27 node-9.domain.tld kernel: please specify mtrr_gran_size/mtrr_chunk_size
Apr 02 11:09:27 node-9.domain.tld kernel: e820: update [mem 0xbf000000-0xffffffff] usable ==> reserved
Apr 02 11:09:27 node-9.domain.tld kernel: last_pfn = 0xaf800 max_arch_pfn = 0x10000000000
Apr 02 11:09:27 node-9.domain.tld kernel: esrt: Reserving ESRT space from 0x00000000a1d43198 to 0x00000000a1d431f8.
Apr 02 11:09:27 node-9.domain.tld kernel: Base memory trampoline at [(____ptrval____)] 96000 size 24576
Apr 02 11:09:27 node-9.domain.tld kernel: Using GB pages for direct mapping
Apr 02 11:09:27 node-9.domain.tld kernel: BRK [0x59fba02000, 0x59fba02fff] PGTABLE
Apr 02 11:09:27 node-9.domain.tld kernel: BRK [0x59fba03000, 0x59fba03fff] PGTABLE
Apr 02 11:09:27 node-9.domain.tld kernel: BRK [0x59fba04000, 0x59fba04fff] PGTABLE
Apr 02 11:09:27 node-9.domain.tld kernel: BRK [0x59fba05000, 0x59fba05fff] PGTABLE
Apr 02 11:09:27 node-9.domain.tld kernel: BRK [0x59fba06000, 0x59fba06fff] PGTABLE
Apr 02 11:09:27 node-9.domain.tld kernel: BRK [0x59fba07000, 0x59fba07fff] PGTABLE
Apr 02 11:09:27 node-9.domain.tld kernel: BRK [0x59fba08000, 0x59fba08fff] PGTABLE
Apr 02 11:09:27 node-9.domain.tld kernel: BRK [0x59fba09000, 0x59fba09fff] PGTABLE
Apr 02 11:09:27 node-9.domain.tld kernel: BRK [0x59fba0a000, 0x59fba0afff] PGTABLE
Apr 02 11:09:27 node-9.domain.tld kernel: BRK [0x59fba0b000, 0x59fba0bfff] PGTABLE
Apr 02 11:09:27 node-9.domain.tld kernel: RAMDISK: [mem 0x35b58000-0x3d4a1fff]
Apr 02 11:09:27 node-9.domain.tld kernel: ACPI: Early table checksum verification disabled
Apr 02 11:09:27 node-9.domain.tld kernel: ACPI: RSDP 0x00000000A8656014 000024 (v02 LENOVO)
Apr 02 11:09:27 node-9.domain.tld kernel: ACPI: XSDT 0x00000000A8655728 000114 (v01 LENOVO THINKSYS 00000100      01000013)
Apr 02 11:09:27 node-9.domain.tld kernel: ACPI: FACP 0x00000000A8654000 000114 (v06 LENOVO THINKSYS 00000100 INTL 20091013)
Apr 02 11:09:27 node-9.domain.tld kernel: ACPI: DSDT 0x00000000A85F1000 0626FC (v02 LENOVO THINKSYS 00000100 INTL 20091013)
Apr 02 11:09:27 node-9.domain.tld kernel: ACPI: FACS 0x00000000A8B0D000 000040
Apr 02 11:09:27 node-9.domain.tld kernel: ACPI: FIDT 0x00000000A85F0000 00009C (v01 LENOVO THINKSYS 00000100 AMI  00010013)
Apr 02 11:09:27 node-9.domain.tld kernel: ACPI: OEM9 0x00000000A85EF000 000030 (v01 LNV    LNVGYERR 00000003      00000000)
Apr 02 11:09:27 node-9.domain.tld kernel: ACPI: SSDT 0x00000000A85EE000 000748 (v02 INTEL  RAS_ACPI 00000001 INTL 20200925)
Apr 02 11:09:27 node-9.domain.tld kernel: ACPI: SSDT 0x00000000A85ED000 000745 (v02 INTEL  ADDRXLAT 00000001 INTL 20200925)
Apr 02 11:09:27 node-9.domain.tld kernel: ACPI: ERST 0x00000000A85EC000 000230 (v01 LENOVO THINKSYS 00000001 INTL 00000001)
Apr 02 11:09:27 node-9.domain.tld kernel: ACPI: BERT 0x00000000A85EB000 000030 (v01 LENOVO THINKSYS 00000001 INTL 00000001)
Apr 02 11:09:27 node-9.domain.tld kernel: ACPI: MCFG 0x00000000A85EA000 00003C (v01 LENOVO THINKSYS 00000100 MSFT 00000097)
Apr 02 11:09:27 node-9.domain.tld kernel: ACPI: BDAT 0x00000000A85E9000 000030 (v01 LENOVO THINKSYS 00000000 INTL 20091013)
Apr 02 11:09:27 node-9.domain.tld kernel: ACPI: HMAT 0x00000000A85E8000 000180 (v01 LENOVO THINKSYS 00000001 INTL 20091013)
Apr 02 11:09:27 node-9.domain.tld kernel: ACPI: HPET 0x00000000A85E7000 000038 (v01 LENOVO THINKSYS 00000001 INTL 20091013)
Apr 02 11:09:27 node-9.domain.tld kernel: ACPI: MIGT 0x00000000A85E6000 000040 (v01 LENOVO THINKSYS 00000000 INTL 20091013)
Apr 02 11:09:27 node-9.domain.tld kernel: ACPI: MSCT 0x00000000A85E5000 000090 (v01 LENOVO THINKSYS 00000001 INTL 20091013)
Apr 02 11:09:27 node-9.domain.tld kernel: ACPI: WDDT 0x00000000A85E4000 000040 (v01 LENOVO THINKSYS 00000000 INTL 20091013)
Apr 02 11:09:27 node-9.domain.tld kernel: ACPI: APIC 0x00000000A85E2000 00025E (v04 LENOVO THINKSYS 00000000 INTL 20091013)
Apr 02 11:09:27 node-9.domain.tld kernel: ACPI: SLIT 0x00000000A85E1000 000030 (v01 LENOVO THINKSYS 00000001      01000013)
Apr 02 11:09:27 node-9.domain.tld kernel: ACPI: SRAT 0x00000000A85DA000 006430 (v03 LENOVO THINKSYS 00000002      01000013)
Apr 02 11:09:27 node-9.domain.tld kernel: ACPI: OEM4 0x00000000A8452000 187A61 (v02 INTEL  CPU  CST 00003000 INTL 20200925)
Apr 02 11:09:27 node-9.domain.tld kernel: ACPI: SSDT 0x00000000A83DB000 0764A5 (v02 INTEL  SSDT  PM 00004000 INTL 20200925)
Apr 02 11:09:27 node-9.domain.tld kernel: ACPI: BDAT 0x00000000A83DA000 000030 (v01 LENOVO THINKSYS 00000000 INTL 20091013)
Apr 02 11:09:27 node-9.domain.tld kernel: ACPI: HEST 0x00000000A83D9000 0004BC (v01 LENOVO THINKSYS 00000001 INTL 00000001)
Apr 02 11:09:27 node-9.domain.tld kernel: ACPI: DMAR 0x00000000A83D8000 000308 (v01 LENOVO THINKSYS 00000001 INTL 20091013)
Apr 02 11:09:27 node-9.domain.tld kernel: ACPI: FPDT 0x00000000A83D7000 000044 (v01 LENOVO THINKSYS 00000100      01000013)
Apr 02 11:09:27 node-9.domain.tld kernel: ACPI: SPCR 0x00000000A83D6000 000050 (v02 LENOVO THINKSYS 00000100      00050016)
Apr 02 11:09:27 node-9.domain.tld kernel: ACPI: SSDT 0x00000000A83CE000 0078BA (v02 INTEL  SpsNm    00000002 INTL 20200925)
Apr 02 11:09:27 node-9.domain.tld kernel: ACPI: SLIC 0x00000000A83CD000 000176 (v01 LENOVO THINKSYS 00000100 AMI  00010013)
Apr 02 11:09:27 node-9.domain.tld kernel: ACPI: SSDT 0x00000000A83CC000 0003A7 (v02 LENOVO CDNTABLE 00001000 INTL 20200925)
Apr 02 11:09:27 node-9.domain.tld kernel: ACPI: SSDT 0x00000000A83CB000 000919 (v02 INTEL  xh_nccrb 00000000 INTL 20200925)
Apr 02 11:09:27 node-9.domain.tld kernel: ACPI: WSMT 0x00000000A85E3000 000028 (v01 LENOVO THINKSYS 00000100 AMI  00010013)
Apr 02 11:09:27 node-9.domain.tld kernel: ACPI: SSDT 0x00000000A83CA000 0002FE (v02 LENOVO PCHSLOTS 00001000 INTL 20200925)
Apr 02 11:09:27 node-9.domain.tld kernel: ACPI: Local APIC address 0xfee00000
Apr 02 11:09:27 node-9.domain.tld kernel: system APIC only can use physical flat
Apr 02 11:09:27 node-9.domain.tld kernel: Setting APIC routing to physical flat.
Apr 02 11:09:27 node-9.domain.tld kernel: SRAT: PXM 0 -> APIC 0x00 -> Node 0
Apr 02 11:09:27 node-9.domain.tld kernel: SRAT: PXM 0 -> APIC 0x01 -> Node 0
Apr 02 11:09:27 node-9.domain.tld kernel: SRAT: PXM 0 -> APIC 0x02 -> Node 0
Apr 02 11:09:27 node-9.domain.tld kernel: SRAT: PXM 0 -> APIC 0x03 -> Node 0
Apr 02 11:09:27 node-9.domain.tld kernel: SRAT: PXM 0 -> APIC 0x04 -> Node 0
Apr 02 11:09:27 node-9.domain.tld kernel: SRAT: PXM 0 -> APIC 0x05 -> Node 0
Apr 02 11:09:27 node-9.domain.tld kernel: SRAT: PXM 0 -> APIC 0x06 -> Node 0
Apr 02 11:09:27 node-9.domain.tld kernel: SRAT: PXM 0 -> APIC 0x07 -> Node 0
Apr 02 11:09:27 node-9.domain.tld kernel: SRAT: PXM 0 -> APIC 0x08 -> Node 0
Apr 02 11:09:27 node-9.domain.tld kernel: SRAT: PXM 0 -> APIC 0x09 -> Node 0
Apr 02 11:09:27 node-9.domain.tld kernel: SRAT: PXM 0 -> APIC 0x0a -> Node 0
Apr 02 11:09:27 node-9.domain.tld kernel: SRAT: PXM 0 -> APIC 0x0b -> Node 0
Apr 02 11:09:27 node-9.domain.tld kernel: SRAT: PXM 0 -> APIC 0x0c -> Node 0
Apr 02 11:09:27 node-9.domain.tld kernel: SRAT: PXM 0 -> APIC 0x0d -> Node 0
Apr 02 11:09:27 node-9.domain.tld kernel: SRAT: PXM 0 -> APIC 0x0e -> Node 0
Apr 02 11:09:27 node-9.domain.tld kernel: SRAT: PXM 0 -> APIC 0x0f -> Node 0
Apr 02 11:09:27 node-9.domain.tld kernel: SRAT: PXM 0 -> APIC 0x10 -> Node 0
Apr 02 11:09:27 node-9.domain.tld kernel: SRAT: PXM 0 -> APIC 0x11 -> Node 0
Apr 02 11:09:27 node-9.domain.tld kernel: SRAT: PXM 0 -> APIC 0x12 -> Node 0
Apr 02 11:09:27 node-9.domain.tld kernel: SRAT: PXM 0 -> APIC 0x13 -> Node 0
Apr 02 11:09:27 node-9.domain.tld kernel: SRAT: PXM 0 -> APIC 0x14 -> Node 0
Apr 02 11:09:27 node-9.domain.tld kernel: SRAT: PXM 0 -> APIC 0x15 -> Node 0
Apr 02 11:09:27 node-9.domain.tld kernel: SRAT: PXM 0 -> APIC 0x16 -> Node 0
Apr 02 11:09:27 node-9.domain.tld kernel: SRAT: PXM 0 -> APIC 0x17 -> Node 0
Apr 02 11:09:27 node-9.domain.tld kernel: SRAT: PXM 0 -> APIC 0x18 -> Node 0
Apr 02 11:09:27 node-9.domain.tld kernel: SRAT: PXM 0 -> APIC 0x19 -> Node 0
Apr 02 11:09:27 node-9.domain.tld kernel: SRAT: PXM 0 -> APIC 0x1a -> Node 0
Apr 02 11:09:27 node-9.domain.tld kernel: SRAT: PXM 0 -> APIC 0x1b -> Node 0
Apr 02 11:09:27 node-9.domain.tld kernel: SRAT: PXM 0 -> APIC 0x1c -> Node 0
Apr 02 11:09:27 node-9.domain.tld kernel: SRAT: PXM 0 -> APIC 0x1d -> Node 0
Apr 02 11:09:27 node-9.domain.tld kernel: SRAT: PXM 0 -> APIC 0x1e -> Node 0
Apr 02 11:09:27 node-9.domain.tld kernel: SRAT: PXM 0 -> APIC 0x1f -> Node 0
Apr 02 11:09:27 node-9.domain.tld kernel: SRAT: PXM 1 -> APIC 0x80 -> Node 1
Apr 02 11:09:27 node-9.domain.tld kernel: SRAT: PXM 1 -> APIC 0x81 -> Node 1
Apr 02 11:09:27 node-9.domain.tld kernel: SRAT: PXM 1 -> APIC 0x82 -> Node 1
Apr 02 11:09:27 node-9.domain.tld kernel: SRAT: PXM 1 -> APIC 0x83 -> Node 1
Apr 02 11:09:27 node-9.domain.tld kernel: SRAT: PXM 1 -> APIC 0x84 -> Node 1
Apr 02 11:09:27 node-9.domain.tld kernel: SRAT: PXM 1 -> APIC 0x85 -> Node 1
Apr 02 11:09:27 node-9.domain.tld kernel: SRAT: PXM 1 -> APIC 0x86 -> Node 1
Apr 02 11:09:27 node-9.domain.tld kernel: SRAT: PXM 1 -> APIC 0x87 -> Node 1
Apr 02 11:09:27 node-9.domain.tld kernel: SRAT: PXM 1 -> APIC 0x88 -> Node 1
Apr 02 11:09:27 node-9.domain.tld kernel: SRAT: PXM 1 -> APIC 0x89 -> Node 1
Apr 02 11:09:27 node-9.domain.tld kernel: SRAT: PXM 1 -> APIC 0x8a -> Node 1
Apr 02 11:09:27 node-9.domain.tld kernel: SRAT: PXM 1 -> APIC 0x8b -> Node 1
Apr 02 11:09:27 node-9.domain.tld kernel: SRAT: PXM 1 -> APIC 0x8c -> Node 1
Apr 02 11:09:27 node-9.domain.tld kernel: SRAT: PXM 1 -> APIC 0x8d -> Node 1
Apr 02 11:09:27 node-9.domain.tld kernel: SRAT: PXM 1 -> APIC 0x8e -> Node 1
Apr 02 11:09:27 node-9.domain.tld kernel: SRAT: PXM 1 -> APIC 0x8f -> Node 1
Apr 02 11:09:27 node-9.domain.tld kernel: SRAT: PXM 1 -> APIC 0x90 -> Node 1
Apr 02 11:09:27 node-9.domain.tld kernel: SRAT: PXM 1 -> APIC 0x91 -> Node 1
Apr 02 11:09:27 node-9.domain.tld kernel: SRAT: PXM 1 -> APIC 0x92 -> Node 1
Apr 02 11:09:27 node-9.domain.tld kernel: SRAT: PXM 1 -> APIC 0x93 -> Node 1
Apr 02 11:09:27 node-9.domain.tld kernel: SRAT: PXM 1 -> APIC 0x94 -> Node 1
Apr 02 11:09:27 node-9.domain.tld kernel: SRAT: PXM 1 -> APIC 0x95 -> Node 1
Apr 02 11:09:27 node-9.domain.tld kernel: SRAT: PXM 1 -> APIC 0x96 -> Node 1
Apr 02 11:09:27 node-9.domain.tld kernel: SRAT: PXM 1 -> APIC 0x97 -> Node 1
Apr 02 11:09:27 node-9.domain.tld kernel: SRAT: PXM 1 -> APIC 0x98 -> Node 1
Apr 02 11:09:27 node-9.domain.tld kernel: SRAT: PXM 1 -> APIC 0x99 -> Node 1
Apr 02 11:09:27 node-9.domain.tld kernel: SRAT: PXM 1 -> APIC 0x9a -> Node 1
Apr 02 11:09:27 node-9.domain.tld kernel: SRAT: PXM 1 -> APIC 0x9b -> Node 1
Apr 02 11:09:27 node-9.domain.tld kernel: SRAT: PXM 1 -> APIC 0x9c -> Node 1
Apr 02 11:09:27 node-9.domain.tld kernel: SRAT: PXM 1 -> APIC 0x9d -> Node 1
Apr 02 11:09:27 node-9.domain.tld kernel: SRAT: PXM 1 -> APIC 0x9e -> Node 1
Apr 02 11:09:27 node-9.domain.tld kernel: SRAT: PXM 1 -> APIC 0x9f -> Node 1
Apr 02 11:09:27 node-9.domain.tld kernel: ACPI: SRAT: Node 0 PXM 0 [mem 0x00000000-0xbfffffff]
Apr 02 11:09:27 node-9.domain.tld kernel: ACPI: SRAT: Node 0 PXM 0 [mem 0x100000000-0x803fffffff]
Apr 02 11:09:27 node-9.domain.tld kernel: ACPI: SRAT: Node 1 PXM 1 [mem 0x8040000000-0x1003fffffff]
Apr 02 11:09:27 node-9.domain.tld kernel: NUMA: Initialized distance table, cnt=2
Apr 02 11:09:27 node-9.domain.tld kernel: NUMA: Node 0 [mem 0x00000000-0xbfffffff] + [mem 0x100000000-0x803fffffff] -> [mem 0x00000000-0x803fffffff]
Apr 02 11:09:27 node-9.domain.tld kernel: NODE_DATA(0) allocated [mem 0x803ffd6000-0x803fffffff]
Apr 02 11:09:27 node-9.domain.tld kernel: NODE_DATA(1) allocated [mem 0x1003ffd5000-0x1003fffefff]
Apr 02 11:09:27 node-9.domain.tld kernel: Reserving 300MB of memory at 1952MB for crashkernel (System RAM: 1048227MB)
Apr 02 11:09:27 node-9.domain.tld kernel: Zone ranges:
Apr 02 11:09:27 node-9.domain.tld kernel:   DMA      [mem 0x0000000000001000-0x0000000000ffffff]
Apr 02 11:09:27 node-9.domain.tld kernel:   DMA32    [mem 0x0000000001000000-0x00000000ffffffff]
Apr 02 11:09:27 node-9.domain.tld kernel:   Normal   [mem 0x0000000100000000-0x000001003fffffff]
Apr 02 11:09:27 node-9.domain.tld kernel:   Device   empty
Apr 02 11:09:27 node-9.domain.tld kernel: Movable zone start for each node
Apr 02 11:09:27 node-9.domain.tld kernel: Early memory node ranges
Apr 02 11:09:27 node-9.domain.tld kernel:   node   0: [mem 0x0000000000001000-0x000000000003dfff]
Apr 02 11:09:27 node-9.domain.tld kernel:   node   0: [mem 0x000000000003f000-0x000000000009ffff]
Apr 02 11:09:27 node-9.domain.tld kernel:   node   0: [mem 0x0000000000100000-0x00000000a5c56fff]
Apr 02 11:09:27 node-9.domain.tld kernel:   node   0: [mem 0x00000000aafff000-0x00000000af7fffff]
Apr 02 11:09:27 node-9.domain.tld kernel:   node   0: [mem 0x0000000100000000-0x000000803fffffff]
Apr 02 11:09:27 node-9.domain.tld kernel:   node   1: [mem 0x0000008040000000-0x000001003fffffff]
Apr 02 11:09:27 node-9.domain.tld kernel: Zeroed struct page in unavailable ranges: 23562 pages
Apr 02 11:09:27 node-9.domain.tld kernel: Initmem setup node 0 [mem 0x0000000000001000-0x000000803fffffff]
Apr 02 11:09:27 node-9.domain.tld kernel: On node 0 totalpages: 134128630
Apr 02 11:09:27 node-9.domain.tld kernel:   DMA zone: 64 pages used for memmap
Apr 02 11:09:27 node-9.domain.tld kernel:   DMA zone: 25 pages reserved
Apr 02 11:09:27 node-9.domain.tld kernel:   DMA zone: 3998 pages, LIFO batch:0
Apr 02 11:09:27 node-9.domain.tld kernel:   DMA32 zone: 10834 pages used for memmap
Apr 02 11:09:27 node-9.domain.tld kernel:   DMA32 zone: 693336 pages, LIFO batch:31
Apr 02 11:09:27 node-9.domain.tld kernel:   Normal zone: 2084864 pages used for memmap
Apr 02 11:09:27 node-9.domain.tld kernel:   Normal zone: 133431296 pages, LIFO batch:31
Apr 02 11:09:27 node-9.domain.tld kernel: Initmem setup node 1 [mem 0x0000008040000000-0x000001003fffffff]
Apr 02 11:09:27 node-9.domain.tld kernel: On node 1 totalpages: 134217728
Apr 02 11:09:27 node-9.domain.tld kernel:   Normal zone: 2097152 pages used for memmap
Apr 02 11:09:27 node-9.domain.tld kernel:   Normal zone: 134217728 pages, LIFO batch:31
Apr 02 11:09:27 node-9.domain.tld kernel: ACPI: PM-Timer IO Port: 0x508
Apr 02 11:09:27 node-9.domain.tld kernel: ACPI: Local APIC address 0xfee00000
Apr 02 11:09:27 node-9.domain.tld kernel: system APIC only can use physical flat
Apr 02 11:09:27 node-9.domain.tld kernel: ACPI: X2APIC_NMI (uid[0xffffffff] high edge lint[0x1])
Apr 02 11:09:27 node-9.domain.tld kernel: ACPI: LAPIC_NMI (acpi_id[0xff] high edge lint[0x1])
Apr 02 11:09:27 node-9.domain.tld kernel: IOAPIC[0]: apic_id 8, version 32, address 0xfec00000, GSI 0-119
Apr 02 11:09:27 node-9.domain.tld kernel: ACPI: INT_SRC_OVR (bus 0 bus_irq 0 global_irq 2 dfl dfl)
Apr 02 11:09:27 node-9.domain.tld kernel: ACPI: INT_SRC_OVR (bus 0 bus_irq 9 global_irq 9 high level)
Apr 02 11:09:27 node-9.domain.tld kernel: ACPI: IRQ0 used by override.
Apr 02 11:09:27 node-9.domain.tld kernel: ACPI: IRQ9 used by override.
Apr 02 11:09:27 node-9.domain.tld kernel: Using ACPI (MADT) for SMP configuration information
Apr 02 11:09:27 node-9.domain.tld kernel: ACPI: HPET id: 0x8086a701 base: 0xfed00000
Apr 02 11:09:27 node-9.domain.tld kernel: ACPI: SPCR: console: uart,io,0x2f8,115200
Apr 02 11:09:27 node-9.domain.tld kernel: smpboot: Allowing 64 CPUs, 0 hotplug CPUs
Apr 02 11:09:27 node-9.domain.tld kernel: PM: Registered nosave memory: [mem 0x00000000-0x00000fff]
Apr 02 11:09:27 node-9.domain.tld kernel: PM: Registered nosave memory: [mem 0x0003e000-0x0003efff]
Apr 02 11:09:27 node-9.domain.tld kernel: PM: Registered nosave memory: [mem 0x000a0000-0x000fffff]
Apr 02 11:09:27 node-9.domain.tld kernel: PM: Registered nosave memory: [mem 0x99b25000-0x99b25fff]
Apr 02 11:09:27 node-9.domain.tld kernel: PM: Registered nosave memory: [mem 0x99b5c000-0x99b5cfff]
Apr 02 11:09:27 node-9.domain.tld kernel: PM: Registered nosave memory: [mem 0x99b5d000-0x99b5dfff]
Apr 02 11:09:27 node-9.domain.tld kernel: PM: Registered nosave memory: [mem 0x99b94000-0x99b94fff]
Apr 02 11:09:27 node-9.domain.tld kernel: PM: Registered nosave memory: [mem 0x99b95000-0x99b95fff]
Apr 02 11:09:27 node-9.domain.tld kernel: PM: Registered nosave memory: [mem 0x99bcb000-0x99bcbfff]
Apr 02 11:09:27 node-9.domain.tld kernel: PM: Registered nosave memory: [mem 0x99bcc000-0x99bccfff]
Apr 02 11:09:27 node-9.domain.tld kernel: PM: Registered nosave memory: [mem 0x99c02000-0x99c02fff]
Apr 02 11:09:27 node-9.domain.tld kernel: PM: Registered nosave memory: [mem 0x99c03000-0x99c03fff]
Apr 02 11:09:27 node-9.domain.tld kernel: PM: Registered nosave memory: [mem 0x99c72000-0x99c72fff]
Apr 02 11:09:27 node-9.domain.tld kernel: PM: Registered nosave memory: [mem 0x99c73000-0x99c73fff]
Apr 02 11:09:27 node-9.domain.tld kernel: PM: Registered nosave memory: [mem 0x99ce2000-0x99ce2fff]
Apr 02 11:09:27 node-9.domain.tld kernel: PM: Registered nosave memory: [mem 0x9a365000-0x9a365fff]
Apr 02 11:09:27 node-9.domain.tld kernel: PM: Registered nosave memory: [mem 0x9a38c000-0x9a38cfff]
Apr 02 11:09:27 node-9.domain.tld kernel: PM: Registered nosave memory: [mem 0x9a455000-0x9a455fff]
Apr 02 11:09:27 node-9.domain.tld kernel: PM: Registered nosave memory: [mem 0x9a45d000-0x9a45dfff]
Apr 02 11:09:27 node-9.domain.tld kernel: PM: Registered nosave memory: [mem 0x9a6ff000-0x9a6fffff]
Apr 02 11:09:27 node-9.domain.tld kernel: PM: Registered nosave memory: [mem 0x9a707000-0x9a707fff]
Apr 02 11:09:27 node-9.domain.tld kernel: PM: Registered nosave memory: [mem 0x9a7f0000-0x9a7f0fff]
Apr 02 11:09:27 node-9.domain.tld kernel: PM: Registered nosave memory: [mem 0x9a7f8000-0x9a7f8fff]
Apr 02 11:09:27 node-9.domain.tld kernel: PM: Registered nosave memory: [mem 0x9a814000-0x9a814fff]
Apr 02 11:09:27 node-9.domain.tld kernel: PM: Registered nosave memory: [mem 0x9a81c000-0x9a81cfff]
Apr 02 11:09:27 node-9.domain.tld kernel: PM: Registered nosave memory: [mem 0x9a855000-0x9a855fff]
Apr 02 11:09:27 node-9.domain.tld kernel: PM: Registered nosave memory: [mem 0x9a85d000-0x9a85dfff]
Apr 02 11:09:27 node-9.domain.tld kernel: PM: Registered nosave memory: [mem 0xa5c57000-0xa7d56fff]
Apr 02 11:09:27 node-9.domain.tld kernel: PM: Registered nosave memory: [mem 0xa7d57000-0xa8656fff]
Apr 02 11:09:27 node-9.domain.tld kernel: PM: Registered nosave memory: [mem 0xa8657000-0xa8b0efff]
Apr 02 11:09:27 node-9.domain.tld kernel: PM: Registered nosave memory: [mem 0xa8b0f000-0xaaffefff]
Apr 02 11:09:27 node-9.domain.tld kernel: PM: Registered nosave memory: [mem 0xaf800000-0xcfffffff]
Apr 02 11:09:27 node-9.domain.tld kernel: PM: Registered nosave memory: [mem 0xd0000000-0xfcffffff]
Apr 02 11:09:27 node-9.domain.tld kernel: PM: Registered nosave memory: [mem 0xfd000000-0xfe7fffff]
Apr 02 11:09:27 node-9.domain.tld kernel: PM: Registered nosave memory: [mem 0xfe800000-0xfed1ffff]
Apr 02 11:09:27 node-9.domain.tld kernel: PM: Registered nosave memory: [mem 0xfed20000-0xfed44fff]
Apr 02 11:09:27 node-9.domain.tld kernel: PM: Registered nosave memory: [mem 0xfed45000-0xfeffffff]
Apr 02 11:09:27 node-9.domain.tld kernel: PM: Registered nosave memory: [mem 0xff000000-0xffffffff]
Apr 02 11:09:27 node-9.domain.tld kernel: [mem 0xd0000000-0xfcffffff] available for PCI devices
Apr 02 11:09:27 node-9.domain.tld kernel: Booting paravirtualized kernel on bare hardware
Apr 02 11:09:27 node-9.domain.tld kernel: clocksource: refined-jiffies: mask: 0xffffffff max_cycles: 0xffffffff, max_idle_ns: 1910969940391419 ns
Apr 02 11:09:27 node-9.domain.tld kernel: Detected CPU family 6 model 106 stepping 6
Apr 02 11:09:27 node-9.domain.tld kernel: Warning: Intel Processor - this hardware has not undergone testing by Red Hat and might not be certified. Please consult https://hardware.redhat.com for certified hardware.
Apr 02 11:09:27 node-9.domain.tld kernel: setup_percpu: NR_CPUS:8192 nr_cpumask_bits:64 nr_cpu_ids:64 nr_node_ids:2
Apr 02 11:09:27 node-9.domain.tld kernel: percpu: Embedded 47 pages/cpu s155648 r8192 d28672 u262144
Apr 02 11:09:27 node-9.domain.tld kernel: pcpu-alloc: s155648 r8192 d28672 u262144 alloc=1*2097152
Apr 02 11:09:27 node-9.domain.tld kernel: pcpu-alloc: [0] 00 01 02 03 04 05 06 07 [0] 08 09 10 11 12 13 14 15 
Apr 02 11:09:27 node-9.domain.tld kernel: pcpu-alloc: [0] 32 33 34 35 36 37 38 39 [0] 40 41 42 43 44 45 46 47 
Apr 02 11:09:27 node-9.domain.tld kernel: pcpu-alloc: [1] 16 17 18 19 20 21 22 23 [1] 24 25 26 27 28 29 30 31 
Apr 02 11:09:27 node-9.domain.tld kernel: pcpu-alloc: [1] 48 49 50 51 52 53 54 55 [1] 56 57 58 59 60 61 62 63 
Apr 02 11:09:27 node-9.domain.tld kernel: Built 2 zonelists, mobility grouping on.  Total pages: 264153419
Apr 02 11:09:27 node-9.domain.tld kernel: Policy zone: Normal
Apr 02 11:09:27 node-9.domain.tld kernel: Kernel command line: BOOT_IMAGE=(hd0,gpt3)/vmlinuz-4.18.0-147.5.1.es8_24.x86_64 root=/dev/mapper/os-root ro edd=off kvm.halt_poll_ns=400000 cgroup.memory=nokmem intel_iommu=on iommu=pt pci=realloc ixgbe.allow_unsupported_sfp=1 rootdelay=90 nomodeset intel_idle.max_cstate=0 processor.max_cstate=0 crashkernel=300M rd.lvm.lv=os/root biosdevname=0 net.ifnames=1 nopti
Apr 02 11:09:27 node-9.domain.tld kernel: Specific versions of hardware are certified with Red Hat Enterprise Linux 8. Please see the list of hardware certified with Red Hat Enterprise Linux 8 at https://access.redhat.com/ecosystem.
Apr 02 11:09:27 node-9.domain.tld kernel: DMAR: IOMMU enabled
Apr 02 11:09:27 node-9.domain.tld kernel: Memory: 2301200K/1073385432K available (12292K kernel code, 2117K rwdata, 3780K rodata, 2364K init, 6356K bss, 17572276K reserved, 0K cma-reserved)
Apr 02 11:09:27 node-9.domain.tld kernel: SLUB: HWalign=64, Order=0-3, MinObjects=0, CPUs=64, Nodes=2
Apr 02 11:09:27 node-9.domain.tld kernel: ftrace: allocating 35707 entries in 140 pages
Apr 02 11:09:27 node-9.domain.tld kernel: rcu: Hierarchical RCU implementation.
Apr 02 11:09:27 node-9.domain.tld kernel: rcu:         RCU restricting CPUs from NR_CPUS=8192 to nr_cpu_ids=64.
Apr 02 11:09:27 node-9.domain.tld kernel: rcu: RCU calculated value of scheduler-enlistment delay is 100 jiffies.
Apr 02 11:09:27 node-9.domain.tld kernel: rcu: Adjusting geometry for rcu_fanout_leaf=16, nr_cpu_ids=64
Apr 02 11:09:27 node-9.domain.tld kernel: NR_IRQS: 524544, nr_irqs: 2568, preallocated irqs: 16
Apr 02 11:09:27 node-9.domain.tld kernel: random: get_random_bytes called from start_kernel+0x36b/0x55b with crng_init=0
Apr 02 11:09:27 node-9.domain.tld kernel: Console: colour dummy device 80x25
Apr 02 11:09:27 node-9.domain.tld kernel: console [tty0] enabled
Apr 02 11:09:27 node-9.domain.tld kernel: mempolicy: Enabling automatic NUMA balancing. Configure with numa_balancing= or the kernel.numa_balancing sysctl
Apr 02 11:09:27 node-9.domain.tld kernel: ACPI: Core revision 20180531
Apr 02 11:09:27 node-9.domain.tld kernel: clocksource: hpet: mask: 0xffffffff max_cycles: 0xffffffff, max_idle_ns: 79635855245 ns
Apr 02 11:09:27 node-9.domain.tld kernel: hpet clockevent registered
Apr 02 11:09:27 node-9.domain.tld kernel: APIC: Switch to symmetric I/O mode setup
Apr 02 11:09:27 node-9.domain.tld kernel: DMAR: Host address width 46
Apr 02 11:09:27 node-9.domain.tld kernel: DMAR: DRHD base: 0x000000e7ffc000 flags: 0x0
Apr 02 11:09:27 node-9.domain.tld kernel: DMAR: dmar0: reg_base_addr e7ffc000 ver 4:0 cap 8ed008c40780466 ecap 60000f050df
Apr 02 11:09:27 node-9.domain.tld kernel: DMAR: DRHD base: 0x000000ebffc000 flags: 0x0
Apr 02 11:09:27 node-9.domain.tld kernel: DMAR: dmar1: reg_base_addr ebffc000 ver 4:0 cap 8ed008c40780466 ecap 60000f050df
Apr 02 11:09:27 node-9.domain.tld kernel: DMAR: DRHD base: 0x000000efffc000 flags: 0x0
Apr 02 11:09:27 node-9.domain.tld kernel: DMAR: dmar2: reg_base_addr efffc000 ver 4:0 cap 8ed008c40780466 ecap 60000f050df
Apr 02 11:09:27 node-9.domain.tld kernel: DMAR: DRHD base: 0x000000f3ffc000 flags: 0x0
Apr 02 11:09:27 node-9.domain.tld kernel: DMAR: dmar3: reg_base_addr f3ffc000 ver 4:0 cap 8ed008c40780466 ecap 60000f050df
Apr 02 11:09:27 node-9.domain.tld kernel: DMAR: DRHD base: 0x000000f77fc000 flags: 0x0
Apr 02 11:09:27 node-9.domain.tld kernel: DMAR: dmar4: reg_base_addr f77fc000 ver 4:0 cap 8ed008c40780466 ecap 60000f050df
Apr 02 11:09:27 node-9.domain.tld kernel: DMAR: DRHD base: 0x000000d7ffc000 flags: 0x0
Apr 02 11:09:27 node-9.domain.tld kernel: DMAR: dmar5: reg_base_addr d7ffc000 ver 4:0 cap 8ed008c40780466 ecap 60000f050df
Apr 02 11:09:27 node-9.domain.tld kernel: DMAR: DRHD base: 0x000000dbffc000 flags: 0x0
Apr 02 11:09:27 node-9.domain.tld kernel: DMAR: dmar6: reg_base_addr dbffc000 ver 4:0 cap 8ed008c40780466 ecap 60000f050df
Apr 02 11:09:27 node-9.domain.tld kernel: DMAR: DRHD base: 0x000000dfffc000 flags: 0x0
Apr 02 11:09:27 node-9.domain.tld kernel: DMAR: dmar7: reg_base_addr dfffc000 ver 4:0 cap 8ed008c40780466 ecap 60000f050df
Apr 02 11:09:27 node-9.domain.tld kernel: DMAR: DRHD base: 0x000000e37fc000 flags: 0x0
Apr 02 11:09:27 node-9.domain.tld kernel: DMAR: dmar8: reg_base_addr e37fc000 ver 4:0 cap 8ed008c40780466 ecap 60000f050df
Apr 02 11:09:27 node-9.domain.tld kernel: DMAR: DRHD base: 0x000000d3ffc000 flags: 0x1
Apr 02 11:09:27 node-9.domain.tld kernel: DMAR: dmar9: reg_base_addr d3ffc000 ver 4:0 cap 8ed008c40780466 ecap 60000f050df
Apr 02 11:09:27 node-9.domain.tld kernel: DMAR: RMRR base: 0x000000aaac6000 end: 0x000000aaae9fff
Apr 02 11:09:27 node-9.domain.tld kernel: DMAR: RMRR base: 0x000000aa7e2000 end: 0x000000aaa2bfff
Apr 02 11:09:27 node-9.domain.tld kernel: DMAR: ATSR flags: 0x0
Apr 02 11:09:27 node-9.domain.tld kernel: DMAR: ATSR flags: 0x0
Apr 02 11:09:27 node-9.domain.tld kernel: DMAR: RHSA base: 0x000000d3ffc000 proximity domain: 0x0
Apr 02 11:09:27 node-9.domain.tld kernel: DMAR: RHSA base: 0x000000d7ffc000 proximity domain: 0x0
Apr 02 11:09:27 node-9.domain.tld kernel: DMAR: RHSA base: 0x000000dbffc000 proximity domain: 0x0
Apr 02 11:09:27 node-9.domain.tld kernel: DMAR: RHSA base: 0x000000dfffc000 proximity domain: 0x0
Apr 02 11:09:27 node-9.domain.tld kernel: DMAR: RHSA base: 0x000000e37fc000 proximity domain: 0x0
Apr 02 11:09:27 node-9.domain.tld kernel: DMAR: RHSA base: 0x000000e7ffc000 proximity domain: 0x1
Apr 02 11:09:27 node-9.domain.tld kernel: DMAR: RHSA base: 0x000000ebffc000 proximity domain: 0x1
Apr 02 11:09:27 node-9.domain.tld kernel: DMAR: RHSA base: 0x000000efffc000 proximity domain: 0x1
Apr 02 11:09:27 node-9.domain.tld kernel: DMAR: RHSA base: 0x000000f3ffc000 proximity domain: 0x1
Apr 02 11:09:27 node-9.domain.tld kernel: DMAR: RHSA base: 0x000000f77fc000 proximity domain: 0x1
Apr 02 11:09:27 node-9.domain.tld kernel: DMAR-IR: IOAPIC id 8 under DRHD base  0xd3ffc000 IOMMU 9
Apr 02 11:09:27 node-9.domain.tld kernel: DMAR-IR: HPET id 0 under DRHD base 0xd3ffc000
Apr 02 11:09:27 node-9.domain.tld kernel: DMAR-IR: Queued invalidation will be enabled to support x2apic and Intr-remapping.
Apr 02 11:09:27 node-9.domain.tld kernel: DMAR-IR: Enabled IRQ remapping in x2apic mode
Apr 02 11:09:27 node-9.domain.tld kernel: x2apic enabled
Apr 02 11:09:27 node-9.domain.tld kernel: System requires x2apic physical mode
Apr 02 11:09:27 node-9.domain.tld kernel: Switched APIC routing to physical x2apic.
Apr 02 11:09:27 node-9.domain.tld kernel: ..TIMER: vector=0x30 apic1=0 pin1=2 apic2=-1 pin2=-1
Apr 02 11:09:27 node-9.domain.tld kernel: tsc: Detected 3100.000 MHz processor
Apr 02 11:09:27 node-9.domain.tld kernel: clocksource: tsc-early: mask: 0xffffffffffffffff max_cycles: 0x2caf47d9d39, max_idle_ns: 440795292816 ns
Apr 02 11:09:27 node-9.domain.tld kernel: Calibrating delay loop (skipped), value calculated using timer frequency.. 6200.00 BogoMIPS (lpj=3100000)
Apr 02 11:09:27 node-9.domain.tld kernel: pid_max: default: 65536 minimum: 512
Apr 02 11:09:27 node-9.domain.tld kernel: Security Framework initialized
Apr 02 11:09:27 node-9.domain.tld kernel: Yama: becoming mindful.
Apr 02 11:09:27 node-9.domain.tld kernel: SELinux:  Initializing.
Apr 02 11:09:27 node-9.domain.tld kernel: Dentry cache hash table entries: 33554432 (order: 16, 268435456 bytes)
Apr 02 11:09:27 node-9.domain.tld kernel: Inode-cache hash table entries: 16777216 (order: 15, 134217728 bytes)
Apr 02 11:09:27 node-9.domain.tld kernel: Mount-cache hash table entries: 524288 (order: 10, 4194304 bytes)
Apr 02 11:09:27 node-9.domain.tld kernel: Mountpoint-cache hash table entries: 524288 (order: 10, 4194304 bytes)
Apr 02 11:09:27 node-9.domain.tld kernel: x86/tme: not enabled by BIOS
Apr 02 11:09:27 node-9.domain.tld kernel: ENERGY_PERF_BIAS: Set to 'normal', was 'performance'
Apr 02 11:09:27 node-9.domain.tld kernel: ENERGY_PERF_BIAS: View and update with x86_energy_perf_policy(8)
Apr 02 11:09:27 node-9.domain.tld kernel: x86/cpu: User Mode Instruction Prevention (UMIP) activated
Apr 02 11:09:27 node-9.domain.tld kernel: CPU0: Thermal monitoring enabled (TM1)
Apr 02 11:09:27 node-9.domain.tld kernel: process: using mwait in idle threads
Apr 02 11:09:27 node-9.domain.tld kernel: Last level iTLB entries: 4KB 0, 2MB 0, 4MB 0
Apr 02 11:09:27 node-9.domain.tld kernel: Last level dTLB entries: 4KB 0, 2MB 0, 4MB 0, 1GB 0
Apr 02 11:09:27 node-9.domain.tld kernel: FEATURE SPEC_CTRL Present
Apr 02 11:09:27 node-9.domain.tld kernel: FEATURE IBPB_SUPPORT Present
Apr 02 11:09:27 node-9.domain.tld kernel: Spectre V1 : Mitigation: usercopy/swapgs barriers and __user pointer sanitization
Apr 02 11:09:27 node-9.domain.tld kernel: Spectre V2 : Mitigation: Enhanced IBRS
Apr 02 11:09:27 node-9.domain.tld kernel: Spectre V2 : Spectre v2 / SpectreRSB mitigation: Filling RSB on context switch
Apr 02 11:09:27 node-9.domain.tld kernel: Spectre V2 : mitigation: Enabling conditional Indirect Branch Prediction Barrier
Apr 02 11:09:27 node-9.domain.tld kernel: Speculative Store Bypass: Mitigation: Speculative Store Bypass disabled via prctl and seccomp
Apr 02 11:09:27 node-9.domain.tld kernel: Freeing SMP alternatives memory: 32K
Apr 02 11:09:27 node-9.domain.tld kernel: TSC deadline timer enabled
Apr 02 11:09:27 node-9.domain.tld kernel: smpboot: CPU0: Intel(R) Xeon(R) Gold 6346 CPU @ 3.10GHz (family: 0x6, model: 0x6a, stepping: 0x6)
Apr 02 11:09:27 node-9.domain.tld kernel: Performance Events: no PEBS fmt4+, generic architected perfmon, 
Apr 02 11:09:27 node-9.domain.tld kernel: ------------[ cut here ]------------
Apr 02 11:09:27 node-9.domain.tld kernel: hw perf events fixed 4 > max(3), clipping!
Apr 02 11:09:27 node-9.domain.tld kernel: WARNING: CPU: 0 PID: 1 at arch/x86/events/intel/core.c:4695 intel_pmu_init+0x1245/0x144b
Apr 02 11:09:27 node-9.domain.tld kernel: Modules linked in:
Apr 02 11:09:27 node-9.domain.tld kernel: CPU: 0 PID: 1 Comm: swapper/0 Not tainted 4.18.0-147.5.1.es8_24.x86_64 #1
Apr 02 11:09:27 node-9.domain.tld kernel: Hardware name: Lenovo ThinkSystem SR670 V2/7Z23CTOLWW, BIOS U8E124I-2.10 07/20/2023
Apr 02 11:09:27 node-9.domain.tld kernel: RIP: 0010:intel_pmu_init+0x1245/0x144b
Apr 02 11:09:27 node-9.domain.tld kernel: Code: 00 8b 35 7e 0b c6 ff 48 d3 e0 48 ff c8 48 89 05 59 0c c6 ff 83 fe 03 7e 1d ba 03 00 00 00 48 c7 c7 c0 cc 46 ba e8 fd 18 91 fe <0f> 0b c7 05 4f 0b c6 ff 03 00 00 00 8b 0d 49 0b c6 ff b8 01 00 00
Apr 02 11:09:27 node-9.domain.tld kernel: RSP: 0000:ff6c878000067d50 EFLAGS: 00010282
Apr 02 11:09:27 node-9.domain.tld kernel: RAX: 0000000000000000 RBX: 0000000000000000 RCX: ffffffffba65a348
Apr 02 11:09:27 node-9.domain.tld kernel: RDX: 0000000000000001 RSI: 0000000000000082 RDI: 0000000000000247
Apr 02 11:09:27 node-9.domain.tld kernel: RBP: ff6c878000067dc0 R08: 000000000000023b R09: ffffffffbae37f22
Apr 02 11:09:27 node-9.domain.tld kernel: R10: 0024d50c489a7637 R11: 000000000000002a R12: 0000000000000000
Apr 02 11:09:27 node-9.domain.tld kernel: R13: 0000000000000000 R14: 0000000000000000 R15: 0000000000000000
Apr 02 11:09:27 node-9.domain.tld kernel: FS:  0000000000000000(0000) GS:ff1cea7e3f800000(0000) knlGS:0000000000000000
Apr 02 11:09:27 node-9.domain.tld kernel: CS:  0010 DS: 0000 ES: 0000 CR0: 0000000080050033
Apr 02 11:09:27 node-9.domain.tld kernel: CR2: ff1cea59fba02000 CR3: 00000059fac0a001 CR4: 0000000000761ef0
Apr 02 11:09:27 node-9.domain.tld kernel: DR0: 0000000000000000 DR1: 0000000000000000 DR2: 0000000000000000
Apr 02 11:09:27 node-9.domain.tld kernel: DR3: 0000000000000000 DR6: 00000000fffe0ff0 DR7: 0000000000000400
Apr 02 11:09:27 node-9.domain.tld kernel: PKRU: 00000000
Apr 02 11:09:27 node-9.domain.tld kernel: Call Trace:
Apr 02 11:09:27 node-9.domain.tld kernel:  ? printk+0x58/0x6f
Apr 02 11:09:27 node-9.domain.tld kernel:  ? merge_attr+0xac/0xac
Apr 02 11:09:27 node-9.domain.tld kernel:  init_hw_perf_events+0x46/0x5f4
Apr 02 11:09:27 node-9.domain.tld kernel:  ? merge_attr+0xac/0xac
Apr 02 11:09:27 node-9.domain.tld kernel:  do_one_initcall+0x46/0x1c3
Apr 02 11:09:27 node-9.domain.tld kernel:  ? proc_register+0xc5/0x120
Apr 02 11:09:27 node-9.domain.tld kernel:  kernel_init_freeable+0xf6/0x258
Apr 02 11:09:27 node-9.domain.tld kernel:  ? rest_init+0xaa/0xaa
Apr 02 11:09:27 node-9.domain.tld kernel:  kernel_init+0xa/0xfc
Apr 02 11:09:27 node-9.domain.tld kernel:  ret_from_fork+0x1f/0x40
Apr 02 11:09:27 node-9.domain.tld kernel: ---[ end trace fd10bf108d2e1b6f ]---
Apr 02 11:09:27 node-9.domain.tld kernel: full-width counters, Intel PMU driver.
Apr 02 11:09:27 node-9.domain.tld kernel: ... version:                5
Apr 02 11:09:27 node-9.domain.tld kernel: ... bit width:              48
Apr 02 11:09:27 node-9.domain.tld kernel: ... generic registers:      8
Apr 02 11:09:27 node-9.domain.tld kernel: ... value mask:             0000ffffffffffff
Apr 02 11:09:27 node-9.domain.tld kernel: ... max period:             00007fffffffffff
Apr 02 11:09:27 node-9.domain.tld kernel: ... fixed-purpose events:   3
Apr 02 11:09:27 node-9.domain.tld kernel: ... event mask:             00000007000000ff
Apr 02 11:09:27 node-9.domain.tld kernel: rcu: Hierarchical SRCU implementation.
Apr 02 11:09:27 node-9.domain.tld kernel: NMI watchdog: Enabled. Permanently consumes one hw-PMU counter.
Apr 02 11:09:27 node-9.domain.tld kernel: smp: Bringing up secondary CPUs ...
Apr 02 11:09:27 node-9.domain.tld kernel: x86: Booting SMP configuration:
Apr 02 11:09:27 node-9.domain.tld kernel: .... node  #0, CPUs:        #1  #2  #3  #4  #5  #6  #7  #8  #9 #10 #11 #12 #13 #14 #15
Apr 02 11:09:27 node-9.domain.tld kernel: .... node  #1, CPUs:   #16 #17 #18 #19 #20 #21 #22 #23 #24 #25 #26 #27 #28 #29 #30 #31
Apr 02 11:09:27 node-9.domain.tld kernel: .... node  #0, CPUs:   #32 #33 #34 #35 #36 #37 #38 #39 #40 #41 #42 #43 #44 #45 #46 #47
Apr 02 11:09:27 node-9.domain.tld kernel: .... node  #1, CPUs:   #48 #49 #50 #51 #52 #53 #54 #55 #56 #57 #58 #59 #60 #61 #62 #63
Apr 02 11:09:27 node-9.domain.tld kernel: smp: Brought up 2 nodes, 64 CPUs
Apr 02 11:09:27 node-9.domain.tld kernel: smpboot: Max logical packages: 2
Apr 02 11:09:27 node-9.domain.tld kernel: smpboot: Total of 64 processors activated (397005.95 BogoMIPS)
Apr 02 11:09:27 node-9.domain.tld kernel: node 0 initialised, 131259729 pages in 3594ms
Apr 02 11:09:27 node-9.domain.tld kernel: node 1 initialised, 132052724 pages in 3686ms
Apr 02 11:09:27 node-9.domain.tld kernel: devtmpfs: initialized
Apr 02 11:09:27 node-9.domain.tld kernel: x86/mm: Memory block size: 1024MB
Apr 02 11:09:27 node-9.domain.tld kernel: PM: Registering ACPI NVS region [mem 0xa8657000-0xa8b0efff] (4947968 bytes)
Apr 02 11:09:27 node-9.domain.tld kernel: clocksource: jiffies: mask: 0xffffffff max_cycles: 0xffffffff, max_idle_ns: 1911260446275000 ns
Apr 02 11:09:27 node-9.domain.tld kernel: futex hash table entries: 16384 (order: 8, 1048576 bytes)
Apr 02 11:09:27 node-9.domain.tld kernel: pinctrl core: initialized pinctrl subsystem
Apr 02 11:09:27 node-9.domain.tld kernel: NET: Registered protocol family 16
Apr 02 11:09:27 node-9.domain.tld kernel: audit: initializing netlink subsys (disabled)
Apr 02 11:09:27 node-9.domain.tld kernel: audit: type=2000 audit(1712027363.341:1): state=initialized audit_enabled=0 res=1
Apr 02 11:09:27 node-9.domain.tld kernel: cpuidle: using governor menu
Apr 02 11:09:27 node-9.domain.tld kernel: ACPI FADT declares the system doesn't support PCIe ASPM, so disable it
Apr 02 11:09:27 node-9.domain.tld kernel: ACPI: bus type PCI registered
Apr 02 11:09:27 node-9.domain.tld kernel: acpiphp: ACPI Hot Plug PCI Controller Driver version: 0.5
Apr 02 11:09:27 node-9.domain.tld kernel: PCI: MMCONFIG for domain 0000 [bus 00-ff] at [mem 0xc0000000-0xcfffffff] (base 0xc0000000)
Apr 02 11:09:27 node-9.domain.tld kernel: PCI: MMCONFIG at [mem 0xc0000000-0xcfffffff] reserved in E820
Apr 02 11:09:27 node-9.domain.tld kernel: pmd_set_huge: Cannot satisfy [mem 0xc0000000-0xc0200000] with a huge-page mapping due to MTRR override.
Apr 02 11:09:27 node-9.domain.tld kernel: PCI: Using configuration type 1 for base access
Apr 02 11:09:27 node-9.domain.tld kernel: HugeTLB registered 1.00 GiB page size, pre-allocated 0 pages
Apr 02 11:09:27 node-9.domain.tld kernel: HugeTLB registered 2.00 MiB page size, pre-allocated 0 pages
Apr 02 11:09:27 node-9.domain.tld kernel: cryptd: max_cpu_qlen set to 1000
Apr 02 11:09:27 node-9.domain.tld kernel: ACPI: Added _OSI(Module Device)
Apr 02 11:09:27 node-9.domain.tld kernel: ACPI: Added _OSI(Processor Device)
Apr 02 11:09:27 node-9.domain.tld kernel: ACPI: Added _OSI(3.0 _SCP Extensions)
Apr 02 11:09:27 node-9.domain.tld kernel: ACPI: Added _OSI(Processor Aggregator Device)
Apr 02 11:09:27 node-9.domain.tld kernel: ACPI: Added _OSI(Linux-Dell-Video)
Apr 02 11:09:27 node-9.domain.tld kernel: ACPI: 8 ACPI AML tables successfully acquired and loaded
Apr 02 11:09:27 node-9.domain.tld kernel: ACPI: Interpreter enabled
Apr 02 11:09:27 node-9.domain.tld kernel: ACPI: (supports S0 S5)
Apr 02 11:09:27 node-9.domain.tld kernel: ACPI: Using IOAPIC for interrupt routing
Apr 02 11:09:27 node-9.domain.tld kernel: HEST: Enabling Firmware First mode for corrected errors.
Apr 02 11:09:27 node-9.domain.tld kernel: HEST: Table parsing has been initialized.
Apr 02 11:09:27 node-9.domain.tld kernel: PCI: Using host bridge windows from ACPI; if necessary, use "pci=nocrs" and report a bug
Apr 02 11:09:27 node-9.domain.tld kernel: ACPI: Enabled 5 GPEs in block 00 to 7F
Apr 02 11:09:27 node-9.domain.tld kernel: ACPI: PCI Root Bridge [PC00] (domain 0000 [bus 00-15])
Apr 02 11:09:27 node-9.domain.tld kernel: acpi PNP0A08:00: _OSC: OS supports [ExtendedConfig ASPM ClockPM Segments MSI]
Apr 02 11:09:27 node-9.domain.tld kernel: acpi PNP0A08:00: PCIe AER handled by firmware
Apr 02 11:09:27 node-9.domain.tld kernel: acpi PNP0A08:00: _OSC: platform does not support [SHPCHotplug LTR]
Apr 02 11:09:27 node-9.domain.tld kernel: acpi PNP0A08:00: _OSC: OS now controls [PCIeHotplug PME PCIeCapability]
Apr 02 11:09:27 node-9.domain.tld kernel: acpi PNP0A08:00: FADT indicates ASPM is unsupported, using BIOS configuration
Apr 02 11:09:27 node-9.domain.tld kernel: PCI host bridge to bus 0000:00
Apr 02 11:09:27 node-9.domain.tld kernel: pci_bus 0000:00: root bus resource [io  0x0000-0x0cf7 window]
Apr 02 11:09:27 node-9.domain.tld kernel: pci_bus 0000:00: root bus resource [io  0x1000-0x3fff window]
Apr 02 11:09:27 node-9.domain.tld kernel: pci_bus 0000:00: root bus resource [mem 0x000a0000-0x000bffff window]
Apr 02 11:09:27 node-9.domain.tld kernel: pci_bus 0000:00: root bus resource [mem 0x000c8000-0x000cffff window]
Apr 02 11:09:27 node-9.domain.tld kernel: pci_bus 0000:00: root bus resource [mem 0xfe010000-0xfe010fff window]
Apr 02 11:09:27 node-9.domain.tld kernel: pci_bus 0000:00: root bus resource [mem 0xd0000000-0xd3ffffff window]
Apr 02 11:09:27 node-9.domain.tld kernel: pci_bus 0000:00: root bus resource [mem 0x20000000000-0x2ffffffffff window]
Apr 02 11:09:27 node-9.domain.tld kernel: pci_bus 0000:00: root bus resource [bus 00-15]
Apr 02 11:09:27 node-9.domain.tld kernel: pci 0000:00:00.0: [8086:09a2] type 00 class 0x088000
Apr 02 11:09:27 node-9.domain.tld kernel: pci 0000:00:00.1: [8086:09a4] type 00 class 0x088000
Apr 02 11:09:27 node-9.domain.tld kernel: pci 0000:00:00.2: [8086:09a3] type 00 class 0x088000
Apr 02 11:09:27 node-9.domain.tld kernel: pci 0000:00:00.4: [8086:0998] type 00 class 0x060000
Apr 02 11:09:27 node-9.domain.tld kernel: pci 0000:00:01.0: [8086:0b00] type 00 class 0x088000
Apr 02 11:09:27 node-9.domain.tld kernel: pci 0000:00:01.0: reg 0x10: [mem 0x2fffff50000-0x2fffff53fff 64bit]
Apr 02 11:09:27 node-9.domain.tld kernel: pci 0000:00:01.1: [8086:0b00] type 00 class 0x088000
Apr 02 11:09:27 node-9.domain.tld kernel: pci 0000:00:01.1: reg 0x10: [mem 0x2fffff4c000-0x2fffff4ffff 64bit]
Apr 02 11:09:27 node-9.domain.tld kernel: pci 0000:00:01.2: [8086:0b00] type 00 class 0x088000
Apr 02 11:09:27 node-9.domain.tld kernel: pci 0000:00:01.2: reg 0x10: [mem 0x2fffff48000-0x2fffff4bfff 64bit]
Apr 02 11:09:27 node-9.domain.tld kernel: pci 0000:00:01.3: [8086:0b00] type 00 class 0x088000
Apr 02 11:09:27 node-9.domain.tld kernel: pci 0000:00:01.3: reg 0x10: [mem 0x2fffff44000-0x2fffff47fff 64bit]
Apr 02 11:09:27 node-9.domain.tld kernel: pci 0000:00:01.4: [8086:0b00] type 00 class 0x088000
Apr 02 11:09:27 node-9.domain.tld kernel: pci 0000:00:01.4: reg 0x10: [mem 0x2fffff40000-0x2fffff43fff 64bit]
Apr 02 11:09:27 node-9.domain.tld kernel: pci 0000:00:01.5: [8086:0b00] type 00 class 0x088000
Apr 02 11:09:27 node-9.domain.tld kernel: pci 0000:00:01.5: reg 0x10: [mem 0x2fffff3c000-0x2fffff3ffff 64bit]
Apr 02 11:09:27 node-9.domain.tld kernel: pci 0000:00:01.6: [8086:0b00] type 00 class 0x088000
Apr 02 11:09:27 node-9.domain.tld kernel: pci 0000:00:01.6: reg 0x10: [mem 0x2fffff38000-0x2fffff3bfff 64bit]
Apr 02 11:09:27 node-9.domain.tld kernel: pci 0000:00:01.7: [8086:0b00] type 00 class 0x088000
Apr 02 11:09:27 node-9.domain.tld kernel: pci 0000:00:01.7: reg 0x10: [mem 0x2fffff34000-0x2fffff37fff 64bit]
Apr 02 11:09:27 node-9.domain.tld kernel: pci 0000:00:02.0: [8086:09a6] type 00 class 0x088000
Apr 02 11:09:27 node-9.domain.tld kernel: pci 0000:00:02.0: reg 0x10: [mem 0xd3f88000-0xd3f89fff]
Apr 02 11:09:27 node-9.domain.tld kernel: pci 0000:00:02.1: [8086:09a7] type 00 class 0x088000
Apr 02 11:09:27 node-9.domain.tld kernel: pci 0000:00:02.1: reg 0x10: [mem 0xd3f00000-0xd3f7ffff]
Apr 02 11:09:27 node-9.domain.tld kernel: pci 0000:00:02.1: reg 0x14: [mem 0xd3e80000-0xd3efffff]
Apr 02 11:09:27 node-9.domain.tld kernel: pci 0000:00:02.4: [8086:3456] type 00 class 0x130000
Apr 02 11:09:27 node-9.domain.tld kernel: pci 0000:00:02.4: reg 0x10: [mem 0x2ffffe00000-0x2ffffefffff 64bit]
Apr 02 11:09:27 node-9.domain.tld kernel: pci 0000:00:02.4: reg 0x18: [mem 0x2fffff30000-0x2fffff33fff 64bit]
Apr 02 11:09:27 node-9.domain.tld kernel: pci 0000:00:02.4: reg 0x20: [mem 0x2fffff00000-0x2fffff1ffff 64bit]
Apr 02 11:09:27 node-9.domain.tld kernel: pci 0000:00:11.0: [8086:a1ec] type 00 class 0xff0000
Apr 02 11:09:27 node-9.domain.tld kernel: pci 0000:00:11.5: [8086:a1d2] type 00 class 0x010601
Apr 02 11:09:27 node-9.domain.tld kernel: pci 0000:00:11.5: reg 0x10: [mem 0xd3f86000-0xd3f87fff]
Apr 02 11:09:27 node-9.domain.tld kernel: pci 0000:00:11.5: reg 0x14: [mem 0xd3f8b000-0xd3f8b0ff]
Apr 02 11:09:27 node-9.domain.tld kernel: pci 0000:00:11.5: reg 0x18: [io  0x3070-0x3077]
Apr 02 11:09:27 node-9.domain.tld kernel: pci 0000:00:11.5: reg 0x1c: [io  0x3060-0x3063]
Apr 02 11:09:27 node-9.domain.tld kernel: pci 0000:00:11.5: reg 0x20: [io  0x3020-0x303f]
Apr 02 11:09:27 node-9.domain.tld kernel: pci 0000:00:11.5: reg 0x24: [mem 0xd3d80000-0xd3dfffff]
Apr 02 11:09:27 node-9.domain.tld kernel: pci 0000:00:11.5: PME# supported from D3hot
Apr 02 11:09:27 node-9.domain.tld kernel: pci 0000:00:14.0: [8086:a1af] type 00 class 0x0c0330
Apr 02 11:09:27 node-9.domain.tld kernel: pci 0000:00:14.0: reg 0x10: [mem 0x2fffff20000-0x2fffff2ffff 64bit]
Apr 02 11:09:27 node-9.domain.tld kernel: pci 0000:00:14.0: PME# supported from D3hot D3cold
Apr 02 11:09:27 node-9.domain.tld kernel: pci 0000:00:14.2: [8086:a1b1] type 00 class 0x118000
Apr 02 11:09:27 node-9.domain.tld kernel: pci 0000:00:14.2: reg 0x10: [mem 0x2fffff57000-0x2fffff57fff 64bit]
Apr 02 11:09:27 node-9.domain.tld kernel: pci 0000:00:16.0: [8086:a1ba] type 00 class 0x078000
Apr 02 11:09:27 node-9.domain.tld kernel: pci 0000:00:16.0: reg 0x10: [mem 0x2fffff56000-0x2fffff56fff 64bit]
Apr 02 11:09:27 node-9.domain.tld kernel: pci 0000:00:16.0: PME# supported from D3hot
Apr 02 11:09:27 node-9.domain.tld kernel: pci 0000:00:16.1: [8086:a1bb] type 00 class 0x078000
Apr 02 11:09:27 node-9.domain.tld kernel: pci 0000:00:16.1: reg 0x10: [mem 0x2fffff55000-0x2fffff55fff 64bit]
Apr 02 11:09:27 node-9.domain.tld kernel: pci 0000:00:16.1: PME# supported from D3hot
Apr 02 11:09:27 node-9.domain.tld kernel: pci 0000:00:16.4: [8086:a1be] type 00 class 0x078000
Apr 02 11:09:27 node-9.domain.tld kernel: pci 0000:00:16.4: reg 0x10: [mem 0x2fffff54000-0x2fffff54fff 64bit]
Apr 02 11:09:27 node-9.domain.tld kernel: pci 0000:00:16.4: PME# supported from D3hot
Apr 02 11:09:27 node-9.domain.tld kernel: pci 0000:00:17.0: [8086:a182] type 00 class 0x010601
Apr 02 11:09:27 node-9.domain.tld kernel: pci 0000:00:17.0: reg 0x10: [mem 0xd3f84000-0xd3f85fff]
Apr 02 11:09:27 node-9.domain.tld kernel: pci 0000:00:17.0: reg 0x14: [mem 0xd3f8a000-0xd3f8a0ff]
Apr 02 11:09:27 node-9.domain.tld kernel: pci 0000:00:17.0: reg 0x18: [io  0x3050-0x3057]
Apr 02 11:09:27 node-9.domain.tld kernel: pci 0000:00:17.0: reg 0x1c: [io  0x3040-0x3043]
Apr 02 11:09:27 node-9.domain.tld kernel: pci 0000:00:17.0: reg 0x20: [io  0x3000-0x301f]
Apr 02 11:09:27 node-9.domain.tld kernel: pci 0000:00:17.0: reg 0x24: [mem 0xd3d00000-0xd3d7ffff]
Apr 02 11:09:27 node-9.domain.tld kernel: pci 0000:00:17.0: PME# supported from D3hot
Apr 02 11:09:27 node-9.domain.tld kernel: pci 0000:00:1c.0: [8086:a190] type 01 class 0x060400
Apr 02 11:09:27 node-9.domain.tld kernel: pci 0000:00:1c.0: PME# supported from D0 D3hot D3cold
Apr 02 11:09:27 node-9.domain.tld kernel: pci 0000:00:1c.6: [8086:a196] type 01 class 0x060400
Apr 02 11:09:27 node-9.domain.tld kernel: pci 0000:00:1c.6: PME# supported from D0 D3hot D3cold
Apr 02 11:09:27 node-9.domain.tld kernel: pci 0000:00:1f.0: [8086:a1cb] type 00 class 0x060100
Apr 02 11:09:27 node-9.domain.tld kernel: pci 0000:00:1f.2: [8086:a1a1] type 00 class 0x058000
Apr 02 11:09:27 node-9.domain.tld kernel: pci 0000:00:1f.2: reg 0x10: [mem 0xd3f80000-0xd3f83fff]
Apr 02 11:09:27 node-9.domain.tld kernel: pci 0000:00:1f.4: [8086:a1a3] type 00 class 0x0c0500
Apr 02 11:09:27 node-9.domain.tld kernel: pci 0000:00:1f.4: reg 0x10: [mem 0x00000000-0x000000ff 64bit]
Apr 02 11:09:27 node-9.domain.tld kernel: pci 0000:00:1f.4: reg 0x20: [io  0x0780-0x079f]
Apr 02 11:09:27 node-9.domain.tld kernel: pci 0000:00:1f.5: [8086:a1a4] type 00 class 0x0c8000
Apr 02 11:09:27 node-9.domain.tld kernel: pci 0000:00:1f.5: reg 0x10: [mem 0xfe010000-0xfe010fff]
Apr 02 11:09:27 node-9.domain.tld kernel: pci 0000:01:00.0: [19a2:0120] type 01 class 0x060400
Apr 02 11:09:27 node-9.domain.tld kernel: pci 0000:01:00.0: reg 0x10: [mem 0xd3b00000-0xd3b00fff 64bit]
Apr 02 11:09:27 node-9.domain.tld kernel: pci 0000:00:1c.0: PCI bridge to [bus 01-02]
Apr 02 11:09:27 node-9.domain.tld kernel: pci 0000:00:1c.0:   bridge window [mem 0xd2000000-0xd3bfffff]
Apr 02 11:09:27 node-9.domain.tld kernel: pci_bus 0000:02: extended config space not accessible
Apr 02 11:09:27 node-9.domain.tld kernel: pci 0000:02:00.0: [102b:0522] type 00 class 0x030000
Apr 02 11:09:27 node-9.domain.tld kernel: pci 0000:02:00.0: reg 0x10: [mem 0xd2000000-0xd2ffffff]
Apr 02 11:09:27 node-9.domain.tld kernel: pci 0000:02:00.0: reg 0x14: [mem 0xd3a10000-0xd3a13fff]
Apr 02 11:09:27 node-9.domain.tld kernel: pci 0000:02:00.0: reg 0x18: [mem 0xd3000000-0xd37fffff]
Apr 02 11:09:27 node-9.domain.tld kernel: pci 0000:02:00.0: reg 0x30: [mem 0xd3a00000-0xd3a0ffff pref]
Apr 02 11:09:27 node-9.domain.tld kernel: pci 0000:02:00.0: BAR 0: assigned to efifb
Apr 02 11:09:27 node-9.domain.tld kernel: pci 0000:01:00.0: PCI bridge to [bus 02]
Apr 02 11:09:27 node-9.domain.tld kernel: pci 0000:01:00.0:   bridge window [mem 0xd2000000-0xd3afffff]
Apr 02 11:09:27 node-9.domain.tld kernel: pci 0000:01:00.0:   bridge window [mem 0x00000000-0x000fffff pref]
Apr 02 11:09:27 node-9.domain.tld kernel: pci 0000:03:00.0: [1b4b:9230] type 00 class 0x010601
Apr 02 11:09:27 node-9.domain.tld kernel: pci 0000:03:00.0: reg 0x10: [io  0x2050-0x2057]
Apr 02 11:09:27 node-9.domain.tld kernel: pci 0000:03:00.0: reg 0x14: [io  0x2040-0x2043]
Apr 02 11:09:27 node-9.domain.tld kernel: pci 0000:03:00.0: reg 0x18: [io  0x2030-0x2037]
Apr 02 11:09:27 node-9.domain.tld kernel: pci 0000:03:00.0: reg 0x1c: [io  0x2020-0x2023]
Apr 02 11:09:27 node-9.domain.tld kernel: pci 0000:03:00.0: reg 0x20: [io  0x2000-0x201f]
Apr 02 11:09:27 node-9.domain.tld kernel: pci 0000:03:00.0: reg 0x24: [mem 0xd3c40000-0xd3c407ff]
Apr 02 11:09:27 node-9.domain.tld kernel: pci 0000:03:00.0: reg 0x30: [mem 0xd3c00000-0xd3c3ffff pref]
Apr 02 11:09:27 node-9.domain.tld kernel: pci 0000:03:00.0: Enabling fixed DMA alias to 00.1
Apr 02 11:09:27 node-9.domain.tld kernel: pci 0000:03:00.0: PME# supported from D3hot
Apr 02 11:09:27 node-9.domain.tld kernel: pci 0000:00:1c.6: PCI bridge to [bus 03]
Apr 02 11:09:27 node-9.domain.tld kernel: pci 0000:00:1c.6:   bridge window [io  0x2000-0x2fff]
Apr 02 11:09:27 node-9.domain.tld kernel: pci 0000:00:1c.6:   bridge window [mem 0xd3c00000-0xd3cfffff]
Apr 02 11:09:27 node-9.domain.tld kernel: pci_bus 0000:00: on NUMA node 0
Apr 02 11:09:27 node-9.domain.tld kernel: ACPI: PCI Root Bridge [PC01] (domain 0000 [bus 16-2f])
Apr 02 11:09:27 node-9.domain.tld kernel: acpi PNP0A08:01: _OSC: OS supports [ExtendedConfig ASPM ClockPM Segments MSI]
Apr 02 11:09:27 node-9.domain.tld kernel: acpi PNP0A08:01: PCIe AER handled by firmware
Apr 02 11:09:27 node-9.domain.tld kernel: acpi PNP0A08:01: _OSC: platform does not support [SHPCHotplug]
Apr 02 11:09:27 node-9.domain.tld kernel: acpi PNP0A08:01: _OSC: OS now controls [PCIeHotplug PME PCIeCapability LTR]
Apr 02 11:09:27 node-9.domain.tld kernel: acpi PNP0A08:01: FADT indicates ASPM is unsupported, using BIOS configuration
Apr 02 11:09:27 node-9.domain.tld kernel: PCI host bridge to bus 0000:16
Apr 02 11:09:27 node-9.domain.tld kernel: pci_bus 0000:16: root bus resource [io  0x4000-0x5fff window]
Apr 02 11:09:27 node-9.domain.tld kernel: pci_bus 0000:16: root bus resource [mem 0xd4000000-0xd7ffffff window]
Apr 02 11:09:27 node-9.domain.tld kernel: pci_bus 0000:16: root bus resource [mem 0x30000000000-0x3ffffffffff window]
Apr 02 11:09:27 node-9.domain.tld kernel: pci_bus 0000:16: root bus resource [bus 16-2f]
Apr 02 11:09:27 node-9.domain.tld kernel: pci 0000:16:00.0: [8086:09a2] type 00 class 0x088000
Apr 02 11:09:27 node-9.domain.tld kernel: pci 0000:16:00.1: [8086:09a4] type 00 class 0x088000
Apr 02 11:09:27 node-9.domain.tld kernel: pci 0000:16:00.2: [8086:09a3] type 00 class 0x088000
Apr 02 11:09:27 node-9.domain.tld kernel: pci 0000:16:00.4: [8086:0998] type 00 class 0x060000
Apr 02 11:09:27 node-9.domain.tld kernel: pci 0000:16:02.0: [8086:347a] type 01 class 0x060400
Apr 02 11:09:27 node-9.domain.tld kernel: pci 0000:16:02.0: reg 0x10: [mem 0x3fffff00000-0x3fffff1ffff 64bit]
Apr 02 11:09:27 node-9.domain.tld kernel: pci 0000:16:02.0: enabling Extended Tags
Apr 02 11:09:27 node-9.domain.tld kernel: pci 0000:16:02.0: PME# supported from D0 D3hot D3cold
Apr 02 11:09:27 node-9.domain.tld kernel: pci 0000:17:00.0: [1000:c012] type 01 class 0x060400
Apr 02 11:09:27 node-9.domain.tld kernel: pci 0000:17:00.0: PME# supported from D0 D3hot D3cold
Apr 02 11:09:27 node-9.domain.tld kernel: pci 0000:16:02.0: PCI bridge to [bus 17-1b]
Apr 02 11:09:27 node-9.domain.tld kernel: pci 0000:16:02.0:   bridge window [mem 0xd4000000-0xd73fffff]
Apr 02 11:09:27 node-9.domain.tld kernel: pci 0000:16:02.0:   bridge window [mem 0x3a000000000-0x3f0221fffff 64bit pref]
Apr 02 11:09:27 node-9.domain.tld kernel: pci 0000:18:00.0: [1000:c012] type 01 class 0x060400
Apr 02 11:09:27 node-9.domain.tld kernel: pci 0000:18:00.0: PME# supported from D0 D3hot D3cold
Apr 02 11:09:27 node-9.domain.tld kernel: pci 0000:18:01.0: [1000:c012] type 01 class 0x060400
Apr 02 11:09:27 node-9.domain.tld kernel: pci 0000:18:01.0: PME# supported from D0 D3hot D3cold
Apr 02 11:09:27 node-9.domain.tld kernel: pci 0000:18:1f.0: [1000:c012] type 01 class 0x060400
Apr 02 11:09:27 node-9.domain.tld kernel: pci 0000:18:1f.0: PME# supported from D0 D3hot D3cold
Apr 02 11:09:27 node-9.domain.tld kernel: pci 0000:17:00.0: PCI bridge to [bus 18-1b]
Apr 02 11:09:27 node-9.domain.tld kernel: pci 0000:17:00.0:   bridge window [mem 0xd4000000-0xd73fffff]
Apr 02 11:09:27 node-9.domain.tld kernel: pci 0000:17:00.0:   bridge window [mem 0x3a000000000-0x3f0221fffff 64bit pref]
Apr 02 11:09:27 node-9.domain.tld kernel: pci 0000:19:00.0: [10de:20f1] type 00 class 0x030200
Apr 02 11:09:27 node-9.domain.tld kernel: pci 0000:19:00.0: reg 0x10: [mem 0xd6000000-0xd6ffffff]
Apr 02 11:09:27 node-9.domain.tld kernel: pci 0000:19:00.0: reg 0x14: [mem 0x3d000000000-0x3dfffffffff 64bit pref]
Apr 02 11:09:27 node-9.domain.tld kernel: pci 0000:19:00.0: reg 0x1c: [mem 0x3f020000000-0x3f021ffffff 64bit pref]
Apr 02 11:09:27 node-9.domain.tld kernel: pci 0000:19:00.0: enabling Extended Tags
Apr 02 11:09:27 node-9.domain.tld kernel: pci 0000:19:00.0: PME# supported from D0 D3hot
Apr 02 11:09:27 node-9.domain.tld kernel: pci 0000:19:00.0: reg 0xbf0: [mem 0xd7000000-0xd703ffff]
Apr 02 11:09:27 node-9.domain.tld kernel: pci 0000:19:00.0: VF(n) BAR0 space: [mem 0xd7000000-0xd73fffff] (contains BAR0 for 16 VFs)
Apr 02 11:09:27 node-9.domain.tld kernel: pci 0000:19:00.0: reg 0xbf4: [mem 0x3e000000000-0x3e0ffffffff 64bit pref]
Apr 02 11:09:27 node-9.domain.tld kernel: pci 0000:19:00.0: VF(n) BAR1 space: [mem 0x3e000000000-0x3efffffffff 64bit pref] (contains BAR1 for 16 VFs)
Apr 02 11:09:27 node-9.domain.tld kernel: pci 0000:19:00.0: reg 0xbfc: [mem 0x3f000000000-0x3f001ffffff 64bit pref]
Apr 02 11:09:27 node-9.domain.tld kernel: pci 0000:19:00.0: VF(n) BAR3 space: [mem 0x3f000000000-0x3f01fffffff 64bit pref] (contains BAR3 for 16 VFs)
Apr 02 11:09:27 node-9.domain.tld kernel: pci 0000:18:00.0: PCI bridge to [bus 19]
Apr 02 11:09:27 node-9.domain.tld kernel: pci 0000:18:00.0:   bridge window [mem 0xd6000000-0xd73fffff]
Apr 02 11:09:27 node-9.domain.tld kernel: pci 0000:18:00.0:   bridge window [mem 0x3d000000000-0x3f021ffffff 64bit pref]
Apr 02 11:09:27 node-9.domain.tld kernel: pci 0000:1a:00.0: [10de:20f1] type 00 class 0x030200
Apr 02 11:09:27 node-9.domain.tld kernel: pci 0000:1a:00.0: reg 0x10: [mem 0xd4000000-0xd4ffffff]
Apr 02 11:09:27 node-9.domain.tld kernel: pci 0000:1a:00.0: reg 0x14: [mem 0x3a000000000-0x3afffffffff 64bit pref]
Apr 02 11:09:27 node-9.domain.tld kernel: pci 0000:1a:00.0: reg 0x1c: [mem 0x3c020000000-0x3c021ffffff 64bit pref]
Apr 02 11:09:27 node-9.domain.tld kernel: pci 0000:1a:00.0: enabling Extended Tags
Apr 02 11:09:27 node-9.domain.tld kernel: pci 0000:1a:00.0: PME# supported from D0 D3hot
Apr 02 11:09:27 node-9.domain.tld kernel: pci 0000:1a:00.0: reg 0xbf0: [mem 0xd5000000-0xd503ffff]
Apr 02 11:09:27 node-9.domain.tld kernel: pci 0000:1a:00.0: VF(n) BAR0 space: [mem 0xd5000000-0xd53fffff] (contains BAR0 for 16 VFs)
Apr 02 11:09:27 node-9.domain.tld kernel: pci 0000:1a:00.0: reg 0xbf4: [mem 0x3b000000000-0x3b0ffffffff 64bit pref]
Apr 02 11:09:27 node-9.domain.tld kernel: pci 0000:1a:00.0: VF(n) BAR1 space: [mem 0x3b000000000-0x3bfffffffff 64bit pref] (contains BAR1 for 16 VFs)
Apr 02 11:09:27 node-9.domain.tld kernel: pci 0000:1a:00.0: reg 0xbfc: [mem 0x3c000000000-0x3c001ffffff 64bit pref]
Apr 02 11:09:27 node-9.domain.tld kernel: pci 0000:1a:00.0: VF(n) BAR3 space: [mem 0x3c000000000-0x3c01fffffff 64bit pref] (contains BAR3 for 16 VFs)
Apr 02 11:09:27 node-9.domain.tld kernel: pci 0000:18:01.0: PCI bridge to [bus 1a]
Apr 02 11:09:27 node-9.domain.tld kernel: pci 0000:18:01.0:   bridge window [mem 0xd4000000-0xd53fffff]
Apr 02 11:09:27 node-9.domain.tld kernel: pci 0000:18:01.0:   bridge window [mem 0x3a000000000-0x3c021ffffff 64bit pref]
Apr 02 11:09:27 node-9.domain.tld kernel: pci 0000:1b:00.0: [1000:00b2] type 00 class 0x010700
Apr 02 11:09:27 node-9.domain.tld kernel: pci 0000:1b:00.0: reg 0x10: [mem 0x3f022100000-0x3f022103fff 64bit pref]
Apr 02 11:09:27 node-9.domain.tld kernel: pci 0000:1b:00.0: PME# supported from D0 D3hot D3cold
Apr 02 11:09:27 node-9.domain.tld kernel: pci 0000:18:1f.0: PCI bridge to [bus 1b]
Apr 02 11:09:27 node-9.domain.tld kernel: pci 0000:18:1f.0:   bridge window [mem 0x3f022100000-0x3f0221fffff 64bit pref]
Apr 02 11:09:27 node-9.domain.tld kernel: pci_bus 0000:16: on NUMA node 0
Apr 02 11:09:27 node-9.domain.tld kernel: ACPI: PCI Root Bridge [PC02] (domain 0000 [bus 30-49])
Apr 02 11:09:27 node-9.domain.tld kernel: acpi PNP0A08:02: _OSC: OS supports [ExtendedConfig ASPM ClockPM Segments MSI]
Apr 02 11:09:27 node-9.domain.tld kernel: acpi PNP0A08:02: PCIe AER handled by firmware
Apr 02 11:09:27 node-9.domain.tld kernel: acpi PNP0A08:02: _OSC: platform does not support [SHPCHotplug]
Apr 02 11:09:27 node-9.domain.tld kernel: acpi PNP0A08:02: _OSC: OS now controls [PCIeHotplug PME PCIeCapability LTR]
Apr 02 11:09:27 node-9.domain.tld kernel: acpi PNP0A08:02: FADT indicates ASPM is unsupported, using BIOS configuration
Apr 02 11:09:27 node-9.domain.tld kernel: PCI host bridge to bus 0000:30
Apr 02 11:09:27 node-9.domain.tld kernel: pci_bus 0000:30: root bus resource [io  0x6000-0x7fff window]
Apr 02 11:09:27 node-9.domain.tld kernel: pci_bus 0000:30: root bus resource [mem 0xd8000000-0xdbffffff window]
Apr 02 11:09:27 node-9.domain.tld kernel: pci_bus 0000:30: root bus resource [mem 0x40000000000-0x4ffffffffff window]
Apr 02 11:09:27 node-9.domain.tld kernel: pci_bus 0000:30: root bus resource [bus 30-49]
Apr 02 11:09:27 node-9.domain.tld kernel: pci 0000:30:00.0: [8086:09a2] type 00 class 0x088000
Apr 02 11:09:27 node-9.domain.tld kernel: pci 0000:30:00.1: [8086:09a4] type 00 class 0x088000
Apr 02 11:09:27 node-9.domain.tld kernel: pci 0000:30:00.2: [8086:09a3] type 00 class 0x088000
Apr 02 11:09:27 node-9.domain.tld kernel: pci 0000:30:00.4: [8086:0998] type 00 class 0x060000
Apr 02 11:09:27 node-9.domain.tld kernel: pci 0000:30:02.0: [8086:347a] type 01 class 0x060400
Apr 02 11:09:27 node-9.domain.tld kernel: pci 0000:30:02.0: reg 0x10: [mem 0x4fffff00000-0x4fffff1ffff 64bit]
Apr 02 11:09:27 node-9.domain.tld kernel: pci 0000:30:02.0: enabling Extended Tags
Apr 02 11:09:27 node-9.domain.tld kernel: pci 0000:30:02.0: PME# supported from D0 D3hot D3cold
Apr 02 11:09:27 node-9.domain.tld kernel: pci 0000:31:00.0: [1000:c012] type 01 class 0x060400
Apr 02 11:09:27 node-9.domain.tld kernel: pci 0000:31:00.0: PME# supported from D0 D3hot D3cold
Apr 02 11:09:27 node-9.domain.tld kernel: pci 0000:30:02.0: PCI bridge to [bus 31-34]
Apr 02 11:09:27 node-9.domain.tld kernel: pci 0000:30:02.0:   bridge window [mem 0xd8000000-0xdb3fffff]
Apr 02 11:09:27 node-9.domain.tld kernel: pci 0000:30:02.0:   bridge window [mem 0x4a000000000-0x4f021ffffff 64bit pref]
Apr 02 11:09:27 node-9.domain.tld kernel: pci 0000:32:00.0: [1000:c012] type 01 class 0x060400
Apr 02 11:09:27 node-9.domain.tld kernel: pci 0000:32:00.0: PME# supported from D0 D3hot D3cold
Apr 02 11:09:27 node-9.domain.tld kernel: pci 0000:32:01.0: [1000:c012] type 01 class 0x060400
Apr 02 11:09:27 node-9.domain.tld kernel: pci 0000:32:01.0: PME# supported from D0 D3hot D3cold
Apr 02 11:09:27 node-9.domain.tld kernel: pci 0000:31:00.0: PCI bridge to [bus 32-34]
Apr 02 11:09:27 node-9.domain.tld kernel: pci 0000:31:00.0:   bridge window [mem 0xd8000000-0xdb3fffff]
Apr 02 11:09:27 node-9.domain.tld kernel: pci 0000:31:00.0:   bridge window [mem 0x4a000000000-0x4f021ffffff 64bit pref]
Apr 02 11:09:27 node-9.domain.tld kernel: pci 0000:33:00.0: [10de:20f1] type 00 class 0x030200
Apr 02 11:09:27 node-9.domain.tld kernel: pci 0000:33:00.0: reg 0x10: [mem 0xda000000-0xdaffffff]
Apr 02 11:09:27 node-9.domain.tld kernel: pci 0000:33:00.0: reg 0x14: [mem 0x4d000000000-0x4dfffffffff 64bit pref]
Apr 02 11:09:27 node-9.domain.tld kernel: pci 0000:33:00.0: reg 0x1c: [mem 0x4f020000000-0x4f021ffffff 64bit pref]
Apr 02 11:09:27 node-9.domain.tld kernel: pci 0000:33:00.0: enabling Extended Tags
Apr 02 11:09:27 node-9.domain.tld kernel: pci 0000:33:00.0: PME# supported from D0 D3hot
Apr 02 11:09:27 node-9.domain.tld kernel: pci 0000:33:00.0: reg 0xbf0: [mem 0xdb000000-0xdb03ffff]
Apr 02 11:09:27 node-9.domain.tld kernel: pci 0000:33:00.0: VF(n) BAR0 space: [mem 0xdb000000-0xdb3fffff] (contains BAR0 for 16 VFs)
Apr 02 11:09:27 node-9.domain.tld kernel: pci 0000:33:00.0: reg 0xbf4: [mem 0x4e000000000-0x4e0ffffffff 64bit pref]
Apr 02 11:09:27 node-9.domain.tld kernel: pci 0000:33:00.0: VF(n) BAR1 space: [mem 0x4e000000000-0x4efffffffff 64bit pref] (contains BAR1 for 16 VFs)
Apr 02 11:09:27 node-9.domain.tld kernel: pci 0000:33:00.0: reg 0xbfc: [mem 0x4f000000000-0x4f001ffffff 64bit pref]
Apr 02 11:09:27 node-9.domain.tld kernel: pci 0000:33:00.0: VF(n) BAR3 space: [mem 0x4f000000000-0x4f01fffffff 64bit pref] (contains BAR3 for 16 VFs)
Apr 02 11:09:27 node-9.domain.tld kernel: pci 0000:32:00.0: PCI bridge to [bus 33]
Apr 02 11:09:27 node-9.domain.tld kernel: pci 0000:32:00.0:   bridge window [mem 0xda000000-0xdb3fffff]
Apr 02 11:09:27 node-9.domain.tld kernel: pci 0000:32:00.0:   bridge window [mem 0x4d000000000-0x4f021ffffff 64bit pref]
Apr 02 11:09:27 node-9.domain.tld kernel: pci 0000:34:00.0: [10de:20f1] type 00 class 0x030200
Apr 02 11:09:27 node-9.domain.tld kernel: pci 0000:34:00.0: reg 0x10: [mem 0xd8000000-0xd8ffffff]
Apr 02 11:09:27 node-9.domain.tld kernel: pci 0000:34:00.0: reg 0x14: [mem 0x4a000000000-0x4afffffffff 64bit pref]
Apr 02 11:09:27 node-9.domain.tld kernel: pci 0000:34:00.0: reg 0x1c: [mem 0x4c020000000-0x4c021ffffff 64bit pref]
Apr 02 11:09:27 node-9.domain.tld kernel: pci 0000:34:00.0: enabling Extended Tags
Apr 02 11:09:27 node-9.domain.tld kernel: pci 0000:34:00.0: PME# supported from D0 D3hot
Apr 02 11:09:27 node-9.domain.tld kernel: pci 0000:34:00.0: reg 0xbf0: [mem 0xd9000000-0xd903ffff]
Apr 02 11:09:27 node-9.domain.tld kernel: pci 0000:34:00.0: VF(n) BAR0 space: [mem 0xd9000000-0xd93fffff] (contains BAR0 for 16 VFs)
Apr 02 11:09:27 node-9.domain.tld kernel: pci 0000:34:00.0: reg 0xbf4: [mem 0x4b000000000-0x4b0ffffffff 64bit pref]
Apr 02 11:09:27 node-9.domain.tld kernel: pci 0000:34:00.0: VF(n) BAR1 space: [mem 0x4b000000000-0x4bfffffffff 64bit pref] (contains BAR1 for 16 VFs)
Apr 02 11:09:27 node-9.domain.tld kernel: pci 0000:34:00.0: reg 0xbfc: [mem 0x4c000000000-0x4c001ffffff 64bit pref]
Apr 02 11:09:27 node-9.domain.tld kernel: pci 0000:34:00.0: VF(n) BAR3 space: [mem 0x4c000000000-0x4c01fffffff 64bit pref] (contains BAR3 for 16 VFs)
Apr 02 11:09:27 node-9.domain.tld kernel: pci 0000:32:01.0: PCI bridge to [bus 34]
Apr 02 11:09:27 node-9.domain.tld kernel: pci 0000:32:01.0:   bridge window [mem 0xd8000000-0xd93fffff]
Apr 02 11:09:27 node-9.domain.tld kernel: pci 0000:32:01.0:   bridge window [mem 0x4a000000000-0x4c021ffffff 64bit pref]
Apr 02 11:09:27 node-9.domain.tld kernel: pci_bus 0000:30: on NUMA node 0
Apr 02 11:09:27 node-9.domain.tld kernel: ACPI: PCI Root Bridge [PC04] (domain 0000 [bus 4a-63])
Apr 02 11:09:27 node-9.domain.tld kernel: acpi PNP0A08:04: _OSC: OS supports [ExtendedConfig ASPM ClockPM Segments MSI]
Apr 02 11:09:27 node-9.domain.tld kernel: acpi PNP0A08:04: PCIe AER handled by firmware
Apr 02 11:09:27 node-9.domain.tld kernel: acpi PNP0A08:04: _OSC: platform does not support [SHPCHotplug]
Apr 02 11:09:27 node-9.domain.tld kernel: acpi PNP0A08:04: _OSC: OS now controls [PCIeHotplug PME PCIeCapability LTR]
Apr 02 11:09:27 node-9.domain.tld kernel: acpi PNP0A08:04: FADT indicates ASPM is unsupported, using BIOS configuration
Apr 02 11:09:27 node-9.domain.tld kernel: PCI host bridge to bus 0000:4a
Apr 02 11:09:27 node-9.domain.tld kernel: pci_bus 0000:4a: root bus resource [io  0x8000-0x9fff window]
Apr 02 11:09:27 node-9.domain.tld kernel: pci_bus 0000:4a: root bus resource [mem 0xdc000000-0xdfffffff window]
Apr 02 11:09:27 node-9.domain.tld kernel: pci_bus 0000:4a: root bus resource [mem 0x50000000000-0x5ffffffffff window]
Apr 02 11:09:27 node-9.domain.tld kernel: pci_bus 0000:4a: root bus resource [bus 4a-63]
Apr 02 11:09:27 node-9.domain.tld kernel: pci 0000:4a:00.0: [8086:09a2] type 00 class 0x088000
Apr 02 11:09:27 node-9.domain.tld kernel: pci 0000:4a:00.1: [8086:09a4] type 00 class 0x088000
Apr 02 11:09:27 node-9.domain.tld kernel: pci 0000:4a:00.2: [8086:09a3] type 00 class 0x088000
Apr 02 11:09:27 node-9.domain.tld kernel: pci 0000:4a:00.4: [8086:0998] type 00 class 0x060000
Apr 02 11:09:27 node-9.domain.tld kernel: pci 0000:4a:02.0: [8086:347a] type 01 class 0x060400
Apr 02 11:09:27 node-9.domain.tld kernel: pci 0000:4a:02.0: reg 0x10: [mem 0x5fffff00000-0x5fffff1ffff 64bit]
Apr 02 11:09:27 node-9.domain.tld kernel: pci 0000:4a:02.0: PME# supported from D0 D3hot D3cold
Apr 02 11:09:27 node-9.domain.tld kernel: pci 0000:4b:00.0: [15b3:101b] type 00 class 0x020700
Apr 02 11:09:27 node-9.domain.tld kernel: pci 0000:4b:00.0: reg 0x10: [mem 0x5fff6000000-0x5fff7ffffff 64bit pref]
Apr 02 11:09:27 node-9.domain.tld kernel: pci 0000:4b:00.0: reg 0x30: [mem 0xdfe00000-0xdfefffff pref]
Apr 02 11:09:27 node-9.domain.tld kernel: pci 0000:4b:00.0: PME# supported from D3cold
Apr 02 11:09:27 node-9.domain.tld kernel: pci 0000:4b:00.0: reg 0x1a4: [mem 0x5fffbc00000-0x5fffbdfffff 64bit pref]
Apr 02 11:09:27 node-9.domain.tld kernel: pci 0000:4b:00.0: VF(n) BAR0 space: [mem 0x5fffbc00000-0x5ffff7fffff 64bit pref] (contains BAR0 for 30 VFs)
Apr 02 11:09:27 node-9.domain.tld kernel: pci 0000:4b:00.1: [15b3:101b] type 00 class 0x020700
Apr 02 11:09:27 node-9.domain.tld kernel: pci 0000:4b:00.1: reg 0x10: [mem 0x5fff4000000-0x5fff5ffffff 64bit pref]
Apr 02 11:09:27 node-9.domain.tld kernel: pci 0000:4b:00.1: reg 0x30: [mem 0xdfd00000-0xdfdfffff pref]
Apr 02 11:09:27 node-9.domain.tld kernel: pci 0000:4b:00.1: PME# supported from D3cold
Apr 02 11:09:27 node-9.domain.tld kernel: pci 0000:4b:00.1: reg 0x1a4: [mem 0x5fff8000000-0x5fff81fffff 64bit pref]
Apr 02 11:09:27 node-9.domain.tld kernel: pci 0000:4b:00.1: VF(n) BAR0 space: [mem 0x5fff8000000-0x5fffbbfffff 64bit pref] (contains BAR0 for 30 VFs)
Apr 02 11:09:27 node-9.domain.tld kernel: pci 0000:4a:02.0: PCI bridge to [bus 4b]
Apr 02 11:09:27 node-9.domain.tld kernel: pci 0000:4a:02.0:   bridge window [mem 0xdfd00000-0xdfefffff]
Apr 02 11:09:27 node-9.domain.tld kernel: pci 0000:4a:02.0:   bridge window [mem 0x5fff4000000-0x5ffff7fffff 64bit pref]
Apr 02 11:09:27 node-9.domain.tld kernel: pci_bus 0000:4a: on NUMA node 0
Apr 02 11:09:27 node-9.domain.tld kernel: ACPI: PCI Root Bridge [PC05] (domain 0000 [bus 64-7d])
Apr 02 11:09:27 node-9.domain.tld kernel: acpi PNP0A08:05: _OSC: OS supports [ExtendedConfig ASPM ClockPM Segments MSI]
Apr 02 11:09:27 node-9.domain.tld kernel: acpi PNP0A08:05: PCIe AER handled by firmware
Apr 02 11:09:27 node-9.domain.tld kernel: acpi PNP0A08:05: _OSC: platform does not support [SHPCHotplug]
Apr 02 11:09:27 node-9.domain.tld kernel: acpi PNP0A08:05: _OSC: OS now controls [PCIeHotplug PME PCIeCapability LTR]
Apr 02 11:09:27 node-9.domain.tld kernel: acpi PNP0A08:05: FADT indicates ASPM is unsupported, using BIOS configuration
Apr 02 11:09:27 node-9.domain.tld kernel: PCI host bridge to bus 0000:64
Apr 02 11:09:27 node-9.domain.tld kernel: pci_bus 0000:64: root bus resource [io  0xa000-0xafff window]
Apr 02 11:09:27 node-9.domain.tld kernel: pci_bus 0000:64: root bus resource [mem 0xe0000000-0xe37fffff window]
Apr 02 11:09:27 node-9.domain.tld kernel: pci_bus 0000:64: root bus resource [mem 0x60000000000-0x6ffffffffff window]
Apr 02 11:09:27 node-9.domain.tld kernel: pci_bus 0000:64: root bus resource [bus 64-7d]
Apr 02 11:09:27 node-9.domain.tld kernel: pci 0000:64:00.0: [8086:09a2] type 00 class 0x088000
Apr 02 11:09:27 node-9.domain.tld kernel: pci 0000:64:00.1: [8086:09a4] type 00 class 0x088000
Apr 02 11:09:27 node-9.domain.tld kernel: pci 0000:64:00.2: [8086:09a3] type 00 class 0x088000
Apr 02 11:09:27 node-9.domain.tld kernel: pci 0000:64:00.4: [8086:0998] type 00 class 0x060000
Apr 02 11:09:27 node-9.domain.tld kernel: pci 0000:64:02.0: [8086:347a] type 01 class 0x060400
Apr 02 11:09:27 node-9.domain.tld kernel: pci 0000:64:02.0: reg 0x10: [mem 0x6fffff40000-0x6fffff5ffff 64bit]
Apr 02 11:09:27 node-9.domain.tld kernel: pci 0000:64:02.0: PME# supported from D0 D3hot D3cold
Apr 02 11:09:27 node-9.domain.tld kernel: pci 0000:64:03.0: [8086:347b] type 01 class 0x060400
Apr 02 11:09:27 node-9.domain.tld kernel: pci 0000:64:03.0: reg 0x10: [mem 0x6fffff20000-0x6fffff3ffff 64bit]
Apr 02 11:09:27 node-9.domain.tld kernel: pci 0000:64:03.0: PME# supported from D0 D3hot D3cold
Apr 02 11:09:27 node-9.domain.tld kernel: pci 0000:64:04.0: [8086:347c] type 01 class 0x060400
Apr 02 11:09:27 node-9.domain.tld kernel: pci 0000:64:04.0: reg 0x10: [mem 0x6fffff00000-0x6fffff1ffff 64bit]
Apr 02 11:09:27 node-9.domain.tld kernel: pci 0000:64:04.0: PME# supported from D0 D3hot D3cold
