[Thu Jul 20 18:48:44 2023] Booting Linux on physical CPU 0x0000000000 [0x701f6633]
[Thu Jul 20 18:48:44 2023] Linux version 4.18.0-147.5.1.es8_24.aarch64+numa64 (mockbuild@aarch64-kojid) (gcc version 8.4.1 20200928 (Red Hat 8.4.1-1) (GCC)) #1 SMP Tue May 10 12:23:43 CST 2022
[Thu Jul 20 18:48:44 2023] efi: Getting EFI parameters from FDT:
[Thu Jul 20 18:48:44 2023] efi: EFI v2.70 by Phytium Platform
[Thu Jul 20 18:48:44 2023] efi:  ACPI 2.0=0xf2b50000  SMBIOS=0xf28c0000  SMBIOS 3.0=0xf28a0000  MEMATTR=0xf31ad018  RNG=0xf7fec718  MEMRESERVE=0xf2f80f18 
[Thu Jul 20 18:48:44 2023] efi: seeding entropy pool
[Thu Jul 20 18:48:44 2023] crashkernel reserved: 0x00000000b9200000 - 0x00000000e7200000 (736 MB)
[Thu Jul 20 18:48:44 2023] ACPI: Early table checksum verification disabled
[Thu Jul 20 18:48:44 2023] ACPI: RSDP 0x00000000F2B50000 000024 (v02 PHYLTD)
[Thu Jul 20 18:48:44 2023] ACPI: XSDT 0x00000000F2B40000 000084 (v01 PHYLTD PHYLFACP 00010000      01000013)
[Thu Jul 20 18:48:44 2023] ACPI: FACP 0x00000000F2970000 000114 (v06 PHYLTD PHYLFACP 00010000 ARMH 00010000)
[Thu Jul 20 18:48:44 2023] ACPI: DSDT 0x00000000F28F0000 0026C3 (v02 ARMLTD PHYTIUM  20180509 INTL 20190509)
[Thu Jul 20 18:48:44 2023] ACPI: HMAT 0x00000000F29B0000 0007E8 (v02 ARMLTD ARM-PHYT 20180509 ARM  00000099)
[Thu Jul 20 18:48:44 2023] ACPI: PPTT 0x00000000F2990000 00BDD4 (v01 ARMLTD ARM-PHYT 20180509 ARM  00000099)
[Thu Jul 20 18:48:44 2023] ACPI: GTDT 0x00000000F2960000 000068 (v02 PHYLTD PHYLGTDT 00010000 ARMH 00010000)
[Thu Jul 20 18:48:44 2023] ACPI: IORT 0x00000000F2950000 000390 (v00 PHYLTD PHYLIORT 00010000 ARMH 00010000)
[Thu Jul 20 18:48:44 2023] ACPI: APIC 0x00000000F2940000 00288C (v04 PHYLTD PHYLAPIC 00010000 ARMH 00010000)
[Thu Jul 20 18:48:44 2023] ACPI: MCFG 0x00000000F2930000 00004C (v01 PHYLTD PHYLMCFG 00010000 ARMH 00010000)
[Thu Jul 20 18:48:44 2023] ACPI: SLIT 0x00000000F2920000 00102C (v01 PHYLTD PHYLSLIT 00010000 ARMH 00010000)
[Thu Jul 20 18:48:44 2023] ACPI: SRAT 0x00000000F2910000 000ED0 (v03 PHYLTD PHYLSRAT 00010000 ARMH 00010000)
[Thu Jul 20 18:48:44 2023] ACPI: SPCR 0x00000000F2900000 000050 (v02 PHYLTD PHYLSPCR 00010000 ARMH 00010000)
[Thu Jul 20 18:48:44 2023] ACPI: DBG2 0x00000000F28E0000 000057 (v00 PHYLTD PHYLDBG2 00010000 ARMH 00010000)
[Thu Jul 20 18:48:44 2023] ACPI: SSDT 0x00000000F28D0000 002B77 (v02 ARMLTD PHYTIUM  20180509 INTL 20190509)
[Thu Jul 20 18:48:44 2023] ACPI: SPCR: console: uart,mmio,0x200003f8,115200
[Thu Jul 20 18:48:44 2023] ACPI: NUMA: SRAT: PXM 0 -> MPIDR 0x0 -> Node 0
[Thu Jul 20 18:48:44 2023] ACPI: NUMA: SRAT: PXM 0 -> MPIDR 0x1 -> Node 0
[Thu Jul 20 18:48:44 2023] ACPI: NUMA: SRAT: PXM 0 -> MPIDR 0x2 -> Node 0
[Thu Jul 20 18:48:44 2023] ACPI: NUMA: SRAT: PXM 0 -> MPIDR 0x3 -> Node 0
[Thu Jul 20 18:48:44 2023] ACPI: NUMA: SRAT: PXM 0 -> MPIDR 0x100 -> Node 0
[Thu Jul 20 18:48:44 2023] ACPI: NUMA: SRAT: PXM 0 -> MPIDR 0x101 -> Node 0
[Thu Jul 20 18:48:44 2023] ACPI: NUMA: SRAT: PXM 0 -> MPIDR 0x102 -> Node 0
[Thu Jul 20 18:48:44 2023] ACPI: NUMA: SRAT: PXM 0 -> MPIDR 0x103 -> Node 0
[Thu Jul 20 18:48:44 2023] ACPI: NUMA: SRAT: PXM 1 -> MPIDR 0x200 -> Node 1
[Thu Jul 20 18:48:44 2023] ACPI: NUMA: SRAT: PXM 1 -> MPIDR 0x201 -> Node 1
[Thu Jul 20 18:48:44 2023] ACPI: NUMA: SRAT: PXM 1 -> MPIDR 0x202 -> Node 1
[Thu Jul 20 18:48:44 2023] ACPI: NUMA: SRAT: PXM 1 -> MPIDR 0x203 -> Node 1
[Thu Jul 20 18:48:44 2023] ACPI: NUMA: SRAT: PXM 1 -> MPIDR 0x300 -> Node 1
[Thu Jul 20 18:48:44 2023] ACPI: NUMA: SRAT: PXM 1 -> MPIDR 0x301 -> Node 1
[Thu Jul 20 18:48:44 2023] ACPI: NUMA: SRAT: PXM 1 -> MPIDR 0x302 -> Node 1
[Thu Jul 20 18:48:44 2023] ACPI: NUMA: SRAT: PXM 1 -> MPIDR 0x303 -> Node 1
[Thu Jul 20 18:48:44 2023] ACPI: NUMA: SRAT: PXM 2 -> MPIDR 0x400 -> Node 2
[Thu Jul 20 18:48:44 2023] ACPI: NUMA: SRAT: PXM 2 -> MPIDR 0x401 -> Node 2
[Thu Jul 20 18:48:44 2023] ACPI: NUMA: SRAT: PXM 2 -> MPIDR 0x402 -> Node 2
[Thu Jul 20 18:48:44 2023] ACPI: NUMA: SRAT: PXM 2 -> MPIDR 0x403 -> Node 2
[Thu Jul 20 18:48:44 2023] ACPI: NUMA: SRAT: PXM 2 -> MPIDR 0x500 -> Node 2
[Thu Jul 20 18:48:44 2023] ACPI: NUMA: SRAT: PXM 2 -> MPIDR 0x501 -> Node 2
[Thu Jul 20 18:48:44 2023] ACPI: NUMA: SRAT: PXM 2 -> MPIDR 0x502 -> Node 2
[Thu Jul 20 18:48:44 2023] ACPI: NUMA: SRAT: PXM 2 -> MPIDR 0x503 -> Node 2
[Thu Jul 20 18:48:44 2023] ACPI: NUMA: SRAT: PXM 3 -> MPIDR 0x600 -> Node 3
[Thu Jul 20 18:48:44 2023] ACPI: NUMA: SRAT: PXM 3 -> MPIDR 0x601 -> Node 3
[Thu Jul 20 18:48:44 2023] ACPI: NUMA: SRAT: PXM 3 -> MPIDR 0x602 -> Node 3
[Thu Jul 20 18:48:44 2023] ACPI: NUMA: SRAT: PXM 3 -> MPIDR 0x603 -> Node 3
[Thu Jul 20 18:48:44 2023] ACPI: NUMA: SRAT: PXM 3 -> MPIDR 0x700 -> Node 3
[Thu Jul 20 18:48:44 2023] ACPI: NUMA: SRAT: PXM 3 -> MPIDR 0x701 -> Node 3
[Thu Jul 20 18:48:44 2023] ACPI: NUMA: SRAT: PXM 3 -> MPIDR 0x702 -> Node 3
[Thu Jul 20 18:48:44 2023] ACPI: NUMA: SRAT: PXM 3 -> MPIDR 0x703 -> Node 3
[Thu Jul 20 18:48:44 2023] ACPI: NUMA: SRAT: PXM 4 -> MPIDR 0x800 -> Node 4
[Thu Jul 20 18:48:44 2023] ACPI: NUMA: SRAT: PXM 4 -> MPIDR 0x801 -> Node 4
[Thu Jul 20 18:48:44 2023] ACPI: NUMA: SRAT: PXM 4 -> MPIDR 0x802 -> Node 4
[Thu Jul 20 18:48:44 2023] ACPI: NUMA: SRAT: PXM 4 -> MPIDR 0x803 -> Node 4
[Thu Jul 20 18:48:44 2023] ACPI: NUMA: SRAT: PXM 4 -> MPIDR 0x900 -> Node 4
[Thu Jul 20 18:48:44 2023] ACPI: NUMA: SRAT: PXM 4 -> MPIDR 0x901 -> Node 4
[Thu Jul 20 18:48:44 2023] ACPI: NUMA: SRAT: PXM 4 -> MPIDR 0x902 -> Node 4
[Thu Jul 20 18:48:44 2023] ACPI: NUMA: SRAT: PXM 4 -> MPIDR 0x903 -> Node 4
[Thu Jul 20 18:48:44 2023] ACPI: NUMA: SRAT: PXM 5 -> MPIDR 0xa00 -> Node 5
[Thu Jul 20 18:48:44 2023] ACPI: NUMA: SRAT: PXM 5 -> MPIDR 0xa01 -> Node 5
[Thu Jul 20 18:48:44 2023] ACPI: NUMA: SRAT: PXM 5 -> MPIDR 0xa02 -> Node 5
[Thu Jul 20 18:48:44 2023] ACPI: NUMA: SRAT: PXM 5 -> MPIDR 0xa03 -> Node 5
[Thu Jul 20 18:48:44 2023] ACPI: NUMA: SRAT: PXM 5 -> MPIDR 0xb00 -> Node 5
[Thu Jul 20 18:48:44 2023] ACPI: NUMA: SRAT: PXM 5 -> MPIDR 0xb01 -> Node 5
[Thu Jul 20 18:48:44 2023] ACPI: NUMA: SRAT: PXM 5 -> MPIDR 0xb02 -> Node 5
[Thu Jul 20 18:48:44 2023] ACPI: NUMA: SRAT: PXM 5 -> MPIDR 0xb03 -> Node 5
[Thu Jul 20 18:48:44 2023] ACPI: NUMA: SRAT: PXM 6 -> MPIDR 0xc00 -> Node 6
[Thu Jul 20 18:48:44 2023] ACPI: NUMA: SRAT: PXM 6 -> MPIDR 0xc01 -> Node 6
[Thu Jul 20 18:48:44 2023] ACPI: NUMA: SRAT: PXM 6 -> MPIDR 0xc02 -> Node 6
[Thu Jul 20 18:48:44 2023] ACPI: NUMA: SRAT: PXM 6 -> MPIDR 0xc03 -> Node 6
[Thu Jul 20 18:48:44 2023] ACPI: NUMA: SRAT: PXM 6 -> MPIDR 0xd00 -> Node 6
[Thu Jul 20 18:48:44 2023] ACPI: NUMA: SRAT: PXM 6 -> MPIDR 0xd01 -> Node 6
[Thu Jul 20 18:48:44 2023] ACPI: NUMA: SRAT: PXM 6 -> MPIDR 0xd02 -> Node 6
[Thu Jul 20 18:48:44 2023] ACPI: NUMA: SRAT: PXM 6 -> MPIDR 0xd03 -> Node 6
[Thu Jul 20 18:48:44 2023] ACPI: NUMA: SRAT: PXM 7 -> MPIDR 0xe00 -> Node 7
[Thu Jul 20 18:48:44 2023] ACPI: NUMA: SRAT: PXM 7 -> MPIDR 0xe01 -> Node 7
[Thu Jul 20 18:48:44 2023] ACPI: NUMA: SRAT: PXM 7 -> MPIDR 0xe02 -> Node 7
[Thu Jul 20 18:48:44 2023] ACPI: NUMA: SRAT: PXM 7 -> MPIDR 0xe03 -> Node 7
[Thu Jul 20 18:48:44 2023] ACPI: NUMA: SRAT: PXM 7 -> MPIDR 0xf00 -> Node 7
[Thu Jul 20 18:48:44 2023] ACPI: NUMA: SRAT: PXM 7 -> MPIDR 0xf01 -> Node 7
[Thu Jul 20 18:48:44 2023] ACPI: NUMA: SRAT: PXM 7 -> MPIDR 0xf02 -> Node 7
[Thu Jul 20 18:48:44 2023] ACPI: NUMA: SRAT: PXM 7 -> MPIDR 0xf03 -> Node 7
[Thu Jul 20 18:48:44 2023] ACPI: NUMA: SRAT: PXM 8 -> MPIDR 0x10000 -> Node 8
[Thu Jul 20 18:48:44 2023] ACPI: NUMA: SRAT: PXM 8 -> MPIDR 0x10001 -> Node 8
[Thu Jul 20 18:48:44 2023] ACPI: NUMA: SRAT: PXM 8 -> MPIDR 0x10002 -> Node 8
[Thu Jul 20 18:48:44 2023] ACPI: NUMA: SRAT: PXM 8 -> MPIDR 0x10003 -> Node 8
[Thu Jul 20 18:48:44 2023] ACPI: NUMA: SRAT: PXM 8 -> MPIDR 0x10100 -> Node 8
[Thu Jul 20 18:48:44 2023] ACPI: NUMA: SRAT: PXM 8 -> MPIDR 0x10101 -> Node 8
[Thu Jul 20 18:48:44 2023] ACPI: NUMA: SRAT: PXM 8 -> MPIDR 0x10102 -> Node 8
[Thu Jul 20 18:48:44 2023] ACPI: NUMA: SRAT: PXM 8 -> MPIDR 0x10103 -> Node 8
[Thu Jul 20 18:48:44 2023] ACPI: NUMA: SRAT: PXM 9 -> MPIDR 0x10200 -> Node 9
[Thu Jul 20 18:48:44 2023] ACPI: NUMA: SRAT: PXM 9 -> MPIDR 0x10201 -> Node 9
[Thu Jul 20 18:48:44 2023] ACPI: NUMA: SRAT: PXM 9 -> MPIDR 0x10202 -> Node 9
[Thu Jul 20 18:48:44 2023] ACPI: NUMA: SRAT: PXM 9 -> MPIDR 0x10203 -> Node 9
[Thu Jul 20 18:48:44 2023] ACPI: NUMA: SRAT: PXM 9 -> MPIDR 0x10300 -> Node 9
[Thu Jul 20 18:48:44 2023] ACPI: NUMA: SRAT: PXM 9 -> MPIDR 0x10301 -> Node 9
[Thu Jul 20 18:48:44 2023] ACPI: NUMA: SRAT: PXM 9 -> MPIDR 0x10302 -> Node 9
[Thu Jul 20 18:48:44 2023] ACPI: NUMA: SRAT: PXM 9 -> MPIDR 0x10303 -> Node 9
[Thu Jul 20 18:48:44 2023] ACPI: NUMA: SRAT: PXM 10 -> MPIDR 0x10400 -> Node 10
[Thu Jul 20 18:48:44 2023] ACPI: NUMA: SRAT: PXM 10 -> MPIDR 0x10401 -> Node 10
[Thu Jul 20 18:48:44 2023] ACPI: NUMA: SRAT: PXM 10 -> MPIDR 0x10402 -> Node 10
[Thu Jul 20 18:48:44 2023] ACPI: NUMA: SRAT: PXM 10 -> MPIDR 0x10403 -> Node 10
[Thu Jul 20 18:48:44 2023] ACPI: NUMA: SRAT: PXM 10 -> MPIDR 0x10500 -> Node 10
[Thu Jul 20 18:48:44 2023] ACPI: NUMA: SRAT: PXM 10 -> MPIDR 0x10501 -> Node 10
[Thu Jul 20 18:48:44 2023] ACPI: NUMA: SRAT: PXM 10 -> MPIDR 0x10502 -> Node 10
[Thu Jul 20 18:48:44 2023] ACPI: NUMA: SRAT: PXM 10 -> MPIDR 0x10503 -> Node 10
[Thu Jul 20 18:48:44 2023] ACPI: NUMA: SRAT: PXM 11 -> MPIDR 0x10600 -> Node 11
[Thu Jul 20 18:48:44 2023] ACPI: NUMA: SRAT: PXM 11 -> MPIDR 0x10601 -> Node 11
[Thu Jul 20 18:48:44 2023] ACPI: NUMA: SRAT: PXM 11 -> MPIDR 0x10602 -> Node 11
[Thu Jul 20 18:48:44 2023] ACPI: NUMA: SRAT: PXM 11 -> MPIDR 0x10603 -> Node 11
[Thu Jul 20 18:48:44 2023] ACPI: NUMA: SRAT: PXM 11 -> MPIDR 0x10700 -> Node 11
[Thu Jul 20 18:48:44 2023] ACPI: NUMA: SRAT: PXM 11 -> MPIDR 0x10701 -> Node 11
[Thu Jul 20 18:48:44 2023] ACPI: NUMA: SRAT: PXM 11 -> MPIDR 0x10702 -> Node 11
[Thu Jul 20 18:48:44 2023] ACPI: NUMA: SRAT: PXM 11 -> MPIDR 0x10703 -> Node 11
[Thu Jul 20 18:48:44 2023] ACPI: NUMA: SRAT: PXM 12 -> MPIDR 0x10800 -> Node 12
[Thu Jul 20 18:48:44 2023] ACPI: NUMA: SRAT: PXM 12 -> MPIDR 0x10801 -> Node 12
[Thu Jul 20 18:48:44 2023] ACPI: NUMA: SRAT: PXM 12 -> MPIDR 0x10802 -> Node 12
[Thu Jul 20 18:48:44 2023] ACPI: NUMA: SRAT: PXM 12 -> MPIDR 0x10803 -> Node 12
[Thu Jul 20 18:48:44 2023] ACPI: NUMA: SRAT: PXM 12 -> MPIDR 0x10900 -> Node 12
[Thu Jul 20 18:48:44 2023] ACPI: NUMA: SRAT: PXM 12 -> MPIDR 0x10901 -> Node 12
[Thu Jul 20 18:48:44 2023] ACPI: NUMA: SRAT: PXM 12 -> MPIDR 0x10902 -> Node 12
[Thu Jul 20 18:48:44 2023] ACPI: NUMA: SRAT: PXM 12 -> MPIDR 0x10903 -> Node 12
[Thu Jul 20 18:48:44 2023] ACPI: NUMA: SRAT: PXM 13 -> MPIDR 0x10a00 -> Node 13
[Thu Jul 20 18:48:44 2023] ACPI: NUMA: SRAT: PXM 13 -> MPIDR 0x10a01 -> Node 13
[Thu Jul 20 18:48:44 2023] ACPI: NUMA: SRAT: PXM 13 -> MPIDR 0x10a02 -> Node 13
[Thu Jul 20 18:48:44 2023] ACPI: NUMA: SRAT: PXM 13 -> MPIDR 0x10a03 -> Node 13
[Thu Jul 20 18:48:44 2023] ACPI: NUMA: SRAT: PXM 13 -> MPIDR 0x10b00 -> Node 13
[Thu Jul 20 18:48:44 2023] ACPI: NUMA: SRAT: PXM 13 -> MPIDR 0x10b01 -> Node 13
[Thu Jul 20 18:48:44 2023] ACPI: NUMA: SRAT: PXM 13 -> MPIDR 0x10b02 -> Node 13
[Thu Jul 20 18:48:44 2023] ACPI: NUMA: SRAT: PXM 13 -> MPIDR 0x10b03 -> Node 13
[Thu Jul 20 18:48:44 2023] ACPI: NUMA: SRAT: PXM 14 -> MPIDR 0x10c00 -> Node 14
[Thu Jul 20 18:48:44 2023] ACPI: NUMA: SRAT: PXM 14 -> MPIDR 0x10c01 -> Node 14
[Thu Jul 20 18:48:44 2023] ACPI: NUMA: SRAT: PXM 14 -> MPIDR 0x10c02 -> Node 14
[Thu Jul 20 18:48:44 2023] ACPI: NUMA: SRAT: PXM 14 -> MPIDR 0x10c03 -> Node 14
[Thu Jul 20 18:48:44 2023] ACPI: NUMA: SRAT: PXM 14 -> MPIDR 0x10d00 -> Node 14
[Thu Jul 20 18:48:44 2023] ACPI: NUMA: SRAT: PXM 14 -> MPIDR 0x10d01 -> Node 14
[Thu Jul 20 18:48:44 2023] ACPI: NUMA: SRAT: PXM 14 -> MPIDR 0x10d02 -> Node 14
[Thu Jul 20 18:48:44 2023] ACPI: NUMA: SRAT: PXM 14 -> MPIDR 0x10d03 -> Node 14
[Thu Jul 20 18:48:44 2023] ACPI: NUMA: SRAT: PXM 15 -> MPIDR 0x10e00 -> Node 15
[Thu Jul 20 18:48:44 2023] ACPI: NUMA: SRAT: PXM 15 -> MPIDR 0x10e01 -> Node 15
[Thu Jul 20 18:48:44 2023] ACPI: NUMA: SRAT: PXM 15 -> MPIDR 0x10e02 -> Node 15
[Thu Jul 20 18:48:44 2023] ACPI: NUMA: SRAT: PXM 15 -> MPIDR 0x10e03 -> Node 15
[Thu Jul 20 18:48:44 2023] ACPI: NUMA: SRAT: PXM 15 -> MPIDR 0x10f00 -> Node 15
[Thu Jul 20 18:48:44 2023] ACPI: NUMA: SRAT: PXM 15 -> MPIDR 0x10f01 -> Node 15
[Thu Jul 20 18:48:44 2023] ACPI: NUMA: SRAT: PXM 15 -> MPIDR 0x10f02 -> Node 15
[Thu Jul 20 18:48:44 2023] ACPI: NUMA: SRAT: PXM 15 -> MPIDR 0x10f03 -> Node 15
[Thu Jul 20 18:48:44 2023] ACPI: SRAT: Node 0 PXM 0 [mem 0x80000000-0xfbffffff]
[Thu Jul 20 18:48:44 2023] ACPI: SRAT: Node 0 PXM 0 [mem 0x10000000000-0x1007fffffff]
[Thu Jul 20 18:48:44 2023] ACPI: SRAT: Node 0 PXM 0 [mem 0x10100000000-0x103ffffffff]
[Thu Jul 20 18:48:44 2023] ACPI: SRAT: Node 0 PXM 0 [mem 0x10804000000-0x10bffffffff]
[Thu Jul 20 18:48:44 2023] ACPI: SRAT: Node 1 PXM 1 [mem 0x11000000000-0x113ffffffff]
[Thu Jul 20 18:48:44 2023] ACPI: SRAT: Node 1 PXM 1 [mem 0x11800000000-0x11bffffffff]
[Thu Jul 20 18:48:44 2023] ACPI: SRAT: Node 2 PXM 2 [mem 0x12000000000-0x123ffffffff]
[Thu Jul 20 18:48:44 2023] ACPI: SRAT: Node 2 PXM 2 [mem 0x12800000000-0x12bffffffff]
[Thu Jul 20 18:48:44 2023] ACPI: SRAT: Node 3 PXM 3 [mem 0x13000000000-0x133ffffffff]
[Thu Jul 20 18:48:44 2023] ACPI: SRAT: Node 3 PXM 3 [mem 0x13800000000-0x13bffffffff]
[Thu Jul 20 18:48:44 2023] ACPI: SRAT: Node 4 PXM 4 [mem 0x14000000000-0x143ffffffff]
[Thu Jul 20 18:48:44 2023] ACPI: SRAT: Node 4 PXM 4 [mem 0x14800000000-0x14bffffffff]
[Thu Jul 20 18:48:44 2023] ACPI: SRAT: Node 5 PXM 5 [mem 0x15000000000-0x153ffffffff]
[Thu Jul 20 18:48:44 2023] ACPI: SRAT: Node 5 PXM 5 [mem 0x15800000000-0x15bffffffff]
[Thu Jul 20 18:48:44 2023] ACPI: SRAT: Node 6 PXM 6 [mem 0x16000000000-0x163ffffffff]
[Thu Jul 20 18:48:44 2023] ACPI: SRAT: Node 6 PXM 6 [mem 0x16800000000-0x16bffffffff]
[Thu Jul 20 18:48:44 2023] ACPI: SRAT: Node 7 PXM 7 [mem 0x17000000000-0x173ffffffff]
[Thu Jul 20 18:48:44 2023] ACPI: SRAT: Node 7 PXM 7 [mem 0x17800000000-0x17bffffffff]
[Thu Jul 20 18:48:44 2023] ACPI: SRAT: Node 8 PXM 8 [mem 0x20080000000-0x200fbffffff]
[Thu Jul 20 18:48:44 2023] ACPI: SRAT: Node 8 PXM 8 [mem 0x30000000000-0x3007fffffff]
[Thu Jul 20 18:48:44 2023] ACPI: SRAT: Node 8 PXM 8 [mem 0x30100000000-0x303ffffffff]
[Thu Jul 20 18:48:44 2023] ACPI: SRAT: Node 8 PXM 8 [mem 0x30800000000-0x30bffffffff]
[Thu Jul 20 18:48:44 2023] ACPI: SRAT: Node 9 PXM 9 [mem 0x31000000000-0x313ffffffff]
[Thu Jul 20 18:48:44 2023] ACPI: SRAT: Node 9 PXM 9 [mem 0x31800000000-0x31bffffffff]
[Thu Jul 20 18:48:44 2023] ACPI: SRAT: Node 10 PXM 10 [mem 0x32000000000-0x323ffffffff]
[Thu Jul 20 18:48:44 2023] ACPI: SRAT: Node 10 PXM 10 [mem 0x32800000000-0x32bffffffff]
[Thu Jul 20 18:48:44 2023] ACPI: SRAT: Node 11 PXM 11 [mem 0x33000000000-0x333ffffffff]
[Thu Jul 20 18:48:44 2023] ACPI: SRAT: Node 11 PXM 11 [mem 0x33800000000-0x33bffffffff]
[Thu Jul 20 18:48:44 2023] ACPI: SRAT: Node 12 PXM 12 [mem 0x34000000000-0x343ffffffff]
[Thu Jul 20 18:48:44 2023] ACPI: SRAT: Node 12 PXM 12 [mem 0x34800000000-0x34bffffffff]
[Thu Jul 20 18:48:44 2023] ACPI: SRAT: Node 13 PXM 13 [mem 0x35000000000-0x353ffffffff]
[Thu Jul 20 18:48:44 2023] ACPI: SRAT: Node 13 PXM 13 [mem 0x35800000000-0x35bffffffff]
[Thu Jul 20 18:48:44 2023] ACPI: SRAT: Node 14 PXM 14 [mem 0x36000000000-0x363ffffffff]
[Thu Jul 20 18:48:44 2023] ACPI: SRAT: Node 14 PXM 14 [mem 0x36800000000-0x36bffffffff]
[Thu Jul 20 18:48:44 2023] ACPI: SRAT: Node 15 PXM 15 [mem 0x37000000000-0x373ffffffff]
[Thu Jul 20 18:48:44 2023] ACPI: SRAT: Node 15 PXM 15 [mem 0x37800000000-0x37bffffffff]
[Thu Jul 20 18:48:44 2023] NUMA: NODE_DATA [mem 0x10bffffd100-0x10bffffffff]
[Thu Jul 20 18:48:44 2023] NUMA: NODE_DATA [mem 0x11bffffd100-0x11bffffffff]
[Thu Jul 20 18:48:44 2023] NUMA: NODE_DATA [mem 0x12bffffd100-0x12bffffffff]
[Thu Jul 20 18:48:44 2023] NUMA: NODE_DATA [mem 0x13bffffd100-0x13bffffffff]
[Thu Jul 20 18:48:44 2023] NUMA: NODE_DATA [mem 0x14bffffd100-0x14bffffffff]
[Thu Jul 20 18:48:44 2023] NUMA: NODE_DATA [mem 0x15bffffd100-0x15bffffffff]
[Thu Jul 20 18:48:44 2023] NUMA: NODE_DATA [mem 0x16bffffd100-0x16bffffffff]
[Thu Jul 20 18:48:44 2023] NUMA: NODE_DATA [mem 0x17bffffd100-0x17bffffffff]
[Thu Jul 20 18:48:44 2023] NUMA: NODE_DATA [mem 0x30bffffd100-0x30bffffffff]
[Thu Jul 20 18:48:44 2023] NUMA: NODE_DATA [mem 0x31bffffd100-0x31bffffffff]
[Thu Jul 20 18:48:44 2023] NUMA: NODE_DATA [mem 0x32bffffd100-0x32bffffffff]
[Thu Jul 20 18:48:44 2023] NUMA: NODE_DATA [mem 0x33bffffd100-0x33bffffffff]
[Thu Jul 20 18:48:44 2023] NUMA: NODE_DATA [mem 0x34bffffd100-0x34bffffffff]
[Thu Jul 20 18:48:44 2023] NUMA: NODE_DATA [mem 0x35bffffd100-0x35bffffffff]
[Thu Jul 20 18:48:44 2023] NUMA: NODE_DATA [mem 0x36bffffd100-0x36bffffffff]
[Thu Jul 20 18:48:44 2023] NUMA: NODE_DATA [mem 0x37bfbdbd100-0x37bfbdbffff]
[Thu Jul 20 18:48:44 2023] Zone ranges:
[Thu Jul 20 18:48:44 2023]   DMA32    [mem 0x0000000080000000-0x00000000ffffffff]
[Thu Jul 20 18:48:44 2023]   Normal   [mem 0x0000000100000000-0x0000037bffffffff]
[Thu Jul 20 18:48:44 2023] Movable zone start for each node
[Thu Jul 20 18:48:44 2023] Early memory node ranges
[Thu Jul 20 18:48:44 2023]   node   0: [mem 0x0000000080000000-0x00000000eb22ffff]
[Thu Jul 20 18:48:44 2023]   node   0: [mem 0x00000000eb230000-0x00000000eb55ffff]
[Thu Jul 20 18:48:44 2023]   node   0: [mem 0x00000000eb560000-0x00000000f23fffff]
[Thu Jul 20 18:48:44 2023]   node   0: [mem 0x00000000f2400000-0x00000000f244ffff]
[Thu Jul 20 18:48:44 2023]   node   0: [mem 0x00000000f2450000-0x00000000f251ffff]
[Thu Jul 20 18:48:44 2023]   node   0: [mem 0x00000000f2520000-0x00000000f255ffff]
[Thu Jul 20 18:48:44 2023]   node   0: [mem 0x00000000f2560000-0x00000000f25effff]
[Thu Jul 20 18:48:44 2023]   node   0: [mem 0x00000000f25f0000-0x00000000f266ffff]
[Thu Jul 20 18:48:44 2023]   node   0: [mem 0x00000000f2670000-0x00000000f288ffff]
[Thu Jul 20 18:48:44 2023]   node   0: [mem 0x00000000f2890000-0x00000000f28cffff]
[Thu Jul 20 18:48:44 2023]   node   0: [mem 0x00000000f28d0000-0x00000000f29cffff]
[Thu Jul 20 18:48:44 2023]   node   0: [mem 0x00000000f29d0000-0x00000000f2b3ffff]
[Thu Jul 20 18:48:44 2023]   node   0: [mem 0x00000000f2b40000-0x00000000f2b5ffff]
[Thu Jul 20 18:48:44 2023]   node   0: [mem 0x00000000f2b60000-0x00000000f2f7ffff]
[Thu Jul 20 18:48:44 2023]   node   0: [mem 0x00000000f2f80000-0x00000000f7f4ffff]
[Thu Jul 20 18:48:44 2023]   node   0: [mem 0x00000000f7f50000-0x00000000f7f8ffff]
[Thu Jul 20 18:48:44 2023]   node   0: [mem 0x00000000f7f90000-0x00000000f7f9ffff]
[Thu Jul 20 18:48:44 2023]   node   0: [mem 0x00000000f7fa0000-0x00000000f7feffff]
[Thu Jul 20 18:48:44 2023]   node   0: [mem 0x00000000f7ff0000-0x00000000fbffffff]
[Thu Jul 20 18:48:44 2023]   node   0: [mem 0x0000010000000000-0x000001007fffffff]
[Thu Jul 20 18:48:44 2023]   node   0: [mem 0x0000010100000000-0x00000103ffffffff]
[Thu Jul 20 18:48:44 2023]   node   0: [mem 0x0000010804000000-0x0000010bffffffff]
[Thu Jul 20 18:48:44 2023]   node   1: [mem 0x0000011000000000-0x00000113ffffffff]
[Thu Jul 20 18:48:44 2023]   node   1: [mem 0x0000011800000000-0x0000011bffffffff]
[Thu Jul 20 18:48:44 2023]   node   2: [mem 0x0000012000000000-0x00000123ffffffff]
[Thu Jul 20 18:48:44 2023]   node   2: [mem 0x0000012800000000-0x0000012bffffffff]
[Thu Jul 20 18:48:44 2023]   node   3: [mem 0x0000013000000000-0x00000133ffffffff]
[Thu Jul 20 18:48:44 2023]   node   3: [mem 0x0000013800000000-0x0000013bffffffff]
[Thu Jul 20 18:48:44 2023]   node   4: [mem 0x0000014000000000-0x00000143ffffffff]
[Thu Jul 20 18:48:44 2023]   node   4: [mem 0x0000014800000000-0x0000014bffffffff]
[Thu Jul 20 18:48:44 2023]   node   5: [mem 0x0000015000000000-0x00000153ffffffff]
[Thu Jul 20 18:48:44 2023]   node   5: [mem 0x0000015800000000-0x0000015bffffffff]
[Thu Jul 20 18:48:44 2023]   node   6: [mem 0x0000016000000000-0x00000163ffffffff]
[Thu Jul 20 18:48:44 2023]   node   6: [mem 0x0000016800000000-0x0000016bffffffff]
[Thu Jul 20 18:48:44 2023]   node   7: [mem 0x0000017000000000-0x00000173ffffffff]
[Thu Jul 20 18:48:44 2023]   node   7: [mem 0x0000017800000000-0x0000017bffffffff]
[Thu Jul 20 18:48:44 2023]   node   8: [mem 0x0000020080000000-0x00000200fbffffff]
[Thu Jul 20 18:48:44 2023]   node   8: [mem 0x0000030000000000-0x000003007fffffff]
[Thu Jul 20 18:48:44 2023]   node   8: [mem 0x0000030100000000-0x00000303ffffffff]
[Thu Jul 20 18:48:44 2023]   node   8: [mem 0x0000030800000000-0x0000030bffffffff]
[Thu Jul 20 18:48:44 2023]   node   9: [mem 0x0000031000000000-0x00000313ffffffff]
[Thu Jul 20 18:48:44 2023]   node   9: [mem 0x0000031800000000-0x0000031bffffffff]
[Thu Jul 20 18:48:44 2023]   node  10: [mem 0x0000032000000000-0x00000323ffffffff]
[Thu Jul 20 18:48:44 2023]   node  10: [mem 0x0000032800000000-0x0000032bffffffff]
[Thu Jul 20 18:48:44 2023]   node  11: [mem 0x0000033000000000-0x00000333ffffffff]
[Thu Jul 20 18:48:44 2023]   node  11: [mem 0x0000033800000000-0x0000033bffffffff]
[Thu Jul 20 18:48:44 2023]   node  12: [mem 0x0000034000000000-0x00000343ffffffff]
[Thu Jul 20 18:48:44 2023]   node  12: [mem 0x0000034800000000-0x0000034bffffffff]
[Thu Jul 20 18:48:44 2023]   node  13: [mem 0x0000035000000000-0x00000353ffffffff]
[Thu Jul 20 18:48:44 2023]   node  13: [mem 0x0000035800000000-0x0000035bffffffff]
[Thu Jul 20 18:48:44 2023]   node  14: [mem 0x0000036000000000-0x00000363ffffffff]
[Thu Jul 20 18:48:44 2023]   node  14: [mem 0x0000036800000000-0x0000036bffffffff]
[Thu Jul 20 18:48:44 2023]   node  15: [mem 0x0000037000000000-0x00000373ffffffff]
[Thu Jul 20 18:48:44 2023]   node  15: [mem 0x0000037800000000-0x0000037bffffffff]
[Thu Jul 20 18:48:44 2023] Zeroed struct page in unavailable ranges: 2218 pages
[Thu Jul 20 18:48:44 2023] Initmem setup node 0 [mem 0x0000000080000000-0x0000010bffffffff]
[Thu Jul 20 18:48:44 2023] On node 0 totalpages: 522240
[Thu Jul 20 18:48:44 2023]   DMA32 zone: 32 pages used for memmap
[Thu Jul 20 18:48:44 2023]   DMA32 zone: 0 pages reserved
[Thu Jul 20 18:48:44 2023]   DMA32 zone: 31744 pages, LIFO batch:1
[Thu Jul 20 18:48:44 2023]   Normal zone: 479 pages used for memmap
[Thu Jul 20 18:48:44 2023]   Normal zone: 490496 pages, LIFO batch:1
[Thu Jul 20 18:48:44 2023] Initmem setup node 1 [mem 0x0000011000000000-0x0000011bffffffff]
[Thu Jul 20 18:48:44 2023] On node 1 totalpages: 524288
[Thu Jul 20 18:48:44 2023]   Normal zone: 512 pages used for memmap
[Thu Jul 20 18:48:44 2023]   Normal zone: 524288 pages, LIFO batch:1
[Thu Jul 20 18:48:44 2023] Initmem setup node 2 [mem 0x0000012000000000-0x0000012bffffffff]
[Thu Jul 20 18:48:44 2023] On node 2 totalpages: 524288
[Thu Jul 20 18:48:44 2023]   Normal zone: 512 pages used for memmap
[Thu Jul 20 18:48:44 2023]   Normal zone: 524288 pages, LIFO batch:1
[Thu Jul 20 18:48:44 2023] Initmem setup node 3 [mem 0x0000013000000000-0x0000013bffffffff]
[Thu Jul 20 18:48:44 2023] On node 3 totalpages: 524288
[Thu Jul 20 18:48:44 2023]   Normal zone: 512 pages used for memmap
[Thu Jul 20 18:48:44 2023]   Normal zone: 524288 pages, LIFO batch:1
[Thu Jul 20 18:48:44 2023] Initmem setup node 4 [mem 0x0000014000000000-0x0000014bffffffff]
[Thu Jul 20 18:48:44 2023] On node 4 totalpages: 524288
[Thu Jul 20 18:48:44 2023]   Normal zone: 512 pages used for memmap
[Thu Jul 20 18:48:44 2023]   Normal zone: 524288 pages, LIFO batch:1
[Thu Jul 20 18:48:44 2023] Initmem setup node 5 [mem 0x0000015000000000-0x0000015bffffffff]
[Thu Jul 20 18:48:44 2023] On node 5 totalpages: 524288
[Thu Jul 20 18:48:44 2023]   Normal zone: 512 pages used for memmap
[Thu Jul 20 18:48:44 2023]   Normal zone: 524288 pages, LIFO batch:1
[Thu Jul 20 18:48:44 2023] Initmem setup node 6 [mem 0x0000016000000000-0x0000016bffffffff]
[Thu Jul 20 18:48:44 2023] On node 6 totalpages: 524288
[Thu Jul 20 18:48:44 2023]   Normal zone: 512 pages used for memmap
[Thu Jul 20 18:48:44 2023]   Normal zone: 524288 pages, LIFO batch:1
[Thu Jul 20 18:48:44 2023] Initmem setup node 7 [mem 0x0000017000000000-0x0000017bffffffff]
[Thu Jul 20 18:48:44 2023] On node 7 totalpages: 524288
[Thu Jul 20 18:48:44 2023]   Normal zone: 512 pages used for memmap
[Thu Jul 20 18:48:44 2023]   Normal zone: 524288 pages, LIFO batch:1
[Thu Jul 20 18:48:44 2023] Initmem setup node 8 [mem 0x0000020080000000-0x0000030bffffffff]
[Thu Jul 20 18:48:44 2023] On node 8 totalpages: 523264
[Thu Jul 20 18:48:44 2023]   Normal zone: 511 pages used for memmap
[Thu Jul 20 18:48:44 2023]   Normal zone: 523264 pages, LIFO batch:1
[Thu Jul 20 18:48:44 2023] Initmem setup node 9 [mem 0x0000031000000000-0x0000031bffffffff]
[Thu Jul 20 18:48:44 2023] On node 9 totalpages: 524288
[Thu Jul 20 18:48:44 2023]   Normal zone: 512 pages used for memmap
[Thu Jul 20 18:48:44 2023]   Normal zone: 524288 pages, LIFO batch:1
[Thu Jul 20 18:48:44 2023] Initmem setup node 10 [mem 0x0000032000000000-0x0000032bffffffff]
[Thu Jul 20 18:48:44 2023] On node 10 totalpages: 524288
[Thu Jul 20 18:48:44 2023]   Normal zone: 512 pages used for memmap
[Thu Jul 20 18:48:44 2023]   Normal zone: 524288 pages, LIFO batch:1
[Thu Jul 20 18:48:44 2023] Initmem setup node 11 [mem 0x0000033000000000-0x0000033bffffffff]
[Thu Jul 20 18:48:44 2023] On node 11 totalpages: 524288
[Thu Jul 20 18:48:44 2023]   Normal zone: 512 pages used for memmap
[Thu Jul 20 18:48:44 2023]   Normal zone: 524288 pages, LIFO batch:1
[Thu Jul 20 18:48:44 2023] Initmem setup node 12 [mem 0x0000034000000000-0x0000034bffffffff]
[Thu Jul 20 18:48:44 2023] On node 12 totalpages: 524288
[Thu Jul 20 18:48:44 2023]   Normal zone: 512 pages used for memmap
[Thu Jul 20 18:48:44 2023]   Normal zone: 524288 pages, LIFO batch:1
[Thu Jul 20 18:48:44 2023] Initmem setup node 13 [mem 0x0000035000000000-0x0000035bffffffff]
[Thu Jul 20 18:48:44 2023] On node 13 totalpages: 524288
[Thu Jul 20 18:48:44 2023]   Normal zone: 512 pages used for memmap
[Thu Jul 20 18:48:44 2023]   Normal zone: 524288 pages, LIFO batch:1
[Thu Jul 20 18:48:44 2023] Initmem setup node 14 [mem 0x0000036000000000-0x0000036bffffffff]
[Thu Jul 20 18:48:44 2023] On node 14 totalpages: 524288
[Thu Jul 20 18:48:44 2023]   Normal zone: 512 pages used for memmap
[Thu Jul 20 18:48:44 2023]   Normal zone: 524288 pages, LIFO batch:1
[Thu Jul 20 18:48:44 2023] Initmem setup node 15 [mem 0x0000037000000000-0x0000037bffffffff]
[Thu Jul 20 18:48:44 2023] On node 15 totalpages: 524288
[Thu Jul 20 18:48:44 2023]   Normal zone: 512 pages used for memmap
[Thu Jul 20 18:48:44 2023]   Normal zone: 524288 pages, LIFO batch:1
[Thu Jul 20 18:48:44 2023] psci: probing for conduit method from ACPI.
[Thu Jul 20 18:48:44 2023] psci: PSCIv1.0 detected in firmware.
[Thu Jul 20 18:48:44 2023] psci: Using standard PSCI v0.2 function IDs
[Thu Jul 20 18:48:44 2023] psci: MIGRATE_INFO_TYPE not supported.
[Thu Jul 20 18:48:44 2023] psci: SMC Calling Convention v1.0
[Thu Jul 20 18:48:44 2023] percpu: Embedded 3 pages/cpu s127832 r8192 d60584 u196608
[Thu Jul 20 18:48:44 2023] pcpu-alloc: s127832 r8192 d60584 u196608 alloc=3*65536
[Thu Jul 20 18:48:44 2023] pcpu-alloc: [00] 000 [00] 001 [00] 002 [00] 003 
[Thu Jul 20 18:48:44 2023] pcpu-alloc: [00] 004 [00] 005 [00] 006 [00] 007 
[Thu Jul 20 18:48:44 2023] pcpu-alloc: [01] 008 [01] 009 [01] 010 [01] 011 
[Thu Jul 20 18:48:44 2023] pcpu-alloc: [01] 012 [01] 013 [01] 014 [01] 015 
[Thu Jul 20 18:48:44 2023] pcpu-alloc: [02] 016 [02] 017 [02] 018 [02] 019 
[Thu Jul 20 18:48:44 2023] pcpu-alloc: [02] 020 [02] 021 [02] 022 [02] 023 
[Thu Jul 20 18:48:44 2023] pcpu-alloc: [03] 024 [03] 025 [03] 026 [03] 027 
[Thu Jul 20 18:48:44 2023] pcpu-alloc: [03] 028 [03] 029 [03] 030 [03] 031 
[Thu Jul 20 18:48:44 2023] pcpu-alloc: [04] 032 [04] 033 [04] 034 [04] 035 
[Thu Jul 20 18:48:44 2023] pcpu-alloc: [04] 036 [04] 037 [04] 038 [04] 039 
[Thu Jul 20 18:48:44 2023] pcpu-alloc: [05] 040 [05] 041 [05] 042 [05] 043 
[Thu Jul 20 18:48:44 2023] pcpu-alloc: [05] 044 [05] 045 [05] 046 [05] 047 
[Thu Jul 20 18:48:44 2023] pcpu-alloc: [06] 048 [06] 049 [06] 050 [06] 051 
[Thu Jul 20 18:48:44 2023] pcpu-alloc: [06] 052 [06] 053 [06] 054 [06] 055 
[Thu Jul 20 18:48:44 2023] pcpu-alloc: [07] 056 [07] 057 [07] 058 [07] 059 
[Thu Jul 20 18:48:44 2023] pcpu-alloc: [07] 060 [07] 061 [07] 062 [07] 063 
[Thu Jul 20 18:48:44 2023] pcpu-alloc: [08] 064 [08] 065 [08] 066 [08] 067 
[Thu Jul 20 18:48:44 2023] pcpu-alloc: [08] 068 [08] 069 [08] 070 [08] 071 
[Thu Jul 20 18:48:44 2023] pcpu-alloc: [09] 072 [09] 073 [09] 074 [09] 075 
[Thu Jul 20 18:48:44 2023] pcpu-alloc: [09] 076 [09] 077 [09] 078 [09] 079 
[Thu Jul 20 18:48:44 2023] pcpu-alloc: [10] 080 [10] 081 [10] 082 [10] 083 
[Thu Jul 20 18:48:44 2023] pcpu-alloc: [10] 084 [10] 085 [10] 086 [10] 087 
[Thu Jul 20 18:48:44 2023] pcpu-alloc: [11] 088 [11] 089 [11] 090 [11] 091 
[Thu Jul 20 18:48:44 2023] pcpu-alloc: [11] 092 [11] 093 [11] 094 [11] 095 
[Thu Jul 20 18:48:44 2023] pcpu-alloc: [12] 096 [12] 097 [12] 098 [12] 099 
[Thu Jul 20 18:48:44 2023] pcpu-alloc: [12] 100 [12] 101 [12] 102 [12] 103 
[Thu Jul 20 18:48:44 2023] pcpu-alloc: [13] 104 [13] 105 [13] 106 [13] 107 
[Thu Jul 20 18:48:44 2023] pcpu-alloc: [13] 108 [13] 109 [13] 110 [13] 111 
[Thu Jul 20 18:48:44 2023] pcpu-alloc: [14] 112 [14] 113 [14] 114 [14] 115 
[Thu Jul 20 18:48:44 2023] pcpu-alloc: [14] 116 [14] 117 [14] 118 [14] 119 
[Thu Jul 20 18:48:44 2023] pcpu-alloc: [15] 120 [15] 121 [15] 122 [15] 123 
[Thu Jul 20 18:48:44 2023] pcpu-alloc: [15] 124 [15] 125 [15] 126 [15] 127 
[Thu Jul 20 18:48:44 2023] Detected PIPT I-cache on CPU0
[Thu Jul 20 18:48:44 2023] ARM_SMCCC_ARCH_WORKAROUND_1 missing from firmware
[Thu Jul 20 18:48:44 2023] CPU features: kernel page table isolation forced ON by KASLR
[Thu Jul 20 18:48:44 2023] CPU features: detected: Kernel page table isolation (KPTI)
[Thu Jul 20 18:48:44 2023] Built 16 zonelists, mobility grouping on.  Total pages: 8377346
[Thu Jul 20 18:48:44 2023] Policy zone: Normal
[Thu Jul 20 18:48:44 2023] Kernel command line: BOOT_IMAGE=(hd0,gpt3)/vmlinuz-4.18.0-147.5.1.es8_24.aarch64+numa64 root=/dev/mapper/os-root ro transparent_hugepage=never cgroup.memory=nokmem iommu.passthrough=1 ixgbe.allow_unsupported_sfp=1 biosdevname=0 rootdelay=90 nomodeset intel_idle.max_cstate=0 processor.max_cstate=0 crashkernel=736M rd.lvm.lv=os/root net.ifnames=1 console=tty0
[Thu Jul 20 18:48:44 2023] Specific versions of hardware are certified with Red Hat Enterprise Linux 8. Please see the list of hardware certified with Red Hat Enterprise Linux 8 at https://access.redhat.com/ecosystem.
[Thu Jul 20 18:48:44 2023] software IO TLB: mapped [mem 0xf7ff0000-0xfbff0000] (64MB)
[Thu Jul 20 18:48:44 2023] Memory: 535158336K/536674304K available (9276K kernel code, 1934K rwdata, 5888K rodata, 4480K init, 9269K bss, 1515968K reserved, 0K cma-reserved)
[Thu Jul 20 18:48:44 2023] random: get_random_u64 called from cache_random_seq_create+0x88/0x158 with crng_init=0
[Thu Jul 20 18:48:44 2023] SLUB: HWalign=64, Order=0-3, MinObjects=0, CPUs=128, Nodes=16
[Thu Jul 20 18:48:44 2023] ftrace: allocating 33233 entries in 9 pages
[Thu Jul 20 18:48:44 2023] rcu: Hierarchical RCU implementation.
[Thu Jul 20 18:48:44 2023] rcu: 	RCU restricting CPUs from NR_CPUS=4096 to nr_cpu_ids=128.
[Thu Jul 20 18:48:44 2023] rcu: RCU calculated value of scheduler-enlistment delay is 10 jiffies.
[Thu Jul 20 18:48:44 2023] rcu: Adjusting geometry for rcu_fanout_leaf=16, nr_cpu_ids=128
[Thu Jul 20 18:48:44 2023] NR_IRQS: 64, nr_irqs: 64, preallocated irqs: 0
[Thu Jul 20 18:48:44 2023] GIC-2500: mars3_sockets_bitmap = 0x3
[Thu Jul 20 18:48:44 2023] GIC-2500: GIC: Using split EOI/Deactivate mode
[Thu Jul 20 18:48:44 2023] GIC-2500: Distributor has no Range Selector support
[Thu Jul 20 18:48:44 2023] GIC-2500: no VLPI support, no direct LPI support
[Thu Jul 20 18:48:44 2023] GIC-2500: CPU0: found redistributor 0 region 0:0x000000002b000000
[Thu Jul 20 18:48:44 2023] ITS [mem 0x2a020000-0x2a03ffff]
[Thu Jul 20 18:48:44 2023] ITS@0x000000002a020000: allocated 65536 Devices @10804b80000 (flat, esz 8, psz 64K, shr 0)
[Thu Jul 20 18:48:44 2023] ITS: using cache flushing for cmd queue
[Thu Jul 20 18:48:44 2023] ITS [mem 0x2002a020000-0x2002a03ffff]
[Thu Jul 20 18:48:44 2023] ITS@0x000002002a020000: allocated 65536 Devices @10804c00000 (flat, esz 8, psz 64K, shr 0)
[Thu Jul 20 18:48:44 2023] ITS: using cache flushing for cmd queue
[Thu Jul 20 18:48:44 2023] GICv-2500: using LPI property table @0x0000010804b60000
[Thu Jul 20 18:48:44 2023] GIC: using cache flushing for LPI property table
[Thu Jul 20 18:48:44 2023] GICv-2500: CPU0: using allocated LPI pending table @0x0000010804b70000
[Thu Jul 20 18:48:44 2023] rcu: 	Offload RCU callbacks from CPUs: (none).
[Thu Jul 20 18:48:44 2023] arch_timer: cp15 timer(s) running at 50.00MHz (phys).
[Thu Jul 20 18:48:44 2023] clocksource: arch_sys_counter: mask: 0xffffffffffffff max_cycles: 0xb8812736b, max_idle_ns: 440795202655 ns
[Thu Jul 20 18:48:44 2023] sched_clock: 56 bits at 50MHz, resolution 20ns, wraps every 4398046511100ns
[Thu Jul 20 18:48:44 2023] Console: colour dummy device 80x25
[Thu Jul 20 18:48:44 2023] console [tty0] enabled
[Thu Jul 20 18:48:44 2023] mempolicy: Enabling automatic NUMA balancing. Configure with numa_balancing= or the kernel.numa_balancing sysctl
[Thu Jul 20 18:48:44 2023] ACPI: Core revision 20180531
[Thu Jul 20 18:48:44 2023] Calibrating delay loop (skipped), value calculated using timer frequency.. 100.00 BogoMIPS (lpj=500000)
[Thu Jul 20 18:48:44 2023] pid_max: default: 131072 minimum: 1024
[Thu Jul 20 18:48:44 2023] Security Framework initialized
[Thu Jul 20 18:48:44 2023] Yama: becoming mindful.
[Thu Jul 20 18:48:44 2023] SELinux:  Initializing.
[Thu Jul 20 18:48:44 2023] Dentry cache hash table entries: 16777216 (order: 11, 134217728 bytes)
[Thu Jul 20 18:48:44 2023] Inode-cache hash table entries: 8388608 (order: 10, 67108864 bytes)
[Thu Jul 20 18:48:44 2023] Mount-cache hash table entries: 262144 (order: 5, 2097152 bytes)
[Thu Jul 20 18:48:44 2023] Mountpoint-cache hash table entries: 262144 (order: 5, 2097152 bytes)
[Thu Jul 20 18:48:44 2023] ASID allocator initialised with 32768 entries
[Thu Jul 20 18:48:44 2023] rcu: Hierarchical SRCU implementation.
[Thu Jul 20 18:48:44 2023] Platform MSI: ITS@0x2a020000 domain created
[Thu Jul 20 18:48:44 2023] Platform MSI: ITS@0x2002a020000 domain created
[Thu Jul 20 18:48:44 2023] PCI/MSI: ITS@0x2a020000 domain created
[Thu Jul 20 18:48:44 2023] PCI/MSI: ITS@0x2002a020000 domain created
[Thu Jul 20 18:48:44 2023] Remapping and enabling EFI services.
[Thu Jul 20 18:48:44 2023] smp: Bringing up secondary CPUs ...
[Thu Jul 20 18:48:44 2023] Detected PIPT I-cache on CPU1
[Thu Jul 20 18:48:44 2023] GIC-2500: CPU1: found redistributor 1 region 0:0x000000002b020000
[Thu Jul 20 18:48:44 2023] GICv-2500: CPU1: using allocated LPI pending table @0x0000010804c80000
[Thu Jul 20 18:48:44 2023] CPU1: Booted secondary processor 0x0000000001 [0x701f6633]
[Thu Jul 20 18:48:44 2023] Detected PIPT I-cache on CPU2
[Thu Jul 20 18:48:44 2023] GIC-2500: CPU2: found redistributor 2 region 0:0x000000002b040000
[Thu Jul 20 18:48:44 2023] GICv-2500: CPU2: using allocated LPI pending table @0x0000010804c90000
[Thu Jul 20 18:48:44 2023] CPU2: Booted secondary processor 0x0000000002 [0x701f6633]
[Thu Jul 20 18:48:44 2023] Detected PIPT I-cache on CPU3
[Thu Jul 20 18:48:44 2023] GIC-2500: CPU3: found redistributor 3 region 0:0x000000002b060000
[Thu Jul 20 18:48:44 2023] GICv-2500: CPU3: using allocated LPI pending table @0x0000010804ca0000
[Thu Jul 20 18:48:44 2023] CPU3: Booted secondary processor 0x0000000003 [0x701f6633]
[Thu Jul 20 18:48:44 2023] Detected PIPT I-cache on CPU4
[Thu Jul 20 18:48:44 2023] GIC-2500: CPU4: found redistributor 100 region 0:0x000000002b080000
[Thu Jul 20 18:48:44 2023] GICv-2500: CPU4: using allocated LPI pending table @0x0000010804cb0000
[Thu Jul 20 18:48:44 2023] CPU4: Booted secondary processor 0x0000000100 [0x701f6633]
[Thu Jul 20 18:48:44 2023] Detected PIPT I-cache on CPU5
[Thu Jul 20 18:48:44 2023] GIC-2500: CPU5: found redistributor 101 region 0:0x000000002b0a0000
[Thu Jul 20 18:48:44 2023] GICv-2500: CPU5: using allocated LPI pending table @0x0000010804cc0000
[Thu Jul 20 18:48:44 2023] CPU5: Booted secondary processor 0x0000000101 [0x701f6633]
[Thu Jul 20 18:48:44 2023] Detected PIPT I-cache on CPU6
[Thu Jul 20 18:48:44 2023] GIC-2500: CPU6: found redistributor 102 region 0:0x000000002b0c0000
[Thu Jul 20 18:48:44 2023] GICv-2500: CPU6: using allocated LPI pending table @0x0000010804cd0000
[Thu Jul 20 18:48:44 2023] CPU6: Booted secondary processor 0x0000000102 [0x701f6633]
[Thu Jul 20 18:48:44 2023] Detected PIPT I-cache on CPU7
[Thu Jul 20 18:48:44 2023] GIC-2500: CPU7: found redistributor 103 region 0:0x000000002b0e0000
[Thu Jul 20 18:48:44 2023] GICv-2500: CPU7: using allocated LPI pending table @0x0000010804ce0000
[Thu Jul 20 18:48:44 2023] CPU7: Booted secondary processor 0x0000000103 [0x701f6633]
[Thu Jul 20 18:48:44 2023] Detected PIPT I-cache on CPU8
[Thu Jul 20 18:48:44 2023] GIC-2500: CPU8: found redistributor 200 region 0:0x000000002b100000
[Thu Jul 20 18:48:44 2023] GICv-2500: CPU8: using allocated LPI pending table @0x0000010804cf0000
[Thu Jul 20 18:48:44 2023] CPU8: Booted secondary processor 0x0000000200 [0x701f6633]
[Thu Jul 20 18:48:44 2023] Detected PIPT I-cache on CPU9
[Thu Jul 20 18:48:44 2023] GIC-2500: CPU9: found redistributor 201 region 0:0x000000002b120000
[Thu Jul 20 18:48:44 2023] GICv-2500: CPU9: using allocated LPI pending table @0x0000010804d00000
[Thu Jul 20 18:48:44 2023] CPU9: Booted secondary processor 0x0000000201 [0x701f6633]
[Thu Jul 20 18:48:44 2023] Detected PIPT I-cache on CPU10
[Thu Jul 20 18:48:44 2023] GIC-2500: CPU10: found redistributor 202 region 0:0x000000002b140000
[Thu Jul 20 18:48:44 2023] GICv-2500: CPU10: using allocated LPI pending table @0x0000010804d10000
[Thu Jul 20 18:48:44 2023] CPU10: Booted secondary processor 0x0000000202 [0x701f6633]
[Thu Jul 20 18:48:44 2023] Detected PIPT I-cache on CPU11
[Thu Jul 20 18:48:44 2023] GIC-2500: CPU11: found redistributor 203 region 0:0x000000002b160000
[Thu Jul 20 18:48:44 2023] GICv-2500: CPU11: using allocated LPI pending table @0x0000010804d20000
[Thu Jul 20 18:48:44 2023] CPU11: Booted secondary processor 0x0000000203 [0x701f6633]
[Thu Jul 20 18:48:44 2023] Detected PIPT I-cache on CPU12
[Thu Jul 20 18:48:44 2023] GIC-2500: CPU12: found redistributor 300 region 0:0x000000002b180000
[Thu Jul 20 18:48:44 2023] GICv-2500: CPU12: using allocated LPI pending table @0x0000010804d30000
[Thu Jul 20 18:48:44 2023] CPU12: Booted secondary processor 0x0000000300 [0x701f6633]
[Thu Jul 20 18:48:44 2023] Detected PIPT I-cache on CPU13
[Thu Jul 20 18:48:44 2023] GIC-2500: CPU13: found redistributor 301 region 0:0x000000002b1a0000
[Thu Jul 20 18:48:44 2023] GICv-2500: CPU13: using allocated LPI pending table @0x0000010804d40000
[Thu Jul 20 18:48:44 2023] CPU13: Booted secondary processor 0x0000000301 [0x701f6633]
[Thu Jul 20 18:48:44 2023] Detected PIPT I-cache on CPU14
[Thu Jul 20 18:48:44 2023] GIC-2500: CPU14: found redistributor 302 region 0:0x000000002b1c0000
[Thu Jul 20 18:48:44 2023] GICv-2500: CPU14: using allocated LPI pending table @0x0000010804d50000
[Thu Jul 20 18:48:44 2023] CPU14: Booted secondary processor 0x0000000302 [0x701f6633]
[Thu Jul 20 18:48:44 2023] Detected PIPT I-cache on CPU15
[Thu Jul 20 18:48:44 2023] GIC-2500: CPU15: found redistributor 303 region 0:0x000000002b1e0000
[Thu Jul 20 18:48:44 2023] GICv-2500: CPU15: using allocated LPI pending table @0x0000010804d60000
[Thu Jul 20 18:48:44 2023] CPU15: Booted secondary processor 0x0000000303 [0x701f6633]
[Thu Jul 20 18:48:44 2023] Detected PIPT I-cache on CPU16
[Thu Jul 20 18:48:44 2023] GIC-2500: CPU16: found redistributor 400 region 0:0x000000002b200000
[Thu Jul 20 18:48:44 2023] GICv-2500: CPU16: using allocated LPI pending table @0x0000010804d70000
[Thu Jul 20 18:48:44 2023] CPU16: Booted secondary processor 0x0000000400 [0x701f6633]
[Thu Jul 20 18:48:44 2023] Detected PIPT I-cache on CPU17
[Thu Jul 20 18:48:44 2023] GIC-2500: CPU17: found redistributor 401 region 0:0x000000002b220000
[Thu Jul 20 18:48:44 2023] GICv-2500: CPU17: using allocated LPI pending table @0x0000010804d80000
[Thu Jul 20 18:48:44 2023] CPU17: Booted secondary processor 0x0000000401 [0x701f6633]
[Thu Jul 20 18:48:44 2023] Detected PIPT I-cache on CPU18
[Thu Jul 20 18:48:44 2023] GIC-2500: CPU18: found redistributor 402 region 0:0x000000002b240000
[Thu Jul 20 18:48:44 2023] GICv-2500: CPU18: using allocated LPI pending table @0x0000010804d90000
[Thu Jul 20 18:48:44 2023] CPU18: Booted secondary processor 0x0000000402 [0x701f6633]
[Thu Jul 20 18:48:44 2023] Detected PIPT I-cache on CPU19
[Thu Jul 20 18:48:44 2023] GIC-2500: CPU19: found redistributor 403 region 0:0x000000002b260000
[Thu Jul 20 18:48:44 2023] GICv-2500: CPU19: using allocated LPI pending table @0x0000010804da0000
[Thu Jul 20 18:48:44 2023] CPU19: Booted secondary processor 0x0000000403 [0x701f6633]
[Thu Jul 20 18:48:44 2023] Detected PIPT I-cache on CPU20
[Thu Jul 20 18:48:44 2023] GIC-2500: CPU20: found redistributor 500 region 0:0x000000002b280000
[Thu Jul 20 18:48:44 2023] GICv-2500: CPU20: using allocated LPI pending table @0x0000010804db0000
[Thu Jul 20 18:48:44 2023] CPU20: Booted secondary processor 0x0000000500 [0x701f6633]
[Thu Jul 20 18:48:44 2023] Detected PIPT I-cache on CPU21
[Thu Jul 20 18:48:44 2023] GIC-2500: CPU21: found redistributor 501 region 0:0x000000002b2a0000
[Thu Jul 20 18:48:44 2023] GICv-2500: CPU21: using allocated LPI pending table @0x0000010804dc0000
[Thu Jul 20 18:48:44 2023] CPU21: Booted secondary processor 0x0000000501 [0x701f6633]
[Thu Jul 20 18:48:45 2023] Detected PIPT I-cache on CPU22
[Thu Jul 20 18:48:45 2023] GIC-2500: CPU22: found redistributor 502 region 0:0x000000002b2c0000
[Thu Jul 20 18:48:45 2023] GICv-2500: CPU22: using allocated LPI pending table @0x0000010804dd0000
[Thu Jul 20 18:48:45 2023] CPU22: Booted secondary processor 0x0000000502 [0x701f6633]
[Thu Jul 20 18:48:45 2023] Detected PIPT I-cache on CPU23
[Thu Jul 20 18:48:45 2023] GIC-2500: CPU23: found redistributor 503 region 0:0x000000002b2e0000
[Thu Jul 20 18:48:45 2023] GICv-2500: CPU23: using allocated LPI pending table @0x0000010804de0000
[Thu Jul 20 18:48:45 2023] CPU23: Booted secondary processor 0x0000000503 [0x701f6633]
[Thu Jul 20 18:48:45 2023] Detected PIPT I-cache on CPU24
[Thu Jul 20 18:48:45 2023] GIC-2500: CPU24: found redistributor 600 region 0:0x000000002b300000
[Thu Jul 20 18:48:45 2023] GICv-2500: CPU24: using allocated LPI pending table @0x0000010804df0000
[Thu Jul 20 18:48:45 2023] CPU24: Booted secondary processor 0x0000000600 [0x701f6633]
[Thu Jul 20 18:48:45 2023] Detected PIPT I-cache on CPU25
[Thu Jul 20 18:48:45 2023] GIC-2500: CPU25: found redistributor 601 region 0:0x000000002b320000
[Thu Jul 20 18:48:45 2023] GICv-2500: CPU25: using allocated LPI pending table @0x0000010804e00000
[Thu Jul 20 18:48:45 2023] CPU25: Booted secondary processor 0x0000000601 [0x701f6633]
[Thu Jul 20 18:48:45 2023] Detected PIPT I-cache on CPU26
[Thu Jul 20 18:48:45 2023] GIC-2500: CPU26: found redistributor 602 region 0:0x000000002b340000
[Thu Jul 20 18:48:45 2023] GICv-2500: CPU26: using allocated LPI pending table @0x0000010804e10000
[Thu Jul 20 18:48:45 2023] CPU26: Booted secondary processor 0x0000000602 [0x701f6633]
[Thu Jul 20 18:48:45 2023] Detected PIPT I-cache on CPU27
[Thu Jul 20 18:48:45 2023] GIC-2500: CPU27: found redistributor 603 region 0:0x000000002b360000
[Thu Jul 20 18:48:45 2023] GICv-2500: CPU27: using allocated LPI pending table @0x0000010804e20000
[Thu Jul 20 18:48:45 2023] CPU27: Booted secondary processor 0x0000000603 [0x701f6633]
[Thu Jul 20 18:48:45 2023] Detected PIPT I-cache on CPU28
[Thu Jul 20 18:48:45 2023] GIC-2500: CPU28: found redistributor 700 region 0:0x000000002b380000
[Thu Jul 20 18:48:45 2023] GICv-2500: CPU28: using allocated LPI pending table @0x0000010804e30000
[Thu Jul 20 18:48:45 2023] CPU28: Booted secondary processor 0x0000000700 [0x701f6633]
[Thu Jul 20 18:48:45 2023] Detected PIPT I-cache on CPU29
[Thu Jul 20 18:48:45 2023] GIC-2500: CPU29: found redistributor 701 region 0:0x000000002b3a0000
[Thu Jul 20 18:48:45 2023] GICv-2500: CPU29: using allocated LPI pending table @0x0000010804e40000
[Thu Jul 20 18:48:45 2023] CPU29: Booted secondary processor 0x0000000701 [0x701f6633]
[Thu Jul 20 18:48:45 2023] Detected PIPT I-cache on CPU30
[Thu Jul 20 18:48:45 2023] GIC-2500: CPU30: found redistributor 702 region 0:0x000000002b3c0000
[Thu Jul 20 18:48:45 2023] GICv-2500: CPU30: using allocated LPI pending table @0x0000010804e50000
[Thu Jul 20 18:48:45 2023] CPU30: Booted secondary processor 0x0000000702 [0x701f6633]
[Thu Jul 20 18:48:45 2023] Detected PIPT I-cache on CPU31
[Thu Jul 20 18:48:45 2023] GIC-2500: CPU31: found redistributor 703 region 0:0x000000002b3e0000
[Thu Jul 20 18:48:45 2023] GICv-2500: CPU31: using allocated LPI pending table @0x0000010804e60000
[Thu Jul 20 18:48:45 2023] CPU31: Booted secondary processor 0x0000000703 [0x701f6633]
[Thu Jul 20 18:48:45 2023] Detected PIPT I-cache on CPU32
[Thu Jul 20 18:48:45 2023] GIC-2500: CPU32: found redistributor 800 region 0:0x000000002b400000
[Thu Jul 20 18:48:45 2023] GICv-2500: CPU32: using allocated LPI pending table @0x0000010804e70000
[Thu Jul 20 18:48:45 2023] CPU32: Booted secondary processor 0x0000000800 [0x701f6633]
[Thu Jul 20 18:48:45 2023] Detected PIPT I-cache on CPU33
[Thu Jul 20 18:48:45 2023] GIC-2500: CPU33: found redistributor 801 region 0:0x000000002b420000
[Thu Jul 20 18:48:45 2023] GICv-2500: CPU33: using allocated LPI pending table @0x0000010804e80000
[Thu Jul 20 18:48:45 2023] CPU33: Booted secondary processor 0x0000000801 [0x701f6633]
[Thu Jul 20 18:48:45 2023] Detected PIPT I-cache on CPU34
[Thu Jul 20 18:48:45 2023] GIC-2500: CPU34: found redistributor 802 region 0:0x000000002b440000
[Thu Jul 20 18:48:45 2023] GICv-2500: CPU34: using allocated LPI pending table @0x0000010804e90000
[Thu Jul 20 18:48:45 2023] CPU34: Booted secondary processor 0x0000000802 [0x701f6633]
[Thu Jul 20 18:48:45 2023] Detected PIPT I-cache on CPU35
[Thu Jul 20 18:48:45 2023] GIC-2500: CPU35: found redistributor 803 region 0:0x000000002b460000
[Thu Jul 20 18:48:45 2023] GICv-2500: CPU35: using allocated LPI pending table @0x0000010804ea0000
[Thu Jul 20 18:48:45 2023] CPU35: Booted secondary processor 0x0000000803 [0x701f6633]
[Thu Jul 20 18:48:45 2023] Detected PIPT I-cache on CPU36
[Thu Jul 20 18:48:45 2023] GIC-2500: CPU36: found redistributor 900 region 0:0x000000002b480000
[Thu Jul 20 18:48:45 2023] GICv-2500: CPU36: using allocated LPI pending table @0x0000010804eb0000
[Thu Jul 20 18:48:45 2023] CPU36: Booted secondary processor 0x0000000900 [0x701f6633]
[Thu Jul 20 18:48:45 2023] Detected PIPT I-cache on CPU37
[Thu Jul 20 18:48:45 2023] GIC-2500: CPU37: found redistributor 901 region 0:0x000000002b4a0000
[Thu Jul 20 18:48:45 2023] GICv-2500: CPU37: using allocated LPI pending table @0x0000010804ec0000
[Thu Jul 20 18:48:45 2023] CPU37: Booted secondary processor 0x0000000901 [0x701f6633]
[Thu Jul 20 18:48:45 2023] Detected PIPT I-cache on CPU38
[Thu Jul 20 18:48:45 2023] GIC-2500: CPU38: found redistributor 902 region 0:0x000000002b4c0000
[Thu Jul 20 18:48:45 2023] GICv-2500: CPU38: using allocated LPI pending table @0x0000010804ed0000
[Thu Jul 20 18:48:45 2023] CPU38: Booted secondary processor 0x0000000902 [0x701f6633]
[Thu Jul 20 18:48:45 2023] Detected PIPT I-cache on CPU39
[Thu Jul 20 18:48:45 2023] GIC-2500: CPU39: found redistributor 903 region 0:0x000000002b4e0000
[Thu Jul 20 18:48:45 2023] GICv-2500: CPU39: using allocated LPI pending table @0x0000010804ee0000
[Thu Jul 20 18:48:45 2023] CPU39: Booted secondary processor 0x0000000903 [0x701f6633]
[Thu Jul 20 18:48:45 2023] Detected PIPT I-cache on CPU40
[Thu Jul 20 18:48:45 2023] GIC-2500: CPU40: found redistributor a00 region 0:0x000000002b500000
[Thu Jul 20 18:48:45 2023] GICv-2500: CPU40: using allocated LPI pending table @0x0000010804ef0000
[Thu Jul 20 18:48:45 2023] CPU40: Booted secondary processor 0x0000000a00 [0x701f6633]
[Thu Jul 20 18:48:45 2023] Detected PIPT I-cache on CPU41
[Thu Jul 20 18:48:45 2023] GIC-2500: CPU41: found redistributor a01 region 0:0x000000002b520000
[Thu Jul 20 18:48:45 2023] GICv-2500: CPU41: using allocated LPI pending table @0x0000010804f00000
[Thu Jul 20 18:48:45 2023] CPU41: Booted secondary processor 0x0000000a01 [0x701f6633]
[Thu Jul 20 18:48:45 2023] Detected PIPT I-cache on CPU42
[Thu Jul 20 18:48:45 2023] GIC-2500: CPU42: found redistributor a02 region 0:0x000000002b540000
[Thu Jul 20 18:48:45 2023] GICv-2500: CPU42: using allocated LPI pending table @0x0000010804f10000
[Thu Jul 20 18:48:45 2023] CPU42: Booted secondary processor 0x0000000a02 [0x701f6633]
[Thu Jul 20 18:48:45 2023] Detected PIPT I-cache on CPU43
[Thu Jul 20 18:48:45 2023] GIC-2500: CPU43: found redistributor a03 region 0:0x000000002b560000
[Thu Jul 20 18:48:45 2023] GICv-2500: CPU43: using allocated LPI pending table @0x0000010804f20000
[Thu Jul 20 18:48:45 2023] CPU43: Booted secondary processor 0x0000000a03 [0x701f6633]
[Thu Jul 20 18:48:45 2023] Detected PIPT I-cache on CPU44
[Thu Jul 20 18:48:45 2023] GIC-2500: CPU44: found redistributor b00 region 0:0x000000002b580000
[Thu Jul 20 18:48:45 2023] GICv-2500: CPU44: using allocated LPI pending table @0x0000010804f30000
[Thu Jul 20 18:48:45 2023] CPU44: Booted secondary processor 0x0000000b00 [0x701f6633]
[Thu Jul 20 18:48:46 2023] Detected PIPT I-cache on CPU45
[Thu Jul 20 18:48:46 2023] GIC-2500: CPU45: found redistributor b01 region 0:0x000000002b5a0000
[Thu Jul 20 18:48:46 2023] GICv-2500: CPU45: using allocated LPI pending table @0x0000010804f40000
[Thu Jul 20 18:48:46 2023] CPU45: Booted secondary processor 0x0000000b01 [0x701f6633]
[Thu Jul 20 18:48:46 2023] Detected PIPT I-cache on CPU46
[Thu Jul 20 18:48:46 2023] GIC-2500: CPU46: found redistributor b02 region 0:0x000000002b5c0000
[Thu Jul 20 18:48:46 2023] GICv-2500: CPU46: using allocated LPI pending table @0x0000010804f50000
[Thu Jul 20 18:48:46 2023] CPU46: Booted secondary processor 0x0000000b02 [0x701f6633]
[Thu Jul 20 18:48:46 2023] Detected PIPT I-cache on CPU47
[Thu Jul 20 18:48:46 2023] GIC-2500: CPU47: found redistributor b03 region 0:0x000000002b5e0000
[Thu Jul 20 18:48:46 2023] GICv-2500: CPU47: using allocated LPI pending table @0x0000010804f60000
[Thu Jul 20 18:48:46 2023] CPU47: Booted secondary processor 0x0000000b03 [0x701f6633]
[Thu Jul 20 18:48:46 2023] Detected PIPT I-cache on CPU48
[Thu Jul 20 18:48:46 2023] GIC-2500: CPU48: found redistributor c00 region 0:0x000000002b600000
[Thu Jul 20 18:48:46 2023] GICv-2500: CPU48: using allocated LPI pending table @0x0000010804f70000
[Thu Jul 20 18:48:46 2023] CPU48: Booted secondary processor 0x0000000c00 [0x701f6633]
[Thu Jul 20 18:48:46 2023] Detected PIPT I-cache on CPU49
[Thu Jul 20 18:48:46 2023] GIC-2500: CPU49: found redistributor c01 region 0:0x000000002b620000
[Thu Jul 20 18:48:46 2023] GICv-2500: CPU49: using allocated LPI pending table @0x0000010804f80000
[Thu Jul 20 18:48:46 2023] CPU49: Booted secondary processor 0x0000000c01 [0x701f6633]
[Thu Jul 20 18:48:46 2023] Detected PIPT I-cache on CPU50
[Thu Jul 20 18:48:46 2023] GIC-2500: CPU50: found redistributor c02 region 0:0x000000002b640000
[Thu Jul 20 18:48:46 2023] GICv-2500: CPU50: using allocated LPI pending table @0x0000010804f90000
[Thu Jul 20 18:48:46 2023] CPU50: Booted secondary processor 0x0000000c02 [0x701f6633]
[Thu Jul 20 18:48:46 2023] Detected PIPT I-cache on CPU51
[Thu Jul 20 18:48:46 2023] GIC-2500: CPU51: found redistributor c03 region 0:0x000000002b660000
[Thu Jul 20 18:48:46 2023] GICv-2500: CPU51: using allocated LPI pending table @0x0000010804fa0000
[Thu Jul 20 18:48:46 2023] CPU51: Booted secondary processor 0x0000000c03 [0x701f6633]
[Thu Jul 20 18:48:46 2023] Detected PIPT I-cache on CPU52
[Thu Jul 20 18:48:46 2023] GIC-2500: CPU52: found redistributor d00 region 0:0x000000002b680000
[Thu Jul 20 18:48:46 2023] GICv-2500: CPU52: using allocated LPI pending table @0x0000010804fb0000
[Thu Jul 20 18:48:46 2023] CPU52: Booted secondary processor 0x0000000d00 [0x701f6633]
[Thu Jul 20 18:48:46 2023] Detected PIPT I-cache on CPU53
[Thu Jul 20 18:48:46 2023] GIC-2500: CPU53: found redistributor d01 region 0:0x000000002b6a0000
[Thu Jul 20 18:48:46 2023] GICv-2500: CPU53: using allocated LPI pending table @0x0000010804fc0000
[Thu Jul 20 18:48:46 2023] CPU53: Booted secondary processor 0x0000000d01 [0x701f6633]
[Thu Jul 20 18:48:46 2023] Detected PIPT I-cache on CPU54
[Thu Jul 20 18:48:46 2023] GIC-2500: CPU54: found redistributor d02 region 0:0x000000002b6c0000
[Thu Jul 20 18:48:46 2023] GICv-2500: CPU54: using allocated LPI pending table @0x0000010804fd0000
[Thu Jul 20 18:48:46 2023] CPU54: Booted secondary processor 0x0000000d02 [0x701f6633]
[Thu Jul 20 18:48:46 2023] Detected PIPT I-cache on CPU55
[Thu Jul 20 18:48:46 2023] GIC-2500: CPU55: found redistributor d03 region 0:0x000000002b6e0000
[Thu Jul 20 18:48:46 2023] GICv-2500: CPU55: using allocated LPI pending table @0x0000010804fe0000
[Thu Jul 20 18:48:46 2023] CPU55: Booted secondary processor 0x0000000d03 [0x701f6633]
[Thu Jul 20 18:48:46 2023] Detected PIPT I-cache on CPU56
[Thu Jul 20 18:48:46 2023] GIC-2500: CPU56: found redistributor e00 region 0:0x000000002b700000
[Thu Jul 20 18:48:46 2023] GICv-2500: CPU56: using allocated LPI pending table @0x0000010804ff0000
[Thu Jul 20 18:48:46 2023] CPU56: Booted secondary processor 0x0000000e00 [0x701f6633]
[Thu Jul 20 18:48:46 2023] Detected PIPT I-cache on CPU57
[Thu Jul 20 18:48:46 2023] GIC-2500: CPU57: found redistributor e01 region 0:0x000000002b720000
[Thu Jul 20 18:48:46 2023] GICv-2500: CPU57: using allocated LPI pending table @0x0000010805000000
[Thu Jul 20 18:48:46 2023] CPU57: Booted secondary processor 0x0000000e01 [0x701f6633]
[Thu Jul 20 18:48:46 2023] Detected PIPT I-cache on CPU58
[Thu Jul 20 18:48:46 2023] GIC-2500: CPU58: found redistributor e02 region 0:0x000000002b740000
[Thu Jul 20 18:48:46 2023] GICv-2500: CPU58: using allocated LPI pending table @0x0000010805010000
[Thu Jul 20 18:48:46 2023] CPU58: Booted secondary processor 0x0000000e02 [0x701f6633]
[Thu Jul 20 18:48:46 2023] Detected PIPT I-cache on CPU59
[Thu Jul 20 18:48:46 2023] GIC-2500: CPU59: found redistributor e03 region 0:0x000000002b760000
[Thu Jul 20 18:48:46 2023] GICv-2500: CPU59: using allocated LPI pending table @0x0000010805020000
[Thu Jul 20 18:48:46 2023] CPU59: Booted secondary processor 0x0000000e03 [0x701f6633]
[Thu Jul 20 18:48:46 2023] Detected PIPT I-cache on CPU60
[Thu Jul 20 18:48:46 2023] GIC-2500: CPU60: found redistributor f00 region 0:0x000000002b780000
[Thu Jul 20 18:48:46 2023] GICv-2500: CPU60: using allocated LPI pending table @0x0000010805030000
[Thu Jul 20 18:48:46 2023] CPU60: Booted secondary processor 0x0000000f00 [0x701f6633]
[Thu Jul 20 18:48:46 2023] Detected PIPT I-cache on CPU61
[Thu Jul 20 18:48:46 2023] GIC-2500: CPU61: found redistributor f01 region 0:0x000000002b7a0000
[Thu Jul 20 18:48:46 2023] GICv-2500: CPU61: using allocated LPI pending table @0x0000010805040000
[Thu Jul 20 18:48:46 2023] CPU61: Booted secondary processor 0x0000000f01 [0x701f6633]
[Thu Jul 20 18:48:46 2023] Detected PIPT I-cache on CPU62
[Thu Jul 20 18:48:46 2023] GIC-2500: CPU62: found redistributor f02 region 0:0x000000002b7c0000
[Thu Jul 20 18:48:46 2023] GICv-2500: CPU62: using allocated LPI pending table @0x0000010805050000
[Thu Jul 20 18:48:46 2023] CPU62: Booted secondary processor 0x0000000f02 [0x701f6633]
[Thu Jul 20 18:48:46 2023] Detected PIPT I-cache on CPU63
[Thu Jul 20 18:48:46 2023] GIC-2500: CPU63: found redistributor f03 region 0:0x000000002b7e0000
[Thu Jul 20 18:48:46 2023] GICv-2500: CPU63: using allocated LPI pending table @0x0000010805060000
[Thu Jul 20 18:48:46 2023] CPU63: Booted secondary processor 0x0000000f03 [0x701f6633]
[Thu Jul 20 18:48:46 2023] Detected PIPT I-cache on CPU64
[Thu Jul 20 18:48:46 2023] GIC-2500: CPU64: found redistributor 10000 region 1:0x000002002b000000
[Thu Jul 20 18:48:46 2023] GICv-2500: CPU64: using allocated LPI pending table @0x0000010805070000
[Thu Jul 20 18:48:46 2023] CPU64: Booted secondary processor 0x0000010000 [0x701f6633]
[Thu Jul 20 18:48:46 2023] Detected PIPT I-cache on CPU65
[Thu Jul 20 18:48:46 2023] GIC-2500: CPU65: found redistributor 10001 region 1:0x000002002b020000
[Thu Jul 20 18:48:46 2023] GICv-2500: CPU65: using allocated LPI pending table @0x0000010805080000
[Thu Jul 20 18:48:46 2023] CPU65: Booted secondary processor 0x0000010001 [0x701f6633]
[Thu Jul 20 18:48:47 2023] Detected PIPT I-cache on CPU66
[Thu Jul 20 18:48:47 2023] GIC-2500: CPU66: found redistributor 10002 region 1:0x000002002b040000
[Thu Jul 20 18:48:47 2023] GICv-2500: CPU66: using allocated LPI pending table @0x0000010805090000
[Thu Jul 20 18:48:47 2023] CPU66: Booted secondary processor 0x0000010002 [0x701f6633]
[Thu Jul 20 18:48:47 2023] Detected PIPT I-cache on CPU67
[Thu Jul 20 18:48:47 2023] GIC-2500: CPU67: found redistributor 10003 region 1:0x000002002b060000
[Thu Jul 20 18:48:47 2023] GICv-2500: CPU67: using allocated LPI pending table @0x00000108050a0000
[Thu Jul 20 18:48:47 2023] CPU67: Booted secondary processor 0x0000010003 [0x701f6633]
[Thu Jul 20 18:48:47 2023] Detected PIPT I-cache on CPU68
[Thu Jul 20 18:48:47 2023] GIC-2500: CPU68: found redistributor 10100 region 1:0x000002002b080000
[Thu Jul 20 18:48:47 2023] GICv-2500: CPU68: using allocated LPI pending table @0x00000108050b0000
[Thu Jul 20 18:48:47 2023] CPU68: Booted secondary processor 0x0000010100 [0x701f6633]
[Thu Jul 20 18:48:47 2023] Detected PIPT I-cache on CPU69
[Thu Jul 20 18:48:47 2023] GIC-2500: CPU69: found redistributor 10101 region 1:0x000002002b0a0000
[Thu Jul 20 18:48:47 2023] GICv-2500: CPU69: using allocated LPI pending table @0x00000108050c0000
[Thu Jul 20 18:48:47 2023] CPU69: Booted secondary processor 0x0000010101 [0x701f6633]
[Thu Jul 20 18:48:47 2023] Detected PIPT I-cache on CPU70
[Thu Jul 20 18:48:47 2023] GIC-2500: CPU70: found redistributor 10102 region 1:0x000002002b0c0000
[Thu Jul 20 18:48:47 2023] GICv-2500: CPU70: using allocated LPI pending table @0x00000108050d0000
[Thu Jul 20 18:48:47 2023] CPU70: Booted secondary processor 0x0000010102 [0x701f6633]
[Thu Jul 20 18:48:47 2023] Detected PIPT I-cache on CPU71
[Thu Jul 20 18:48:47 2023] GIC-2500: CPU71: found redistributor 10103 region 1:0x000002002b0e0000
[Thu Jul 20 18:48:47 2023] GICv-2500: CPU71: using allocated LPI pending table @0x00000108050e0000
[Thu Jul 20 18:48:47 2023] CPU71: Booted secondary processor 0x0000010103 [0x701f6633]
[Thu Jul 20 18:48:47 2023] Detected PIPT I-cache on CPU72
[Thu Jul 20 18:48:47 2023] GIC-2500: CPU72: found redistributor 10200 region 1:0x000002002b100000
[Thu Jul 20 18:48:47 2023] GICv-2500: CPU72: using allocated LPI pending table @0x00000108050f0000
[Thu Jul 20 18:48:47 2023] CPU72: Booted secondary processor 0x0000010200 [0x701f6633]
[Thu Jul 20 18:48:47 2023] Detected PIPT I-cache on CPU73
[Thu Jul 20 18:48:47 2023] GIC-2500: CPU73: found redistributor 10201 region 1:0x000002002b120000
[Thu Jul 20 18:48:47 2023] GICv-2500: CPU73: using allocated LPI pending table @0x0000010805100000
[Thu Jul 20 18:48:47 2023] CPU73: Booted secondary processor 0x0000010201 [0x701f6633]
[Thu Jul 20 18:48:47 2023] Detected PIPT I-cache on CPU74
[Thu Jul 20 18:48:47 2023] GIC-2500: CPU74: found redistributor 10202 region 1:0x000002002b140000
[Thu Jul 20 18:48:47 2023] GICv-2500: CPU74: using allocated LPI pending table @0x0000010805110000
[Thu Jul 20 18:48:47 2023] CPU74: Booted secondary processor 0x0000010202 [0x701f6633]
[Thu Jul 20 18:48:47 2023] Detected PIPT I-cache on CPU75
[Thu Jul 20 18:48:47 2023] GIC-2500: CPU75: found redistributor 10203 region 1:0x000002002b160000
[Thu Jul 20 18:48:47 2023] GICv-2500: CPU75: using allocated LPI pending table @0x0000010805120000
[Thu Jul 20 18:48:47 2023] CPU75: Booted secondary processor 0x0000010203 [0x701f6633]
[Thu Jul 20 18:48:47 2023] Detected PIPT I-cache on CPU76
[Thu Jul 20 18:48:47 2023] GIC-2500: CPU76: found redistributor 10300 region 1:0x000002002b180000
[Thu Jul 20 18:48:47 2023] GICv-2500: CPU76: using allocated LPI pending table @0x0000010805130000
[Thu Jul 20 18:48:47 2023] CPU76: Booted secondary processor 0x0000010300 [0x701f6633]
[Thu Jul 20 18:48:47 2023] Detected PIPT I-cache on CPU77
[Thu Jul 20 18:48:47 2023] GIC-2500: CPU77: found redistributor 10301 region 1:0x000002002b1a0000
[Thu Jul 20 18:48:47 2023] GICv-2500: CPU77: using allocated LPI pending table @0x0000010805140000
[Thu Jul 20 18:48:47 2023] CPU77: Booted secondary processor 0x0000010301 [0x701f6633]
[Thu Jul 20 18:48:47 2023] Detected PIPT I-cache on CPU78
[Thu Jul 20 18:48:47 2023] GIC-2500: CPU78: found redistributor 10302 region 1:0x000002002b1c0000
[Thu Jul 20 18:48:47 2023] GICv-2500: CPU78: using allocated LPI pending table @0x0000010805150000
[Thu Jul 20 18:48:47 2023] CPU78: Booted secondary processor 0x0000010302 [0x701f6633]
[Thu Jul 20 18:48:47 2023] Detected PIPT I-cache on CPU79
[Thu Jul 20 18:48:47 2023] GIC-2500: CPU79: found redistributor 10303 region 1:0x000002002b1e0000
[Thu Jul 20 18:48:47 2023] GICv-2500: CPU79: using allocated LPI pending table @0x0000010805160000
[Thu Jul 20 18:48:47 2023] CPU79: Booted secondary processor 0x0000010303 [0x701f6633]
[Thu Jul 20 18:48:47 2023] Detected PIPT I-cache on CPU80
[Thu Jul 20 18:48:47 2023] GIC-2500: CPU80: found redistributor 10400 region 1:0x000002002b200000
[Thu Jul 20 18:48:47 2023] GICv-2500: CPU80: using allocated LPI pending table @0x0000010805170000
[Thu Jul 20 18:48:47 2023] CPU80: Booted secondary processor 0x0000010400 [0x701f6633]
[Thu Jul 20 18:48:47 2023] Detected PIPT I-cache on CPU81
[Thu Jul 20 18:48:47 2023] GIC-2500: CPU81: found redistributor 10401 region 1:0x000002002b220000
[Thu Jul 20 18:48:47 2023] GICv-2500: CPU81: using allocated LPI pending table @0x0000010805180000
[Thu Jul 20 18:48:47 2023] CPU81: Booted secondary processor 0x0000010401 [0x701f6633]
[Thu Jul 20 18:48:47 2023] Detected PIPT I-cache on CPU82
[Thu Jul 20 18:48:47 2023] GIC-2500: CPU82: found redistributor 10402 region 1:0x000002002b240000
[Thu Jul 20 18:48:47 2023] GICv-2500: CPU82: using allocated LPI pending table @0x0000010805190000
[Thu Jul 20 18:48:47 2023] CPU82: Booted secondary processor 0x0000010402 [0x701f6633]
[Thu Jul 20 18:48:47 2023] Detected PIPT I-cache on CPU83
[Thu Jul 20 18:48:47 2023] GIC-2500: CPU83: found redistributor 10403 region 1:0x000002002b260000
[Thu Jul 20 18:48:47 2023] GICv-2500: CPU83: using allocated LPI pending table @0x00000108051a0000
[Thu Jul 20 18:48:47 2023] CPU83: Booted secondary processor 0x0000010403 [0x701f6633]
[Thu Jul 20 18:48:47 2023] Detected PIPT I-cache on CPU84
[Thu Jul 20 18:48:47 2023] GIC-2500: CPU84: found redistributor 10500 region 1:0x000002002b280000
[Thu Jul 20 18:48:47 2023] GICv-2500: CPU84: using allocated LPI pending table @0x00000108051b0000
[Thu Jul 20 18:48:47 2023] CPU84: Booted secondary processor 0x0000010500 [0x701f6633]
[Thu Jul 20 18:48:47 2023] Detected PIPT I-cache on CPU85
[Thu Jul 20 18:48:47 2023] GIC-2500: CPU85: found redistributor 10501 region 1:0x000002002b2a0000
[Thu Jul 20 18:48:47 2023] GICv-2500: CPU85: using allocated LPI pending table @0x00000108051c0000
[Thu Jul 20 18:48:47 2023] CPU85: Booted secondary processor 0x0000010501 [0x701f6633]
[Thu Jul 20 18:48:47 2023] Detected PIPT I-cache on CPU86
[Thu Jul 20 18:48:47 2023] GIC-2500: CPU86: found redistributor 10502 region 1:0x000002002b2c0000
[Thu Jul 20 18:48:47 2023] GICv-2500: CPU86: using allocated LPI pending table @0x00000108051d0000
[Thu Jul 20 18:48:47 2023] CPU86: Booted secondary processor 0x0000010502 [0x701f6633]
[Thu Jul 20 18:48:47 2023] Detected PIPT I-cache on CPU87
[Thu Jul 20 18:48:47 2023] GIC-2500: CPU87: found redistributor 10503 region 1:0x000002002b2e0000
[Thu Jul 20 18:48:47 2023] GICv-2500: CPU87: using allocated LPI pending table @0x00000108051e0000
[Thu Jul 20 18:48:47 2023] CPU87: Booted secondary processor 0x0000010503 [0x701f6633]
[Thu Jul 20 18:48:47 2023] Detected PIPT I-cache on CPU88
[Thu Jul 20 18:48:47 2023] GIC-2500: CPU88: found redistributor 10600 region 1:0x000002002b300000
[Thu Jul 20 18:48:47 2023] GICv-2500: CPU88: using allocated LPI pending table @0x00000108051f0000
[Thu Jul 20 18:48:47 2023] CPU88: Booted secondary processor 0x0000010600 [0x701f6633]
[Thu Jul 20 18:48:47 2023] Detected PIPT I-cache on CPU89
[Thu Jul 20 18:48:47 2023] GIC-2500: CPU89: found redistributor 10601 region 1:0x000002002b320000
[Thu Jul 20 18:48:47 2023] GICv-2500: CPU89: using allocated LPI pending table @0x0000010805200000
[Thu Jul 20 18:48:47 2023] CPU89: Booted secondary processor 0x0000010601 [0x701f6633]
[Thu Jul 20 18:48:47 2023] Detected PIPT I-cache on CPU90
[Thu Jul 20 18:48:47 2023] GIC-2500: CPU90: found redistributor 10602 region 1:0x000002002b340000
[Thu Jul 20 18:48:47 2023] GICv-2500: CPU90: using allocated LPI pending table @0x0000010805210000
[Thu Jul 20 18:48:47 2023] CPU90: Booted secondary processor 0x0000010602 [0x701f6633]
[Thu Jul 20 18:48:47 2023] Detected PIPT I-cache on CPU91
[Thu Jul 20 18:48:47 2023] GIC-2500: CPU91: found redistributor 10603 region 1:0x000002002b360000
[Thu Jul 20 18:48:47 2023] GICv-2500: CPU91: using allocated LPI pending table @0x0000010805220000
[Thu Jul 20 18:48:47 2023] CPU91: Booted secondary processor 0x0000010603 [0x701f6633]
[Thu Jul 20 18:48:48 2023] Detected PIPT I-cache on CPU92
[Thu Jul 20 18:48:48 2023] GIC-2500: CPU92: found redistributor 10700 region 1:0x000002002b380000
[Thu Jul 20 18:48:48 2023] GICv-2500: CPU92: using allocated LPI pending table @0x0000010805230000
[Thu Jul 20 18:48:48 2023] CPU92: Booted secondary processor 0x0000010700 [0x701f6633]
[Thu Jul 20 18:48:48 2023] Detected PIPT I-cache on CPU93
[Thu Jul 20 18:48:48 2023] GIC-2500: CPU93: found redistributor 10701 region 1:0x000002002b3a0000
[Thu Jul 20 18:48:48 2023] GICv-2500: CPU93: using allocated LPI pending table @0x0000010805240000
[Thu Jul 20 18:48:48 2023] CPU93: Booted secondary processor 0x0000010701 [0x701f6633]
[Thu Jul 20 18:48:48 2023] Detected PIPT I-cache on CPU94
[Thu Jul 20 18:48:48 2023] GIC-2500: CPU94: found redistributor 10702 region 1:0x000002002b3c0000
[Thu Jul 20 18:48:48 2023] GICv-2500: CPU94: using allocated LPI pending table @0x0000010805250000
[Thu Jul 20 18:48:48 2023] CPU94: Booted secondary processor 0x0000010702 [0x701f6633]
[Thu Jul 20 18:48:48 2023] Detected PIPT I-cache on CPU95
[Thu Jul 20 18:48:48 2023] GIC-2500: CPU95: found redistributor 10703 region 1:0x000002002b3e0000
[Thu Jul 20 18:48:48 2023] GICv-2500: CPU95: using allocated LPI pending table @0x0000010805260000
[Thu Jul 20 18:48:48 2023] CPU95: Booted secondary processor 0x0000010703 [0x701f6633]
[Thu Jul 20 18:48:48 2023] Detected PIPT I-cache on CPU96
[Thu Jul 20 18:48:48 2023] GIC-2500: CPU96: found redistributor 10800 region 1:0x000002002b400000
[Thu Jul 20 18:48:48 2023] GICv-2500: CPU96: using allocated LPI pending table @0x0000010805270000
[Thu Jul 20 18:48:48 2023] CPU96: Booted secondary processor 0x0000010800 [0x701f6633]
[Thu Jul 20 18:48:48 2023] Detected PIPT I-cache on CPU97
[Thu Jul 20 18:48:48 2023] GIC-2500: CPU97: found redistributor 10801 region 1:0x000002002b420000
[Thu Jul 20 18:48:48 2023] GICv-2500: CPU97: using allocated LPI pending table @0x0000010805280000
[Thu Jul 20 18:48:48 2023] CPU97: Booted secondary processor 0x0000010801 [0x701f6633]
[Thu Jul 20 18:48:48 2023] Detected PIPT I-cache on CPU98
[Thu Jul 20 18:48:48 2023] GIC-2500: CPU98: found redistributor 10802 region 1:0x000002002b440000
[Thu Jul 20 18:48:48 2023] GICv-2500: CPU98: using allocated LPI pending table @0x0000010805290000
[Thu Jul 20 18:48:48 2023] CPU98: Booted secondary processor 0x0000010802 [0x701f6633]
[Thu Jul 20 18:48:48 2023] Detected PIPT I-cache on CPU99
[Thu Jul 20 18:48:48 2023] GIC-2500: CPU99: found redistributor 10803 region 1:0x000002002b460000
[Thu Jul 20 18:48:48 2023] GICv-2500: CPU99: using allocated LPI pending table @0x00000108052a0000
[Thu Jul 20 18:48:48 2023] CPU99: Booted secondary processor 0x0000010803 [0x701f6633]
[Thu Jul 20 18:48:48 2023] Detected PIPT I-cache on CPU100
[Thu Jul 20 18:48:48 2023] GIC-2500: CPU100: found redistributor 10900 region 1:0x000002002b480000
[Thu Jul 20 18:48:48 2023] GICv-2500: CPU100: using allocated LPI pending table @0x00000108052b0000
[Thu Jul 20 18:48:48 2023] CPU100: Booted secondary processor 0x0000010900 [0x701f6633]
[Thu Jul 20 18:48:48 2023] Detected PIPT I-cache on CPU101
[Thu Jul 20 18:48:48 2023] GIC-2500: CPU101: found redistributor 10901 region 1:0x000002002b4a0000
[Thu Jul 20 18:48:48 2023] GICv-2500: CPU101: using allocated LPI pending table @0x00000108052c0000
[Thu Jul 20 18:48:48 2023] CPU101: Booted secondary processor 0x0000010901 [0x701f6633]
[Thu Jul 20 18:48:48 2023] Detected PIPT I-cache on CPU102
[Thu Jul 20 18:48:48 2023] GIC-2500: CPU102: found redistributor 10902 region 1:0x000002002b4c0000
[Thu Jul 20 18:48:48 2023] GICv-2500: CPU102: using allocated LPI pending table @0x00000108052d0000
[Thu Jul 20 18:48:48 2023] CPU102: Booted secondary processor 0x0000010902 [0x701f6633]
[Thu Jul 20 18:48:48 2023] Detected PIPT I-cache on CPU103
[Thu Jul 20 18:48:48 2023] GIC-2500: CPU103: found redistributor 10903 region 1:0x000002002b4e0000
[Thu Jul 20 18:48:48 2023] GICv-2500: CPU103: using allocated LPI pending table @0x00000108052e0000
[Thu Jul 20 18:48:48 2023] CPU103: Booted secondary processor 0x0000010903 [0x701f6633]
[Thu Jul 20 18:48:48 2023] Detected PIPT I-cache on CPU104
[Thu Jul 20 18:48:48 2023] GIC-2500: CPU104: found redistributor 10a00 region 1:0x000002002b500000
[Thu Jul 20 18:48:48 2023] GICv-2500: CPU104: using allocated LPI pending table @0x00000108052f0000
[Thu Jul 20 18:48:48 2023] CPU104: Booted secondary processor 0x0000010a00 [0x701f6633]
[Thu Jul 20 18:48:48 2023] Detected PIPT I-cache on CPU105
[Thu Jul 20 18:48:48 2023] GIC-2500: CPU105: found redistributor 10a01 region 1:0x000002002b520000
[Thu Jul 20 18:48:48 2023] GICv-2500: CPU105: using allocated LPI pending table @0x0000010805300000
[Thu Jul 20 18:48:48 2023] CPU105: Booted secondary processor 0x0000010a01 [0x701f6633]
[Thu Jul 20 18:48:48 2023] Detected PIPT I-cache on CPU106
[Thu Jul 20 18:48:48 2023] GIC-2500: CPU106: found redistributor 10a02 region 1:0x000002002b540000
[Thu Jul 20 18:48:48 2023] GICv-2500: CPU106: using allocated LPI pending table @0x0000010805310000
[Thu Jul 20 18:48:48 2023] CPU106: Booted secondary processor 0x0000010a02 [0x701f6633]
[Thu Jul 20 18:48:48 2023] Detected PIPT I-cache on CPU107
[Thu Jul 20 18:48:48 2023] GIC-2500: CPU107: found redistributor 10a03 region 1:0x000002002b560000
[Thu Jul 20 18:48:48 2023] GICv-2500: CPU107: using allocated LPI pending table @0x0000010805320000
[Thu Jul 20 18:48:48 2023] CPU107: Booted secondary processor 0x0000010a03 [0x701f6633]
[Thu Jul 20 18:48:48 2023] Detected PIPT I-cache on CPU108
[Thu Jul 20 18:48:48 2023] GIC-2500: CPU108: found redistributor 10b00 region 1:0x000002002b580000
[Thu Jul 20 18:48:48 2023] GICv-2500: CPU108: using allocated LPI pending table @0x0000010805330000
[Thu Jul 20 18:48:48 2023] CPU108: Booted secondary processor 0x0000010b00 [0x701f6633]
[Thu Jul 20 18:48:48 2023] Detected PIPT I-cache on CPU109
[Thu Jul 20 18:48:48 2023] GIC-2500: CPU109: found redistributor 10b01 region 1:0x000002002b5a0000
[Thu Jul 20 18:48:48 2023] GICv-2500: CPU109: using allocated LPI pending table @0x0000010805340000
[Thu Jul 20 18:48:48 2023] CPU109: Booted secondary processor 0x0000010b01 [0x701f6633]
[Thu Jul 20 18:48:48 2023] Detected PIPT I-cache on CPU110
[Thu Jul 20 18:48:48 2023] GIC-2500: CPU110: found redistributor 10b02 region 1:0x000002002b5c0000
[Thu Jul 20 18:48:48 2023] GICv-2500: CPU110: using allocated LPI pending table @0x0000010805350000
[Thu Jul 20 18:48:48 2023] CPU110: Booted secondary processor 0x0000010b02 [0x701f6633]
[Thu Jul 20 18:48:48 2023] Detected PIPT I-cache on CPU111
[Thu Jul 20 18:48:48 2023] GIC-2500: CPU111: found redistributor 10b03 region 1:0x000002002b5e0000
[Thu Jul 20 18:48:48 2023] GICv-2500: CPU111: using allocated LPI pending table @0x0000010805360000
[Thu Jul 20 18:48:48 2023] CPU111: Booted secondary processor 0x0000010b03 [0x701f6633]
[Thu Jul 20 18:48:48 2023] Detected PIPT I-cache on CPU112
[Thu Jul 20 18:48:48 2023] GIC-2500: CPU112: found redistributor 10c00 region 1:0x000002002b600000
[Thu Jul 20 18:48:48 2023] GICv-2500: CPU112: using allocated LPI pending table @0x0000010805370000
[Thu Jul 20 18:48:48 2023] CPU112: Booted secondary processor 0x0000010c00 [0x701f6633]
[Thu Jul 20 18:48:48 2023] Detected PIPT I-cache on CPU113
[Thu Jul 20 18:48:48 2023] GIC-2500: CPU113: found redistributor 10c01 region 1:0x000002002b620000
[Thu Jul 20 18:48:48 2023] GICv-2500: CPU113: using allocated LPI pending table @0x0000010805380000
[Thu Jul 20 18:48:48 2023] CPU113: Booted secondary processor 0x0000010c01 [0x701f6633]
[Thu Jul 20 18:48:48 2023] Detected PIPT I-cache on CPU114
[Thu Jul 20 18:48:48 2023] GIC-2500: CPU114: found redistributor 10c02 region 1:0x000002002b640000
[Thu Jul 20 18:48:48 2023] GICv-2500: CPU114: using allocated LPI pending table @0x0000010805390000
[Thu Jul 20 18:48:48 2023] CPU114: Booted secondary processor 0x0000010c02 [0x701f6633]
[Thu Jul 20 18:48:48 2023] Detected PIPT I-cache on CPU115
[Thu Jul 20 18:48:48 2023] GIC-2500: CPU115: found redistributor 10c03 region 1:0x000002002b660000
[Thu Jul 20 18:48:48 2023] GICv-2500: CPU115: using allocated LPI pending table @0x00000108053a0000
[Thu Jul 20 18:48:48 2023] CPU115: Booted secondary processor 0x0000010c03 [0x701f6633]
[Thu Jul 20 18:48:48 2023] Detected PIPT I-cache on CPU116
[Thu Jul 20 18:48:48 2023] GIC-2500: CPU116: found redistributor 10d00 region 1:0x000002002b680000
[Thu Jul 20 18:48:48 2023] GICv-2500: CPU116: using allocated LPI pending table @0x00000108053b0000
[Thu Jul 20 18:48:48 2023] CPU116: Booted secondary processor 0x0000010d00 [0x701f6633]
[Thu Jul 20 18:48:48 2023] Detected PIPT I-cache on CPU117
[Thu Jul 20 18:48:48 2023] GIC-2500: CPU117: found redistributor 10d01 region 1:0x000002002b6a0000
[Thu Jul 20 18:48:48 2023] GICv-2500: CPU117: using allocated LPI pending table @0x00000108053c0000
[Thu Jul 20 18:48:48 2023] CPU117: Booted secondary processor 0x0000010d01 [0x701f6633]
[Thu Jul 20 18:48:48 2023] Detected PIPT I-cache on CPU118
[Thu Jul 20 18:48:48 2023] GIC-2500: CPU118: found redistributor 10d02 region 1:0x000002002b6c0000
[Thu Jul 20 18:48:48 2023] GICv-2500: CPU118: using allocated LPI pending table @0x00000108053d0000
[Thu Jul 20 18:48:48 2023] CPU118: Booted secondary processor 0x0000010d02 [0x701f6633]
[Thu Jul 20 18:48:48 2023] Detected PIPT I-cache on CPU119
[Thu Jul 20 18:48:48 2023] GIC-2500: CPU119: found redistributor 10d03 region 1:0x000002002b6e0000
[Thu Jul 20 18:48:48 2023] GICv-2500: CPU119: using allocated LPI pending table @0x00000108053e0000
[Thu Jul 20 18:48:48 2023] CPU119: Booted secondary processor 0x0000010d03 [0x701f6633]
[Thu Jul 20 18:48:48 2023] Detected PIPT I-cache on CPU120
[Thu Jul 20 18:48:48 2023] GIC-2500: CPU120: found redistributor 10e00 region 1:0x000002002b700000
[Thu Jul 20 18:48:48 2023] GICv-2500: CPU120: using allocated LPI pending table @0x00000108053f0000
[Thu Jul 20 18:48:48 2023] CPU120: Booted secondary processor 0x0000010e00 [0x701f6633]
[Thu Jul 20 18:48:49 2023] Detected PIPT I-cache on CPU121
[Thu Jul 20 18:48:49 2023] GIC-2500: CPU121: found redistributor 10e01 region 1:0x000002002b720000
[Thu Jul 20 18:48:49 2023] GICv-2500: CPU121: using allocated LPI pending table @0x0000010805400000
[Thu Jul 20 18:48:49 2023] CPU121: Booted secondary processor 0x0000010e01 [0x701f6633]
[Thu Jul 20 18:48:49 2023] Detected PIPT I-cache on CPU122
[Thu Jul 20 18:48:49 2023] GIC-2500: CPU122: found redistributor 10e02 region 1:0x000002002b740000
[Thu Jul 20 18:48:49 2023] GICv-2500: CPU122: using allocated LPI pending table @0x0000010805410000
[Thu Jul 20 18:48:49 2023] CPU122: Booted secondary processor 0x0000010e02 [0x701f6633]
[Thu Jul 20 18:48:49 2023] Detected PIPT I-cache on CPU123
[Thu Jul 20 18:48:49 2023] GIC-2500: CPU123: found redistributor 10e03 region 1:0x000002002b760000
[Thu Jul 20 18:48:49 2023] GICv-2500: CPU123: using allocated LPI pending table @0x0000010805420000
[Thu Jul 20 18:48:49 2023] CPU123: Booted secondary processor 0x0000010e03 [0x701f6633]
[Thu Jul 20 18:48:49 2023] Detected PIPT I-cache on CPU124
[Thu Jul 20 18:48:49 2023] GIC-2500: CPU124: found redistributor 10f00 region 1:0x000002002b780000
[Thu Jul 20 18:48:49 2023] GICv-2500: CPU124: using allocated LPI pending table @0x0000010805430000
[Thu Jul 20 18:48:49 2023] CPU124: Booted secondary processor 0x0000010f00 [0x701f6633]
[Thu Jul 20 18:48:49 2023] Detected PIPT I-cache on CPU125
[Thu Jul 20 18:48:49 2023] GIC-2500: CPU125: found redistributor 10f01 region 1:0x000002002b7a0000
[Thu Jul 20 18:48:49 2023] GICv-2500: CPU125: using allocated LPI pending table @0x0000010805440000
[Thu Jul 20 18:48:49 2023] CPU125: Booted secondary processor 0x0000010f01 [0x701f6633]
[Thu Jul 20 18:48:49 2023] Detected PIPT I-cache on CPU126
[Thu Jul 20 18:48:49 2023] GIC-2500: CPU126: found redistributor 10f02 region 1:0x000002002b7c0000
[Thu Jul 20 18:48:49 2023] GICv-2500: CPU126: using allocated LPI pending table @0x0000010805450000
[Thu Jul 20 18:48:49 2023] CPU126: Booted secondary processor 0x0000010f02 [0x701f6633]
[Thu Jul 20 18:48:49 2023] Detected PIPT I-cache on CPU127
[Thu Jul 20 18:48:49 2023] GIC-2500: CPU127: found redistributor 10f03 region 1:0x000002002b7e0000
[Thu Jul 20 18:48:49 2023] GICv-2500: CPU127: using allocated LPI pending table @0x0000010805460000
[Thu Jul 20 18:48:49 2023] CPU127: Booted secondary processor 0x0000010f03 [0x701f6633]
[Thu Jul 20 18:48:49 2023] smp: Brought up 16 nodes, 128 CPUs
[Thu Jul 20 18:48:49 2023] SMP: Total of 128 processors activated.
[Thu Jul 20 18:48:49 2023] CPU features: detected: GIC system register CPU interface
[Thu Jul 20 18:48:49 2023] CPU: All CPU(s) started at EL2
[Thu Jul 20 18:48:49 2023] alternatives: patching kernel code
[Thu Jul 20 18:48:49 2023] devtmpfs: initialized
[Thu Jul 20 18:48:49 2023] clocksource: jiffies: mask: 0xffffffff max_cycles: 0xffffffff, max_idle_ns: 19112604462750000 ns
[Thu Jul 20 18:48:49 2023] futex hash table entries: 32768 (order: 5, 2097152 bytes)
[Thu Jul 20 18:48:49 2023] pinctrl core: initialized pinctrl subsystem
[Thu Jul 20 18:48:49 2023] SMBIOS 3.1.1 present.
[Thu Jul 20 18:48:49 2023] DMI:  , BIOS 4.3.17 09/27/22 12:49:05
[Thu Jul 20 18:48:49 2023] NET: Registered protocol family 16
[Thu Jul 20 18:48:49 2023] audit: initializing netlink subsys (disabled)
[Thu Jul 20 18:48:49 2023] audit: type=2000 audit(2.550:1): state=initialized audit_enabled=0 res=1
[Thu Jul 20 18:48:49 2023] cpuidle: using governor menu
[Thu Jul 20 18:48:49 2023] vdso: 2 pages (1 code @ (____ptrval____), 1 data @ (____ptrval____))
[Thu Jul 20 18:48:49 2023] hw-breakpoint: found 6 breakpoint and 4 watchpoint registers.
[Thu Jul 20 18:48:49 2023] DMA: preallocated 256 KiB pool for atomic allocations
[Thu Jul 20 18:48:49 2023] ACPI: bus type PCI registered
[Thu Jul 20 18:48:49 2023] acpiphp: ACPI Hot Plug PCI Controller Driver version: 0.5
[Thu Jul 20 18:48:49 2023] Serial: AMBA PL011 UART driver
[Thu Jul 20 18:48:49 2023] HugeTLB registered 2.00 MiB page size, pre-allocated 0 pages
[Thu Jul 20 18:48:49 2023] HugeTLB registered 512 MiB page size, pre-allocated 0 pages
[Thu Jul 20 18:48:49 2023] cryptd: max_cpu_qlen set to 1000
[Thu Jul 20 18:48:49 2023] ACPI: Added _OSI(Module Device)
[Thu Jul 20 18:48:49 2023] ACPI: Added _OSI(Processor Device)
[Thu Jul 20 18:48:49 2023] ACPI: Added _OSI(3.0 _SCP Extensions)
[Thu Jul 20 18:48:49 2023] ACPI: Added _OSI(Processor Aggregator Device)
[Thu Jul 20 18:48:49 2023] ACPI: Added _OSI(Linux-Dell-Video)
[Thu Jul 20 18:48:49 2023] ACPI: 2 ACPI AML tables successfully acquired and loaded
[Thu Jul 20 18:48:49 2023] ACPI: Interpreter enabled
[Thu Jul 20 18:48:49 2023] ACPI: Using GIC for interrupt routing
[Thu Jul 20 18:48:49 2023] ACPI: MCFG table detected, 2 entries
[Thu Jul 20 18:48:49 2023] ACPI: PCI Interrupt Link [LK0A] (IRQs *152)
[Thu Jul 20 18:48:49 2023] ACPI: PCI Interrupt Link [LK0B] (IRQs *160)
[Thu Jul 20 18:48:49 2023] ACPI: PCI Interrupt Link [LK0C] (IRQs *168)
[Thu Jul 20 18:48:49 2023] ACPI: PCI Interrupt Link [LK0D] (IRQs *176)
[Thu Jul 20 18:48:49 2023] ACPI: PCI Interrupt Link [LK1A] (IRQs *153)
[Thu Jul 20 18:48:49 2023] ACPI: PCI Interrupt Link [LK1B] (IRQs *161)
[Thu Jul 20 18:48:49 2023] ACPI: PCI Interrupt Link [LK1C] (IRQs *169)
[Thu Jul 20 18:48:49 2023] ACPI: PCI Interrupt Link [LK1D] (IRQs *177)
[Thu Jul 20 18:48:49 2023] ACPI: PCI Interrupt Link [LK2A] (IRQs *154)
[Thu Jul 20 18:48:49 2023] ACPI: PCI Interrupt Link [LK2B] (IRQs *162)
[Thu Jul 20 18:48:49 2023] ACPI: PCI Interrupt Link [LK2C] (IRQs *170)
[Thu Jul 20 18:48:49 2023] ACPI: PCI Interrupt Link [LK2D] (IRQs *178)
[Thu Jul 20 18:48:49 2023] ACPI: PCI Interrupt Link [LK3A] (IRQs *155)
[Thu Jul 20 18:48:49 2023] ACPI: PCI Interrupt Link [LK3B] (IRQs *163)
[Thu Jul 20 18:48:49 2023] ACPI: PCI Interrupt Link [LK3C] (IRQs *171)
[Thu Jul 20 18:48:49 2023] ACPI: PCI Interrupt Link [LK3D] (IRQs *179)
[Thu Jul 20 18:48:49 2023] ACPI: PCI Interrupt Link [LK4A] (IRQs *156)
[Thu Jul 20 18:48:49 2023] ACPI: PCI Interrupt Link [LK4B] (IRQs *164)
[Thu Jul 20 18:48:49 2023] ACPI: PCI Interrupt Link [LK4C] (IRQs *172)
[Thu Jul 20 18:48:49 2023] ACPI: PCI Interrupt Link [LK4D] (IRQs *180)
[Thu Jul 20 18:48:49 2023] ACPI: PCI Interrupt Link [LK5A] (IRQs *157)
[Thu Jul 20 18:48:49 2023] ACPI: PCI Interrupt Link [LK5B] (IRQs *165)
[Thu Jul 20 18:48:49 2023] ACPI: PCI Interrupt Link [LK5C] (IRQs *173)
[Thu Jul 20 18:48:49 2023] ACPI: PCI Interrupt Link [LK5D] (IRQs *181)
[Thu Jul 20 18:48:49 2023] ACPI: PCI Interrupt Link [LK6A] (IRQs *158)
[Thu Jul 20 18:48:49 2023] ACPI: PCI Interrupt Link [LK6B] (IRQs *166)
[Thu Jul 20 18:48:49 2023] ACPI: PCI Interrupt Link [LK6C] (IRQs *174)
[Thu Jul 20 18:48:49 2023] ACPI: PCI Interrupt Link [LK6D] (IRQs *182)
[Thu Jul 20 18:48:49 2023] ACPI: PCI Interrupt Link [LK7A] (IRQs *159)
[Thu Jul 20 18:48:49 2023] ACPI: PCI Interrupt Link [LK7B] (IRQs *167)
[Thu Jul 20 18:48:49 2023] ACPI: PCI Interrupt Link [LK7C] (IRQs *175)
[Thu Jul 20 18:48:49 2023] ACPI: PCI Interrupt Link [LK7D] (IRQs *183)
[Thu Jul 20 18:48:49 2023] ACPI: PCI Root Bridge [PCI0] (domain 0000 [bus 00-ff])
[Thu Jul 20 18:48:49 2023] acpi PNP0A08:00: _OSC: OS supports [ExtendedConfig ASPM ClockPM Segments MSI]
[Thu Jul 20 18:48:49 2023] acpi PNP0A08:00: _OSC: platform does not support [PCIeHotplug PME AER LTR]
[Thu Jul 20 18:48:49 2023] acpi PNP0A08:00: _OSC: OS now controls [PCIeCapability]
[Thu Jul 20 18:48:49 2023] acpi PNP0A08:00: ECAM area [mem 0x40000000-0x4fffffff] reserved by PNP0C02:00
[Thu Jul 20 18:48:49 2023] acpi PNP0A08:00: ECAM at [mem 0x40000000-0x4fffffff] for [bus 00-ff]
[Thu Jul 20 18:48:49 2023] Remapped I/O 0x0000000050000000 to [io  0x0000-0x7fffff window]
[Thu Jul 20 18:48:49 2023] PCI host bridge to bus 0000:00
[Thu Jul 20 18:48:49 2023] pci_bus 0000:00: root bus resource [io  0x0000-0x7fffff window]
[Thu Jul 20 18:48:49 2023] pci_bus 0000:00: root bus resource [mem 0x60000000-0x7fffffff window]
[Thu Jul 20 18:48:49 2023] pci_bus 0000:00: root bus resource [mem 0x8000000000-0xffffffffff window]
[Thu Jul 20 18:48:49 2023] pci_bus 0000:00: root bus resource [bus 00-ff]
[Thu Jul 20 18:48:49 2023] pci 0000:00:00.0: [17cd:fc16] type 01 class 0x060400
[Thu Jul 20 18:48:49 2023] pci 0000:00:00.0: reg 0x10: [mem 0x800bc00000-0x800bffffff 64bit]
[Thu Jul 20 18:48:49 2023] pci 0000:00:00.0: supports D1
[Thu Jul 20 18:48:49 2023] pci 0000:00:00.0: PME# supported from D0 D1 D3hot
[Thu Jul 20 18:48:49 2023] pci 0000:00:01.0: [17cd:fc01] type 01 class 0x060400
[Thu Jul 20 18:48:49 2023] pci 0000:00:01.0: reg 0x10: [mem 0x800b800000-0x800bbfffff 64bit]
[Thu Jul 20 18:48:49 2023] pci 0000:00:01.0: supports D1
[Thu Jul 20 18:48:49 2023] pci 0000:00:01.0: PME# supported from D0 D1 D3hot
[Thu Jul 20 18:48:49 2023] pci 0000:01:00.0: [11f8:8565] type 01 class 0x060400
[Thu Jul 20 18:48:49 2023] pci 0000:01:00.0: enabling Extended Tags
[Thu Jul 20 18:48:49 2023] pci 0000:01:00.0: PME# supported from D0 D3hot D3cold
[Thu Jul 20 18:48:49 2023] pci 0000:01:00.1: [11f8:8565] type 00 class 0x058000
[Thu Jul 20 18:48:49 2023] pci 0000:01:00.1: reg 0x10: [mem 0x800b400000-0x800b7fffff 64bit pref]
[Thu Jul 20 18:48:49 2023] pci 0000:01:00.1: enabling Extended Tags
[Thu Jul 20 18:48:49 2023] pci 0000:01:00.1: PME# supported from D0 D3hot D3cold
[Thu Jul 20 18:48:49 2023] pci 0000:02:00.0: [11f8:8565] type 01 class 0x060400
[Thu Jul 20 18:48:49 2023] pci 0000:02:00.0: enabling Extended Tags
[Thu Jul 20 18:48:49 2023] pci 0000:02:00.0: PME# supported from D0 D3hot D3cold
[Thu Jul 20 18:48:49 2023] pci 0000:02:01.0: [11f8:8565] type 01 class 0x060400
[Thu Jul 20 18:48:49 2023] pci 0000:02:01.0: enabling Extended Tags
[Thu Jul 20 18:48:49 2023] pci 0000:02:01.0: PME# supported from D0 D3hot D3cold
[Thu Jul 20 18:48:49 2023] pci 0000:02:02.0: [11f8:8565] type 01 class 0x060400
[Thu Jul 20 18:48:49 2023] pci 0000:02:02.0: enabling Extended Tags
[Thu Jul 20 18:48:49 2023] pci 0000:02:02.0: PME# supported from D0 D3hot D3cold
[Thu Jul 20 18:48:49 2023] pci 0000:02:03.0: [11f8:8565] type 01 class 0x060400
[Thu Jul 20 18:48:49 2023] pci 0000:02:03.0: enabling Extended Tags
[Thu Jul 20 18:48:49 2023] pci 0000:02:03.0: PME# supported from D0 D3hot D3cold
[Thu Jul 20 18:48:49 2023] pci 0000:02:04.0: [11f8:8565] type 01 class 0x060400
[Thu Jul 20 18:48:49 2023] pci 0000:02:04.0: enabling Extended Tags
[Thu Jul 20 18:48:49 2023] pci 0000:02:04.0: PME# supported from D0 D3hot D3cold
[Thu Jul 20 18:48:49 2023] pci 0000:02:05.0: [11f8:8565] type 01 class 0x060400
[Thu Jul 20 18:48:49 2023] pci 0000:02:05.0: enabling Extended Tags
[Thu Jul 20 18:48:49 2023] pci 0000:02:05.0: PME# supported from D0 D3hot D3cold
[Thu Jul 20 18:48:49 2023] pci 0000:02:06.0: [11f8:8565] type 01 class 0x060400
[Thu Jul 20 18:48:49 2023] pci 0000:02:06.0: enabling Extended Tags
[Thu Jul 20 18:48:49 2023] pci 0000:02:06.0: PME# supported from D0 D3hot D3cold
[Thu Jul 20 18:48:49 2023] pci 0000:02:07.0: [11f8:8565] type 01 class 0x060400
[Thu Jul 20 18:48:49 2023] pci 0000:02:07.0: enabling Extended Tags
[Thu Jul 20 18:48:49 2023] pci 0000:02:07.0: PME# supported from D0 D3hot D3cold
[Thu Jul 20 18:48:49 2023] pci 0000:02:08.0: [11f8:8565] type 01 class 0x060400
[Thu Jul 20 18:48:49 2023] pci 0000:02:08.0: enabling Extended Tags
[Thu Jul 20 18:48:49 2023] pci 0000:02:08.0: PME# supported from D0 D3hot D3cold
[Thu Jul 20 18:48:49 2023] pci 0000:05:00.0: [1077:2281] type 00 class 0x0c0400
[Thu Jul 20 18:48:49 2023] pci 0000:05:00.0: reg 0x10: [mem 0x800b205000-0x800b205fff 64bit pref]
[Thu Jul 20 18:48:49 2023] pci 0000:05:00.0: reg 0x18: [mem 0x800b202000-0x800b203fff 64bit pref]
[Thu Jul 20 18:48:49 2023] pci 0000:05:00.0: reg 0x20: [mem 0x800b100000-0x800b1fffff 64bit pref]
[Thu Jul 20 18:48:49 2023] pci 0000:05:00.0: reg 0x30: [mem 0x61400000-0x6143ffff pref]
[Thu Jul 20 18:48:49 2023] pci 0000:05:00.0: 63.008 Gb/s available PCIe bandwidth, limited by 8 GT/s x8 link at 0000:02:02.0 (capable of 126.024 Gb/s with 16 GT/s x8 link)
[Thu Jul 20 18:48:49 2023] pci 0000:05:00.1: [1077:2281] type 00 class 0x0c0400
[Thu Jul 20 18:48:49 2023] pci 0000:05:00.1: reg 0x10: [mem 0x800b204000-0x800b204fff 64bit pref]
[Thu Jul 20 18:48:49 2023] pci 0000:05:00.1: reg 0x18: [mem 0x800b200000-0x800b201fff 64bit pref]
[Thu Jul 20 18:48:49 2023] pci 0000:05:00.1: reg 0x20: [mem 0x800b000000-0x800b0fffff 64bit pref]
[Thu Jul 20 18:48:49 2023] pci 0000:05:00.1: reg 0x30: [mem 0x61400000-0x6143ffff pref]
[Thu Jul 20 18:48:49 2023] pci 0000:06:00.0: [8088:0109] type 00 class 0x020000
[Thu Jul 20 18:48:49 2023] pci 0000:06:00.0: reg 0x10: [mem 0x61200000-0x6121ffff 64bit]
[Thu Jul 20 18:48:49 2023] pci 0000:06:00.0: reg 0x20: [mem 0x61240000-0x61243fff 64bit]
[Thu Jul 20 18:48:49 2023] pci 0000:06:00.0: reg 0x30: [mem 0x61400000-0x6147ffff pref]
[Thu Jul 20 18:48:49 2023] pci 0000:06:00.0: PME# supported from D0 D3hot D3cold
[Thu Jul 20 18:48:49 2023] pci 0000:06:00.0: reg 0x17c: [mem 0x61244000-0x61253fff 64bit]
[Thu Jul 20 18:48:49 2023] pci 0000:06:00.0: VF(n) BAR0 space: [mem 0x61244000-0x612c3fff 64bit] (contains BAR0 for 8 VFs)
[Thu Jul 20 18:48:49 2023] pci 0000:06:00.0: reg 0x18c: [mem 0x61264000-0x61273fff 64bit]
[Thu Jul 20 18:48:49 2023] pci 0000:06:00.0: VF(n) BAR4 space: [mem 0x61264000-0x612e3fff 64bit] (contains BAR4 for 8 VFs)
[Thu Jul 20 18:48:49 2023] pci 0000:06:00.1: [8088:0109] type 00 class 0x020000
[Thu Jul 20 18:48:49 2023] pci 0000:06:00.1: reg 0x10: [mem 0x61220000-0x6123ffff 64bit]
[Thu Jul 20 18:48:49 2023] pci 0000:06:00.1: reg 0x20: [mem 0x61284000-0x61287fff 64bit]
[Thu Jul 20 18:48:49 2023] pci 0000:06:00.1: reg 0x30: [mem 0x61400000-0x6147ffff pref]
[Thu Jul 20 18:48:49 2023] pci 0000:06:00.1: PME# supported from D0 D3hot D3cold
[Thu Jul 20 18:48:49 2023] pci 0000:06:00.1: reg 0x17c: [mem 0x61288000-0x61297fff 64bit]
[Thu Jul 20 18:48:49 2023] pci 0000:06:00.1: VF(n) BAR0 space: [mem 0x61288000-0x61307fff 64bit] (contains BAR0 for 8 VFs)
[Thu Jul 20 18:48:49 2023] pci 0000:06:00.1: reg 0x18c: [mem 0x612a8000-0x612b7fff 64bit]
[Thu Jul 20 18:48:49 2023] pci 0000:06:00.1: VF(n) BAR4 space: [mem 0x612a8000-0x61327fff 64bit] (contains BAR4 for 8 VFs)
[Thu Jul 20 18:48:49 2023] pci 0000:09:00.0: [1a03:1150] type 01 class 0x060400
[Thu Jul 20 18:48:49 2023] pci 0000:09:00.0: enabling Extended Tags
[Thu Jul 20 18:48:49 2023] pci 0000:09:00.0: supports D1 D2
[Thu Jul 20 18:48:49 2023] pci 0000:09:00.0: PME# supported from D0 D1 D2 D3hot D3cold
[Thu Jul 20 18:48:49 2023] pci_bus 0000:0a: extended config space not accessible
[Thu Jul 20 18:48:49 2023] pci 0000:0a:00.0: [1a03:2000] type 00 class 0x030000
[Thu Jul 20 18:48:49 2023] pci 0000:0a:00.0: reg 0x10: [mem 0x60000000-0x60ffffff]
[Thu Jul 20 18:48:49 2023] pci 0000:0a:00.0: reg 0x14: [mem 0x61000000-0x6101ffff]
[Thu Jul 20 18:48:49 2023] pci 0000:0a:00.0: reg 0x18: [io  0x50000000-0x5000007f]
[Thu Jul 20 18:48:49 2023] pci 0000:0a:00.0: BAR 0: assigned to efifb
[Thu Jul 20 18:48:49 2023] pci 0000:0a:00.0: supports D1 D2
[Thu Jul 20 18:48:49 2023] pci 0000:0a:00.0: PME# supported from D0 D1 D2 D3hot D3cold
[Thu Jul 20 18:48:49 2023] pci 0000:0b:00.0: [1b6f:7052] type 00 class 0x0c0330
[Thu Jul 20 18:48:49 2023] pci 0000:0b:00.0: reg 0x10: [mem 0x61100000-0x61107fff 64bit]
[Thu Jul 20 18:48:49 2023] pci 0000:0b:00.0: enabling Extended Tags
[Thu Jul 20 18:48:49 2023] pci 0000:0b:00.0: supports D1 D2
[Thu Jul 20 18:48:49 2023] pci 0000:0b:00.0: PME# supported from D0 D1 D2 D3hot
[Thu Jul 20 18:48:49 2023] pci 0000:0c:00.0: [15b3:1017] type 00 class 0x020000
[Thu Jul 20 18:48:49 2023] pci 0000:0c:00.0: reg 0x10: [mem 0x8008000000-0x8009ffffff 64bit pref]
[Thu Jul 20 18:48:49 2023] pci 0000:0c:00.0: reg 0x30: [mem 0xfff00000-0xffffffff pref]
[Thu Jul 20 18:48:49 2023] pci 0000:0c:00.0: PME# supported from D3cold
[Thu Jul 20 18:48:49 2023] pci 0000:0c:00.0: reg 0x1a4: [mem 0x800a800000-0x800a8fffff 64bit pref]
[Thu Jul 20 18:48:49 2023] pci 0000:0c:00.0: VF(n) BAR0 space: [mem 0x800a800000-0x800affffff 64bit pref] (contains BAR0 for 8 VFs)
[Thu Jul 20 18:48:49 2023] pci 0000:0c:00.1: [15b3:1017] type 00 class 0x020000
[Thu Jul 20 18:48:49 2023] pci 0000:0c:00.1: reg 0x10: [mem 0x8006000000-0x8007ffffff 64bit pref]
[Thu Jul 20 18:48:49 2023] pci 0000:0c:00.1: reg 0x30: [mem 0xfff00000-0xffffffff pref]
[Thu Jul 20 18:48:49 2023] pci 0000:0c:00.1: PME# supported from D3cold
[Thu Jul 20 18:48:49 2023] pci 0000:0c:00.1: reg 0x1a4: [mem 0x800a000000-0x800a0fffff 64bit pref]
[Thu Jul 20 18:48:49 2023] pci 0000:0c:00.1: VF(n) BAR0 space: [mem 0x800a000000-0x800a7fffff 64bit pref] (contains BAR0 for 8 VFs)
[Thu Jul 20 18:48:49 2023] pci 0000:0e:00.0: [15b3:1017] type 00 class 0x020000
[Thu Jul 20 18:48:49 2023] pci 0000:0e:00.0: reg 0x10: [mem 0x8002000000-0x8003ffffff 64bit pref]
[Thu Jul 20 18:48:49 2023] pci 0000:0e:00.0: reg 0x30: [mem 0xfff00000-0xffffffff pref]
[Thu Jul 20 18:48:49 2023] pci 0000:0e:00.0: PME# supported from D3cold
[Thu Jul 20 18:48:49 2023] pci 0000:0e:00.0: reg 0x1a4: [mem 0x8004800000-0x80048fffff 64bit pref]
[Thu Jul 20 18:48:49 2023] pci 0000:0e:00.0: VF(n) BAR0 space: [mem 0x8004800000-0x8004ffffff 64bit pref] (contains BAR0 for 8 VFs)
[Thu Jul 20 18:48:49 2023] pci 0000:0e:00.1: [15b3:1017] type 00 class 0x020000
[Thu Jul 20 18:48:49 2023] pci 0000:0e:00.1: reg 0x10: [mem 0x8000000000-0x8001ffffff 64bit pref]
[Thu Jul 20 18:48:49 2023] pci 0000:0e:00.1: reg 0x30: [mem 0xfff00000-0xffffffff pref]
[Thu Jul 20 18:48:49 2023] pci 0000:0e:00.1: PME# supported from D3cold
[Thu Jul 20 18:48:49 2023] pci 0000:0e:00.1: reg 0x1a4: [mem 0x8004000000-0x80040fffff 64bit pref]
[Thu Jul 20 18:48:49 2023] pci 0000:0e:00.1: VF(n) BAR0 space: [mem 0x8004000000-0x80047fffff 64bit pref] (contains BAR0 for 8 VFs)
[Thu Jul 20 18:48:49 2023] pci 0000:10:00.0: [1b21:0622] type 00 class 0x010601
[Thu Jul 20 18:48:49 2023] pci 0000:10:00.0: reg 0x24: [mem 0x61300000-0x61301fff]
[Thu Jul 20 18:48:49 2023] pci 0000:10:00.0: reg 0x30: [mem 0x61400000-0x6147ffff pref]
[Thu Jul 20 18:48:49 2023] pci_bus 0000:00: on NUMA node 0
[Thu Jul 20 18:48:49 2023] pci 0000:00:00.0: BAR 15: assigned [mem 0x8000000000-0x800effffff 64bit pref]
[Thu Jul 20 18:48:49 2023] pci 0000:00:00.0: BAR 0: assigned [mem 0x800f000000-0x800f3fffff 64bit]
[Thu Jul 20 18:48:49 2023] pci 0000:00:00.0: BAR 14: assigned [mem 0x60000000-0x623fffff]
[Thu Jul 20 18:48:49 2023] pci 0000:00:01.0: BAR 0: assigned [mem 0x800f400000-0x800f7fffff 64bit]
[Thu Jul 20 18:48:49 2023] pci 0000:00:01.0: BAR 14: assigned [mem 0x62400000-0x624fffff]
[Thu Jul 20 18:48:49 2023] pci 0000:00:00.0: BAR 13: assigned [io  0x1000-0x1fff]
[Thu Jul 20 18:48:49 2023] pci 0000:01:00.0: BAR 15: assigned [mem 0x8000000000-0x800dffffff 64bit pref]
[Thu Jul 20 18:48:49 2023] pci 0000:01:00.0: BAR 14: assigned [mem 0x60000000-0x623fffff]
[Thu Jul 20 18:48:49 2023] pci 0000:01:00.1: BAR 0: assigned [mem 0x800e000000-0x800e3fffff 64bit pref]
[Thu Jul 20 18:48:49 2023] pci 0000:01:00.0: BAR 13: assigned [io  0x1000-0x1fff]
[Thu Jul 20 18:48:49 2023] pci 0000:02:07.0: BAR 15: assigned [mem 0x8000000000-0x8005ffffff 64bit pref]
[Thu Jul 20 18:48:49 2023] pci 0000:02:08.0: BAR 15: assigned [mem 0x8006000000-0x800bffffff 64bit pref]
[Thu Jul 20 18:48:49 2023] pci 0000:02:05.0: BAR 14: assigned [mem 0x60000000-0x617fffff]
[Thu Jul 20 18:48:49 2023] pci 0000:02:02.0: BAR 14: assigned [mem 0x61800000-0x618fffff]
[Thu Jul 20 18:48:49 2023] pci 0000:02:02.0: BAR 15: assigned [mem 0x800c000000-0x800c2fffff 64bit pref]
[Thu Jul 20 18:48:49 2023] pci 0000:02:03.0: BAR 14: assigned [mem 0x61900000-0x61cfffff]
[Thu Jul 20 18:48:49 2023] pci 0000:02:06.0: BAR 14: assigned [mem 0x61d00000-0x61dfffff]
[Thu Jul 20 18:48:49 2023] pci 0000:02:07.0: BAR 14: assigned [mem 0x61e00000-0x61ffffff]
[Thu Jul 20 18:48:49 2023] pci 0000:02:08.0: BAR 14: assigned [mem 0x62000000-0x621fffff]
[Thu Jul 20 18:48:49 2023] pci 0000:02:05.0: BAR 13: assigned [io  0x1000-0x1fff]
[Thu Jul 20 18:48:49 2023] pci 0000:02:00.0: PCI bridge to [bus 03]
[Thu Jul 20 18:48:49 2023] pci 0000:02:01.0: PCI bridge to [bus 04]
[Thu Jul 20 18:48:49 2023] pci 0000:05:00.0: BAR 4: assigned [mem 0x800c000000-0x800c0fffff 64bit pref]
[Thu Jul 20 18:48:49 2023] pci 0000:05:00.1: BAR 4: assigned [mem 0x800c100000-0x800c1fffff 64bit pref]
[Thu Jul 20 18:48:49 2023] pci 0000:05:00.0: BAR 6: assigned [mem 0x61800000-0x6183ffff pref]
[Thu Jul 20 18:48:49 2023] pci 0000:05:00.1: BAR 6: assigned [mem 0x61840000-0x6187ffff pref]
[Thu Jul 20 18:48:49 2023] pci 0000:05:00.0: BAR 2: assigned [mem 0x800c200000-0x800c201fff 64bit pref]
[Thu Jul 20 18:48:49 2023] pci 0000:05:00.1: BAR 2: assigned [mem 0x800c202000-0x800c203fff 64bit pref]
[Thu Jul 20 18:48:49 2023] pci 0000:05:00.0: BAR 0: assigned [mem 0x800c204000-0x800c204fff 64bit pref]
[Thu Jul 20 18:48:49 2023] pci 0000:05:00.1: BAR 0: assigned [mem 0x800c205000-0x800c205fff 64bit pref]
[Thu Jul 20 18:48:49 2023] pci 0000:02:02.0: PCI bridge to [bus 05]
[Thu Jul 20 18:48:49 2023] pci 0000:02:02.0:   bridge window [mem 0x61800000-0x618fffff]
[Thu Jul 20 18:48:49 2023] pci 0000:02:02.0:   bridge window [mem 0x800c000000-0x800c2fffff 64bit pref]
[Thu Jul 20 18:48:49 2023] pci 0000:06:00.0: BAR 6: assigned [mem 0x61900000-0x6197ffff pref]
[Thu Jul 20 18:48:49 2023] pci 0000:06:00.1: BAR 6: assigned [mem 0x61980000-0x619fffff pref]
[Thu Jul 20 18:48:49 2023] pci 0000:06:00.0: BAR 0: assigned [mem 0x61a00000-0x61a1ffff 64bit]
[Thu Jul 20 18:48:49 2023] pci 0000:06:00.1: BAR 0: assigned [mem 0x61a20000-0x61a3ffff 64bit]
[Thu Jul 20 18:48:49 2023] pci 0000:06:00.0: BAR 7: assigned [mem 0x61a40000-0x61abffff 64bit]
[Thu Jul 20 18:48:49 2023] pci 0000:06:00.0: BAR 11: assigned [mem 0x61ac0000-0x61b3ffff 64bit]
[Thu Jul 20 18:48:49 2023] pci 0000:06:00.1: BAR 7: assigned [mem 0x61b40000-0x61bbffff 64bit]
[Thu Jul 20 18:48:49 2023] pci 0000:06:00.1: BAR 11: assigned [mem 0x61bc0000-0x61c3ffff 64bit]
[Thu Jul 20 18:48:49 2023] pci 0000:06:00.0: BAR 4: assigned [mem 0x61c40000-0x61c43fff 64bit]
[Thu Jul 20 18:48:49 2023] pci 0000:06:00.1: BAR 4: assigned [mem 0x61c44000-0x61c47fff 64bit]
[Thu Jul 20 18:48:49 2023] pci 0000:02:03.0: PCI bridge to [bus 06-07]
[Thu Jul 20 18:48:49 2023] pci 0000:02:03.0:   bridge window [mem 0x61900000-0x61cfffff]
[Thu Jul 20 18:48:49 2023] pci 0000:02:04.0: PCI bridge to [bus 08]
[Thu Jul 20 18:48:49 2023] pci 0000:09:00.0: BAR 14: assigned [mem 0x60000000-0x617fffff]
[Thu Jul 20 18:48:49 2023] pci 0000:09:00.0: BAR 13: assigned [io  0x1000-0x1fff]
[Thu Jul 20 18:48:49 2023] pci 0000:0a:00.0: BAR 0: assigned [mem 0x60000000-0x60ffffff]
[Thu Jul 20 18:48:49 2023] pci 0000:0a:00.0: BAR 1: assigned [mem 0x61000000-0x6101ffff]
[Thu Jul 20 18:48:49 2023] pci 0000:0a:00.0: BAR 2: assigned [io  0x1000-0x107f]
[Thu Jul 20 18:48:49 2023] pci 0000:09:00.0: PCI bridge to [bus 0a]
[Thu Jul 20 18:48:49 2023] pci 0000:09:00.0:   bridge window [io  0x1000-0x1fff]
[Thu Jul 20 18:48:49 2023] pci 0000:09:00.0:   bridge window [mem 0x60000000-0x617fffff]
[Thu Jul 20 18:48:49 2023] pci 0000:02:05.0: PCI bridge to [bus 09-0a]
[Thu Jul 20 18:48:49 2023] pci 0000:02:05.0:   bridge window [io  0x1000-0x1fff]
[Thu Jul 20 18:48:49 2023] pci 0000:02:05.0:   bridge window [mem 0x60000000-0x617fffff]
[Thu Jul 20 18:48:49 2023] pci 0000:0b:00.0: BAR 0: assigned [mem 0x61d00000-0x61d07fff 64bit]
[Thu Jul 20 18:48:49 2023] pci 0000:02:06.0: PCI bridge to [bus 0b]
[Thu Jul 20 18:48:49 2023] pci 0000:02:06.0:   bridge window [mem 0x61d00000-0x61dfffff]
[Thu Jul 20 18:48:49 2023] pci 0000:0c:00.0: BAR 0: assigned [mem 0x8000000000-0x8001ffffff 64bit pref]
[Thu Jul 20 18:48:49 2023] pci 0000:0c:00.1: BAR 0: assigned [mem 0x8002000000-0x8003ffffff 64bit pref]
[Thu Jul 20 18:48:49 2023] pci 0000:0c:00.0: BAR 6: assigned [mem 0x61e00000-0x61efffff pref]
[Thu Jul 20 18:48:49 2023] pci 0000:0c:00.0: BAR 7: assigned [mem 0x8004000000-0x80047fffff 64bit pref]
[Thu Jul 20 18:48:49 2023] pci 0000:0c:00.1: BAR 6: assigned [mem 0x61f00000-0x61ffffff pref]
[Thu Jul 20 18:48:49 2023] pci 0000:0c:00.1: BAR 7: assigned [mem 0x8004800000-0x8004ffffff 64bit pref]
[Thu Jul 20 18:48:49 2023] pci 0000:02:07.0: PCI bridge to [bus 0c-0d]
[Thu Jul 20 18:48:49 2023] pci 0000:02:07.0:   bridge window [mem 0x61e00000-0x61ffffff]
[Thu Jul 20 18:48:49 2023] pci 0000:02:07.0:   bridge window [mem 0x8000000000-0x8005ffffff 64bit pref]
[Thu Jul 20 18:48:49 2023] pci 0000:0e:00.0: BAR 0: assigned [mem 0x8006000000-0x8007ffffff 64bit pref]
[Thu Jul 20 18:48:49 2023] pci 0000:0e:00.1: BAR 0: assigned [mem 0x8008000000-0x8009ffffff 64bit pref]
