-- Logs begin at Wed 2024-03-27 03:06:51 CST, end at Wed 2024-03-27 03:07:06 CST. --
Mar 27 03:06:51 node-1.domain.tld kernel: Booting Linux on physical CPU 0x0000000000 [0x700f8620]
Mar 27 03:06:51 node-1.domain.tld kernel: Linux version 4.18.0-372.19.1.es8_10.aarch64 (mockbuild@aarch64-kojid) (gcc version 8.4.1 20200928 (Red Hat 8.4.1-1) (GCC)) #1 SMP Wed Mar 20 17:28:48 CST 2024
Mar 27 03:06:51 node-1.domain.tld kernel: efi: Getting EFI parameters from FDT:
Mar 27 03:06:51 node-1.domain.tld kernel: efi: EFI v2.80 by Byosoft
Mar 27 03:06:51 node-1.domain.tld kernel: efi:  SMBIOS=0xf5f8a000  ACPI 2.0=0xf5a60018  MEMATTR=0xf7311018  MEMRESERVE=0xf4a34d18 
Mar 27 03:06:51 node-1.domain.tld kernel: crashkernel reserved: 0x00000000c2200000 - 0x00000000f0200000 (736 MB)
Mar 27 03:06:51 node-1.domain.tld kernel: ACPI: Early table checksum verification disabled
Mar 27 03:06:51 node-1.domain.tld kernel: ACPI: RSDP 0x00000000F5A60018 000024 (v02 PHYLTD)
Mar 27 03:06:51 node-1.domain.tld kernel: ACPI: XSDT 0x00000000F5A6FE98 00008C (v01 PHYLTD PHYTFADT 00010000 BYO  01000013)
Mar 27 03:06:51 node-1.domain.tld kernel: ACPI: FACP 0x00000000F5A6FB98 000114 (v06 PHYLTD PHYTFADT 00010000 ARMH 00010000)
Mar 27 03:06:51 node-1.domain.tld kernel: ACPI: DSDT 0x00000000F57E0018 00A786 (v02 PHYLTD PHYTDSDT 00010000 INTL 20230331)
Mar 27 03:06:51 node-1.domain.tld kernel: ACPI: SPMI 0x00000000F5A6FF98 000041 (v05 PHYLTD PHYTIUM. 00000001 PHYT 00000001)
Mar 27 03:06:51 node-1.domain.tld kernel: ACPI: PCCT 0x00000000F5A6E998 000410 (v02 PHYLTD PHYTPCCT 00010000 PHYT 00010000)
Mar 27 03:06:51 node-1.domain.tld kernel: ACPI: PPTT 0x00000000F5A67518 003BEC (v03 PHYLTD PHYTPPTT 00010000 PHYT 00010000)
Mar 27 03:06:51 node-1.domain.tld kernel: ACPI: SLIT 0x00000000F5A6FA98 00006C (v01 PHYLTD PHYTSLIT 00010000 PHYT 00010000)
Mar 27 03:06:51 node-1.domain.tld kernel: ACPI: GTDT 0x00000000F5A6FD18 000084 (v03 PHYLTD PHYTGTDT 00010000 ARMH 00010000)
Mar 27 03:06:51 node-1.domain.tld kernel: ACPI: APIC 0x00000000F5A64898 002AC4 (v05 PHYLTD PHYTAPIC 00010000 ARMH 00010000)
Mar 27 03:06:51 node-1.domain.tld kernel: ACPI: SPCR 0x00000000F5A6FE18 000050 (v02 PHYLTD PHYTSPCR 00010000 ARMH 00010000)
Mar 27 03:06:51 node-1.domain.tld kernel: ACPI: DBG2 0x00000000F5A6F018 00005D (v00 PHYLTD PHYTDBG2 00010000 ARMH 00010000)
Mar 27 03:06:51 node-1.domain.tld kernel: ACPI: MCFG 0x00000000F5A6F798 0000AC (v01 PHYLTD PHYTMCFG 00010000 ARMH 00010000)
Mar 27 03:06:51 node-1.domain.tld kernel: ACPI: SRAT 0x00000000F5A6BD18 000D58 (v03 PHYLTD PHYTSRAT 00010000 ARMH 00010000)
Mar 27 03:06:51 node-1.domain.tld kernel: ACPI: SSDT 0x00000000F5A60098 002FEE (v02 PHYLTD PHYTSSDT 00010000 INTL 20230331)
Mar 27 03:06:51 node-1.domain.tld kernel: ACPI: IORT 0x00000000F5A6F118 000538 (v00 PHYLTD PHYTIORT 00010000 PHYT 00010000)
Mar 27 03:06:51 node-1.domain.tld kernel: ACPI: SPCR: console: pl011,mmio32,0x20001000,115200
Mar 27 03:06:51 node-1.domain.tld kernel: ACPI: SRAT: Node 0 PXM 0 [mem 0x80000000-0xfbffffff]
Mar 27 03:06:51 node-1.domain.tld kernel: ACPI: SRAT: Node 0 PXM 0 [mem 0x10000000000-0x10f7fffffff]
Mar 27 03:06:51 node-1.domain.tld kernel: ACPI: SRAT: Node 1 PXM 1 [mem 0x100080000000-0x1000ffffffff]
Mar 27 03:06:51 node-1.domain.tld kernel: ACPI: SRAT: Node 1 PXM 1 [mem 0x110000000000-0x110f7fffffff]
Mar 27 03:06:51 node-1.domain.tld kernel: ACPI: SRAT: Node 2 PXM 2 [mem 0x200080000000-0x2000ffffffff]
Mar 27 03:06:51 node-1.domain.tld kernel: ACPI: SRAT: Node 2 PXM 2 [mem 0x210000000000-0x210f7fffffff]
Mar 27 03:06:51 node-1.domain.tld kernel: ACPI: SRAT: Node 3 PXM 3 [mem 0x300080000000-0x3000ffffffff]
Mar 27 03:06:51 node-1.domain.tld kernel: ACPI: SRAT: Node 3 PXM 3 [mem 0x310000000000-0x310f7fffffff]
Mar 27 03:06:51 node-1.domain.tld kernel: ACPI: SRAT: Node 4 PXM 4 [mem 0x400080000000-0x4000ffffffff]
Mar 27 03:06:51 node-1.domain.tld kernel: ACPI: SRAT: Node 4 PXM 4 [mem 0x410000000000-0x410f7fffffff]
Mar 27 03:06:51 node-1.domain.tld kernel: ACPI: SRAT: Node 5 PXM 5 [mem 0x500080000000-0x5000ffffffff]
Mar 27 03:06:51 node-1.domain.tld kernel: ACPI: SRAT: Node 5 PXM 5 [mem 0x510000000000-0x510f7fffffff]
Mar 27 03:06:51 node-1.domain.tld kernel: ACPI: SRAT: Node 6 PXM 6 [mem 0x600080000000-0x6000ffffffff]
Mar 27 03:06:51 node-1.domain.tld kernel: ACPI: SRAT: Node 6 PXM 6 [mem 0x610000000000-0x610f7fffffff]
Mar 27 03:06:51 node-1.domain.tld kernel: ACPI: SRAT: Node 7 PXM 7 [mem 0x700080000000-0x7000ffffffff]
Mar 27 03:06:51 node-1.domain.tld kernel: ACPI: SRAT: Node 7 PXM 7 [mem 0x710000000000-0x710f7fffffff]
Mar 27 03:06:51 node-1.domain.tld kernel: ACPI: SRAT: Node 0 PXM 0 [mem 0xfc400000-0xfc4fffff]
Mar 27 03:06:51 node-1.domain.tld kernel: NUMA: NODE_DATA [mem 0x10f7fffe580-0x10f7fffffff]
Mar 27 03:06:51 node-1.domain.tld kernel: NUMA: NODE_DATA [mem 0x110f7fffe580-0x110f7fffffff]
Mar 27 03:06:51 node-1.domain.tld kernel: NUMA: NODE_DATA [mem 0x210f7fffe580-0x210f7fffffff]
Mar 27 03:06:51 node-1.domain.tld kernel: NUMA: NODE_DATA [mem 0x310f7fffe580-0x310f7fffffff]
Mar 27 03:06:51 node-1.domain.tld kernel: NUMA: NODE_DATA [mem 0x410f7fffe580-0x410f7fffffff]
Mar 27 03:06:51 node-1.domain.tld kernel: NUMA: NODE_DATA [mem 0x510f7fffe580-0x510f7fffffff]
Mar 27 03:06:51 node-1.domain.tld kernel: NUMA: NODE_DATA [mem 0x610f7fffe580-0x610f7fffffff]
Mar 27 03:06:51 node-1.domain.tld kernel: NUMA: NODE_DATA [mem 0x710f7fc0e580-0x710f7fc0ffff]
Mar 27 03:06:51 node-1.domain.tld kernel: Zone ranges:
Mar 27 03:06:51 node-1.domain.tld kernel:   DMA32    [mem 0x0000000080000000-0x00000000ffffffff]
Mar 27 03:06:51 node-1.domain.tld kernel:   Normal   [mem 0x0000000100000000-0x0000710f7fffffff]
Mar 27 03:06:51 node-1.domain.tld kernel: Movable zone start for each node
Mar 27 03:06:51 node-1.domain.tld kernel: Early memory node ranges
Mar 27 03:06:51 node-1.domain.tld kernel:   node   0: [mem 0x0000000080000000-0x00000000f4feffff]
Mar 27 03:06:51 node-1.domain.tld kernel:   node   0: [mem 0x00000000f4ff0000-0x00000000f507ffff]
Mar 27 03:06:51 node-1.domain.tld kernel:   node   0: [mem 0x00000000f5080000-0x00000000f575ffff]
Mar 27 03:06:51 node-1.domain.tld kernel:   node   0: [mem 0x00000000f5760000-0x00000000f576ffff]
Mar 27 03:06:51 node-1.domain.tld kernel:   node   0: [mem 0x00000000f5770000-0x00000000f57effff]
Mar 27 03:06:51 node-1.domain.tld kernel:   node   0: [mem 0x00000000f57f0000-0x00000000f5a5ffff]
Mar 27 03:06:51 node-1.domain.tld kernel:   node   0: [mem 0x00000000f5a60000-0x00000000f5a6ffff]
Mar 27 03:06:51 node-1.domain.tld kernel:   node   0: [mem 0x00000000f5a70000-0x00000000f5f8ffff]
Mar 27 03:06:51 node-1.domain.tld kernel:   node   0: [mem 0x00000000f5f90000-0x00000000faf4ffff]
Mar 27 03:06:51 node-1.domain.tld kernel:   node   0: [mem 0x00000000faf50000-0x00000000faf8ffff]
Mar 27 03:06:51 node-1.domain.tld kernel:   node   0: [mem 0x00000000faf90000-0x00000000fafaffff]
Mar 27 03:06:51 node-1.domain.tld kernel:   node   0: [mem 0x00000000fafb0000-0x00000000fafeffff]
Mar 27 03:06:51 node-1.domain.tld kernel:   node   0: [mem 0x00000000faff0000-0x00000000faffffff]
Mar 27 03:06:51 node-1.domain.tld kernel:   node   0: [mem 0x00000000fc400000-0x00000000fc4fffff]
Mar 27 03:06:51 node-1.domain.tld kernel:   node   0: [mem 0x0000010000000000-0x0000010f7fffffff]
Mar 27 03:06:51 node-1.domain.tld kernel:   node   1: [mem 0x0000100080000000-0x00001000ffffffff]
Mar 27 03:06:51 node-1.domain.tld kernel:   node   1: [mem 0x0000110000000000-0x0000110f7fffffff]
Mar 27 03:06:51 node-1.domain.tld kernel:   node   2: [mem 0x0000200080000000-0x00002000ffffffff]
Mar 27 03:06:51 node-1.domain.tld kernel:   node   2: [mem 0x0000210000000000-0x0000210f7fffffff]
Mar 27 03:06:51 node-1.domain.tld kernel:   node   3: [mem 0x0000300080000000-0x00003000ffffffff]
Mar 27 03:06:51 node-1.domain.tld kernel:   node   3: [mem 0x0000310000000000-0x0000310f7fffffff]
Mar 27 03:06:51 node-1.domain.tld kernel:   node   4: [mem 0x0000400080000000-0x00004000ffffffff]
Mar 27 03:06:51 node-1.domain.tld kernel:   node   4: [mem 0x0000410000000000-0x0000410f7fffffff]
Mar 27 03:06:51 node-1.domain.tld kernel:   node   5: [mem 0x0000500080000000-0x00005000ffffffff]
Mar 27 03:06:51 node-1.domain.tld kernel:   node   5: [mem 0x0000510000000000-0x0000510f7fffffff]
Mar 27 03:06:51 node-1.domain.tld kernel:   node   6: [mem 0x0000600080000000-0x00006000ffffffff]
Mar 27 03:06:51 node-1.domain.tld kernel:   node   6: [mem 0x0000610000000000-0x0000610f7fffffff]
Mar 27 03:06:51 node-1.domain.tld kernel:   node   7: [mem 0x0000700080000000-0x00007000ffffffff]
Mar 27 03:06:51 node-1.domain.tld kernel:   node   7: [mem 0x0000710000000000-0x0000710f7fffffff]
Mar 27 03:06:51 node-1.domain.tld kernel: Zeroed struct page in unavailable ranges: 1419 pages
Mar 27 03:06:51 node-1.domain.tld kernel: Initmem setup node 0 [mem 0x0000000080000000-0x0000010f7fffffff]
Mar 27 03:06:51 node-1.domain.tld kernel: On node 0 totalpages: 1047312
Mar 27 03:06:51 node-1.domain.tld kernel:   DMA32 zone: 32 pages used for memmap
Mar 27 03:06:51 node-1.domain.tld kernel:   DMA32 zone: 0 pages reserved
Mar 27 03:06:51 node-1.domain.tld kernel:   DMA32 zone: 31504 pages, LIFO batch:3
Mar 27 03:06:51 node-1.domain.tld kernel:   Normal zone: 992 pages used for memmap
Mar 27 03:06:51 node-1.domain.tld kernel:   Normal zone: 1015808 pages, LIFO batch:3
Mar 27 03:06:51 node-1.domain.tld kernel: Initmem setup node 1 [mem 0x0000100080000000-0x0000110f7fffffff]
Mar 27 03:06:51 node-1.domain.tld kernel: On node 1 totalpages: 1048576
Mar 27 03:06:51 node-1.domain.tld kernel:   Normal zone: 1024 pages used for memmap
Mar 27 03:06:51 node-1.domain.tld kernel:   Normal zone: 1048576 pages, LIFO batch:3
Mar 27 03:06:51 node-1.domain.tld kernel: Initmem setup node 2 [mem 0x0000200080000000-0x0000210f7fffffff]
Mar 27 03:06:51 node-1.domain.tld kernel: On node 2 totalpages: 1048576
Mar 27 03:06:51 node-1.domain.tld kernel:   Normal zone: 1024 pages used for memmap
Mar 27 03:06:51 node-1.domain.tld kernel:   Normal zone: 1048576 pages, LIFO batch:3
Mar 27 03:06:51 node-1.domain.tld kernel: Initmem setup node 3 [mem 0x0000300080000000-0x0000310f7fffffff]
Mar 27 03:06:51 node-1.domain.tld kernel: On node 3 totalpages: 1048576
Mar 27 03:06:51 node-1.domain.tld kernel:   Normal zone: 1024 pages used for memmap
Mar 27 03:06:51 node-1.domain.tld kernel:   Normal zone: 1048576 pages, LIFO batch:3
Mar 27 03:06:51 node-1.domain.tld kernel: Initmem setup node 4 [mem 0x0000400080000000-0x0000410f7fffffff]
Mar 27 03:06:51 node-1.domain.tld kernel: On node 4 totalpages: 1048576
Mar 27 03:06:51 node-1.domain.tld kernel:   Normal zone: 1024 pages used for memmap
Mar 27 03:06:51 node-1.domain.tld kernel:   Normal zone: 1048576 pages, LIFO batch:3
Mar 27 03:06:51 node-1.domain.tld kernel: Initmem setup node 5 [mem 0x0000500080000000-0x0000510f7fffffff]
Mar 27 03:06:51 node-1.domain.tld kernel: On node 5 totalpages: 1048576
Mar 27 03:06:51 node-1.domain.tld kernel:   Normal zone: 1024 pages used for memmap
Mar 27 03:06:51 node-1.domain.tld kernel:   Normal zone: 1048576 pages, LIFO batch:3
Mar 27 03:06:51 node-1.domain.tld kernel: Initmem setup node 6 [mem 0x0000600080000000-0x0000610f7fffffff]
Mar 27 03:06:51 node-1.domain.tld kernel: On node 6 totalpages: 1048576
Mar 27 03:06:51 node-1.domain.tld kernel:   Normal zone: 1024 pages used for memmap
Mar 27 03:06:51 node-1.domain.tld kernel:   Normal zone: 1048576 pages, LIFO batch:3
Mar 27 03:06:51 node-1.domain.tld kernel: Initmem setup node 7 [mem 0x0000700080000000-0x0000710f7fffffff]
Mar 27 03:06:51 node-1.domain.tld kernel: On node 7 totalpages: 1048576
Mar 27 03:06:51 node-1.domain.tld kernel:   Normal zone: 1024 pages used for memmap
Mar 27 03:06:51 node-1.domain.tld kernel:   Normal zone: 1048576 pages, LIFO batch:3
Mar 27 03:06:51 node-1.domain.tld kernel: psci: probing for conduit method from ACPI.
Mar 27 03:06:51 node-1.domain.tld kernel: psci: PSCIv1.1 detected in firmware.
Mar 27 03:06:51 node-1.domain.tld kernel: psci: Using standard PSCI v0.2 function IDs
Mar 27 03:06:51 node-1.domain.tld kernel: psci: MIGRATE_INFO_TYPE not supported.
Mar 27 03:06:51 node-1.domain.tld kernel: psci: SMC Calling Convention v1.2
Mar 27 03:06:51 node-1.domain.tld kernel: ACPI: NUMA: SRAT: PXM 0 -> MPIDR 0x0 -> Node 0
Mar 27 03:06:51 node-1.domain.tld kernel: ACPI: NUMA: SRAT: PXM 0 -> MPIDR 0x10000 -> Node 0
Mar 27 03:06:51 node-1.domain.tld kernel: ACPI: NUMA: SRAT: PXM 0 -> MPIDR 0x20000 -> Node 0
Mar 27 03:06:51 node-1.domain.tld kernel: ACPI: NUMA: SRAT: PXM 0 -> MPIDR 0x30000 -> Node 0
Mar 27 03:06:51 node-1.domain.tld kernel: ACPI: NUMA: SRAT: PXM 0 -> MPIDR 0x40000 -> Node 0
Mar 27 03:06:51 node-1.domain.tld kernel: ACPI: NUMA: SRAT: PXM 0 -> MPIDR 0x50000 -> Node 0
Mar 27 03:06:51 node-1.domain.tld kernel: ACPI: NUMA: SRAT: PXM 0 -> MPIDR 0x60000 -> Node 0
Mar 27 03:06:51 node-1.domain.tld kernel: ACPI: NUMA: SRAT: PXM 0 -> MPIDR 0x70000 -> Node 0
Mar 27 03:06:51 node-1.domain.tld kernel: ACPI: NUMA: SRAT: PXM 0 -> MPIDR 0x80000 -> Node 0
Mar 27 03:06:51 node-1.domain.tld kernel: ACPI: NUMA: SRAT: PXM 0 -> MPIDR 0x90000 -> Node 0
Mar 27 03:06:51 node-1.domain.tld kernel: ACPI: NUMA: SRAT: PXM 0 -> MPIDR 0xa0000 -> Node 0
Mar 27 03:06:51 node-1.domain.tld kernel: ACPI: NUMA: SRAT: PXM 0 -> MPIDR 0xb0000 -> Node 0
Mar 27 03:06:51 node-1.domain.tld kernel: ACPI: NUMA: SRAT: PXM 0 -> MPIDR 0xc0000 -> Node 0
Mar 27 03:06:51 node-1.domain.tld kernel: ACPI: NUMA: SRAT: PXM 0 -> MPIDR 0xd0000 -> Node 0
Mar 27 03:06:51 node-1.domain.tld kernel: ACPI: NUMA: SRAT: PXM 0 -> MPIDR 0xe0000 -> Node 0
Mar 27 03:06:51 node-1.domain.tld kernel: ACPI: NUMA: SRAT: PXM 0 -> MPIDR 0xf0000 -> Node 0
Mar 27 03:06:51 node-1.domain.tld kernel: ACPI: NUMA: SRAT: PXM 1 -> MPIDR 0x100000000 -> Node 1
Mar 27 03:06:51 node-1.domain.tld kernel: ACPI: NUMA: SRAT: PXM 1 -> MPIDR 0x100010000 -> Node 1
Mar 27 03:06:51 node-1.domain.tld kernel: ACPI: NUMA: SRAT: PXM 1 -> MPIDR 0x100020000 -> Node 1
Mar 27 03:06:51 node-1.domain.tld kernel: ACPI: NUMA: SRAT: PXM 1 -> MPIDR 0x100030000 -> Node 1
Mar 27 03:06:51 node-1.domain.tld kernel: ACPI: NUMA: SRAT: PXM 1 -> MPIDR 0x100040000 -> Node 1
Mar 27 03:06:51 node-1.domain.tld kernel: ACPI: NUMA: SRAT: PXM 1 -> MPIDR 0x100050000 -> Node 1
Mar 27 03:06:51 node-1.domain.tld kernel: ACPI: NUMA: SRAT: PXM 1 -> MPIDR 0x100060000 -> Node 1
Mar 27 03:06:51 node-1.domain.tld kernel: ACPI: NUMA: SRAT: PXM 1 -> MPIDR 0x100070000 -> Node 1
Mar 27 03:06:51 node-1.domain.tld kernel: ACPI: NUMA: SRAT: PXM 1 -> MPIDR 0x100080000 -> Node 1
Mar 27 03:06:51 node-1.domain.tld kernel: ACPI: NUMA: SRAT: PXM 1 -> MPIDR 0x100090000 -> Node 1
Mar 27 03:06:51 node-1.domain.tld kernel: ACPI: NUMA: SRAT: PXM 1 -> MPIDR 0x1000a0000 -> Node 1
Mar 27 03:06:51 node-1.domain.tld kernel: ACPI: NUMA: SRAT: PXM 1 -> MPIDR 0x1000b0000 -> Node 1
Mar 27 03:06:51 node-1.domain.tld kernel: ACPI: NUMA: SRAT: PXM 1 -> MPIDR 0x1000c0000 -> Node 1
Mar 27 03:06:51 node-1.domain.tld kernel: ACPI: NUMA: SRAT: PXM 1 -> MPIDR 0x1000d0000 -> Node 1
Mar 27 03:06:51 node-1.domain.tld kernel: ACPI: NUMA: SRAT: PXM 1 -> MPIDR 0x1000e0000 -> Node 1
Mar 27 03:06:51 node-1.domain.tld kernel: ACPI: NUMA: SRAT: PXM 1 -> MPIDR 0x1000f0000 -> Node 1
Mar 27 03:06:51 node-1.domain.tld kernel: ACPI: NUMA: SRAT: PXM 2 -> MPIDR 0x200000000 -> Node 2
Mar 27 03:06:51 node-1.domain.tld kernel: ACPI: NUMA: SRAT: PXM 2 -> MPIDR 0x200010000 -> Node 2
Mar 27 03:06:51 node-1.domain.tld kernel: ACPI: NUMA: SRAT: PXM 2 -> MPIDR 0x200020000 -> Node 2
Mar 27 03:06:51 node-1.domain.tld kernel: ACPI: NUMA: SRAT: PXM 2 -> MPIDR 0x200030000 -> Node 2
Mar 27 03:06:51 node-1.domain.tld kernel: ACPI: NUMA: SRAT: PXM 2 -> MPIDR 0x200040000 -> Node 2
Mar 27 03:06:51 node-1.domain.tld kernel: ACPI: NUMA: SRAT: PXM 2 -> MPIDR 0x200050000 -> Node 2
Mar 27 03:06:51 node-1.domain.tld kernel: ACPI: NUMA: SRAT: PXM 2 -> MPIDR 0x200060000 -> Node 2
Mar 27 03:06:51 node-1.domain.tld kernel: ACPI: NUMA: SRAT: PXM 2 -> MPIDR 0x200070000 -> Node 2
Mar 27 03:06:51 node-1.domain.tld kernel: ACPI: NUMA: SRAT: PXM 2 -> MPIDR 0x200080000 -> Node 2
Mar 27 03:06:51 node-1.domain.tld kernel: ACPI: NUMA: SRAT: PXM 2 -> MPIDR 0x200090000 -> Node 2
Mar 27 03:06:51 node-1.domain.tld kernel: ACPI: NUMA: SRAT: PXM 2 -> MPIDR 0x2000a0000 -> Node 2
Mar 27 03:06:51 node-1.domain.tld kernel: ACPI: NUMA: SRAT: PXM 2 -> MPIDR 0x2000b0000 -> Node 2
Mar 27 03:06:51 node-1.domain.tld kernel: ACPI: NUMA: SRAT: PXM 2 -> MPIDR 0x2000c0000 -> Node 2
Mar 27 03:06:51 node-1.domain.tld kernel: ACPI: NUMA: SRAT: PXM 2 -> MPIDR 0x2000d0000 -> Node 2
Mar 27 03:06:51 node-1.domain.tld kernel: ACPI: NUMA: SRAT: PXM 2 -> MPIDR 0x2000e0000 -> Node 2
Mar 27 03:06:51 node-1.domain.tld kernel: ACPI: NUMA: SRAT: PXM 2 -> MPIDR 0x2000f0000 -> Node 2
Mar 27 03:06:51 node-1.domain.tld kernel: ACPI: NUMA: SRAT: PXM 3 -> MPIDR 0x300000000 -> Node 3
Mar 27 03:06:51 node-1.domain.tld kernel: ACPI: NUMA: SRAT: PXM 3 -> MPIDR 0x300010000 -> Node 3
Mar 27 03:06:51 node-1.domain.tld kernel: ACPI: NUMA: SRAT: PXM 3 -> MPIDR 0x300020000 -> Node 3
Mar 27 03:06:51 node-1.domain.tld kernel: ACPI: NUMA: SRAT: PXM 3 -> MPIDR 0x300030000 -> Node 3
Mar 27 03:06:51 node-1.domain.tld kernel: ACPI: NUMA: SRAT: PXM 3 -> MPIDR 0x300040000 -> Node 3
Mar 27 03:06:51 node-1.domain.tld kernel: ACPI: NUMA: SRAT: PXM 3 -> MPIDR 0x300050000 -> Node 3
Mar 27 03:06:51 node-1.domain.tld kernel: ACPI: NUMA: SRAT: PXM 3 -> MPIDR 0x300060000 -> Node 3
Mar 27 03:06:51 node-1.domain.tld kernel: ACPI: NUMA: SRAT: PXM 3 -> MPIDR 0x300070000 -> Node 3
Mar 27 03:06:51 node-1.domain.tld kernel: ACPI: NUMA: SRAT: PXM 3 -> MPIDR 0x300080000 -> Node 3
Mar 27 03:06:51 node-1.domain.tld kernel: ACPI: NUMA: SRAT: PXM 3 -> MPIDR 0x300090000 -> Node 3
Mar 27 03:06:51 node-1.domain.tld kernel: ACPI: NUMA: SRAT: PXM 3 -> MPIDR 0x3000a0000 -> Node 3
Mar 27 03:06:51 node-1.domain.tld kernel: ACPI: NUMA: SRAT: PXM 3 -> MPIDR 0x3000b0000 -> Node 3
Mar 27 03:06:51 node-1.domain.tld kernel: ACPI: NUMA: SRAT: PXM 3 -> MPIDR 0x3000c0000 -> Node 3
Mar 27 03:06:51 node-1.domain.tld kernel: ACPI: NUMA: SRAT: PXM 3 -> MPIDR 0x3000d0000 -> Node 3
Mar 27 03:06:51 node-1.domain.tld kernel: ACPI: NUMA: SRAT: PXM 3 -> MPIDR 0x3000e0000 -> Node 3
Mar 27 03:06:51 node-1.domain.tld kernel: ACPI: NUMA: SRAT: PXM 3 -> MPIDR 0x3000f0000 -> Node 3
Mar 27 03:06:51 node-1.domain.tld kernel: ACPI: NUMA: SRAT: PXM 4 -> MPIDR 0x400000000 -> Node 4
Mar 27 03:06:51 node-1.domain.tld kernel: ACPI: NUMA: SRAT: PXM 4 -> MPIDR 0x400010000 -> Node 4
Mar 27 03:06:51 node-1.domain.tld kernel: ACPI: NUMA: SRAT: PXM 4 -> MPIDR 0x400020000 -> Node 4
Mar 27 03:06:51 node-1.domain.tld kernel: ACPI: NUMA: SRAT: PXM 4 -> MPIDR 0x400030000 -> Node 4
Mar 27 03:06:51 node-1.domain.tld kernel: ACPI: NUMA: SRAT: PXM 4 -> MPIDR 0x400040000 -> Node 4
Mar 27 03:06:51 node-1.domain.tld kernel: ACPI: NUMA: SRAT: PXM 4 -> MPIDR 0x400050000 -> Node 4
Mar 27 03:06:51 node-1.domain.tld kernel: ACPI: NUMA: SRAT: PXM 4 -> MPIDR 0x400060000 -> Node 4
Mar 27 03:06:51 node-1.domain.tld kernel: ACPI: NUMA: SRAT: PXM 4 -> MPIDR 0x400070000 -> Node 4
Mar 27 03:06:51 node-1.domain.tld kernel: ACPI: NUMA: SRAT: PXM 4 -> MPIDR 0x400080000 -> Node 4
Mar 27 03:06:51 node-1.domain.tld kernel: ACPI: NUMA: SRAT: PXM 4 -> MPIDR 0x400090000 -> Node 4
Mar 27 03:06:51 node-1.domain.tld kernel: ACPI: NUMA: SRAT: PXM 4 -> MPIDR 0x4000a0000 -> Node 4
Mar 27 03:06:51 node-1.domain.tld kernel: ACPI: NUMA: SRAT: PXM 4 -> MPIDR 0x4000b0000 -> Node 4
Mar 27 03:06:51 node-1.domain.tld kernel: ACPI: NUMA: SRAT: PXM 4 -> MPIDR 0x4000c0000 -> Node 4
Mar 27 03:06:51 node-1.domain.tld kernel: ACPI: NUMA: SRAT: PXM 4 -> MPIDR 0x4000d0000 -> Node 4
Mar 27 03:06:51 node-1.domain.tld kernel: ACPI: NUMA: SRAT: PXM 4 -> MPIDR 0x4000e0000 -> Node 4
Mar 27 03:06:51 node-1.domain.tld kernel: ACPI: NUMA: SRAT: PXM 4 -> MPIDR 0x4000f0000 -> Node 4
Mar 27 03:06:51 node-1.domain.tld kernel: ACPI: NUMA: SRAT: PXM 5 -> MPIDR 0x500000000 -> Node 5
Mar 27 03:06:51 node-1.domain.tld kernel: ACPI: NUMA: SRAT: PXM 5 -> MPIDR 0x500010000 -> Node 5
Mar 27 03:06:51 node-1.domain.tld kernel: ACPI: NUMA: SRAT: PXM 5 -> MPIDR 0x500020000 -> Node 5
Mar 27 03:06:51 node-1.domain.tld kernel: ACPI: NUMA: SRAT: PXM 5 -> MPIDR 0x500030000 -> Node 5
Mar 27 03:06:51 node-1.domain.tld kernel: ACPI: NUMA: SRAT: PXM 5 -> MPIDR 0x500040000 -> Node 5
Mar 27 03:06:51 node-1.domain.tld kernel: ACPI: NUMA: SRAT: PXM 5 -> MPIDR 0x500050000 -> Node 5
Mar 27 03:06:51 node-1.domain.tld kernel: ACPI: NUMA: SRAT: PXM 5 -> MPIDR 0x500060000 -> Node 5
Mar 27 03:06:51 node-1.domain.tld kernel: ACPI: NUMA: SRAT: PXM 5 -> MPIDR 0x500070000 -> Node 5
Mar 27 03:06:51 node-1.domain.tld kernel: ACPI: NUMA: SRAT: PXM 5 -> MPIDR 0x500080000 -> Node 5
Mar 27 03:06:51 node-1.domain.tld kernel: ACPI: NUMA: SRAT: PXM 5 -> MPIDR 0x500090000 -> Node 5
Mar 27 03:06:51 node-1.domain.tld kernel: ACPI: NUMA: SRAT: PXM 5 -> MPIDR 0x5000a0000 -> Node 5
Mar 27 03:06:51 node-1.domain.tld kernel: ACPI: NUMA: SRAT: PXM 5 -> MPIDR 0x5000b0000 -> Node 5
Mar 27 03:06:51 node-1.domain.tld kernel: ACPI: NUMA: SRAT: PXM 5 -> MPIDR 0x5000c0000 -> Node 5
Mar 27 03:06:51 node-1.domain.tld kernel: ACPI: NUMA: SRAT: PXM 5 -> MPIDR 0x5000d0000 -> Node 5
Mar 27 03:06:51 node-1.domain.tld kernel: ACPI: NUMA: SRAT: PXM 5 -> MPIDR 0x5000e0000 -> Node 5
Mar 27 03:06:51 node-1.domain.tld kernel: ACPI: NUMA: SRAT: PXM 5 -> MPIDR 0x5000f0000 -> Node 5
Mar 27 03:06:51 node-1.domain.tld kernel: ACPI: NUMA: SRAT: PXM 6 -> MPIDR 0x600000000 -> Node 6
Mar 27 03:06:51 node-1.domain.tld kernel: ACPI: NUMA: SRAT: PXM 6 -> MPIDR 0x600010000 -> Node 6
Mar 27 03:06:51 node-1.domain.tld kernel: ACPI: NUMA: SRAT: PXM 6 -> MPIDR 0x600020000 -> Node 6
Mar 27 03:06:51 node-1.domain.tld kernel: ACPI: NUMA: SRAT: PXM 6 -> MPIDR 0x600030000 -> Node 6
Mar 27 03:06:51 node-1.domain.tld kernel: ACPI: NUMA: SRAT: PXM 6 -> MPIDR 0x600040000 -> Node 6
Mar 27 03:06:51 node-1.domain.tld kernel: ACPI: NUMA: SRAT: PXM 6 -> MPIDR 0x600050000 -> Node 6
Mar 27 03:06:51 node-1.domain.tld kernel: ACPI: NUMA: SRAT: PXM 6 -> MPIDR 0x600060000 -> Node 6
Mar 27 03:06:51 node-1.domain.tld kernel: ACPI: NUMA: SRAT: PXM 6 -> MPIDR 0x600070000 -> Node 6
Mar 27 03:06:51 node-1.domain.tld kernel: ACPI: NUMA: SRAT: PXM 6 -> MPIDR 0x600080000 -> Node 6
Mar 27 03:06:51 node-1.domain.tld kernel: ACPI: NUMA: SRAT: PXM 6 -> MPIDR 0x600090000 -> Node 6
Mar 27 03:06:51 node-1.domain.tld kernel: ACPI: NUMA: SRAT: PXM 6 -> MPIDR 0x6000a0000 -> Node 6
Mar 27 03:06:51 node-1.domain.tld kernel: ACPI: NUMA: SRAT: PXM 6 -> MPIDR 0x6000b0000 -> Node 6
Mar 27 03:06:51 node-1.domain.tld kernel: ACPI: NUMA: SRAT: PXM 6 -> MPIDR 0x6000c0000 -> Node 6
Mar 27 03:06:51 node-1.domain.tld kernel: ACPI: NUMA: SRAT: PXM 6 -> MPIDR 0x6000d0000 -> Node 6
Mar 27 03:06:51 node-1.domain.tld kernel: ACPI: NUMA: SRAT: PXM 6 -> MPIDR 0x6000e0000 -> Node 6
Mar 27 03:06:51 node-1.domain.tld kernel: ACPI: NUMA: SRAT: PXM 6 -> MPIDR 0x6000f0000 -> Node 6
Mar 27 03:06:51 node-1.domain.tld kernel: ACPI: NUMA: SRAT: PXM 7 -> MPIDR 0x700000000 -> Node 7
Mar 27 03:06:51 node-1.domain.tld kernel: ACPI: NUMA: SRAT: PXM 7 -> MPIDR 0x700010000 -> Node 7
Mar 27 03:06:51 node-1.domain.tld kernel: ACPI: NUMA: SRAT: PXM 7 -> MPIDR 0x700020000 -> Node 7
Mar 27 03:06:51 node-1.domain.tld kernel: ACPI: NUMA: SRAT: PXM 7 -> MPIDR 0x700030000 -> Node 7
Mar 27 03:06:51 node-1.domain.tld kernel: ACPI: NUMA: SRAT: PXM 7 -> MPIDR 0x700040000 -> Node 7
Mar 27 03:06:51 node-1.domain.tld kernel: ACPI: NUMA: SRAT: PXM 7 -> MPIDR 0x700050000 -> Node 7
Mar 27 03:06:51 node-1.domain.tld kernel: ACPI: NUMA: SRAT: PXM 7 -> MPIDR 0x700060000 -> Node 7
Mar 27 03:06:51 node-1.domain.tld kernel: ACPI: NUMA: SRAT: PXM 7 -> MPIDR 0x700070000 -> Node 7
Mar 27 03:06:51 node-1.domain.tld kernel: ACPI: NUMA: SRAT: PXM 7 -> MPIDR 0x700080000 -> Node 7
Mar 27 03:06:51 node-1.domain.tld kernel: ACPI: NUMA: SRAT: PXM 7 -> MPIDR 0x700090000 -> Node 7
Mar 27 03:06:51 node-1.domain.tld kernel: ACPI: NUMA: SRAT: PXM 7 -> MPIDR 0x7000a0000 -> Node 7
Mar 27 03:06:51 node-1.domain.tld kernel: ACPI: NUMA: SRAT: PXM 7 -> MPIDR 0x7000b0000 -> Node 7
Mar 27 03:06:51 node-1.domain.tld kernel: ACPI: NUMA: SRAT: PXM 7 -> MPIDR 0x7000c0000 -> Node 7
Mar 27 03:06:51 node-1.domain.tld kernel: ACPI: NUMA: SRAT: PXM 7 -> MPIDR 0x7000d0000 -> Node 7
Mar 27 03:06:51 node-1.domain.tld kernel: ACPI: NUMA: SRAT: PXM 7 -> MPIDR 0x7000e0000 -> Node 7
Mar 27 03:06:51 node-1.domain.tld kernel: ACPI: NUMA: SRAT: PXM 7 -> MPIDR 0x7000f0000 -> Node 7
Mar 27 03:06:51 node-1.domain.tld kernel: percpu: max_distance=0x6ffffc920000 too large for vmalloc space 0x7bdfefff0000
Mar 27 03:06:51 node-1.domain.tld kernel: percpu: Embedded 10 pages/cpu s588184 r8192 d58984 u655360
Mar 27 03:06:51 node-1.domain.tld kernel: pcpu-alloc: s588184 r8192 d58984 u655360 alloc=10*65536
Mar 27 03:06:51 node-1.domain.tld kernel: pcpu-alloc: [0] 000 [0] 001 [0] 002 [0] 003 
Mar 27 03:06:51 node-1.domain.tld kernel: pcpu-alloc: [0] 004 [0] 005 [0] 006 [0] 007 
Mar 27 03:06:51 node-1.domain.tld kernel: pcpu-alloc: [0] 008 [0] 009 [0] 010 [0] 011 
Mar 27 03:06:51 node-1.domain.tld kernel: pcpu-alloc: [0] 012 [0] 013 [0] 014 [0] 015 
Mar 27 03:06:51 node-1.domain.tld kernel: pcpu-alloc: [1] 016 [1] 017 [1] 018 [1] 019 
Mar 27 03:06:51 node-1.domain.tld kernel: pcpu-alloc: [1] 020 [1] 021 [1] 022 [1] 023 
Mar 27 03:06:51 node-1.domain.tld kernel: pcpu-alloc: [1] 024 [1] 025 [1] 026 [1] 027 
Mar 27 03:06:51 node-1.domain.tld kernel: pcpu-alloc: [1] 028 [1] 029 [1] 030 [1] 031 
Mar 27 03:06:51 node-1.domain.tld kernel: pcpu-alloc: [2] 032 [2] 033 [2] 034 [2] 035 
Mar 27 03:06:51 node-1.domain.tld kernel: pcpu-alloc: [2] 036 [2] 037 [2] 038 [2] 039 
Mar 27 03:06:51 node-1.domain.tld kernel: pcpu-alloc: [2] 040 [2] 041 [2] 042 [2] 043 
Mar 27 03:06:51 node-1.domain.tld kernel: pcpu-alloc: [2] 044 [2] 045 [2] 046 [2] 047 
Mar 27 03:06:51 node-1.domain.tld kernel: pcpu-alloc: [3] 048 [3] 049 [3] 050 [3] 051 
Mar 27 03:06:51 node-1.domain.tld kernel: pcpu-alloc: [3] 052 [3] 053 [3] 054 [3] 055 
Mar 27 03:06:51 node-1.domain.tld kernel: pcpu-alloc: [3] 056 [3] 057 [3] 058 [3] 059 
Mar 27 03:06:51 node-1.domain.tld kernel: pcpu-alloc: [3] 060 [3] 061 [3] 062 [3] 063 
Mar 27 03:06:51 node-1.domain.tld kernel: pcpu-alloc: [4] 064 [4] 065 [4] 066 [4] 067 
Mar 27 03:06:51 node-1.domain.tld kernel: pcpu-alloc: [4] 068 [4] 069 [4] 070 [4] 071 
Mar 27 03:06:51 node-1.domain.tld kernel: pcpu-alloc: [4] 072 [4] 073 [4] 074 [4] 075 
Mar 27 03:06:51 node-1.domain.tld kernel: pcpu-alloc: [4] 076 [4] 077 [4] 078 [4] 079 
Mar 27 03:06:51 node-1.domain.tld kernel: pcpu-alloc: [5] 080 [5] 081 [5] 082 [5] 083 
Mar 27 03:06:51 node-1.domain.tld kernel: pcpu-alloc: [5] 084 [5] 085 [5] 086 [5] 087 
Mar 27 03:06:51 node-1.domain.tld kernel: pcpu-alloc: [5] 088 [5] 089 [5] 090 [5] 091 
Mar 27 03:06:51 node-1.domain.tld kernel: pcpu-alloc: [5] 092 [5] 093 [5] 094 [5] 095 
Mar 27 03:06:51 node-1.domain.tld kernel: pcpu-alloc: [6] 096 [6] 097 [6] 098 [6] 099 
Mar 27 03:06:51 node-1.domain.tld kernel: pcpu-alloc: [6] 100 [6] 101 [6] 102 [6] 103 
Mar 27 03:06:51 node-1.domain.tld kernel: pcpu-alloc: [6] 104 [6] 105 [6] 106 [6] 107 
Mar 27 03:06:51 node-1.domain.tld kernel: pcpu-alloc: [6] 108 [6] 109 [6] 110 [6] 111 
Mar 27 03:06:51 node-1.domain.tld kernel: pcpu-alloc: [7] 112 [7] 113 [7] 114 [7] 115 
Mar 27 03:06:51 node-1.domain.tld kernel: pcpu-alloc: [7] 116 [7] 117 [7] 118 [7] 119 
Mar 27 03:06:51 node-1.domain.tld kernel: pcpu-alloc: [7] 120 [7] 121 [7] 122 [7] 123 
Mar 27 03:06:51 node-1.domain.tld kernel: pcpu-alloc: [7] 124 [7] 125 [7] 126 [7] 127 
Mar 27 03:06:51 node-1.domain.tld kernel: Detected PIPT I-cache on CPU0
Mar 27 03:06:51 node-1.domain.tld kernel: CPU features: detected: GIC system register CPU interface
Mar 27 03:06:51 node-1.domain.tld kernel: CPU features: detected: Virtualization Host Extensions
Mar 27 03:06:51 node-1.domain.tld kernel: CPU features: detected: Hardware dirty bit management
Mar 27 03:06:51 node-1.domain.tld kernel: CPU features: detected: Speculative Store Bypassing Safe (SSBS)
Mar 27 03:06:51 node-1.domain.tld kernel: alternatives: patching kernel code
Mar 27 03:06:51 node-1.domain.tld kernel: Built 8 zonelists, mobility grouping on.  Total pages: 8379152
Mar 27 03:06:51 node-1.domain.tld kernel: Policy zone: Normal
Mar 27 03:06:51 node-1.domain.tld kernel: Kernel command line: BOOT_IMAGE=(hd3,gpt3)/vmlinuz-4.18.0-372.19.1.es8_10.aarch64 root=/dev/mapper/os-root ro transparent_hugepage=never cgroup.memory=nokmem iommu.passthrough=1 ixgbe.allow_unsupported_sfp=1 biosdevname=0 rootdelay=90 nomodeset intel_idle.max_cstate=0 processor.max_cstate=0 crashkernel=736M rd.lvm.lv=os/root net.ifnames=1 console=tty0
Mar 27 03:06:51 node-1.domain.tld kernel: Specific versions of hardware are certified with Red Hat Enterprise Linux 8. Please see the list of hardware certified with Red Hat Enterprise Linux 8 at https://catalog.redhat.com.
Mar 27 03:06:51 node-1.domain.tld kernel: software IO TLB: mapped [mem 0x00000000be200000-0x00000000c2200000] (64MB)
Mar 27 03:06:51 node-1.domain.tld kernel: Memory: 535199296K/536790016K available (10620K kernel code, 5744K rwdata, 10496K rodata, 5824K init, 19497K bss, 1590720K reserved, 0K cma-reserved)
Mar 27 03:06:51 node-1.domain.tld kernel: random: get_random_u64 called from kmem_cache_open+0x38/0x498 with crng_init=0
Mar 27 03:06:51 node-1.domain.tld kernel: SLUB: HWalign=64, Order=0-3, MinObjects=0, CPUs=128, Nodes=8
Mar 27 03:06:51 node-1.domain.tld kernel: ftrace: allocating 37998 entries in 10 pages
Mar 27 03:06:51 node-1.domain.tld kernel: ftrace: allocated 10 pages with 2 groups
Mar 27 03:06:51 node-1.domain.tld kernel: rcu: Hierarchical RCU implementation.
Mar 27 03:06:51 node-1.domain.tld kernel: rcu:         RCU restricting CPUs from NR_CPUS=4096 to nr_cpu_ids=128.
Mar 27 03:06:51 node-1.domain.tld kernel:         Rude variant of Tasks RCU enabled.
Mar 27 03:06:51 node-1.domain.tld kernel:         Tracing variant of Tasks RCU enabled.
Mar 27 03:06:51 node-1.domain.tld kernel: rcu: RCU calculated value of scheduler-enlistment delay is 10 jiffies.
Mar 27 03:06:51 node-1.domain.tld kernel: rcu: Adjusting geometry for rcu_fanout_leaf=16, nr_cpu_ids=128
Mar 27 03:06:51 node-1.domain.tld kernel: NR_IRQS: 64, nr_irqs: 64, preallocated irqs: 0
Mar 27 03:06:51 node-1.domain.tld kernel: GICv3: GIC: Using split EOI/Deactivate mode
Mar 27 03:06:51 node-1.domain.tld kernel: GICv3: 768 SPIs implemented
Mar 27 03:06:51 node-1.domain.tld kernel: GICv3: 0 Extended SPIs implemented
Mar 27 03:06:51 node-1.domain.tld kernel: GICv3: Distributor has no Range Selector support
Mar 27 03:06:51 node-1.domain.tld kernel: GICv3: 16 PPIs implemented
Mar 27 03:06:51 node-1.domain.tld kernel: GICv3: CPU0: found redistributor 0 region 0:0x00000000220c0000
Mar 27 03:06:51 node-1.domain.tld kernel: SRAT: PXM 0 -> ITS 0 -> Node 0
Mar 27 03:06:51 node-1.domain.tld kernel: SRAT: PXM 0 -> ITS 1 -> Node 0
Mar 27 03:06:51 node-1.domain.tld kernel: SRAT: PXM 0 -> ITS 2 -> Node 0
Mar 27 03:06:51 node-1.domain.tld kernel: SRAT: PXM 0 -> ITS 3 -> Node 0
Mar 27 03:06:51 node-1.domain.tld kernel: SRAT: PXM 1 -> ITS 4 -> Node 1
Mar 27 03:06:51 node-1.domain.tld kernel: SRAT: PXM 1 -> ITS 5 -> Node 1
Mar 27 03:06:51 node-1.domain.tld kernel: SRAT: PXM 1 -> ITS 6 -> Node 1
Mar 27 03:06:51 node-1.domain.tld kernel: SRAT: PXM 1 -> ITS 7 -> Node 1
Mar 27 03:06:51 node-1.domain.tld kernel: SRAT: PXM 2 -> ITS 8 -> Node 2
Mar 27 03:06:51 node-1.domain.tld kernel: SRAT: PXM 2 -> ITS 9 -> Node 2
Mar 27 03:06:51 node-1.domain.tld kernel: SRAT: PXM 2 -> ITS 10 -> Node 2
Mar 27 03:06:51 node-1.domain.tld kernel: SRAT: PXM 2 -> ITS 11 -> Node 2
Mar 27 03:06:51 node-1.domain.tld kernel: SRAT: PXM 3 -> ITS 12 -> Node 3
Mar 27 03:06:51 node-1.domain.tld kernel: SRAT: PXM 3 -> ITS 13 -> Node 3
Mar 27 03:06:51 node-1.domain.tld kernel: SRAT: PXM 3 -> ITS 14 -> Node 3
Mar 27 03:06:51 node-1.domain.tld kernel: SRAT: PXM 3 -> ITS 15 -> Node 3
Mar 27 03:06:51 node-1.domain.tld kernel: SRAT: PXM 4 -> ITS 16 -> Node 4
Mar 27 03:06:51 node-1.domain.tld kernel: SRAT: PXM 4 -> ITS 17 -> Node 4
Mar 27 03:06:51 node-1.domain.tld kernel: SRAT: PXM 4 -> ITS 18 -> Node 4
Mar 27 03:06:51 node-1.domain.tld kernel: SRAT: PXM 4 -> ITS 19 -> Node 4
Mar 27 03:06:51 node-1.domain.tld kernel: SRAT: PXM 5 -> ITS 20 -> Node 5
Mar 27 03:06:51 node-1.domain.tld kernel: SRAT: PXM 5 -> ITS 21 -> Node 5
Mar 27 03:06:51 node-1.domain.tld kernel: SRAT: PXM 5 -> ITS 22 -> Node 5
Mar 27 03:06:51 node-1.domain.tld kernel: SRAT: PXM 5 -> ITS 23 -> Node 5
Mar 27 03:06:51 node-1.domain.tld kernel: SRAT: PXM 6 -> ITS 24 -> Node 6
Mar 27 03:06:51 node-1.domain.tld kernel: SRAT: PXM 6 -> ITS 25 -> Node 6
Mar 27 03:06:51 node-1.domain.tld kernel: SRAT: PXM 6 -> ITS 26 -> Node 6
Mar 27 03:06:51 node-1.domain.tld kernel: SRAT: PXM 6 -> ITS 27 -> Node 6
Mar 27 03:06:51 node-1.domain.tld kernel: SRAT: PXM 7 -> ITS 28 -> Node 7
Mar 27 03:06:51 node-1.domain.tld kernel: SRAT: PXM 7 -> ITS 29 -> Node 7
Mar 27 03:06:51 node-1.domain.tld kernel: SRAT: PXM 7 -> ITS 30 -> Node 7
Mar 27 03:06:51 node-1.domain.tld kernel: SRAT: PXM 7 -> ITS 31 -> Node 7
Mar 27 03:06:51 node-1.domain.tld kernel: ITS [mem 0x22040000-0x2205ffff]
Mar 27 03:06:51 node-1.domain.tld kernel: ITS@0x0000000022040000: allocated 8192 Devices @10000b20000 (indirect, esz 8, psz 64K, shr 1)
Mar 27 03:06:51 node-1.domain.tld kernel: ITS@0x0000000022040000: allocated 32768 Interrupt Collections @10000b30000 (flat, esz 2, psz 64K, shr 1)
Mar 27 03:06:51 node-1.domain.tld kernel: ITS [mem 0x22060000-0x2207ffff]
Mar 27 03:06:51 node-1.domain.tld kernel: ITS@0x0000000022060000: allocated 8192 Devices @10000b50000 (indirect, esz 8, psz 64K, shr 1)
Mar 27 03:06:51 node-1.domain.tld kernel: ITS@0x0000000022060000: allocated 32768 Interrupt Collections @10000b60000 (flat, esz 2, psz 64K, shr 1)
Mar 27 03:06:51 node-1.domain.tld kernel: ITS [mem 0x22080000-0x2209ffff]
Mar 27 03:06:51 node-1.domain.tld kernel: ITS@0x0000000022080000: allocated 8192 Devices @10000b80000 (indirect, esz 8, psz 64K, shr 1)
Mar 27 03:06:51 node-1.domain.tld kernel: ITS@0x0000000022080000: allocated 32768 Interrupt Collections @10000b90000 (flat, esz 2, psz 64K, shr 1)
Mar 27 03:06:51 node-1.domain.tld kernel: ITS [mem 0x220a0000-0x220bffff]
Mar 27 03:06:51 node-1.domain.tld kernel: ITS@0x00000000220a0000: allocated 8192 Devices @10000bb0000 (indirect, esz 8, psz 64K, shr 1)
Mar 27 03:06:51 node-1.domain.tld kernel: ITS@0x00000000220a0000: allocated 32768 Interrupt Collections @10000bc0000 (flat, esz 2, psz 64K, shr 1)
Mar 27 03:06:51 node-1.domain.tld kernel: ITS [mem 0x100022040000-0x10002205ffff]
Mar 27 03:06:51 node-1.domain.tld kernel: ITS@0x0000100022040000: allocated 8192 Devices @100080020000 (indirect, esz 8, psz 64K, shr 1)
Mar 27 03:06:51 node-1.domain.tld kernel: ITS@0x0000100022040000: allocated 32768 Interrupt Collections @100080030000 (flat, esz 2, psz 64K, shr 1)
Mar 27 03:06:51 node-1.domain.tld kernel: ITS [mem 0x100022060000-0x10002207ffff]
Mar 27 03:06:51 node-1.domain.tld kernel: ITS@0x0000100022060000: allocated 8192 Devices @100080050000 (indirect, esz 8, psz 64K, shr 1)
Mar 27 03:06:51 node-1.domain.tld kernel: ITS@0x0000100022060000: allocated 32768 Interrupt Collections @100080060000 (flat, esz 2, psz 64K, shr 1)
Mar 27 03:06:51 node-1.domain.tld kernel: ITS [mem 0x100022080000-0x10002209ffff]
Mar 27 03:06:51 node-1.domain.tld kernel: ITS@0x0000100022080000: allocated 8192 Devices @100080080000 (indirect, esz 8, psz 64K, shr 1)
Mar 27 03:06:51 node-1.domain.tld kernel: ITS@0x0000100022080000: allocated 32768 Interrupt Collections @100080090000 (flat, esz 2, psz 64K, shr 1)
Mar 27 03:06:51 node-1.domain.tld kernel: ITS [mem 0x1000220a0000-0x1000220bffff]
Mar 27 03:06:51 node-1.domain.tld kernel: ITS@0x00001000220a0000: allocated 8192 Devices @1000800b0000 (indirect, esz 8, psz 64K, shr 1)
Mar 27 03:06:51 node-1.domain.tld kernel: ITS@0x00001000220a0000: allocated 32768 Interrupt Collections @1000800c0000 (flat, esz 2, psz 64K, shr 1)
Mar 27 03:06:51 node-1.domain.tld kernel: ITS [mem 0x200022040000-0x20002205ffff]
Mar 27 03:06:51 node-1.domain.tld kernel: ITS@0x0000200022040000: allocated 8192 Devices @200080020000 (indirect, esz 8, psz 64K, shr 1)
Mar 27 03:06:51 node-1.domain.tld kernel: ITS@0x0000200022040000: allocated 32768 Interrupt Collections @200080030000 (flat, esz 2, psz 64K, shr 1)
Mar 27 03:06:51 node-1.domain.tld kernel: ITS [mem 0x200022060000-0x20002207ffff]
Mar 27 03:06:51 node-1.domain.tld kernel: ITS@0x0000200022060000: allocated 8192 Devices @200080050000 (indirect, esz 8, psz 64K, shr 1)
Mar 27 03:06:51 node-1.domain.tld kernel: ITS@0x0000200022060000: allocated 32768 Interrupt Collections @200080060000 (flat, esz 2, psz 64K, shr 1)
Mar 27 03:06:51 node-1.domain.tld kernel: ITS [mem 0x200022080000-0x20002209ffff]
Mar 27 03:06:51 node-1.domain.tld kernel: ITS@0x0000200022080000: allocated 8192 Devices @200080080000 (indirect, esz 8, psz 64K, shr 1)
Mar 27 03:06:51 node-1.domain.tld kernel: ITS@0x0000200022080000: allocated 32768 Interrupt Collections @200080090000 (flat, esz 2, psz 64K, shr 1)
Mar 27 03:06:51 node-1.domain.tld kernel: ITS [mem 0x2000220a0000-0x2000220bffff]
Mar 27 03:06:51 node-1.domain.tld kernel: ITS@0x00002000220a0000: allocated 8192 Devices @2000800b0000 (indirect, esz 8, psz 64K, shr 1)
Mar 27 03:06:51 node-1.domain.tld kernel: ITS@0x00002000220a0000: allocated 32768 Interrupt Collections @2000800c0000 (flat, esz 2, psz 64K, shr 1)
Mar 27 03:06:51 node-1.domain.tld kernel: ITS [mem 0x300022040000-0x30002205ffff]
Mar 27 03:06:51 node-1.domain.tld kernel: ITS@0x0000300022040000: allocated 8192 Devices @300080020000 (indirect, esz 8, psz 64K, shr 1)
Mar 27 03:06:51 node-1.domain.tld kernel: ITS@0x0000300022040000: allocated 32768 Interrupt Collections @300080030000 (flat, esz 2, psz 64K, shr 1)
Mar 27 03:06:51 node-1.domain.tld kernel: ITS [mem 0x300022060000-0x30002207ffff]
Mar 27 03:06:51 node-1.domain.tld kernel: ITS@0x0000300022060000: allocated 8192 Devices @300080050000 (indirect, esz 8, psz 64K, shr 1)
Mar 27 03:06:51 node-1.domain.tld kernel: ITS@0x0000300022060000: allocated 32768 Interrupt Collections @300080060000 (flat, esz 2, psz 64K, shr 1)
Mar 27 03:06:51 node-1.domain.tld kernel: ITS [mem 0x300022080000-0x30002209ffff]
Mar 27 03:06:51 node-1.domain.tld kernel: ITS@0x0000300022080000: allocated 8192 Devices @300080080000 (indirect, esz 8, psz 64K, shr 1)
Mar 27 03:06:51 node-1.domain.tld kernel: ITS@0x0000300022080000: allocated 32768 Interrupt Collections @300080090000 (flat, esz 2, psz 64K, shr 1)
Mar 27 03:06:51 node-1.domain.tld kernel: ITS [mem 0x3000220a0000-0x3000220bffff]
Mar 27 03:06:51 node-1.domain.tld kernel: ITS@0x00003000220a0000: allocated 8192 Devices @3000800b0000 (indirect, esz 8, psz 64K, shr 1)
Mar 27 03:06:51 node-1.domain.tld kernel: ITS@0x00003000220a0000: allocated 32768 Interrupt Collections @3000800c0000 (flat, esz 2, psz 64K, shr 1)
Mar 27 03:06:51 node-1.domain.tld kernel: ITS [mem 0x400022040000-0x40002205ffff]
Mar 27 03:06:51 node-1.domain.tld kernel: ITS@0x0000400022040000: allocated 8192 Devices @400080020000 (indirect, esz 8, psz 64K, shr 1)
Mar 27 03:06:51 node-1.domain.tld kernel: ITS@0x0000400022040000: allocated 32768 Interrupt Collections @400080030000 (flat, esz 2, psz 64K, shr 1)
Mar 27 03:06:51 node-1.domain.tld kernel: ITS [mem 0x400022060000-0x40002207ffff]
Mar 27 03:06:51 node-1.domain.tld kernel: ITS@0x0000400022060000: allocated 8192 Devices @400080050000 (indirect, esz 8, psz 64K, shr 1)
Mar 27 03:06:51 node-1.domain.tld kernel: ITS@0x0000400022060000: allocated 32768 Interrupt Collections @400080060000 (flat, esz 2, psz 64K, shr 1)
Mar 27 03:06:51 node-1.domain.tld kernel: ITS [mem 0x400022080000-0x40002209ffff]
Mar 27 03:06:51 node-1.domain.tld kernel: ITS@0x0000400022080000: allocated 8192 Devices @400080080000 (indirect, esz 8, psz 64K, shr 1)
Mar 27 03:06:51 node-1.domain.tld kernel: ITS@0x0000400022080000: allocated 32768 Interrupt Collections @400080090000 (flat, esz 2, psz 64K, shr 1)
Mar 27 03:06:51 node-1.domain.tld kernel: ITS [mem 0x4000220a0000-0x4000220bffff]
Mar 27 03:06:51 node-1.domain.tld kernel: ITS@0x00004000220a0000: allocated 8192 Devices @4000800b0000 (indirect, esz 8, psz 64K, shr 1)
Mar 27 03:06:51 node-1.domain.tld kernel: ITS@0x00004000220a0000: allocated 32768 Interrupt Collections @4000800c0000 (flat, esz 2, psz 64K, shr 1)
Mar 27 03:06:51 node-1.domain.tld kernel: ITS [mem 0x500022040000-0x50002205ffff]
Mar 27 03:06:51 node-1.domain.tld kernel: ITS@0x0000500022040000: allocated 8192 Devices @500080020000 (indirect, esz 8, psz 64K, shr 1)
Mar 27 03:06:51 node-1.domain.tld kernel: ITS@0x0000500022040000: allocated 32768 Interrupt Collections @500080030000 (flat, esz 2, psz 64K, shr 1)
Mar 27 03:06:51 node-1.domain.tld kernel: ITS [mem 0x500022060000-0x50002207ffff]
Mar 27 03:06:51 node-1.domain.tld kernel: ITS@0x0000500022060000: allocated 8192 Devices @500080050000 (indirect, esz 8, psz 64K, shr 1)
Mar 27 03:06:51 node-1.domain.tld kernel: ITS@0x0000500022060000: allocated 32768 Interrupt Collections @500080060000 (flat, esz 2, psz 64K, shr 1)
Mar 27 03:06:51 node-1.domain.tld kernel: ITS [mem 0x500022080000-0x50002209ffff]
Mar 27 03:06:51 node-1.domain.tld kernel: ITS@0x0000500022080000: allocated 8192 Devices @500080080000 (indirect, esz 8, psz 64K, shr 1)
Mar 27 03:06:51 node-1.domain.tld kernel: ITS@0x0000500022080000: allocated 32768 Interrupt Collections @500080090000 (flat, esz 2, psz 64K, shr 1)
Mar 27 03:06:51 node-1.domain.tld kernel: ITS [mem 0x5000220a0000-0x5000220bffff]
Mar 27 03:06:51 node-1.domain.tld kernel: ITS@0x00005000220a0000: allocated 8192 Devices @5000800b0000 (indirect, esz 8, psz 64K, shr 1)
Mar 27 03:06:51 node-1.domain.tld kernel: ITS@0x00005000220a0000: allocated 32768 Interrupt Collections @5000800c0000 (flat, esz 2, psz 64K, shr 1)
Mar 27 03:06:51 node-1.domain.tld kernel: ITS [mem 0x600022040000-0x60002205ffff]
Mar 27 03:06:51 node-1.domain.tld kernel: ITS@0x0000600022040000: allocated 8192 Devices @600080020000 (indirect, esz 8, psz 64K, shr 1)
Mar 27 03:06:51 node-1.domain.tld kernel: ITS@0x0000600022040000: allocated 32768 Interrupt Collections @600080030000 (flat, esz 2, psz 64K, shr 1)
Mar 27 03:06:51 node-1.domain.tld kernel: ITS [mem 0x600022060000-0x60002207ffff]
Mar 27 03:06:51 node-1.domain.tld kernel: ITS@0x0000600022060000: allocated 8192 Devices @600080050000 (indirect, esz 8, psz 64K, shr 1)
Mar 27 03:06:51 node-1.domain.tld kernel: ITS@0x0000600022060000: allocated 32768 Interrupt Collections @600080060000 (flat, esz 2, psz 64K, shr 1)
Mar 27 03:06:51 node-1.domain.tld kernel: ITS [mem 0x600022080000-0x60002209ffff]
Mar 27 03:06:51 node-1.domain.tld kernel: ITS@0x0000600022080000: allocated 8192 Devices @600080080000 (indirect, esz 8, psz 64K, shr 1)
Mar 27 03:06:51 node-1.domain.tld kernel: ITS@0x0000600022080000: allocated 32768 Interrupt Collections @600080090000 (flat, esz 2, psz 64K, shr 1)
Mar 27 03:06:51 node-1.domain.tld kernel: ITS [mem 0x6000220a0000-0x6000220bffff]
Mar 27 03:06:51 node-1.domain.tld kernel: ITS@0x00006000220a0000: allocated 8192 Devices @6000800b0000 (indirect, esz 8, psz 64K, shr 1)
Mar 27 03:06:51 node-1.domain.tld kernel: ITS@0x00006000220a0000: allocated 32768 Interrupt Collections @6000800c0000 (flat, esz 2, psz 64K, shr 1)
Mar 27 03:06:51 node-1.domain.tld kernel: ITS [mem 0x700022040000-0x70002205ffff]
Mar 27 03:06:51 node-1.domain.tld kernel: ITS@0x0000700022040000: allocated 8192 Devices @700080020000 (indirect, esz 8, psz 64K, shr 1)
Mar 27 03:06:51 node-1.domain.tld kernel: ITS@0x0000700022040000: allocated 32768 Interrupt Collections @700080030000 (flat, esz 2, psz 64K, shr 1)
Mar 27 03:06:51 node-1.domain.tld kernel: ITS [mem 0x700022060000-0x70002207ffff]
Mar 27 03:06:51 node-1.domain.tld kernel: ITS@0x0000700022060000: allocated 8192 Devices @700080050000 (indirect, esz 8, psz 64K, shr 1)
Mar 27 03:06:51 node-1.domain.tld kernel: ITS@0x0000700022060000: allocated 32768 Interrupt Collections @700080060000 (flat, esz 2, psz 64K, shr 1)
Mar 27 03:06:51 node-1.domain.tld kernel: ITS [mem 0x700022080000-0x70002209ffff]
Mar 27 03:06:51 node-1.domain.tld kernel: ITS@0x0000700022080000: allocated 8192 Devices @700080080000 (indirect, esz 8, psz 64K, shr 1)
Mar 27 03:06:51 node-1.domain.tld kernel: ITS@0x0000700022080000: allocated 32768 Interrupt Collections @700080090000 (flat, esz 2, psz 64K, shr 1)
Mar 27 03:06:51 node-1.domain.tld kernel: ITS [mem 0x7000220a0000-0x7000220bffff]
Mar 27 03:06:51 node-1.domain.tld kernel: ITS@0x00007000220a0000: allocated 8192 Devices @7000800b0000 (indirect, esz 8, psz 64K, shr 1)
Mar 27 03:06:51 node-1.domain.tld kernel: ITS@0x00007000220a0000: allocated 32768 Interrupt Collections @7000800c0000 (flat, esz 2, psz 64K, shr 1)
Mar 27 03:06:51 node-1.domain.tld kernel: GICv3: using LPI property table @0x0000010000be0000
Mar 27 03:06:51 node-1.domain.tld kernel: GICv3: CPU0: using allocated LPI pending table @0x0000010000c00000
Mar 27 03:06:51 node-1.domain.tld kernel: arch_timer: cp15 timer(s) running at 1000.00MHz (phys).
Mar 27 03:06:51 node-1.domain.tld kernel: clocksource: arch_sys_counter: mask: 0xffffffffffffff max_cycles: 0x1cd42e4dffb, max_idle_ns: 881590591483 ns
Mar 27 03:06:51 node-1.domain.tld kernel: sched_clock: 56 bits at 1000MHz, resolution 1ns, wraps every 4398046511103ns
Mar 27 03:06:51 node-1.domain.tld kernel: Console: colour dummy device 80x25
Mar 27 03:06:51 node-1.domain.tld kernel: printk: console [tty0] enabled
Mar 27 03:06:51 node-1.domain.tld kernel: mempolicy: Enabling automatic NUMA balancing. Configure with numa_balancing= or the kernel.numa_balancing sysctl
Mar 27 03:06:51 node-1.domain.tld kernel: ACPI: Core revision 20210604
Mar 27 03:06:51 node-1.domain.tld kernel: Calibrating delay loop (skipped), value calculated using timer frequency.. 2000.00 BogoMIPS (lpj=10000000)
Mar 27 03:06:51 node-1.domain.tld kernel: pid_max: default: 131072 minimum: 1024
Mar 27 03:06:51 node-1.domain.tld kernel: LSM: Security Framework initializing
Mar 27 03:06:51 node-1.domain.tld kernel: Yama: becoming mindful.
Mar 27 03:06:51 node-1.domain.tld kernel: SELinux:  Initializing.
Mar 27 03:06:51 node-1.domain.tld kernel: LSM support for eBPF active
Mar 27 03:06:51 node-1.domain.tld kernel: Dentry cache hash table entries: 16777216 (order: 11, 134217728 bytes, vmalloc)
Mar 27 03:06:51 node-1.domain.tld kernel: Inode-cache hash table entries: 8388608 (order: 10, 67108864 bytes, vmalloc)
Mar 27 03:06:51 node-1.domain.tld kernel: Mount-cache hash table entries: 262144 (order: 5, 2097152 bytes, vmalloc)
Mar 27 03:06:51 node-1.domain.tld kernel: Mountpoint-cache hash table entries: 262144 (order: 5, 2097152 bytes, vmalloc)
Mar 27 03:06:51 node-1.domain.tld kernel: ASID allocator initialised with 32768 entries
Mar 27 03:06:51 node-1.domain.tld kernel: rcu: Hierarchical SRCU implementation.
Mar 27 03:06:51 node-1.domain.tld kernel: Platform MSI: ITS@0x22040000 domain created
Mar 27 03:06:51 node-1.domain.tld kernel: Platform MSI: ITS@0x22060000 domain created
Mar 27 03:06:51 node-1.domain.tld kernel: Platform MSI: ITS@0x22080000 domain created
Mar 27 03:06:51 node-1.domain.tld kernel: Platform MSI: ITS@0x220a0000 domain created
Mar 27 03:06:51 node-1.domain.tld kernel: Platform MSI: ITS@0x100022040000 domain created
Mar 27 03:06:51 node-1.domain.tld kernel: Platform MSI: ITS@0x100022060000 domain created
Mar 27 03:06:51 node-1.domain.tld kernel: Platform MSI: ITS@0x100022080000 domain created
Mar 27 03:06:51 node-1.domain.tld kernel: Platform MSI: ITS@0x1000220a0000 domain created
Mar 27 03:06:51 node-1.domain.tld kernel: Platform MSI: ITS@0x200022040000 domain created
Mar 27 03:06:51 node-1.domain.tld kernel: Platform MSI: ITS@0x200022060000 domain created
Mar 27 03:06:51 node-1.domain.tld kernel: Platform MSI: ITS@0x200022080000 domain created
Mar 27 03:06:51 node-1.domain.tld kernel: Platform MSI: ITS@0x2000220a0000 domain created
Mar 27 03:06:51 node-1.domain.tld kernel: Platform MSI: ITS@0x300022040000 domain created
Mar 27 03:06:51 node-1.domain.tld kernel: Platform MSI: ITS@0x300022060000 domain created
Mar 27 03:06:51 node-1.domain.tld kernel: Platform MSI: ITS@0x300022080000 domain created
Mar 27 03:06:51 node-1.domain.tld kernel: Platform MSI: ITS@0x3000220a0000 domain created
Mar 27 03:06:51 node-1.domain.tld kernel: Platform MSI: ITS@0x400022040000 domain created
Mar 27 03:06:51 node-1.domain.tld kernel: Platform MSI: ITS@0x400022060000 domain created
Mar 27 03:06:51 node-1.domain.tld kernel: Platform MSI: ITS@0x400022080000 domain created
Mar 27 03:06:51 node-1.domain.tld kernel: Platform MSI: ITS@0x4000220a0000 domain created
Mar 27 03:06:51 node-1.domain.tld kernel: Platform MSI: ITS@0x500022040000 domain created
Mar 27 03:06:51 node-1.domain.tld kernel: Platform MSI: ITS@0x500022060000 domain created
Mar 27 03:06:51 node-1.domain.tld kernel: Platform MSI: ITS@0x500022080000 domain created
Mar 27 03:06:51 node-1.domain.tld kernel: Platform MSI: ITS@0x5000220a0000 domain created
Mar 27 03:06:51 node-1.domain.tld kernel: Platform MSI: ITS@0x600022040000 domain created
Mar 27 03:06:51 node-1.domain.tld kernel: Platform MSI: ITS@0x600022060000 domain created
Mar 27 03:06:51 node-1.domain.tld kernel: Platform MSI: ITS@0x600022080000 domain created
Mar 27 03:06:51 node-1.domain.tld kernel: Platform MSI: ITS@0x6000220a0000 domain created
Mar 27 03:06:51 node-1.domain.tld kernel: Platform MSI: ITS@0x700022040000 domain created
Mar 27 03:06:51 node-1.domain.tld kernel: Platform MSI: ITS@0x700022060000 domain created
Mar 27 03:06:51 node-1.domain.tld kernel: Platform MSI: ITS@0x700022080000 domain created
Mar 27 03:06:51 node-1.domain.tld kernel: Platform MSI: ITS@0x7000220a0000 domain created
Mar 27 03:06:51 node-1.domain.tld kernel: PCI/MSI: ITS@0x22040000 domain created
Mar 27 03:06:51 node-1.domain.tld kernel: PCI/MSI: ITS@0x22060000 domain created
Mar 27 03:06:51 node-1.domain.tld kernel: PCI/MSI: ITS@0x22080000 domain created
Mar 27 03:06:51 node-1.domain.tld kernel: PCI/MSI: ITS@0x220a0000 domain created
Mar 27 03:06:51 node-1.domain.tld kernel: PCI/MSI: ITS@0x100022040000 domain created
Mar 27 03:06:51 node-1.domain.tld kernel: PCI/MSI: ITS@0x100022060000 domain created
Mar 27 03:06:51 node-1.domain.tld kernel: PCI/MSI: ITS@0x100022080000 domain created
Mar 27 03:06:51 node-1.domain.tld kernel: PCI/MSI: ITS@0x1000220a0000 domain created
Mar 27 03:06:51 node-1.domain.tld kernel: PCI/MSI: ITS@0x200022040000 domain created
Mar 27 03:06:51 node-1.domain.tld kernel: PCI/MSI: ITS@0x200022060000 domain created
Mar 27 03:06:51 node-1.domain.tld kernel: PCI/MSI: ITS@0x200022080000 domain created
Mar 27 03:06:51 node-1.domain.tld kernel: PCI/MSI: ITS@0x2000220a0000 domain created
Mar 27 03:06:51 node-1.domain.tld kernel: PCI/MSI: ITS@0x300022040000 domain created
Mar 27 03:06:51 node-1.domain.tld kernel: PCI/MSI: ITS@0x300022060000 domain created
Mar 27 03:06:51 node-1.domain.tld kernel: PCI/MSI: ITS@0x300022080000 domain created
Mar 27 03:06:51 node-1.domain.tld kernel: PCI/MSI: ITS@0x3000220a0000 domain created
Mar 27 03:06:51 node-1.domain.tld kernel: PCI/MSI: ITS@0x400022040000 domain created
Mar 27 03:06:51 node-1.domain.tld kernel: PCI/MSI: ITS@0x400022060000 domain created
Mar 27 03:06:51 node-1.domain.tld kernel: PCI/MSI: ITS@0x400022080000 domain created
Mar 27 03:06:51 node-1.domain.tld kernel: PCI/MSI: ITS@0x4000220a0000 domain created
Mar 27 03:06:51 node-1.domain.tld kernel: PCI/MSI: ITS@0x500022040000 domain created
Mar 27 03:06:51 node-1.domain.tld kernel: PCI/MSI: ITS@0x500022060000 domain created
Mar 27 03:06:51 node-1.domain.tld kernel: PCI/MSI: ITS@0x500022080000 domain created
Mar 27 03:06:51 node-1.domain.tld kernel: PCI/MSI: ITS@0x5000220a0000 domain created
Mar 27 03:06:51 node-1.domain.tld kernel: PCI/MSI: ITS@0x600022040000 domain created
Mar 27 03:06:51 node-1.domain.tld kernel: PCI/MSI: ITS@0x600022060000 domain created
Mar 27 03:06:51 node-1.domain.tld kernel: PCI/MSI: ITS@0x600022080000 domain created
Mar 27 03:06:51 node-1.domain.tld kernel: PCI/MSI: ITS@0x6000220a0000 domain created
Mar 27 03:06:51 node-1.domain.tld kernel: PCI/MSI: ITS@0x700022040000 domain created
Mar 27 03:06:51 node-1.domain.tld kernel: PCI/MSI: ITS@0x700022060000 domain created
Mar 27 03:06:51 node-1.domain.tld kernel: PCI/MSI: ITS@0x700022080000 domain created
Mar 27 03:06:51 node-1.domain.tld kernel: PCI/MSI: ITS@0x7000220a0000 domain created
Mar 27 03:06:51 node-1.domain.tld kernel: Remapping and enabling EFI services.
Mar 27 03:06:51 node-1.domain.tld kernel: smp: Bringing up secondary CPUs ...
Mar 27 03:06:51 node-1.domain.tld kernel: Detected PIPT I-cache on CPU1
Mar 27 03:06:51 node-1.domain.tld kernel: GICv3: CPU1: found redistributor 10000 region 1:0x00000000220e0000
Mar 27 03:06:51 node-1.domain.tld kernel: GICv3: CPU1: using allocated LPI pending table @0x0000010000c10000
Mar 27 03:06:51 node-1.domain.tld kernel: CPU1: Booted secondary processor 0x0000010000 [0x700f8620]
Mar 27 03:06:51 node-1.domain.tld kernel: Detected PIPT I-cache on CPU2
Mar 27 03:06:51 node-1.domain.tld kernel: GICv3: CPU2: found redistributor 20000 region 2:0x0000000022100000
Mar 27 03:06:51 node-1.domain.tld kernel: GICv3: CPU2: using allocated LPI pending table @0x0000010000c20000
Mar 27 03:06:51 node-1.domain.tld kernel: CPU2: Booted secondary processor 0x0000020000 [0x700f8620]
Mar 27 03:06:51 node-1.domain.tld kernel: Detected PIPT I-cache on CPU3
Mar 27 03:06:51 node-1.domain.tld kernel: GICv3: CPU3: found redistributor 30000 region 3:0x0000000022120000
Mar 27 03:06:51 node-1.domain.tld kernel: GICv3: CPU3: using allocated LPI pending table @0x0000010000c30000
Mar 27 03:06:51 node-1.domain.tld kernel: CPU3: Booted secondary processor 0x0000030000 [0x700f8620]
Mar 27 03:06:51 node-1.domain.tld kernel: Detected PIPT I-cache on CPU4
Mar 27 03:06:51 node-1.domain.tld kernel: GICv3: CPU4: found redistributor 40000 region 4:0x0000000022140000
Mar 27 03:06:51 node-1.domain.tld kernel: GICv3: CPU4: using allocated LPI pending table @0x0000010000c40000
Mar 27 03:06:51 node-1.domain.tld kernel: CPU4: Booted secondary processor 0x0000040000 [0x700f8620]
Mar 27 03:06:51 node-1.domain.tld kernel: Detected PIPT I-cache on CPU5
Mar 27 03:06:51 node-1.domain.tld kernel: GICv3: CPU5: found redistributor 50000 region 5:0x0000000022160000
Mar 27 03:06:51 node-1.domain.tld kernel: GICv3: CPU5: using allocated LPI pending table @0x0000010000c50000
Mar 27 03:06:51 node-1.domain.tld kernel: CPU5: Booted secondary processor 0x0000050000 [0x700f8620]
Mar 27 03:06:51 node-1.domain.tld kernel: Detected PIPT I-cache on CPU6
Mar 27 03:06:51 node-1.domain.tld kernel: GICv3: CPU6: found redistributor 60000 region 6:0x0000000022180000
Mar 27 03:06:51 node-1.domain.tld kernel: GICv3: CPU6: using allocated LPI pending table @0x0000010000c60000
Mar 27 03:06:51 node-1.domain.tld kernel: CPU6: Booted secondary processor 0x0000060000 [0x700f8620]
Mar 27 03:06:51 node-1.domain.tld kernel: Detected PIPT I-cache on CPU7
Mar 27 03:06:51 node-1.domain.tld kernel: GICv3: CPU7: found redistributor 70000 region 7:0x00000000221a0000
Mar 27 03:06:51 node-1.domain.tld kernel: GICv3: CPU7: using allocated LPI pending table @0x0000010000c70000
Mar 27 03:06:51 node-1.domain.tld kernel: CPU7: Booted secondary processor 0x0000070000 [0x700f8620]
Mar 27 03:06:51 node-1.domain.tld kernel: Detected PIPT I-cache on CPU8
Mar 27 03:06:51 node-1.domain.tld kernel: GICv3: CPU8: found redistributor 80000 region 8:0x00000000221c0000
Mar 27 03:06:51 node-1.domain.tld kernel: GICv3: CPU8: using allocated LPI pending table @0x0000010000c80000
Mar 27 03:06:51 node-1.domain.tld kernel: CPU8: Booted secondary processor 0x0000080000 [0x700f8620]
Mar 27 03:06:51 node-1.domain.tld kernel: Detected PIPT I-cache on CPU9
Mar 27 03:06:51 node-1.domain.tld kernel: GICv3: CPU9: found redistributor 90000 region 9:0x00000000221e0000
Mar 27 03:06:51 node-1.domain.tld kernel: GICv3: CPU9: using allocated LPI pending table @0x0000010000c90000
Mar 27 03:06:51 node-1.domain.tld kernel: CPU9: Booted secondary processor 0x0000090000 [0x700f8620]
Mar 27 03:06:51 node-1.domain.tld kernel: Detected PIPT I-cache on CPU10
Mar 27 03:06:51 node-1.domain.tld kernel: GICv3: CPU10: found redistributor a0000 region 10:0x0000000022200000
Mar 27 03:06:51 node-1.domain.tld kernel: GICv3: CPU10: using allocated LPI pending table @0x0000010000ca0000
Mar 27 03:06:51 node-1.domain.tld kernel: CPU10: Booted secondary processor 0x00000a0000 [0x700f8620]
Mar 27 03:06:51 node-1.domain.tld kernel: Detected PIPT I-cache on CPU11
Mar 27 03:06:51 node-1.domain.tld kernel: GICv3: CPU11: found redistributor b0000 region 11:0x0000000022220000
Mar 27 03:06:51 node-1.domain.tld kernel: GICv3: CPU11: using allocated LPI pending table @0x0000010000cb0000
Mar 27 03:06:51 node-1.domain.tld kernel: CPU11: Booted secondary processor 0x00000b0000 [0x700f8620]
Mar 27 03:06:51 node-1.domain.tld kernel: Detected PIPT I-cache on CPU12
Mar 27 03:06:51 node-1.domain.tld kernel: GICv3: CPU12: found redistributor c0000 region 12:0x0000000022240000
Mar 27 03:06:51 node-1.domain.tld kernel: GICv3: CPU12: using allocated LPI pending table @0x0000010000cc0000
Mar 27 03:06:51 node-1.domain.tld kernel: CPU12: Booted secondary processor 0x00000c0000 [0x700f8620]
Mar 27 03:06:51 node-1.domain.tld kernel: Detected PIPT I-cache on CPU13
Mar 27 03:06:51 node-1.domain.tld kernel: GICv3: CPU13: found redistributor d0000 region 13:0x0000000022260000
Mar 27 03:06:51 node-1.domain.tld kernel: GICv3: CPU13: using allocated LPI pending table @0x0000010000cd0000
Mar 27 03:06:51 node-1.domain.tld kernel: CPU13: Booted secondary processor 0x00000d0000 [0x700f8620]
Mar 27 03:06:51 node-1.domain.tld kernel: Detected PIPT I-cache on CPU14
Mar 27 03:06:51 node-1.domain.tld kernel: GICv3: CPU14: found redistributor e0000 region 14:0x0000000022280000
Mar 27 03:06:51 node-1.domain.tld kernel: GICv3: CPU14: using allocated LPI pending table @0x0000010000ce0000
Mar 27 03:06:51 node-1.domain.tld kernel: CPU14: Booted secondary processor 0x00000e0000 [0x700f8620]
Mar 27 03:06:51 node-1.domain.tld kernel: Detected PIPT I-cache on CPU15
Mar 27 03:06:51 node-1.domain.tld kernel: GICv3: CPU15: found redistributor f0000 region 15:0x00000000222a0000
Mar 27 03:06:51 node-1.domain.tld kernel: GICv3: CPU15: using allocated LPI pending table @0x0000010000cf0000
Mar 27 03:06:51 node-1.domain.tld kernel: CPU15: Booted secondary processor 0x00000f0000 [0x700f8620]
Mar 27 03:06:51 node-1.domain.tld kernel: Detected PIPT I-cache on CPU16
Mar 27 03:06:51 node-1.domain.tld kernel: GICv3: CPU16: found redistributor 100000000 region 16:0x00001000220c0000
Mar 27 03:06:51 node-1.domain.tld kernel: GICv3: CPU16: using allocated LPI pending table @0x0000010000d00000
Mar 27 03:06:51 node-1.domain.tld kernel: CPU16: Booted secondary processor 0x0100000000 [0x700f8620]
Mar 27 03:06:51 node-1.domain.tld kernel: Detected PIPT I-cache on CPU17
Mar 27 03:06:51 node-1.domain.tld kernel: GICv3: CPU17: found redistributor 100010000 region 17:0x00001000220e0000
Mar 27 03:06:51 node-1.domain.tld kernel: GICv3: CPU17: using allocated LPI pending table @0x0000010000d10000
Mar 27 03:06:51 node-1.domain.tld kernel: CPU17: Booted secondary processor 0x0100010000 [0x700f8620]
Mar 27 03:06:51 node-1.domain.tld kernel: Detected PIPT I-cache on CPU18
Mar 27 03:06:51 node-1.domain.tld kernel: GICv3: CPU18: found redistributor 100020000 region 18:0x0000100022100000
Mar 27 03:06:51 node-1.domain.tld kernel: GICv3: CPU18: using allocated LPI pending table @0x0000010000d20000
Mar 27 03:06:51 node-1.domain.tld kernel: CPU18: Booted secondary processor 0x0100020000 [0x700f8620]
Mar 27 03:06:51 node-1.domain.tld kernel: Detected PIPT I-cache on CPU19
Mar 27 03:06:51 node-1.domain.tld kernel: GICv3: CPU19: found redistributor 100030000 region 19:0x0000100022120000
Mar 27 03:06:51 node-1.domain.tld kernel: GICv3: CPU19: using allocated LPI pending table @0x0000010000d30000
Mar 27 03:06:51 node-1.domain.tld kernel: CPU19: Booted secondary processor 0x0100030000 [0x700f8620]
Mar 27 03:06:51 node-1.domain.tld kernel: Detected PIPT I-cache on CPU20
Mar 27 03:06:51 node-1.domain.tld kernel: GICv3: CPU20: found redistributor 100040000 region 20:0x0000100022140000
Mar 27 03:06:51 node-1.domain.tld kernel: GICv3: CPU20: using allocated LPI pending table @0x0000010000d40000
Mar 27 03:06:51 node-1.domain.tld kernel: CPU20: Booted secondary processor 0x0100040000 [0x700f8620]
Mar 27 03:06:51 node-1.domain.tld kernel: Detected PIPT I-cache on CPU21
Mar 27 03:06:51 node-1.domain.tld kernel: GICv3: CPU21: found redistributor 100050000 region 21:0x0000100022160000
Mar 27 03:06:51 node-1.domain.tld kernel: GICv3: CPU21: using allocated LPI pending table @0x0000010000d50000
Mar 27 03:06:51 node-1.domain.tld kernel: CPU21: Booted secondary processor 0x0100050000 [0x700f8620]
Mar 27 03:06:51 node-1.domain.tld kernel: Detected PIPT I-cache on CPU22
Mar 27 03:06:51 node-1.domain.tld kernel: GICv3: CPU22: found redistributor 100060000 region 22:0x0000100022180000
Mar 27 03:06:51 node-1.domain.tld kernel: GICv3: CPU22: using allocated LPI pending table @0x0000010000d60000
Mar 27 03:06:51 node-1.domain.tld kernel: CPU22: Booted secondary processor 0x0100060000 [0x700f8620]
Mar 27 03:06:51 node-1.domain.tld kernel: Detected PIPT I-cache on CPU23
Mar 27 03:06:51 node-1.domain.tld kernel: GICv3: CPU23: found redistributor 100070000 region 23:0x00001000221a0000
Mar 27 03:06:51 node-1.domain.tld kernel: GICv3: CPU23: using allocated LPI pending table @0x0000010000d70000
Mar 27 03:06:51 node-1.domain.tld kernel: CPU23: Booted secondary processor 0x0100070000 [0x700f8620]
Mar 27 03:06:51 node-1.domain.tld kernel: Detected PIPT I-cache on CPU24
Mar 27 03:06:51 node-1.domain.tld kernel: GICv3: CPU24: found redistributor 100080000 region 24:0x00001000221c0000
Mar 27 03:06:51 node-1.domain.tld kernel: GICv3: CPU24: using allocated LPI pending table @0x0000010000d80000
Mar 27 03:06:51 node-1.domain.tld kernel: CPU24: Booted secondary processor 0x0100080000 [0x700f8620]
Mar 27 03:06:51 node-1.domain.tld kernel: Detected PIPT I-cache on CPU25
Mar 27 03:06:51 node-1.domain.tld kernel: GICv3: CPU25: found redistributor 100090000 region 25:0x00001000221e0000
Mar 27 03:06:51 node-1.domain.tld kernel: GICv3: CPU25: using allocated LPI pending table @0x0000010000d90000
Mar 27 03:06:51 node-1.domain.tld kernel: CPU25: Booted secondary processor 0x0100090000 [0x700f8620]
Mar 27 03:06:51 node-1.domain.tld kernel: Detected PIPT I-cache on CPU26
Mar 27 03:06:51 node-1.domain.tld kernel: GICv3: CPU26: found redistributor 1000a0000 region 26:0x0000100022200000
Mar 27 03:06:51 node-1.domain.tld kernel: GICv3: CPU26: using allocated LPI pending table @0x0000010000da0000
Mar 27 03:06:51 node-1.domain.tld kernel: CPU26: Booted secondary processor 0x01000a0000 [0x700f8620]
Mar 27 03:06:51 node-1.domain.tld kernel: Detected PIPT I-cache on CPU27
Mar 27 03:06:51 node-1.domain.tld kernel: GICv3: CPU27: found redistributor 1000b0000 region 27:0x0000100022220000
Mar 27 03:06:51 node-1.domain.tld kernel: GICv3: CPU27: using allocated LPI pending table @0x0000010000db0000
Mar 27 03:06:51 node-1.domain.tld kernel: CPU27: Booted secondary processor 0x01000b0000 [0x700f8620]
Mar 27 03:06:51 node-1.domain.tld kernel: Detected PIPT I-cache on CPU28
Mar 27 03:06:51 node-1.domain.tld kernel: GICv3: CPU28: found redistributor 1000c0000 region 28:0x0000100022240000
Mar 27 03:06:51 node-1.domain.tld kernel: GICv3: CPU28: using allocated LPI pending table @0x0000010000dc0000
Mar 27 03:06:51 node-1.domain.tld kernel: CPU28: Booted secondary processor 0x01000c0000 [0x700f8620]
Mar 27 03:06:51 node-1.domain.tld kernel: Detected PIPT I-cache on CPU29
Mar 27 03:06:51 node-1.domain.tld kernel: GICv3: CPU29: found redistributor 1000d0000 region 29:0x0000100022260000
Mar 27 03:06:51 node-1.domain.tld kernel: GICv3: CPU29: using allocated LPI pending table @0x0000010000dd0000
Mar 27 03:06:51 node-1.domain.tld kernel: CPU29: Booted secondary processor 0x01000d0000 [0x700f8620]
Mar 27 03:06:51 node-1.domain.tld kernel: Detected PIPT I-cache on CPU30
Mar 27 03:06:51 node-1.domain.tld kernel: GICv3: CPU30: found redistributor 1000e0000 region 30:0x0000100022280000
Mar 27 03:06:51 node-1.domain.tld kernel: GICv3: CPU30: using allocated LPI pending table @0x0000010000de0000
Mar 27 03:06:51 node-1.domain.tld kernel: CPU30: Booted secondary processor 0x01000e0000 [0x700f8620]
Mar 27 03:06:51 node-1.domain.tld kernel: Detected PIPT I-cache on CPU31
Mar 27 03:06:51 node-1.domain.tld kernel: GICv3: CPU31: found redistributor 1000f0000 region 31:0x00001000222a0000
Mar 27 03:06:51 node-1.domain.tld kernel: GICv3: CPU31: using allocated LPI pending table @0x0000010000df0000
Mar 27 03:06:51 node-1.domain.tld kernel: CPU31: Booted secondary processor 0x01000f0000 [0x700f8620]
Mar 27 03:06:51 node-1.domain.tld kernel: Detected PIPT I-cache on CPU32
Mar 27 03:06:51 node-1.domain.tld kernel: GICv3: CPU32: found redistributor 200000000 region 32:0x00002000220c0000
Mar 27 03:06:51 node-1.domain.tld kernel: GICv3: CPU32: using allocated LPI pending table @0x0000010000e00000
Mar 27 03:06:51 node-1.domain.tld kernel: CPU32: Booted secondary processor 0x0200000000 [0x700f8620]
Mar 27 03:06:51 node-1.domain.tld kernel: Detected PIPT I-cache on CPU33
Mar 27 03:06:51 node-1.domain.tld kernel: GICv3: CPU33: found redistributor 200010000 region 33:0x00002000220e0000
Mar 27 03:06:51 node-1.domain.tld kernel: GICv3: CPU33: using allocated LPI pending table @0x0000010000e10000
Mar 27 03:06:51 node-1.domain.tld kernel: CPU33: Booted secondary processor 0x0200010000 [0x700f8620]
Mar 27 03:06:51 node-1.domain.tld kernel: Detected PIPT I-cache on CPU34
Mar 27 03:06:51 node-1.domain.tld kernel: GICv3: CPU34: found redistributor 200020000 region 34:0x0000200022100000
Mar 27 03:06:51 node-1.domain.tld kernel: GICv3: CPU34: using allocated LPI pending table @0x0000010000e20000
Mar 27 03:06:51 node-1.domain.tld kernel: CPU34: Booted secondary processor 0x0200020000 [0x700f8620]
Mar 27 03:06:51 node-1.domain.tld kernel: Detected PIPT I-cache on CPU35
Mar 27 03:06:51 node-1.domain.tld kernel: GICv3: CPU35: found redistributor 200030000 region 35:0x0000200022120000
Mar 27 03:06:51 node-1.domain.tld kernel: GICv3: CPU35: using allocated LPI pending table @0x0000010000e30000
Mar 27 03:06:51 node-1.domain.tld kernel: CPU35: Booted secondary processor 0x0200030000 [0x700f8620]
Mar 27 03:06:51 node-1.domain.tld kernel: Detected PIPT I-cache on CPU36
Mar 27 03:06:51 node-1.domain.tld kernel: GICv3: CPU36: found redistributor 200040000 region 36:0x0000200022140000
Mar 27 03:06:51 node-1.domain.tld kernel: GICv3: CPU36: using allocated LPI pending table @0x0000010000e40000
Mar 27 03:06:51 node-1.domain.tld kernel: CPU36: Booted secondary processor 0x0200040000 [0x700f8620]
Mar 27 03:06:51 node-1.domain.tld kernel: Detected PIPT I-cache on CPU37
Mar 27 03:06:51 node-1.domain.tld kernel: GICv3: CPU37: found redistributor 200050000 region 37:0x0000200022160000
Mar 27 03:06:51 node-1.domain.tld kernel: GICv3: CPU37: using allocated LPI pending table @0x0000010000e50000
Mar 27 03:06:51 node-1.domain.tld kernel: CPU37: Booted secondary processor 0x0200050000 [0x700f8620]
Mar 27 03:06:51 node-1.domain.tld kernel: Detected PIPT I-cache on CPU38
Mar 27 03:06:51 node-1.domain.tld kernel: GICv3: CPU38: found redistributor 200060000 region 38:0x0000200022180000
Mar 27 03:06:51 node-1.domain.tld kernel: GICv3: CPU38: using allocated LPI pending table @0x0000010000e60000
Mar 27 03:06:51 node-1.domain.tld kernel: CPU38: Booted secondary processor 0x0200060000 [0x700f8620]
Mar 27 03:06:51 node-1.domain.tld kernel: Detected PIPT I-cache on CPU39
Mar 27 03:06:51 node-1.domain.tld kernel: GICv3: CPU39: found redistributor 200070000 region 39:0x00002000221a0000
Mar 27 03:06:51 node-1.domain.tld kernel: GICv3: CPU39: using allocated LPI pending table @0x0000010000e70000
Mar 27 03:06:51 node-1.domain.tld kernel: CPU39: Booted secondary processor 0x0200070000 [0x700f8620]
Mar 27 03:06:51 node-1.domain.tld kernel: Detected PIPT I-cache on CPU40
Mar 27 03:06:51 node-1.domain.tld kernel: GICv3: CPU40: found redistributor 200080000 region 40:0x00002000221c0000
Mar 27 03:06:51 node-1.domain.tld kernel: GICv3: CPU40: using allocated LPI pending table @0x0000010000e80000
Mar 27 03:06:51 node-1.domain.tld kernel: CPU40: Booted secondary processor 0x0200080000 [0x700f8620]
Mar 27 03:06:51 node-1.domain.tld kernel: Detected PIPT I-cache on CPU41
Mar 27 03:06:51 node-1.domain.tld kernel: GICv3: CPU41: found redistributor 200090000 region 41:0x00002000221e0000
Mar 27 03:06:51 node-1.domain.tld kernel: GICv3: CPU41: using allocated LPI pending table @0x0000010000e90000
Mar 27 03:06:51 node-1.domain.tld kernel: CPU41: Booted secondary processor 0x0200090000 [0x700f8620]
Mar 27 03:06:51 node-1.domain.tld kernel: Detected PIPT I-cache on CPU42
Mar 27 03:06:51 node-1.domain.tld kernel: GICv3: CPU42: found redistributor 2000a0000 region 42:0x0000200022200000
Mar 27 03:06:51 node-1.domain.tld kernel: GICv3: CPU42: using allocated LPI pending table @0x0000010000ea0000
Mar 27 03:06:51 node-1.domain.tld kernel: CPU42: Booted secondary processor 0x02000a0000 [0x700f8620]
Mar 27 03:06:51 node-1.domain.tld kernel: Detected PIPT I-cache on CPU43
Mar 27 03:06:51 node-1.domain.tld kernel: GICv3: CPU43: found redistributor 2000b0000 region 43:0x0000200022220000
Mar 27 03:06:51 node-1.domain.tld kernel: GICv3: CPU43: using allocated LPI pending table @0x0000010000eb0000
Mar 27 03:06:51 node-1.domain.tld kernel: CPU43: Booted secondary processor 0x02000b0000 [0x700f8620]
Mar 27 03:06:51 node-1.domain.tld kernel: Detected PIPT I-cache on CPU44
Mar 27 03:06:51 node-1.domain.tld kernel: GICv3: CPU44: found redistributor 2000c0000 region 44:0x0000200022240000
Mar 27 03:06:51 node-1.domain.tld kernel: GICv3: CPU44: using allocated LPI pending table @0x0000010000ec0000
Mar 27 03:06:51 node-1.domain.tld kernel: CPU44: Booted secondary processor 0x02000c0000 [0x700f8620]
Mar 27 03:06:51 node-1.domain.tld kernel: Detected PIPT I-cache on CPU45
Mar 27 03:06:51 node-1.domain.tld kernel: GICv3: CPU45: found redistributor 2000d0000 region 45:0x0000200022260000
Mar 27 03:06:51 node-1.domain.tld kernel: GICv3: CPU45: using allocated LPI pending table @0x0000010000ed0000
Mar 27 03:06:51 node-1.domain.tld kernel: CPU45: Booted secondary processor 0x02000d0000 [0x700f8620]
Mar 27 03:06:51 node-1.domain.tld kernel: Detected PIPT I-cache on CPU46
Mar 27 03:06:51 node-1.domain.tld kernel: GICv3: CPU46: found redistributor 2000e0000 region 46:0x0000200022280000
Mar 27 03:06:51 node-1.domain.tld kernel: GICv3: CPU46: using allocated LPI pending table @0x0000010000ee0000
Mar 27 03:06:51 node-1.domain.tld kernel: CPU46: Booted secondary processor 0x02000e0000 [0x700f8620]
Mar 27 03:06:51 node-1.domain.tld kernel: Detected PIPT I-cache on CPU47
Mar 27 03:06:51 node-1.domain.tld kernel: GICv3: CPU47: found redistributor 2000f0000 region 47:0x00002000222a0000
Mar 27 03:06:51 node-1.domain.tld kernel: GICv3: CPU47: using allocated LPI pending table @0x0000010000ef0000
Mar 27 03:06:51 node-1.domain.tld kernel: CPU47: Booted secondary processor 0x02000f0000 [0x700f8620]
Mar 27 03:06:51 node-1.domain.tld kernel: Detected PIPT I-cache on CPU48
Mar 27 03:06:51 node-1.domain.tld kernel: GICv3: CPU48: found redistributor 300000000 region 48:0x00003000220c0000
Mar 27 03:06:51 node-1.domain.tld kernel: GICv3: CPU48: using allocated LPI pending table @0x0000010000f00000
Mar 27 03:06:51 node-1.domain.tld kernel: CPU48: Booted secondary processor 0x0300000000 [0x700f8620]
Mar 27 03:06:51 node-1.domain.tld kernel: Detected PIPT I-cache on CPU49
Mar 27 03:06:51 node-1.domain.tld kernel: GICv3: CPU49: found redistributor 300010000 region 49:0x00003000220e0000
Mar 27 03:06:51 node-1.domain.tld kernel: GICv3: CPU49: using allocated LPI pending table @0x0000010000f10000
Mar 27 03:06:51 node-1.domain.tld kernel: CPU49: Booted secondary processor 0x0300010000 [0x700f8620]
Mar 27 03:06:51 node-1.domain.tld kernel: Detected PIPT I-cache on CPU50
Mar 27 03:06:51 node-1.domain.tld kernel: GICv3: CPU50: found redistributor 300020000 region 50:0x0000300022100000
Mar 27 03:06:51 node-1.domain.tld kernel: GICv3: CPU50: using allocated LPI pending table @0x0000010000f20000
Mar 27 03:06:51 node-1.domain.tld kernel: CPU50: Booted secondary processor 0x0300020000 [0x700f8620]
Mar 27 03:06:51 node-1.domain.tld kernel: Detected PIPT I-cache on CPU51
Mar 27 03:06:51 node-1.domain.tld kernel: GICv3: CPU51: found redistributor 300030000 region 51:0x0000300022120000
Mar 27 03:06:51 node-1.domain.tld kernel: GICv3: CPU51: using allocated LPI pending table @0x0000010000f30000
Mar 27 03:06:51 node-1.domain.tld kernel: CPU51: Booted secondary processor 0x0300030000 [0x700f8620]
Mar 27 03:06:51 node-1.domain.tld kernel: Detected PIPT I-cache on CPU52
Mar 27 03:06:51 node-1.domain.tld kernel: GICv3: CPU52: found redistributor 300040000 region 52:0x0000300022140000
Mar 27 03:06:51 node-1.domain.tld kernel: GICv3: CPU52: using allocated LPI pending table @0x0000010000f40000
Mar 27 03:06:51 node-1.domain.tld kernel: CPU52: Booted secondary processor 0x0300040000 [0x700f8620]
Mar 27 03:06:51 node-1.domain.tld kernel: Detected PIPT I-cache on CPU53
Mar 27 03:06:51 node-1.domain.tld kernel: GICv3: CPU53: found redistributor 300050000 region 53:0x0000300022160000
Mar 27 03:06:51 node-1.domain.tld kernel: GICv3: CPU53: using allocated LPI pending table @0x0000010000f50000
Mar 27 03:06:51 node-1.domain.tld kernel: CPU53: Booted secondary processor 0x0300050000 [0x700f8620]
Mar 27 03:06:51 node-1.domain.tld kernel: Detected PIPT I-cache on CPU54
Mar 27 03:06:51 node-1.domain.tld kernel: GICv3: CPU54: found redistributor 300060000 region 54:0x0000300022180000
Mar 27 03:06:51 node-1.domain.tld kernel: GICv3: CPU54: using allocated LPI pending table @0x0000010000f60000
Mar 27 03:06:51 node-1.domain.tld kernel: CPU54: Booted secondary processor 0x0300060000 [0x700f8620]
Mar 27 03:06:51 node-1.domain.tld kernel: Detected PIPT I-cache on CPU55
Mar 27 03:06:51 node-1.domain.tld kernel: GICv3: CPU55: found redistributor 300070000 region 55:0x00003000221a0000
Mar 27 03:06:51 node-1.domain.tld kernel: GICv3: CPU55: using allocated LPI pending table @0x0000010000f70000
Mar 27 03:06:51 node-1.domain.tld kernel: CPU55: Booted secondary processor 0x0300070000 [0x700f8620]
Mar 27 03:06:51 node-1.domain.tld kernel: Detected PIPT I-cache on CPU56
Mar 27 03:06:51 node-1.domain.tld kernel: GICv3: CPU56: found redistributor 300080000 region 56:0x00003000221c0000
Mar 27 03:06:51 node-1.domain.tld kernel: GICv3: CPU56: using allocated LPI pending table @0x0000010000f80000
Mar 27 03:06:51 node-1.domain.tld kernel: CPU56: Booted secondary processor 0x0300080000 [0x700f8620]
Mar 27 03:06:51 node-1.domain.tld kernel: Detected PIPT I-cache on CPU57
Mar 27 03:06:51 node-1.domain.tld kernel: GICv3: CPU57: found redistributor 300090000 region 57:0x00003000221e0000
Mar 27 03:06:51 node-1.domain.tld kernel: GICv3: CPU57: using allocated LPI pending table @0x0000010000f90000
Mar 27 03:06:51 node-1.domain.tld kernel: CPU57: Booted secondary processor 0x0300090000 [0x700f8620]
Mar 27 03:06:51 node-1.domain.tld kernel: Detected PIPT I-cache on CPU58
Mar 27 03:06:51 node-1.domain.tld kernel: GICv3: CPU58: found redistributor 3000a0000 region 58:0x0000300022200000
Mar 27 03:06:51 node-1.domain.tld kernel: GICv3: CPU58: using allocated LPI pending table @0x0000010000fa0000
Mar 27 03:06:51 node-1.domain.tld kernel: CPU58: Booted secondary processor 0x03000a0000 [0x700f8620]
Mar 27 03:06:51 node-1.domain.tld kernel: Detected PIPT I-cache on CPU59
Mar 27 03:06:51 node-1.domain.tld kernel: GICv3: CPU59: found redistributor 3000b0000 region 59:0x0000300022220000
Mar 27 03:06:51 node-1.domain.tld kernel: GICv3: CPU59: using allocated LPI pending table @0x0000010000fb0000
Mar 27 03:06:51 node-1.domain.tld kernel: CPU59: Booted secondary processor 0x03000b0000 [0x700f8620]
Mar 27 03:06:51 node-1.domain.tld kernel: Detected PIPT I-cache on CPU60
Mar 27 03:06:51 node-1.domain.tld kernel: GICv3: CPU60: found redistributor 3000c0000 region 60:0x0000300022240000
Mar 27 03:06:51 node-1.domain.tld kernel: GICv3: CPU60: using allocated LPI pending table @0x0000010000fc0000
Mar 27 03:06:51 node-1.domain.tld kernel: CPU60: Booted secondary processor 0x03000c0000 [0x700f8620]
Mar 27 03:06:51 node-1.domain.tld kernel: Detected PIPT I-cache on CPU61
Mar 27 03:06:51 node-1.domain.tld kernel: GICv3: CPU61: found redistributor 3000d0000 region 61:0x0000300022260000
Mar 27 03:06:51 node-1.domain.tld kernel: GICv3: CPU61: using allocated LPI pending table @0x0000010000fd0000
Mar 27 03:06:51 node-1.domain.tld kernel: CPU61: Booted secondary processor 0x03000d0000 [0x700f8620]
Mar 27 03:06:51 node-1.domain.tld kernel: Detected PIPT I-cache on CPU62
Mar 27 03:06:51 node-1.domain.tld kernel: GICv3: CPU62: found redistributor 3000e0000 region 62:0x0000300022280000
Mar 27 03:06:51 node-1.domain.tld kernel: GICv3: CPU62: using allocated LPI pending table @0x0000010000fe0000
Mar 27 03:06:51 node-1.domain.tld kernel: CPU62: Booted secondary processor 0x03000e0000 [0x700f8620]
Mar 27 03:06:51 node-1.domain.tld kernel: Detected PIPT I-cache on CPU63
Mar 27 03:06:51 node-1.domain.tld kernel: GICv3: CPU63: found redistributor 3000f0000 region 63:0x00003000222a0000
Mar 27 03:06:51 node-1.domain.tld kernel: GICv3: CPU63: using allocated LPI pending table @0x0000010000ff0000
Mar 27 03:06:51 node-1.domain.tld kernel: CPU63: Booted secondary processor 0x03000f0000 [0x700f8620]
Mar 27 03:06:51 node-1.domain.tld kernel: Detected PIPT I-cache on CPU64
Mar 27 03:06:51 node-1.domain.tld kernel: GICv3: CPU64: found redistributor 400000000 region 64:0x00004000220c0000
Mar 27 03:06:51 node-1.domain.tld kernel: GICv3: CPU64: using allocated LPI pending table @0x0000010001000000
Mar 27 03:06:51 node-1.domain.tld kernel: CPU64: Booted secondary processor 0x0400000000 [0x700f8620]
Mar 27 03:06:51 node-1.domain.tld kernel: Detected PIPT I-cache on CPU65
Mar 27 03:06:51 node-1.domain.tld kernel: GICv3: CPU65: found redistributor 400010000 region 65:0x00004000220e0000
Mar 27 03:06:51 node-1.domain.tld kernel: GICv3: CPU65: using allocated LPI pending table @0x0000010001010000
Mar 27 03:06:51 node-1.domain.tld kernel: CPU65: Booted secondary processor 0x0400010000 [0x700f8620]
Mar 27 03:06:51 node-1.domain.tld kernel: Detected PIPT I-cache on CPU66
Mar 27 03:06:51 node-1.domain.tld kernel: GICv3: CPU66: found redistributor 400020000 region 66:0x0000400022100000
Mar 27 03:06:51 node-1.domain.tld kernel: GICv3: CPU66: using allocated LPI pending table @0x0000010001020000
Mar 27 03:06:51 node-1.domain.tld kernel: CPU66: Booted secondary processor 0x0400020000 [0x700f8620]
Mar 27 03:06:51 node-1.domain.tld kernel: Detected PIPT I-cache on CPU67
Mar 27 03:06:51 node-1.domain.tld kernel: GICv3: CPU67: found redistributor 400030000 region 67:0x0000400022120000
Mar 27 03:06:51 node-1.domain.tld kernel: GICv3: CPU67: using allocated LPI pending table @0x0000010001030000
Mar 27 03:06:51 node-1.domain.tld kernel: CPU67: Booted secondary processor 0x0400030000 [0x700f8620]
Mar 27 03:06:51 node-1.domain.tld kernel: Detected PIPT I-cache on CPU68
Mar 27 03:06:51 node-1.domain.tld kernel: GICv3: CPU68: found redistributor 400040000 region 68:0x0000400022140000
Mar 27 03:06:51 node-1.domain.tld kernel: GICv3: CPU68: using allocated LPI pending table @0x0000010001040000
Mar 27 03:06:51 node-1.domain.tld kernel: CPU68: Booted secondary processor 0x0400040000 [0x700f8620]
Mar 27 03:06:51 node-1.domain.tld kernel: Detected PIPT I-cache on CPU69
Mar 27 03:06:51 node-1.domain.tld kernel: GICv3: CPU69: found redistributor 400050000 region 69:0x0000400022160000
Mar 27 03:06:51 node-1.domain.tld kernel: GICv3: CPU69: using allocated LPI pending table @0x0000010001050000
Mar 27 03:06:51 node-1.domain.tld kernel: CPU69: Booted secondary processor 0x0400050000 [0x700f8620]
Mar 27 03:06:51 node-1.domain.tld kernel: Detected PIPT I-cache on CPU70
Mar 27 03:06:51 node-1.domain.tld kernel: GICv3: CPU70: found redistributor 400060000 region 70:0x0000400022180000
Mar 27 03:06:51 node-1.domain.tld kernel: GICv3: CPU70: using allocated LPI pending table @0x0000010001060000
Mar 27 03:06:51 node-1.domain.tld kernel: CPU70: Booted secondary processor 0x0400060000 [0x700f8620]
Mar 27 03:06:51 node-1.domain.tld kernel: Detected PIPT I-cache on CPU71
Mar 27 03:06:51 node-1.domain.tld kernel: GICv3: CPU71: found redistributor 400070000 region 71:0x00004000221a0000
Mar 27 03:06:51 node-1.domain.tld kernel: GICv3: CPU71: using allocated LPI pending table @0x0000010001070000
Mar 27 03:06:51 node-1.domain.tld kernel: CPU71: Booted secondary processor 0x0400070000 [0x700f8620]
Mar 27 03:06:51 node-1.domain.tld kernel: Detected PIPT I-cache on CPU72
Mar 27 03:06:51 node-1.domain.tld kernel: GICv3: CPU72: found redistributor 400080000 region 72:0x00004000221c0000
Mar 27 03:06:51 node-1.domain.tld kernel: GICv3: CPU72: using allocated LPI pending table @0x0000010001080000
Mar 27 03:06:51 node-1.domain.tld kernel: CPU72: Booted secondary processor 0x0400080000 [0x700f8620]
Mar 27 03:06:51 node-1.domain.tld kernel: Detected PIPT I-cache on CPU73
Mar 27 03:06:51 node-1.domain.tld kernel: GICv3: CPU73: found redistributor 400090000 region 73:0x00004000221e0000
Mar 27 03:06:51 node-1.domain.tld kernel: GICv3: CPU73: using allocated LPI pending table @0x0000010001090000
Mar 27 03:06:51 node-1.domain.tld kernel: CPU73: Booted secondary processor 0x0400090000 [0x700f8620]
Mar 27 03:06:51 node-1.domain.tld kernel: Detected PIPT I-cache on CPU74
Mar 27 03:06:51 node-1.domain.tld kernel: GICv3: CPU74: found redistributor 4000a0000 region 74:0x0000400022200000
Mar 27 03:06:51 node-1.domain.tld kernel: GICv3: CPU74: using allocated LPI pending table @0x00000100010a0000
Mar 27 03:06:51 node-1.domain.tld kernel: CPU74: Booted secondary processor 0x04000a0000 [0x700f8620]
Mar 27 03:06:51 node-1.domain.tld kernel: Detected PIPT I-cache on CPU75
Mar 27 03:06:51 node-1.domain.tld kernel: GICv3: CPU75: found redistributor 4000b0000 region 75:0x0000400022220000
Mar 27 03:06:51 node-1.domain.tld kernel: GICv3: CPU75: using allocated LPI pending table @0x00000100010b0000
Mar 27 03:06:51 node-1.domain.tld kernel: CPU75: Booted secondary processor 0x04000b0000 [0x700f8620]
Mar 27 03:06:51 node-1.domain.tld kernel: Detected PIPT I-cache on CPU76
Mar 27 03:06:51 node-1.domain.tld kernel: GICv3: CPU76: found redistributor 4000c0000 region 76:0x0000400022240000
Mar 27 03:06:51 node-1.domain.tld kernel: GICv3: CPU76: using allocated LPI pending table @0x00000100010c0000
Mar 27 03:06:51 node-1.domain.tld kernel: CPU76: Booted secondary processor 0x04000c0000 [0x700f8620]
Mar 27 03:06:51 node-1.domain.tld kernel: Detected PIPT I-cache on CPU77
Mar 27 03:06:51 node-1.domain.tld kernel: GICv3: CPU77: found redistributor 4000d0000 region 77:0x0000400022260000
Mar 27 03:06:51 node-1.domain.tld kernel: GICv3: CPU77: using allocated LPI pending table @0x00000100010d0000
Mar 27 03:06:51 node-1.domain.tld kernel: CPU77: Booted secondary processor 0x04000d0000 [0x700f8620]
Mar 27 03:06:51 node-1.domain.tld kernel: Detected PIPT I-cache on CPU78
Mar 27 03:06:51 node-1.domain.tld kernel: GICv3: CPU78: found redistributor 4000e0000 region 78:0x0000400022280000
Mar 27 03:06:51 node-1.domain.tld kernel: GICv3: CPU78: using allocated LPI pending table @0x00000100010e0000
Mar 27 03:06:51 node-1.domain.tld kernel: CPU78: Booted secondary processor 0x04000e0000 [0x700f8620]
Mar 27 03:06:51 node-1.domain.tld kernel: Detected PIPT I-cache on CPU79
Mar 27 03:06:51 node-1.domain.tld kernel: GICv3: CPU79: found redistributor 4000f0000 region 79:0x00004000222a0000
Mar 27 03:06:51 node-1.domain.tld kernel: GICv3: CPU79: using allocated LPI pending table @0x00000100010f0000
Mar 27 03:06:51 node-1.domain.tld kernel: CPU79: Booted secondary processor 0x04000f0000 [0x700f8620]
Mar 27 03:06:51 node-1.domain.tld kernel: Detected PIPT I-cache on CPU80
Mar 27 03:06:51 node-1.domain.tld kernel: GICv3: CPU80: found redistributor 500000000 region 80:0x00005000220c0000
Mar 27 03:06:51 node-1.domain.tld kernel: GICv3: CPU80: using allocated LPI pending table @0x0000010001100000
Mar 27 03:06:51 node-1.domain.tld kernel: CPU80: Booted secondary processor 0x0500000000 [0x700f8620]
Mar 27 03:06:51 node-1.domain.tld kernel: Detected PIPT I-cache on CPU81
Mar 27 03:06:51 node-1.domain.tld kernel: GICv3: CPU81: found redistributor 500010000 region 81:0x00005000220e0000
Mar 27 03:06:51 node-1.domain.tld kernel: GICv3: CPU81: using allocated LPI pending table @0x0000010001110000
Mar 27 03:06:51 node-1.domain.tld kernel: CPU81: Booted secondary processor 0x0500010000 [0x700f8620]
Mar 27 03:06:51 node-1.domain.tld kernel: Detected PIPT I-cache on CPU82
Mar 27 03:06:51 node-1.domain.tld kernel: GICv3: CPU82: found redistributor 500020000 region 82:0x0000500022100000
Mar 27 03:06:51 node-1.domain.tld kernel: GICv3: CPU82: using allocated LPI pending table @0x0000010001120000
Mar 27 03:06:51 node-1.domain.tld kernel: CPU82: Booted secondary processor 0x0500020000 [0x700f8620]
Mar 27 03:06:51 node-1.domain.tld kernel: Detected PIPT I-cache on CPU83
Mar 27 03:06:51 node-1.domain.tld kernel: GICv3: CPU83: found redistributor 500030000 region 83:0x0000500022120000
Mar 27 03:06:51 node-1.domain.tld kernel: GICv3: CPU83: using allocated LPI pending table @0x0000010001130000
Mar 27 03:06:51 node-1.domain.tld kernel: CPU83: Booted secondary processor 0x0500030000 [0x700f8620]
Mar 27 03:06:51 node-1.domain.tld kernel: Detected PIPT I-cache on CPU84
Mar 27 03:06:51 node-1.domain.tld kernel: GICv3: CPU84: found redistributor 500040000 region 84:0x0000500022140000
Mar 27 03:06:51 node-1.domain.tld kernel: GICv3: CPU84: using allocated LPI pending table @0x0000010001140000
Mar 27 03:06:51 node-1.domain.tld kernel: CPU84: Booted secondary processor 0x0500040000 [0x700f8620]
Mar 27 03:06:51 node-1.domain.tld kernel: Detected PIPT I-cache on CPU85
Mar 27 03:06:51 node-1.domain.tld kernel: GICv3: CPU85: found redistributor 500050000 region 85:0x0000500022160000
Mar 27 03:06:51 node-1.domain.tld kernel: GICv3: CPU85: using allocated LPI pending table @0x0000010001150000
Mar 27 03:06:51 node-1.domain.tld kernel: CPU85: Booted secondary processor 0x0500050000 [0x700f8620]
Mar 27 03:06:51 node-1.domain.tld kernel: Detected PIPT I-cache on CPU86
Mar 27 03:06:51 node-1.domain.tld kernel: GICv3: CPU86: found redistributor 500060000 region 86:0x0000500022180000
Mar 27 03:06:51 node-1.domain.tld kernel: GICv3: CPU86: using allocated LPI pending table @0x0000010001160000
Mar 27 03:06:51 node-1.domain.tld kernel: CPU86: Booted secondary processor 0x0500060000 [0x700f8620]
Mar 27 03:06:51 node-1.domain.tld kernel: Detected PIPT I-cache on CPU87
Mar 27 03:06:51 node-1.domain.tld kernel: GICv3: CPU87: found redistributor 500070000 region 87:0x00005000221a0000
Mar 27 03:06:51 node-1.domain.tld kernel: GICv3: CPU87: using allocated LPI pending table @0x0000010001170000
Mar 27 03:06:51 node-1.domain.tld kernel: CPU87: Booted secondary processor 0x0500070000 [0x700f8620]
Mar 27 03:06:51 node-1.domain.tld kernel: Detected PIPT I-cache on CPU88
Mar 27 03:06:51 node-1.domain.tld kernel: GICv3: CPU88: found redistributor 500080000 region 88:0x00005000221c0000
Mar 27 03:06:51 node-1.domain.tld kernel: GICv3: CPU88: using allocated LPI pending table @0x0000010001180000
Mar 27 03:06:51 node-1.domain.tld kernel: CPU88: Booted secondary processor 0x0500080000 [0x700f8620]
Mar 27 03:06:51 node-1.domain.tld kernel: Detected PIPT I-cache on CPU89
Mar 27 03:06:51 node-1.domain.tld kernel: GICv3: CPU89: found redistributor 500090000 region 89:0x00005000221e0000
Mar 27 03:06:51 node-1.domain.tld kernel: GICv3: CPU89: using allocated LPI pending table @0x0000010001190000
Mar 27 03:06:51 node-1.domain.tld kernel: CPU89: Booted secondary processor 0x0500090000 [0x700f8620]
Mar 27 03:06:51 node-1.domain.tld kernel: Detected PIPT I-cache on CPU90
Mar 27 03:06:51 node-1.domain.tld kernel: GICv3: CPU90: found redistributor 5000a0000 region 90:0x0000500022200000
Mar 27 03:06:51 node-1.domain.tld kernel: GICv3: CPU90: using allocated LPI pending table @0x00000100011a0000
Mar 27 03:06:51 node-1.domain.tld kernel: CPU90: Booted secondary processor 0x05000a0000 [0x700f8620]
Mar 27 03:06:51 node-1.domain.tld kernel: Detected PIPT I-cache on CPU91
Mar 27 03:06:51 node-1.domain.tld kernel: GICv3: CPU91: found redistributor 5000b0000 region 91:0x0000500022220000
Mar 27 03:06:51 node-1.domain.tld kernel: GICv3: CPU91: using allocated LPI pending table @0x00000100011b0000
Mar 27 03:06:51 node-1.domain.tld kernel: CPU91: Booted secondary processor 0x05000b0000 [0x700f8620]
Mar 27 03:06:51 node-1.domain.tld kernel: Detected PIPT I-cache on CPU92
Mar 27 03:06:51 node-1.domain.tld kernel: GICv3: CPU92: found redistributor 5000c0000 region 92:0x0000500022240000
Mar 27 03:06:51 node-1.domain.tld kernel: GICv3: CPU92: using allocated LPI pending table @0x00000100011c0000
Mar 27 03:06:51 node-1.domain.tld kernel: CPU92: Booted secondary processor 0x05000c0000 [0x700f8620]
Mar 27 03:06:51 node-1.domain.tld kernel: Detected PIPT I-cache on CPU93
Mar 27 03:06:51 node-1.domain.tld kernel: GICv3: CPU93: found redistributor 5000d0000 region 93:0x0000500022260000
Mar 27 03:06:51 node-1.domain.tld kernel: GICv3: CPU93: using allocated LPI pending table @0x00000100011d0000
Mar 27 03:06:51 node-1.domain.tld kernel: CPU93: Booted secondary processor 0x05000d0000 [0x700f8620]
Mar 27 03:06:51 node-1.domain.tld kernel: Detected PIPT I-cache on CPU94
Mar 27 03:06:51 node-1.domain.tld kernel: GICv3: CPU94: found redistributor 5000e0000 region 94:0x0000500022280000
Mar 27 03:06:51 node-1.domain.tld kernel: GICv3: CPU94: using allocated LPI pending table @0x00000100011e0000
Mar 27 03:06:51 node-1.domain.tld kernel: CPU94: Booted secondary processor 0x05000e0000 [0x700f8620]
Mar 27 03:06:51 node-1.domain.tld kernel: Detected PIPT I-cache on CPU95
Mar 27 03:06:51 node-1.domain.tld kernel: GICv3: CPU95: found redistributor 5000f0000 region 95:0x00005000222a0000
Mar 27 03:06:51 node-1.domain.tld kernel: GICv3: CPU95: using allocated LPI pending table @0x00000100011f0000
Mar 27 03:06:51 node-1.domain.tld kernel: CPU95: Booted secondary processor 0x05000f0000 [0x700f8620]
Mar 27 03:06:51 node-1.domain.tld kernel: Detected PIPT I-cache on CPU96
Mar 27 03:06:51 node-1.domain.tld kernel: GICv3: CPU96: found redistributor 600000000 region 96:0x00006000220c0000
Mar 27 03:06:51 node-1.domain.tld kernel: GICv3: CPU96: using allocated LPI pending table @0x0000010001200000
Mar 27 03:06:51 node-1.domain.tld kernel: CPU96: Booted secondary processor 0x0600000000 [0x700f8620]
Mar 27 03:06:51 node-1.domain.tld kernel: Detected PIPT I-cache on CPU97
Mar 27 03:06:51 node-1.domain.tld kernel: GICv3: CPU97: found redistributor 600010000 region 97:0x00006000220e0000
Mar 27 03:06:51 node-1.domain.tld kernel: GICv3: CPU97: using allocated LPI pending table @0x0000010001210000
Mar 27 03:06:51 node-1.domain.tld kernel: CPU97: Booted secondary processor 0x0600010000 [0x700f8620]
Mar 27 03:06:51 node-1.domain.tld kernel: Detected PIPT I-cache on CPU98
Mar 27 03:06:51 node-1.domain.tld kernel: GICv3: CPU98: found redistributor 600020000 region 98:0x0000600022100000
Mar 27 03:06:51 node-1.domain.tld kernel: GICv3: CPU98: using allocated LPI pending table @0x0000010001220000
Mar 27 03:06:51 node-1.domain.tld kernel: CPU98: Booted secondary processor 0x0600020000 [0x700f8620]
Mar 27 03:06:51 node-1.domain.tld kernel: Detected PIPT I-cache on CPU99
Mar 27 03:06:51 node-1.domain.tld kernel: GICv3: CPU99: found redistributor 600030000 region 99:0x0000600022120000
Mar 27 03:06:51 node-1.domain.tld kernel: GICv3: CPU99: using allocated LPI pending table @0x0000010001230000
Mar 27 03:06:51 node-1.domain.tld kernel: CPU99: Booted secondary processor 0x0600030000 [0x700f8620]
Mar 27 03:06:51 node-1.domain.tld kernel: Detected PIPT I-cache on CPU100
Mar 27 03:06:51 node-1.domain.tld kernel: GICv3: CPU100: found redistributor 600040000 region 100:0x0000600022140000
Mar 27 03:06:51 node-1.domain.tld kernel: GICv3: CPU100: using allocated LPI pending table @0x0000010001240000
Mar 27 03:06:51 node-1.domain.tld kernel: CPU100: Booted secondary processor 0x0600040000 [0x700f8620]
Mar 27 03:06:51 node-1.domain.tld kernel: Detected PIPT I-cache on CPU101
Mar 27 03:06:51 node-1.domain.tld kernel: GICv3: CPU101: found redistributor 600050000 region 101:0x0000600022160000
Mar 27 03:06:51 node-1.domain.tld kernel: GICv3: CPU101: using allocated LPI pending table @0x0000010001250000
Mar 27 03:06:51 node-1.domain.tld kernel: CPU101: Booted secondary processor 0x0600050000 [0x700f8620]
Mar 27 03:06:51 node-1.domain.tld kernel: Detected PIPT I-cache on CPU102
Mar 27 03:06:51 node-1.domain.tld kernel: GICv3: CPU102: found redistributor 600060000 region 102:0x0000600022180000
Mar 27 03:06:51 node-1.domain.tld kernel: GICv3: CPU102: using allocated LPI pending table @0x0000010001260000
Mar 27 03:06:51 node-1.domain.tld kernel: CPU102: Booted secondary processor 0x0600060000 [0x700f8620]
Mar 27 03:06:51 node-1.domain.tld kernel: Detected PIPT I-cache on CPU103
Mar 27 03:06:51 node-1.domain.tld kernel: GICv3: CPU103: found redistributor 600070000 region 103:0x00006000221a0000
Mar 27 03:06:51 node-1.domain.tld kernel: GICv3: CPU103: using allocated LPI pending table @0x0000010001270000
Mar 27 03:06:51 node-1.domain.tld kernel: CPU103: Booted secondary processor 0x0600070000 [0x700f8620]
Mar 27 03:06:51 node-1.domain.tld kernel: Detected PIPT I-cache on CPU104
Mar 27 03:06:51 node-1.domain.tld kernel: GICv3: CPU104: found redistributor 600080000 region 104:0x00006000221c0000
Mar 27 03:06:51 node-1.domain.tld kernel: GICv3: CPU104: using allocated LPI pending table @0x0000010001280000
Mar 27 03:06:51 node-1.domain.tld kernel: CPU104: Booted secondary processor 0x0600080000 [0x700f8620]
Mar 27 03:06:51 node-1.domain.tld kernel: Detected PIPT I-cache on CPU105
Mar 27 03:06:51 node-1.domain.tld kernel: GICv3: CPU105: found redistributor 600090000 region 105:0x00006000221e0000
Mar 27 03:06:51 node-1.domain.tld kernel: GICv3: CPU105: using allocated LPI pending table @0x0000010001290000
Mar 27 03:06:51 node-1.domain.tld kernel: CPU105: Booted secondary processor 0x0600090000 [0x700f8620]
Mar 27 03:06:51 node-1.domain.tld kernel: Detected PIPT I-cache on CPU106
Mar 27 03:06:51 node-1.domain.tld kernel: GICv3: CPU106: found redistributor 6000a0000 region 106:0x0000600022200000
Mar 27 03:06:51 node-1.domain.tld kernel: GICv3: CPU106: using allocated LPI pending table @0x00000100012a0000
Mar 27 03:06:51 node-1.domain.tld kernel: CPU106: Booted secondary processor 0x06000a0000 [0x700f8620]
Mar 27 03:06:51 node-1.domain.tld kernel: Detected PIPT I-cache on CPU107
Mar 27 03:06:51 node-1.domain.tld kernel: GICv3: CPU107: found redistributor 6000b0000 region 107:0x0000600022220000
Mar 27 03:06:51 node-1.domain.tld kernel: GICv3: CPU107: using allocated LPI pending table @0x00000100012b0000
Mar 27 03:06:51 node-1.domain.tld kernel: CPU107: Booted secondary processor 0x06000b0000 [0x700f8620]
Mar 27 03:06:51 node-1.domain.tld kernel: Detected PIPT I-cache on CPU108
Mar 27 03:06:51 node-1.domain.tld kernel: GICv3: CPU108: found redistributor 6000c0000 region 108:0x0000600022240000
Mar 27 03:06:51 node-1.domain.tld kernel: GICv3: CPU108: using allocated LPI pending table @0x00000100012c0000
Mar 27 03:06:51 node-1.domain.tld kernel: CPU108: Booted secondary processor 0x06000c0000 [0x700f8620]
Mar 27 03:06:51 node-1.domain.tld kernel: Detected PIPT I-cache on CPU109
Mar 27 03:06:51 node-1.domain.tld kernel: GICv3: CPU109: found redistributor 6000d0000 region 109:0x0000600022260000
Mar 27 03:06:51 node-1.domain.tld kernel: GICv3: CPU109: using allocated LPI pending table @0x00000100012d0000
Mar 27 03:06:51 node-1.domain.tld kernel: CPU109: Booted secondary processor 0x06000d0000 [0x700f8620]
Mar 27 03:06:51 node-1.domain.tld kernel: Detected PIPT I-cache on CPU110
Mar 27 03:06:51 node-1.domain.tld kernel: GICv3: CPU110: found redistributor 6000e0000 region 110:0x0000600022280000
Mar 27 03:06:51 node-1.domain.tld kernel: GICv3: CPU110: using allocated LPI pending table @0x00000100012e0000
Mar 27 03:06:51 node-1.domain.tld kernel: CPU110: Booted secondary processor 0x06000e0000 [0x700f8620]
Mar 27 03:06:51 node-1.domain.tld kernel: Detected PIPT I-cache on CPU111
Mar 27 03:06:51 node-1.domain.tld kernel: GICv3: CPU111: found redistributor 6000f0000 region 111:0x00006000222a0000
Mar 27 03:06:51 node-1.domain.tld kernel: GICv3: CPU111: using allocated LPI pending table @0x00000100012f0000
Mar 27 03:06:51 node-1.domain.tld kernel: CPU111: Booted secondary processor 0x06000f0000 [0x700f8620]
Mar 27 03:06:51 node-1.domain.tld kernel: Detected PIPT I-cache on CPU112
Mar 27 03:06:51 node-1.domain.tld kernel: GICv3: CPU112: found redistributor 700000000 region 112:0x00007000220c0000
Mar 27 03:06:51 node-1.domain.tld kernel: GICv3: CPU112: using allocated LPI pending table @0x0000010001300000
Mar 27 03:06:51 node-1.domain.tld kernel: CPU112: Booted secondary processor 0x0700000000 [0x700f8620]
Mar 27 03:06:51 node-1.domain.tld kernel: Detected PIPT I-cache on CPU113
Mar 27 03:06:51 node-1.domain.tld kernel: GICv3: CPU113: found redistributor 700010000 region 113:0x00007000220e0000
Mar 27 03:06:51 node-1.domain.tld kernel: GICv3: CPU113: using allocated LPI pending table @0x0000010001310000
Mar 27 03:06:51 node-1.domain.tld kernel: CPU113: Booted secondary processor 0x0700010000 [0x700f8620]
Mar 27 03:06:51 node-1.domain.tld kernel: Detected PIPT I-cache on CPU114
Mar 27 03:06:51 node-1.domain.tld kernel: GICv3: CPU114: found redistributor 700020000 region 114:0x0000700022100000
Mar 27 03:06:51 node-1.domain.tld kernel: GICv3: CPU114: using allocated LPI pending table @0x0000010001320000
Mar 27 03:06:51 node-1.domain.tld kernel: CPU114: Booted secondary processor 0x0700020000 [0x700f8620]
Mar 27 03:06:51 node-1.domain.tld kernel: Detected PIPT I-cache on CPU115
Mar 27 03:06:51 node-1.domain.tld kernel: GICv3: CPU115: found redistributor 700030000 region 115:0x0000700022120000
Mar 27 03:06:51 node-1.domain.tld kernel: GICv3: CPU115: using allocated LPI pending table @0x0000010001330000
Mar 27 03:06:51 node-1.domain.tld kernel: CPU115: Booted secondary processor 0x0700030000 [0x700f8620]
Mar 27 03:06:51 node-1.domain.tld kernel: Detected PIPT I-cache on CPU116
Mar 27 03:06:51 node-1.domain.tld kernel: GICv3: CPU116: found redistributor 700040000 region 116:0x0000700022140000
Mar 27 03:06:51 node-1.domain.tld kernel: GICv3: CPU116: using allocated LPI pending table @0x0000010001340000
Mar 27 03:06:51 node-1.domain.tld kernel: CPU116: Booted secondary processor 0x0700040000 [0x700f8620]
Mar 27 03:06:51 node-1.domain.tld kernel: Detected PIPT I-cache on CPU117
Mar 27 03:06:51 node-1.domain.tld kernel: GICv3: CPU117: found redistributor 700050000 region 117:0x0000700022160000
Mar 27 03:06:51 node-1.domain.tld kernel: GICv3: CPU117: using allocated LPI pending table @0x0000010001350000
Mar 27 03:06:51 node-1.domain.tld kernel: CPU117: Booted secondary processor 0x0700050000 [0x700f8620]
Mar 27 03:06:51 node-1.domain.tld kernel: Detected PIPT I-cache on CPU118
Mar 27 03:06:51 node-1.domain.tld kernel: GICv3: CPU118: found redistributor 700060000 region 118:0x0000700022180000
Mar 27 03:06:51 node-1.domain.tld kernel: GICv3: CPU118: using allocated LPI pending table @0x0000010001360000
Mar 27 03:06:51 node-1.domain.tld kernel: CPU118: Booted secondary processor 0x0700060000 [0x700f8620]
Mar 27 03:06:51 node-1.domain.tld kernel: Detected PIPT I-cache on CPU119
